[0.006s][warning][gc] -XX:+PrintGCDetails is deprecated. Will use -Xlog:gc* instead.
[0.011s][info   ][gc,heap] Heap region size: 1M
[0.012s][info   ][gc     ] Using G1
[0.012s][info   ][gc,heap,coops] Heap address: 0x00000007b0000000, size: 256 MB, Compressed Oops mode: Zero based, Oop shift amount: 3
Starting G1 Simulation...
[5.162s][info   ][gc,start     ] GC(0) Pause Young (Concurrent Start) (G1 Humongous Allocation)
[5.163s][info   ][gc,task      ] GC(0) Using 6 workers of 9 for evacuation
[5.166s][info   ][gc,phases    ] GC(0)   Pre Evacuate Collection Set: 0.2ms
[5.166s][info   ][gc,phases    ] GC(0)   Evacuate Collection Set: 1.7ms
[5.166s][info   ][gc,phases    ] GC(0)   Post Evacuate Collection Set: 1.1ms
[5.166s][info   ][gc,phases    ] GC(0)   Other: 1.2ms
[5.166s][info   ][gc,heap      ] GC(0) Eden regions: 2->0(152)
[5.166s][info   ][gc,heap      ] GC(0) Survivor regions: 0->1(3)
[5.166s][info   ][gc,heap      ] GC(0) Old regions: 0->0
[5.166s][info   ][gc,heap      ] GC(0) Archive regions: 0->0
[5.166s][info   ][gc,heap      ] GC(0) Humongous regions: 115->20
[5.166s][info   ][gc,metaspace ] GC(0) Metaspace: 3424K(4864K)->3424K(4864K) NonClass: 3119K(4352K)->3119K(4352K) Class: 304K(512K)->304K(512K)
[5.167s][info   ][gc           ] GC(0) Pause Young (Concurrent Start) (G1 Humongous Allocation) 116M->20M(256M) 4.396ms
[5.167s][info   ][gc,cpu       ] GC(0) User=0.00s Sys=0.01s Real=0.00s
[5.167s][info   ][gc           ] GC(1) Concurrent Cycle
[5.167s][info   ][gc,marking   ] GC(1) Concurrent Clear Claimed Marks
[5.167s][info   ][gc,marking   ] GC(1) Concurrent Clear Claimed Marks 0.021ms
[5.167s][info   ][gc,marking   ] GC(1) Concurrent Scan Root Regions
[5.167s][info   ][gc,marking   ] GC(1) Concurrent Scan Root Regions 0.772ms
[5.167s][info   ][gc,marking   ] GC(1) Concurrent Mark (5.167s)
[5.167s][info   ][gc,marking   ] GC(1) Concurrent Mark From Roots
[5.168s][info   ][gc,task      ] GC(1) Using 2 workers of 2 for marking
[5.168s][info   ][gc,marking   ] GC(1) Concurrent Mark From Roots 0.233ms
[5.168s][info   ][gc,marking   ] GC(1) Concurrent Preclean
[5.168s][info   ][gc,marking   ] GC(1) Concurrent Preclean 0.047ms
[5.168s][info   ][gc,marking   ] GC(1) Concurrent Mark (5.167s, 5.168s) 0.345ms
[5.168s][info   ][gc,start     ] GC(1) Pause Remark
[5.169s][info   ][gc,stringtable] GC(1) Cleaned string and symbol table, strings: 1384 processed, 0 removed, symbols: 16327 processed, 0 removed
[5.169s][info   ][gc            ] GC(1) Pause Remark 21M->21M(256M) 0.832ms
[5.169s][info   ][gc,cpu        ] GC(1) User=0.00s Sys=0.00s Real=0.00s
[5.169s][info   ][gc,marking    ] GC(1) Concurrent Rebuild Remembered Sets
[5.169s][info   ][gc,marking    ] GC(1) Concurrent Rebuild Remembered Sets 0.072ms
[5.169s][info   ][gc,start      ] GC(1) Pause Cleanup
[5.169s][info   ][gc            ] GC(1) Pause Cleanup 21M->21M(256M) 0.122ms
[5.169s][info   ][gc,cpu        ] GC(1) User=0.00s Sys=0.00s Real=0.00s
[5.169s][info   ][gc,marking    ] GC(1) Concurrent Cleanup for Next Mark
[5.170s][info   ][gc,marking    ] GC(1) Concurrent Cleanup for Next Mark 0.893ms
[5.170s][info   ][gc            ] GC(1) Concurrent Cycle 3.569ms
[9.395s][info   ][gc,start      ] GC(2) Pause Young (Concurrent Start) (G1 Humongous Allocation)
[9.395s][info   ][gc,task       ] GC(2) Using 6 workers of 9 for evacuation
[9.398s][info   ][gc,phases     ] GC(2)   Pre Evacuate Collection Set: 0.1ms
[9.398s][info   ][gc,phases     ] GC(2)   Evacuate Collection Set: 2.2ms
[9.398s][info   ][gc,phases     ] GC(2)   Post Evacuate Collection Set: 0.5ms
[9.398s][info   ][gc,phases     ] GC(2)   Other: 0.5ms
[9.398s][info   ][gc,heap       ] GC(2) Eden regions: 1->0(34)
[9.398s][info   ][gc,heap       ] GC(2) Survivor regions: 1->1(20)
[9.398s][info   ][gc,heap       ] GC(2) Old regions: 0->0
[9.398s][info   ][gc,heap       ] GC(2) Archive regions: 0->0
[9.398s][info   ][gc,heap       ] GC(2) Humongous regions: 115->36
[9.398s][info   ][gc,metaspace  ] GC(2) Metaspace: 3424K(4864K)->3424K(4864K) NonClass: 3119K(4352K)->3119K(4352K) Class: 304K(512K)->304K(512K)
[9.398s][info   ][gc            ] GC(2) Pause Young (Concurrent Start) (G1 Humongous Allocation) 115M->36M(256M) 3.528ms
[9.398s][info   ][gc,cpu        ] GC(2) User=0.01s Sys=0.00s Real=0.00s
[9.399s][info   ][gc            ] GC(3) Concurrent Cycle
[9.399s][info   ][gc,marking    ] GC(3) Concurrent Clear Claimed Marks
[9.399s][info   ][gc,marking    ] GC(3) Concurrent Clear Claimed Marks 0.016ms
[9.399s][info   ][gc,marking    ] GC(3) Concurrent Scan Root Regions
[9.399s][info   ][gc,marking    ] GC(3) Concurrent Scan Root Regions 0.680ms
[9.399s][info   ][gc,marking    ] GC(3) Concurrent Mark (9.399s)
[9.399s][info   ][gc,marking    ] GC(3) Concurrent Mark From Roots
[9.399s][info   ][gc,task       ] GC(3) Using 2 workers of 2 for marking
[9.399s][info   ][gc,marking    ] GC(3) Concurrent Mark From Roots 0.087ms
[9.399s][info   ][gc,marking    ] GC(3) Concurrent Preclean
[9.399s][info   ][gc,marking    ] GC(3) Concurrent Preclean 0.035ms
[9.399s][info   ][gc,marking    ] GC(3) Concurrent Mark (9.399s, 9.399s) 0.159ms
[9.400s][info   ][gc,start      ] GC(3) Pause Remark
[9.400s][info   ][gc,stringtable] GC(3) Cleaned string and symbol table, strings: 1384 processed, 0 removed, symbols: 16327 processed, 0 removed
[9.400s][info   ][gc            ] GC(3) Pause Remark 37M->37M(256M) 0.543ms
[9.400s][info   ][gc,cpu        ] GC(3) User=0.00s Sys=0.00s Real=0.00s
[9.400s][info   ][gc,marking    ] GC(3) Concurrent Rebuild Remembered Sets
[9.400s][info   ][gc,marking    ] GC(3) Concurrent Rebuild Remembered Sets 0.048ms
[9.400s][info   ][gc,start      ] GC(3) Pause Cleanup
[9.400s][info   ][gc            ] GC(3) Pause Cleanup 37M->37M(256M) 0.083ms
[9.400s][info   ][gc,cpu        ] GC(3) User=0.00s Sys=0.00s Real=0.00s
[9.400s][info   ][gc,marking    ] GC(3) Concurrent Cleanup for Next Mark
[9.401s][info   ][gc,marking    ] GC(3) Concurrent Cleanup for Next Mark 0.632ms
[9.401s][info   ][gc            ] GC(3) Concurrent Cycle 2.516ms
[12.929s][info   ][gc,start      ] GC(4) Pause Young (Concurrent Start) (G1 Humongous Allocation)
[12.929s][info   ][gc,task       ] GC(4) Using 6 workers of 9 for evacuation
[12.930s][info   ][gc,phases     ] GC(4)   Pre Evacuate Collection Set: 0.0ms
[12.930s][info   ][gc,phases     ] GC(4)   Evacuate Collection Set: 0.7ms
[12.930s][info   ][gc,phases     ] GC(4)   Post Evacuate Collection Set: 0.1ms
[12.930s][info   ][gc,phases     ] GC(4)   Other: 0.1ms
[12.930s][info   ][gc,heap       ] GC(4) Eden regions: 1->0(24)
[12.930s][info   ][gc,heap       ] GC(4) Survivor regions: 1->1(5)
[12.930s][info   ][gc,heap       ] GC(4) Old regions: 0->0
[12.930s][info   ][gc,heap       ] GC(4) Archive regions: 0->0
[12.930s][info   ][gc,heap       ] GC(4) Humongous regions: 115->48
[12.930s][info   ][gc,metaspace  ] GC(4) Metaspace: 3424K(4864K)->3424K(4864K) NonClass: 3119K(4352K)->3119K(4352K) Class: 304K(512K)->304K(512K)
[12.930s][info   ][gc            ] GC(4) Pause Young (Concurrent Start) (G1 Humongous Allocation) 116M->48M(256M) 1.019ms
[12.930s][info   ][gc,cpu        ] GC(4) User=0.01s Sys=0.00s Real=0.00s
[12.930s][info   ][gc            ] GC(5) Concurrent Cycle
[12.930s][info   ][gc,marking    ] GC(5) Concurrent Clear Claimed Marks
[12.930s][info   ][gc,marking    ] GC(5) Concurrent Clear Claimed Marks 0.007ms
[12.930s][info   ][gc,marking    ] GC(5) Concurrent Scan Root Regions
[12.931s][info   ][gc,marking    ] GC(5) Concurrent Scan Root Regions 0.321ms
[12.931s][info   ][gc,marking    ] GC(5) Concurrent Mark (12.931s)
[12.931s][info   ][gc,marking    ] GC(5) Concurrent Mark From Roots
[12.931s][info   ][gc,task       ] GC(5) Using 2 workers of 2 for marking
[12.931s][info   ][gc,marking    ] GC(5) Concurrent Mark From Roots 0.043ms
[12.931s][info   ][gc,marking    ] GC(5) Concurrent Preclean
[12.931s][info   ][gc,marking    ] GC(5) Concurrent Preclean 0.017ms
[12.931s][info   ][gc,marking    ] GC(5) Concurrent Mark (12.931s, 12.931s) 0.074ms
[12.931s][info   ][gc,start      ] GC(5) Pause Remark
[12.931s][info   ][gc,stringtable] GC(5) Cleaned string and symbol table, strings: 1384 processed, 0 removed, symbols: 16327 processed, 0 removed
[12.931s][info   ][gc            ] GC(5) Pause Remark 50M->50M(256M) 0.325ms
[12.931s][info   ][gc,cpu        ] GC(5) User=0.00s Sys=0.00s Real=0.00s
[12.931s][info   ][gc,marking    ] GC(5) Concurrent Rebuild Remembered Sets
[12.931s][info   ][gc,marking    ] GC(5) Concurrent Rebuild Remembered Sets 0.029ms
[12.931s][info   ][gc,start      ] GC(5) Pause Cleanup
[12.931s][info   ][gc            ] GC(5) Pause Cleanup 50M->50M(256M) 0.048ms
[12.931s][info   ][gc,cpu        ] GC(5) User=0.00s Sys=0.00s Real=0.00s
[12.931s][info   ][gc,marking    ] GC(5) Concurrent Cleanup for Next Mark
[12.931s][info   ][gc,marking    ] GC(5) Concurrent Cleanup for Next Mark 0.182ms
[12.931s][info   ][gc            ] GC(5) Concurrent Cycle 1.169ms
[15.948s][info   ][gc,start      ] GC(6) Pause Young (Concurrent Start) (G1 Humongous Allocation)
[15.948s][info   ][gc,task       ] GC(6) Using 6 workers of 9 for evacuation
[15.950s][info   ][gc,phases     ] GC(6)   Pre Evacuate Collection Set: 0.1ms
[15.950s][info   ][gc,phases     ] GC(6)   Evacuate Collection Set: 1.5ms
[15.950s][info   ][gc,phases     ] GC(6)   Post Evacuate Collection Set: 0.2ms
[15.950s][info   ][gc,phases     ] GC(6)   Other: 0.5ms
[15.950s][info   ][gc,heap       ] GC(6) Eden regions: 0->0(24)
[15.950s][info   ][gc,heap       ] GC(6) Survivor regions: 1->1(4)
[15.950s][info   ][gc,heap       ] GC(6) Old regions: 0->0
[15.950s][info   ][gc,heap       ] GC(6) Archive regions: 0->0
[15.950s][info   ][gc,heap       ] GC(6) Humongous regions: 115->60
[15.950s][info   ][gc,metaspace  ] GC(6) Metaspace: 3424K(4864K)->3424K(4864K) NonClass: 3120K(4352K)->3120K(4352K) Class: 304K(512K)->304K(512K)
[15.950s][info   ][gc            ] GC(6) Pause Young (Concurrent Start) (G1 Humongous Allocation) 115M->60M(256M) 2.486ms
[15.950s][info   ][gc,cpu        ] GC(6) User=0.01s Sys=0.00s Real=0.01s
[15.950s][info   ][gc            ] GC(7) Concurrent Cycle
[15.950s][info   ][gc,marking    ] GC(7) Concurrent Clear Claimed Marks
[15.951s][info   ][gc,marking    ] GC(7) Concurrent Clear Claimed Marks 0.016ms
[15.951s][info   ][gc,marking    ] GC(7) Concurrent Scan Root Regions
[15.951s][info   ][gc,marking    ] GC(7) Concurrent Scan Root Regions 0.678ms
[15.951s][info   ][gc,marking    ] GC(7) Concurrent Mark (15.951s)
[15.951s][info   ][gc,marking    ] GC(7) Concurrent Mark From Roots
[15.951s][info   ][gc,task       ] GC(7) Using 2 workers of 2 for marking
[15.951s][info   ][gc,marking    ] GC(7) Concurrent Mark From Roots 0.100ms
[15.951s][info   ][gc,marking    ] GC(7) Concurrent Preclean
[15.951s][info   ][gc,marking    ] GC(7) Concurrent Preclean 0.043ms
[15.951s][info   ][gc,marking    ] GC(7) Concurrent Mark (15.951s, 15.951s) 0.184ms
[15.951s][info   ][gc,start      ] GC(7) Pause Remark
[15.952s][info   ][gc,stringtable] GC(7) Cleaned string and symbol table, strings: 1384 processed, 0 removed, symbols: 16327 processed, 0 removed
[15.952s][info   ][gc            ] GC(7) Pause Remark 61M->61M(256M) 0.879ms
[15.952s][info   ][gc,cpu        ] GC(7) User=0.00s Sys=0.00s Real=0.00s
[15.952s][info   ][gc,marking    ] GC(7) Concurrent Rebuild Remembered Sets
[15.953s][info   ][gc,marking    ] GC(7) Concurrent Rebuild Remembered Sets 0.174ms
[15.953s][info   ][gc,start      ] GC(7) Pause Cleanup
[15.953s][info   ][gc            ] GC(7) Pause Cleanup 61M->61M(256M) 0.121ms
[15.953s][info   ][gc,cpu        ] GC(7) User=0.00s Sys=0.00s Real=0.00s
[15.953s][info   ][gc,marking    ] GC(7) Concurrent Cleanup for Next Mark
[15.953s][info   ][gc,marking    ] GC(7) Concurrent Cleanup for Next Mark 0.358ms
[15.953s][info   ][gc            ] GC(7) Concurrent Cycle 2.908ms
[18.349s][info   ][gc,start      ] GC(8) Pause Young (Concurrent Start) (G1 Humongous Allocation)
[18.350s][info   ][gc,task       ] GC(8) Using 6 workers of 9 for evacuation
[18.353s][info   ][gc,phases     ] GC(8)   Pre Evacuate Collection Set: 0.1ms
[18.353s][info   ][gc,phases     ] GC(8)   Evacuate Collection Set: 2.4ms
[18.353s][info   ][gc,phases     ] GC(8)   Post Evacuate Collection Set: 0.2ms
[18.353s][info   ][gc,phases     ] GC(8)   Other: 0.5ms
[18.353s][info   ][gc,heap       ] GC(8) Eden regions: 1->0(22)
[18.353s][info   ][gc,heap       ] GC(8) Survivor regions: 1->1(4)
[18.353s][info   ][gc,heap       ] GC(8) Old regions: 0->0
[18.353s][info   ][gc,heap       ] GC(8) Archive regions: 0->0
[18.353s][info   ][gc,heap       ] GC(8) Humongous regions: 115->70
[18.353s][info   ][gc,metaspace  ] GC(8) Metaspace: 3424K(4864K)->3424K(4864K) NonClass: 3120K(4352K)->3120K(4352K) Class: 304K(512K)->304K(512K)
[18.353s][info   ][gc            ] GC(8) Pause Young (Concurrent Start) (G1 Humongous Allocation) 115M->70M(256M) 3.524ms
[18.353s][info   ][gc,cpu        ] GC(8) User=0.01s Sys=0.00s Real=0.00s
[18.353s][info   ][gc            ] GC(9) Concurrent Cycle
[18.353s][info   ][gc,marking    ] GC(9) Concurrent Clear Claimed Marks
[18.353s][info   ][gc,marking    ] GC(9) Concurrent Clear Claimed Marks 0.015ms
[18.353s][info   ][gc,marking    ] GC(9) Concurrent Scan Root Regions
[18.354s][info   ][gc,marking    ] GC(9) Concurrent Scan Root Regions 0.697ms
[18.354s][info   ][gc,marking    ] GC(9) Concurrent Mark (18.354s)
[18.354s][info   ][gc,marking    ] GC(9) Concurrent Mark From Roots
[18.354s][info   ][gc,task       ] GC(9) Using 2 workers of 2 for marking
[18.354s][info   ][gc,marking    ] GC(9) Concurrent Mark From Roots 0.205ms
[18.354s][info   ][gc,marking    ] GC(9) Concurrent Preclean
[18.354s][info   ][gc,marking    ] GC(9) Concurrent Preclean 0.036ms
[18.354s][info   ][gc,marking    ] GC(9) Concurrent Mark (18.354s, 18.354s) 0.317ms
[18.354s][info   ][gc,start      ] GC(9) Pause Remark
[18.355s][info   ][gc,stringtable] GC(9) Cleaned string and symbol table, strings: 1384 processed, 0 removed, symbols: 16327 processed, 0 removed
[18.355s][info   ][gc            ] GC(9) Pause Remark 71M->71M(256M) 0.589ms
[18.355s][info   ][gc,cpu        ] GC(9) User=0.00s Sys=0.00s Real=0.00s
[18.355s][info   ][gc,marking    ] GC(9) Concurrent Rebuild Remembered Sets
[18.355s][info   ][gc,marking    ] GC(9) Concurrent Rebuild Remembered Sets 0.183ms
[18.355s][info   ][gc,start      ] GC(9) Pause Cleanup
[18.355s][info   ][gc            ] GC(9) Pause Cleanup 71M->71M(256M) 0.102ms
[18.355s][info   ][gc,cpu        ] GC(9) User=0.00s Sys=0.00s Real=0.00s
[18.355s][info   ][gc,marking    ] GC(9) Concurrent Cleanup for Next Mark
[18.356s][info   ][gc,marking    ] GC(9) Concurrent Cleanup for Next Mark 0.369ms
[18.356s][info   ][gc            ] GC(9) Concurrent Cycle 2.768ms
[20.444s][info   ][gc,start      ] GC(10) Pause Young (Concurrent Start) (G1 Humongous Allocation)
[20.444s][info   ][gc,task       ] GC(10) Using 6 workers of 9 for evacuation
[20.447s][info   ][gc,phases     ] GC(10)   Pre Evacuate Collection Set: 0.1ms
[20.447s][info   ][gc,phases     ] GC(10)   Evacuate Collection Set: 2.4ms
[20.447s][info   ][gc,phases     ] GC(10)   Post Evacuate Collection Set: 0.2ms
[20.447s][info   ][gc,phases     ] GC(10)   Other: 0.7ms
[20.447s][info   ][gc,heap       ] GC(10) Eden regions: 0->0(22)
[20.447s][info   ][gc,heap       ] GC(10) Survivor regions: 1->1(3)
[20.447s][info   ][gc,heap       ] GC(10) Old regions: 0->0
[20.447s][info   ][gc,heap       ] GC(10) Archive regions: 0->0
[20.447s][info   ][gc,heap       ] GC(10) Humongous regions: 115->76
[20.447s][info   ][gc,metaspace  ] GC(10) Metaspace: 3424K(4864K)->3424K(4864K) NonClass: 3120K(4352K)->3120K(4352K) Class: 304K(512K)->304K(512K)
[20.447s][info   ][gc            ] GC(10) Pause Young (Concurrent Start) (G1 Humongous Allocation) 115M->76M(256M) 3.615ms
[20.447s][info   ][gc,cpu        ] GC(10) User=0.00s Sys=0.01s Real=0.00s
[20.447s][info   ][gc            ] GC(11) Concurrent Cycle
[20.447s][info   ][gc,marking    ] GC(11) Concurrent Clear Claimed Marks
[20.448s][info   ][gc,marking    ] GC(11) Concurrent Clear Claimed Marks 0.018ms
[20.448s][info   ][gc,marking    ] GC(11) Concurrent Scan Root Regions
[20.448s][info   ][gc,marking    ] GC(11) Concurrent Scan Root Regions 0.673ms
[20.448s][info   ][gc,marking    ] GC(11) Concurrent Mark (20.448s)
[20.448s][info   ][gc,marking    ] GC(11) Concurrent Mark From Roots
[20.448s][info   ][gc,task       ] GC(11) Using 2 workers of 2 for marking
[20.449s][info   ][gc,marking    ] GC(11) Concurrent Mark From Roots 0.252ms
[20.449s][info   ][gc,marking    ] GC(11) Concurrent Preclean
[20.449s][info   ][gc,marking    ] GC(11) Concurrent Preclean 0.043ms
[20.449s][info   ][gc,marking    ] GC(11) Concurrent Mark (20.448s, 20.449s) 0.427ms
[20.449s][info   ][gc,start      ] GC(11) Pause Remark
[20.449s][info   ][gc,stringtable] GC(11) Cleaned string and symbol table, strings: 1384 processed, 0 removed, symbols: 16327 processed, 0 removed
[20.449s][info   ][gc            ] GC(11) Pause Remark 79M->79M(256M) 0.686ms
[20.450s][info   ][gc,cpu        ] GC(11) User=0.00s Sys=0.00s Real=0.01s
[20.450s][info   ][gc,marking    ] GC(11) Concurrent Rebuild Remembered Sets
[20.450s][info   ][gc,marking    ] GC(11) Concurrent Rebuild Remembered Sets 0.111ms
[20.450s][info   ][gc,start      ] GC(11) Pause Cleanup
[20.450s][info   ][gc            ] GC(11) Pause Cleanup 79M->79M(256M) 0.105ms
[20.450s][info   ][gc,cpu        ] GC(11) User=0.00s Sys=0.00s Real=0.00s
[20.450s][info   ][gc,marking    ] GC(11) Concurrent Cleanup for Next Mark
[20.450s][info   ][gc,marking    ] GC(11) Concurrent Cleanup for Next Mark 0.395ms
[20.450s][info   ][gc            ] GC(11) Concurrent Cycle 2.950ms
[22.109s][info   ][gc,start      ] GC(12) Pause Young (Concurrent Start) (G1 Humongous Allocation)
[22.109s][info   ][gc,task       ] GC(12) Using 6 workers of 9 for evacuation
[22.109s][info   ][gc,phases     ] GC(12)   Pre Evacuate Collection Set: 0.0ms
[22.109s][info   ][gc,phases     ] GC(12)   Evacuate Collection Set: 0.6ms
[22.109s][info   ][gc,phases     ] GC(12)   Post Evacuate Collection Set: 0.1ms
[22.109s][info   ][gc,phases     ] GC(12)   Other: 0.1ms
[22.109s][info   ][gc,heap       ] GC(12) Eden regions: 0->0(22)
[22.109s][info   ][gc,heap       ] GC(12) Survivor regions: 1->1(3)
[22.109s][info   ][gc,heap       ] GC(12) Old regions: 0->0
[22.109s][info   ][gc,heap       ] GC(12) Archive regions: 0->0
[22.109s][info   ][gc,heap       ] GC(12) Humongous regions: 115->84
[22.109s][info   ][gc,metaspace  ] GC(12) Metaspace: 3424K(4864K)->3424K(4864K) NonClass: 3120K(4352K)->3120K(4352K) Class: 304K(512K)->304K(512K)
[22.110s][info   ][gc            ] GC(12) Pause Young (Concurrent Start) (G1 Humongous Allocation) 115M->84M(256M) 0.876ms
[22.110s][info   ][gc,cpu        ] GC(12) User=0.00s Sys=0.00s Real=0.01s
[22.110s][info   ][gc            ] GC(13) Concurrent Cycle
[22.110s][info   ][gc,marking    ] GC(13) Concurrent Clear Claimed Marks
[22.110s][info   ][gc,marking    ] GC(13) Concurrent Clear Claimed Marks 0.005ms
[22.110s][info   ][gc,marking    ] GC(13) Concurrent Scan Root Regions
[22.110s][info   ][gc,marking    ] GC(13) Concurrent Scan Root Regions 0.254ms
[22.110s][info   ][gc,marking    ] GC(13) Concurrent Mark (22.110s)
[22.110s][info   ][gc,marking    ] GC(13) Concurrent Mark From Roots
[22.110s][info   ][gc,task       ] GC(13) Using 2 workers of 2 for marking
[22.110s][info   ][gc,marking    ] GC(13) Concurrent Mark From Roots 0.034ms
[22.110s][info   ][gc,marking    ] GC(13) Concurrent Preclean
[22.110s][info   ][gc,marking    ] GC(13) Concurrent Preclean 0.016ms
[22.110s][info   ][gc,marking    ] GC(13) Concurrent Mark (22.110s, 22.110s) 0.064ms
[22.110s][info   ][gc,start      ] GC(13) Pause Remark
[22.110s][info   ][gc,stringtable] GC(13) Cleaned string and symbol table, strings: 1384 processed, 0 removed, symbols: 16327 processed, 0 removed
[22.110s][info   ][gc            ] GC(13) Pause Remark 85M->85M(256M) 0.277ms
[22.110s][info   ][gc,cpu        ] GC(13) User=0.00s Sys=0.00s Real=0.00s
[22.110s][info   ][gc,marking    ] GC(13) Concurrent Rebuild Remembered Sets
[22.110s][info   ][gc,marking    ] GC(13) Concurrent Rebuild Remembered Sets 0.031ms
[22.110s][info   ][gc,start      ] GC(13) Pause Cleanup
[22.110s][info   ][gc            ] GC(13) Pause Cleanup 85M->85M(256M) 0.051ms
[22.110s][info   ][gc,cpu        ] GC(13) User=0.00s Sys=0.00s Real=0.00s
[22.110s][info   ][gc,marking    ] GC(13) Concurrent Cleanup for Next Mark
[22.111s][info   ][gc,marking    ] GC(13) Concurrent Cleanup for Next Mark 0.134ms
[22.111s][info   ][gc            ] GC(13) Concurrent Cycle 1.032ms
[23.573s][info   ][gc,start      ] GC(14) Pause Young (Concurrent Start) (G1 Humongous Allocation)
[23.573s][info   ][gc,task       ] GC(14) Using 6 workers of 9 for evacuation
[23.575s][info   ][gc,phases     ] GC(14)   Pre Evacuate Collection Set: 0.0ms
[23.575s][info   ][gc,phases     ] GC(14)   Evacuate Collection Set: 1.5ms
[23.575s][info   ][gc,phases     ] GC(14)   Post Evacuate Collection Set: 0.2ms
[23.575s][info   ][gc,phases     ] GC(14)   Other: 0.2ms
[23.575s][info   ][gc,heap       ] GC(14) Eden regions: 0->0(22)
[23.575s][info   ][gc,heap       ] GC(14) Survivor regions: 1->1(3)
[23.575s][info   ][gc,heap       ] GC(14) Old regions: 0->0
[23.575s][info   ][gc,heap       ] GC(14) Archive regions: 0->0
[23.575s][info   ][gc,heap       ] GC(14) Humongous regions: 115->88
[23.575s][info   ][gc,metaspace  ] GC(14) Metaspace: 3424K(4864K)->3424K(4864K) NonClass: 3120K(4352K)->3120K(4352K) Class: 304K(512K)->304K(512K)
[23.575s][info   ][gc            ] GC(14) Pause Young (Concurrent Start) (G1 Humongous Allocation) 115M->88M(256M) 2.019ms
[23.575s][info   ][gc,cpu        ] GC(14) User=0.01s Sys=0.00s Real=0.00s
[23.575s][info   ][gc            ] GC(15) Concurrent Cycle
[23.575s][info   ][gc,marking    ] GC(15) Concurrent Clear Claimed Marks
[23.575s][info   ][gc,marking    ] GC(15) Concurrent Clear Claimed Marks 0.014ms
[23.575s][info   ][gc,marking    ] GC(15) Concurrent Scan Root Regions
[23.576s][info   ][gc,marking    ] GC(15) Concurrent Scan Root Regions 0.634ms
[23.576s][info   ][gc,marking    ] GC(15) Concurrent Mark (23.576s)
[23.576s][info   ][gc,marking    ] GC(15) Concurrent Mark From Roots
[23.576s][info   ][gc,task       ] GC(15) Using 2 workers of 2 for marking
[23.576s][info   ][gc,marking    ] GC(15) Concurrent Mark From Roots 0.101ms
[23.576s][info   ][gc,marking    ] GC(15) Concurrent Preclean
[23.576s][info   ][gc,marking    ] GC(15) Concurrent Preclean 0.039ms
[23.576s][info   ][gc,marking    ] GC(15) Concurrent Mark (23.576s, 23.576s) 0.197ms
[23.576s][info   ][gc,start      ] GC(15) Pause Remark
[23.576s][info   ][gc,stringtable] GC(15) Cleaned string and symbol table, strings: 1384 processed, 0 removed, symbols: 16327 processed, 0 removed
[23.577s][info   ][gc            ] GC(15) Pause Remark 89M->89M(256M) 0.526ms
[23.577s][info   ][gc,cpu        ] GC(15) User=0.00s Sys=0.00s Real=0.00s
[23.577s][info   ][gc,marking    ] GC(15) Concurrent Rebuild Remembered Sets
[23.577s][info   ][gc,marking    ] GC(15) Concurrent Rebuild Remembered Sets 0.088ms
[23.577s][info   ][gc,start      ] GC(15) Pause Cleanup
[23.577s][info   ][gc            ] GC(15) Pause Cleanup 89M->89M(256M) 0.080ms
[23.577s][info   ][gc,cpu        ] GC(15) User=0.00s Sys=0.00s Real=0.00s
[23.577s][info   ][gc,marking    ] GC(15) Concurrent Cleanup for Next Mark
[23.577s][info   ][gc,marking    ] GC(15) Concurrent Cleanup for Next Mark 0.404ms
[23.577s][info   ][gc            ] GC(15) Concurrent Cycle 2.384ms
[24.764s][info   ][gc,start      ] GC(16) Pause Young (Concurrent Start) (G1 Humongous Allocation)
[24.764s][info   ][gc,task       ] GC(16) Using 6 workers of 9 for evacuation
[24.766s][info   ][gc,phases     ] GC(16)   Pre Evacuate Collection Set: 0.1ms
[24.766s][info   ][gc,phases     ] GC(16)   Evacuate Collection Set: 1.3ms
[24.766s][info   ][gc,phases     ] GC(16)   Post Evacuate Collection Set: 0.2ms
[24.766s][info   ][gc,phases     ] GC(16)   Other: 0.8ms
[24.766s][info   ][gc,heap       ] GC(16) Eden regions: 0->0(22)
[24.766s][info   ][gc,heap       ] GC(16) Survivor regions: 1->1(3)
[24.766s][info   ][gc,heap       ] GC(16) Old regions: 0->0
[24.766s][info   ][gc,heap       ] GC(16) Archive regions: 0->0
[24.766s][info   ][gc,heap       ] GC(16) Humongous regions: 115->92
[24.766s][info   ][gc,metaspace  ] GC(16) Metaspace: 3424K(4864K)->3424K(4864K) NonClass: 3120K(4352K)->3120K(4352K) Class: 304K(512K)->304K(512K)
[24.766s][info   ][gc            ] GC(16) Pause Young (Concurrent Start) (G1 Humongous Allocation) 115M->92M(256M) 2.381ms
[24.766s][info   ][gc,cpu        ] GC(16) User=0.00s Sys=0.00s Real=0.00s
[24.766s][info   ][gc            ] GC(17) Concurrent Cycle
[24.766s][info   ][gc,marking    ] GC(17) Concurrent Clear Claimed Marks
[24.766s][info   ][gc,marking    ] GC(17) Concurrent Clear Claimed Marks 0.011ms
[24.766s][info   ][gc,marking    ] GC(17) Concurrent Scan Root Regions
[24.767s][info   ][gc,marking    ] GC(17) Concurrent Scan Root Regions 0.577ms
[24.767s][info   ][gc,marking    ] GC(17) Concurrent Mark (24.767s)
[24.767s][info   ][gc,marking    ] GC(17) Concurrent Mark From Roots
[24.767s][info   ][gc,task       ] GC(17) Using 2 workers of 2 for marking
[24.767s][info   ][gc,marking    ] GC(17) Concurrent Mark From Roots 0.170ms
[24.767s][info   ][gc,marking    ] GC(17) Concurrent Preclean
[24.767s][info   ][gc,marking    ] GC(17) Concurrent Preclean 0.043ms
[24.767s][info   ][gc,marking    ] GC(17) Concurrent Mark (24.767s, 24.767s) 0.319ms
[24.767s][info   ][gc,start      ] GC(17) Pause Remark
[24.768s][info   ][gc,stringtable] GC(17) Cleaned string and symbol table, strings: 1384 processed, 0 removed, symbols: 16327 processed, 0 removed
[24.768s][info   ][gc            ] GC(17) Pause Remark 94M->94M(256M) 0.723ms
[24.768s][info   ][gc,cpu        ] GC(17) User=0.00s Sys=0.00s Real=0.00s
[24.768s][info   ][gc,marking    ] GC(17) Concurrent Rebuild Remembered Sets
[24.768s][info   ][gc,marking    ] GC(17) Concurrent Rebuild Remembered Sets 0.142ms
[24.769s][info   ][gc,start      ] GC(17) Pause Cleanup
[24.769s][info   ][gc            ] GC(17) Pause Cleanup 94M->94M(256M) 0.086ms
[24.769s][info   ][gc,cpu        ] GC(17) User=0.00s Sys=0.00s Real=0.00s
[24.769s][info   ][gc,marking    ] GC(17) Concurrent Cleanup for Next Mark
[24.769s][info   ][gc,marking    ] GC(17) Concurrent Cleanup for Next Mark 0.361ms
[24.769s][info   ][gc            ] GC(17) Concurrent Cycle 2.726ms
[25.841s][info   ][gc,start      ] GC(18) Pause Young (Concurrent Start) (G1 Humongous Allocation)
[25.842s][info   ][gc,task       ] GC(18) Using 6 workers of 9 for evacuation
[25.844s][info   ][gc,phases     ] GC(18)   Pre Evacuate Collection Set: 0.1ms
[25.844s][info   ][gc,phases     ] GC(18)   Evacuate Collection Set: 2.1ms
[25.844s][info   ][gc,phases     ] GC(18)   Post Evacuate Collection Set: 0.2ms
[25.844s][info   ][gc,phases     ] GC(18)   Other: 0.4ms
[25.844s][info   ][gc,heap       ] GC(18) Eden regions: 0->0(22)
[25.844s][info   ][gc,heap       ] GC(18) Survivor regions: 1->1(3)
[25.844s][info   ][gc,heap       ] GC(18) Old regions: 0->0
[25.844s][info   ][gc,heap       ] GC(18) Archive regions: 0->0
[25.844s][info   ][gc,heap       ] GC(18) Humongous regions: 115->96
[25.844s][info   ][gc,metaspace  ] GC(18) Metaspace: 3424K(4864K)->3424K(4864K) NonClass: 3120K(4352K)->3120K(4352K) Class: 304K(512K)->304K(512K)
[25.844s][info   ][gc            ] GC(18) Pause Young (Concurrent Start) (G1 Humongous Allocation) 115M->96M(256M) 2.931ms
[25.844s][info   ][gc,cpu        ] GC(18) User=0.00s Sys=0.00s Real=0.00s
[25.844s][info   ][gc            ] GC(19) Concurrent Cycle
[25.844s][info   ][gc,marking    ] GC(19) Concurrent Clear Claimed Marks
[25.845s][info   ][gc,marking    ] GC(19) Concurrent Clear Claimed Marks 0.014ms
[25.845s][info   ][gc,marking    ] GC(19) Concurrent Scan Root Regions
[25.845s][info   ][gc,marking    ] GC(19) Concurrent Scan Root Regions 0.621ms
[25.845s][info   ][gc,marking    ] GC(19) Concurrent Mark (25.845s)
[25.845s][info   ][gc,marking    ] GC(19) Concurrent Mark From Roots
[25.845s][info   ][gc,task       ] GC(19) Using 2 workers of 2 for marking
[25.845s][info   ][gc,marking    ] GC(19) Concurrent Mark From Roots 0.103ms
[25.845s][info   ][gc,marking    ] GC(19) Concurrent Preclean
[25.845s][info   ][gc,marking    ] GC(19) Concurrent Preclean 0.038ms
[25.845s][info   ][gc,marking    ] GC(19) Concurrent Mark (25.845s, 25.845s) 0.192ms
[25.845s][info   ][gc,start      ] GC(19) Pause Remark
[25.846s][info   ][gc,stringtable] GC(19) Cleaned string and symbol table, strings: 1384 processed, 0 removed, symbols: 16327 processed, 0 removed
[25.846s][info   ][gc            ] GC(19) Pause Remark 99M->99M(256M) 0.568ms
[25.846s][info   ][gc,cpu        ] GC(19) User=0.00s Sys=0.00s Real=0.00s
[25.846s][info   ][gc,marking    ] GC(19) Concurrent Rebuild Remembered Sets
[25.846s][info   ][gc,marking    ] GC(19) Concurrent Rebuild Remembered Sets 0.110ms
[25.846s][info   ][gc,start      ] GC(19) Pause Cleanup
[25.846s][info   ][gc            ] GC(19) Pause Cleanup 99M->99M(256M) 0.103ms
[25.846s][info   ][gc,cpu        ] GC(19) User=0.00s Sys=0.00s Real=0.00s
[25.846s][info   ][gc,marking    ] GC(19) Concurrent Cleanup for Next Mark
[25.847s][info   ][gc,marking    ] GC(19) Concurrent Cleanup for Next Mark 0.427ms
[25.847s][info   ][gc            ] GC(19) Concurrent Cycle 2.470ms
[26.651s][info   ][gc,start      ] GC(20) Pause Young (Concurrent Start) (G1 Humongous Allocation)
[26.652s][info   ][gc,task       ] GC(20) Using 6 workers of 9 for evacuation
[26.656s][info   ][gc,phases     ] GC(20)   Pre Evacuate Collection Set: 0.1ms
[26.656s][info   ][gc,phases     ] GC(20)   Evacuate Collection Set: 3.7ms
[26.657s][info   ][gc,phases     ] GC(20)   Post Evacuate Collection Set: 0.2ms
[26.657s][info   ][gc,phases     ] GC(20)   Other: 0.7ms
[26.657s][info   ][gc,heap       ] GC(20) Eden regions: 1->0(21)
[26.657s][info   ][gc,heap       ] GC(20) Survivor regions: 1->1(3)
[26.657s][info   ][gc,heap       ] GC(20) Old regions: 0->0
[26.657s][info   ][gc,heap       ] GC(20) Archive regions: 0->0
[26.657s][info   ][gc,heap       ] GC(20) Humongous regions: 115->100
[26.657s][info   ][gc,metaspace  ] GC(20) Metaspace: 3424K(4864K)->3424K(4864K) NonClass: 3120K(4352K)->3120K(4352K) Class: 304K(512K)->304K(512K)
[26.657s][info   ][gc            ] GC(20) Pause Young (Concurrent Start) (G1 Humongous Allocation) 115M->100M(256M) 5.201ms
[26.657s][info   ][gc,cpu        ] GC(20) User=0.01s Sys=0.00s Real=0.00s
[26.657s][info   ][gc            ] GC(21) Concurrent Cycle
[26.657s][info   ][gc,marking    ] GC(21) Concurrent Clear Claimed Marks
[26.657s][info   ][gc,marking    ] GC(21) Concurrent Clear Claimed Marks 0.013ms
[26.657s][info   ][gc,marking    ] GC(21) Concurrent Scan Root Regions
[26.657s][info   ][gc,marking    ] GC(21) Concurrent Scan Root Regions 0.640ms
[26.657s][info   ][gc,marking    ] GC(21) Concurrent Mark (26.657s)
[26.657s][info   ][gc,marking    ] GC(21) Concurrent Mark From Roots
[26.657s][info   ][gc,task       ] GC(21) Using 2 workers of 2 for marking
[26.658s][info   ][gc,marking    ] GC(21) Concurrent Mark From Roots 0.102ms
[26.658s][info   ][gc,marking    ] GC(21) Concurrent Preclean
[26.658s][info   ][gc,marking    ] GC(21) Concurrent Preclean 0.034ms
[26.658s][info   ][gc,marking    ] GC(21) Concurrent Mark (26.657s, 26.658s) 0.171ms
[26.658s][info   ][gc,start      ] GC(21) Pause Remark
[26.658s][info   ][gc,stringtable] GC(21) Cleaned string and symbol table, strings: 1384 processed, 0 removed, symbols: 16327 processed, 0 removed
[26.658s][info   ][gc            ] GC(21) Pause Remark 101M->101M(256M) 0.579ms
[26.658s][info   ][gc,cpu        ] GC(21) User=0.00s Sys=0.00s Real=0.00s
[26.658s][info   ][gc,marking    ] GC(21) Concurrent Rebuild Remembered Sets
[26.658s][info   ][gc,marking    ] GC(21) Concurrent Rebuild Remembered Sets 0.096ms
[26.659s][info   ][gc,start      ] GC(21) Pause Cleanup
[26.659s][info   ][gc            ] GC(21) Pause Cleanup 101M->101M(256M) 0.083ms
[26.659s][info   ][gc,cpu        ] GC(21) User=0.00s Sys=0.00s Real=0.00s
[26.659s][info   ][gc,marking    ] GC(21) Concurrent Cleanup for Next Mark
[26.659s][info   ][gc,marking    ] GC(21) Concurrent Cleanup for Next Mark 0.371ms
[26.659s][info   ][gc            ] GC(21) Concurrent Cycle 2.360ms
[27.351s][info   ][gc,start      ] GC(22) Pause Young (Concurrent Start) (G1 Humongous Allocation)
[27.351s][info   ][gc,task       ] GC(22) Using 6 workers of 9 for evacuation
[27.354s][info   ][gc,phases     ] GC(22)   Pre Evacuate Collection Set: 0.1ms
[27.354s][info   ][gc,phases     ] GC(22)   Evacuate Collection Set: 2.5ms
[27.354s][info   ][gc,phases     ] GC(22)   Post Evacuate Collection Set: 0.2ms
[27.354s][info   ][gc,phases     ] GC(22)   Other: 0.6ms
[27.354s][info   ][gc,heap       ] GC(22) Eden regions: 0->0(21)
[27.354s][info   ][gc,heap       ] GC(22) Survivor regions: 1->1(3)
[27.354s][info   ][gc,heap       ] GC(22) Old regions: 0->0
[27.354s][info   ][gc,heap       ] GC(22) Archive regions: 0->0
[27.354s][info   ][gc,heap       ] GC(22) Humongous regions: 115->102
[27.354s][info   ][gc,metaspace  ] GC(22) Metaspace: 3424K(4864K)->3424K(4864K) NonClass: 3120K(4352K)->3120K(4352K) Class: 304K(512K)->304K(512K)
[27.354s][info   ][gc            ] GC(22) Pause Young (Concurrent Start) (G1 Humongous Allocation) 115M->102M(256M) 3.552ms
[27.354s][info   ][gc,cpu        ] GC(22) User=0.01s Sys=0.00s Real=0.00s
[27.354s][info   ][gc            ] GC(23) Concurrent Cycle
[27.354s][info   ][gc,marking    ] GC(23) Concurrent Clear Claimed Marks
[27.354s][info   ][gc,marking    ] GC(23) Concurrent Clear Claimed Marks 0.013ms
[27.354s][info   ][gc,marking    ] GC(23) Concurrent Scan Root Regions
[27.355s][info   ][gc,marking    ] GC(23) Concurrent Scan Root Regions 0.638ms
[27.355s][info   ][gc,marking    ] GC(23) Concurrent Mark (27.355s)
[27.355s][info   ][gc,marking    ] GC(23) Concurrent Mark From Roots
[27.355s][info   ][gc,task       ] GC(23) Using 2 workers of 2 for marking
[27.355s][info   ][gc,marking    ] GC(23) Concurrent Mark From Roots 0.092ms
[27.355s][info   ][gc,marking    ] GC(23) Concurrent Preclean
[27.355s][info   ][gc,marking    ] GC(23) Concurrent Preclean 0.038ms
[27.355s][info   ][gc,marking    ] GC(23) Concurrent Mark (27.355s, 27.355s) 0.172ms
[27.355s][info   ][gc,start      ] GC(23) Pause Remark
[27.356s][info   ][gc,stringtable] GC(23) Cleaned string and symbol table, strings: 1384 processed, 0 removed, symbols: 16327 processed, 0 removed
[27.356s][info   ][gc            ] GC(23) Pause Remark 103M->103M(256M) 0.555ms
[27.356s][info   ][gc,cpu        ] GC(23) User=0.00s Sys=0.00s Real=0.00s
[27.356s][info   ][gc,marking    ] GC(23) Concurrent Rebuild Remembered Sets
[27.356s][info   ][gc,marking    ] GC(23) Concurrent Rebuild Remembered Sets 0.177ms
[27.356s][info   ][gc,start      ] GC(23) Pause Cleanup
[27.356s][info   ][gc            ] GC(23) Pause Cleanup 103M->103M(256M) 0.092ms
[27.356s][info   ][gc,cpu        ] GC(23) User=0.00s Sys=0.00s Real=0.00s
[27.356s][info   ][gc,marking    ] GC(23) Concurrent Cleanup for Next Mark
[27.357s][info   ][gc,marking    ] GC(23) Concurrent Cleanup for Next Mark 0.318ms
[27.357s][info   ][gc            ] GC(23) Concurrent Cycle 2.326ms
[27.951s][info   ][gc,start      ] GC(24) Pause Young (Concurrent Start) (G1 Humongous Allocation)
[27.951s][info   ][gc,task       ] GC(24) Using 6 workers of 9 for evacuation
[27.953s][info   ][gc,phases     ] GC(24)   Pre Evacuate Collection Set: 0.1ms
[27.953s][info   ][gc,phases     ] GC(24)   Evacuate Collection Set: 1.6ms
[27.953s][info   ][gc,phases     ] GC(24)   Post Evacuate Collection Set: 0.2ms
[27.953s][info   ][gc,phases     ] GC(24)   Other: 0.5ms
[27.953s][info   ][gc,heap       ] GC(24) Eden regions: 0->0(21)
[27.953s][info   ][gc,heap       ] GC(24) Survivor regions: 1->1(3)
[27.953s][info   ][gc,heap       ] GC(24) Old regions: 0->0
[27.953s][info   ][gc,heap       ] GC(24) Archive regions: 0->0
[27.953s][info   ][gc,heap       ] GC(24) Humongous regions: 115->104
[27.953s][info   ][gc,metaspace  ] GC(24) Metaspace: 3424K(4864K)->3424K(4864K) NonClass: 3120K(4352K)->3120K(4352K) Class: 304K(512K)->304K(512K)
[27.953s][info   ][gc            ] GC(24) Pause Young (Concurrent Start) (G1 Humongous Allocation) 115M->104M(256M) 2.565ms
[27.954s][info   ][gc,cpu        ] GC(24) User=0.00s Sys=0.00s Real=0.00s
[27.954s][info   ][gc            ] GC(25) Concurrent Cycle
[27.954s][info   ][gc,marking    ] GC(25) Concurrent Clear Claimed Marks
[27.954s][info   ][gc,marking    ] GC(25) Concurrent Clear Claimed Marks 0.020ms
[27.954s][info   ][gc,marking    ] GC(25) Concurrent Scan Root Regions
[27.954s][info   ][gc,marking    ] GC(25) Concurrent Scan Root Regions 0.705ms
[27.954s][info   ][gc,marking    ] GC(25) Concurrent Mark (27.954s)
[27.954s][info   ][gc,marking    ] GC(25) Concurrent Mark From Roots
[27.954s][info   ][gc,task       ] GC(25) Using 2 workers of 2 for marking
[27.955s][info   ][gc,marking    ] GC(25) Concurrent Mark From Roots 0.851ms
[27.955s][info   ][gc,marking    ] GC(25) Concurrent Preclean
[27.955s][info   ][gc,marking    ] GC(25) Concurrent Preclean 0.039ms
[27.955s][info   ][gc,marking    ] GC(25) Concurrent Mark (27.954s, 27.955s) 0.932ms
[27.955s][info   ][gc,start      ] GC(25) Pause Remark
[27.956s][info   ][gc,stringtable] GC(25) Cleaned string and symbol table, strings: 1384 processed, 0 removed, symbols: 16327 processed, 0 removed
[27.957s][info   ][gc            ] GC(25) Pause Remark 105M->105M(256M) 1.067ms
[27.957s][info   ][gc,cpu        ] GC(25) User=0.00s Sys=0.00s Real=0.00s
[27.957s][info   ][gc,marking    ] GC(25) Concurrent Rebuild Remembered Sets
[27.957s][info   ][gc,marking    ] GC(25) Concurrent Rebuild Remembered Sets 0.124ms
[27.957s][info   ][gc,start      ] GC(25) Pause Cleanup
[27.957s][info   ][gc            ] GC(25) Pause Cleanup 105M->105M(256M) 0.084ms
[27.957s][info   ][gc,cpu        ] GC(25) User=0.00s Sys=0.00s Real=0.00s
[27.957s][info   ][gc,marking    ] GC(25) Concurrent Cleanup for Next Mark
[27.957s][info   ][gc,marking    ] GC(25) Concurrent Cleanup for Next Mark 0.328ms
[27.957s][info   ][gc            ] GC(25) Concurrent Cycle 3.760ms
[28.431s][info   ][gc,start      ] GC(26) Pause Young (Concurrent Start) (G1 Humongous Allocation)
[28.431s][info   ][gc,task       ] GC(26) Using 6 workers of 9 for evacuation
[28.434s][info   ][gc,phases     ] GC(26)   Pre Evacuate Collection Set: 0.1ms
[28.434s][info   ][gc,phases     ] GC(26)   Evacuate Collection Set: 1.8ms
[28.434s][info   ][gc,phases     ] GC(26)   Post Evacuate Collection Set: 0.2ms
[28.434s][info   ][gc,phases     ] GC(26)   Other: 0.6ms
[28.434s][info   ][gc,heap       ] GC(26) Eden regions: 0->0(21)
[28.434s][info   ][gc,heap       ] GC(26) Survivor regions: 1->1(3)
[28.434s][info   ][gc,heap       ] GC(26) Old regions: 0->0
[28.434s][info   ][gc,heap       ] GC(26) Archive regions: 0->0
[28.434s][info   ][gc,heap       ] GC(26) Humongous regions: 115->106
[28.434s][info   ][gc,metaspace  ] GC(26) Metaspace: 3424K(4864K)->3424K(4864K) NonClass: 3120K(4352K)->3120K(4352K) Class: 304K(512K)->304K(512K)
[28.434s][info   ][gc            ] GC(26) Pause Young (Concurrent Start) (G1 Humongous Allocation) 115M->106M(256M) 2.773ms
[28.434s][info   ][gc,cpu        ] GC(26) User=0.01s Sys=0.00s Real=0.00s
[28.434s][info   ][gc            ] GC(27) Concurrent Cycle
[28.434s][info   ][gc,marking    ] GC(27) Concurrent Clear Claimed Marks
[28.434s][info   ][gc,marking    ] GC(27) Concurrent Clear Claimed Marks 0.017ms
[28.434s][info   ][gc,marking    ] GC(27) Concurrent Scan Root Regions
[28.435s][info   ][gc,marking    ] GC(27) Concurrent Scan Root Regions 0.809ms
[28.435s][info   ][gc,marking    ] GC(27) Concurrent Mark (28.435s)
[28.435s][info   ][gc,marking    ] GC(27) Concurrent Mark From Roots
[28.435s][info   ][gc,task       ] GC(27) Using 2 workers of 2 for marking
[28.435s][info   ][gc,marking    ] GC(27) Concurrent Mark From Roots 0.122ms
[28.435s][info   ][gc,marking    ] GC(27) Concurrent Preclean
[28.435s][info   ][gc,marking    ] GC(27) Concurrent Preclean 0.043ms
[28.435s][info   ][gc,marking    ] GC(27) Concurrent Mark (28.435s, 28.435s) 0.202ms
[28.435s][info   ][gc,start      ] GC(27) Pause Remark
[28.436s][info   ][gc,stringtable] GC(27) Cleaned string and symbol table, strings: 1384 processed, 0 removed, symbols: 16327 processed, 0 removed
[28.436s][info   ][gc            ] GC(27) Pause Remark 107M->107M(256M) 0.573ms
[28.436s][info   ][gc,cpu        ] GC(27) User=0.00s Sys=0.00s Real=0.00s
[28.436s][info   ][gc,marking    ] GC(27) Concurrent Rebuild Remembered Sets
[28.436s][info   ][gc,marking    ] GC(27) Concurrent Rebuild Remembered Sets 0.105ms
[28.436s][info   ][gc,start      ] GC(27) Pause Cleanup
[28.436s][info   ][gc            ] GC(27) Pause Cleanup 107M->107M(256M) 0.078ms
[28.436s][info   ][gc,cpu        ] GC(27) User=0.00s Sys=0.00s Real=0.00s
[28.436s][info   ][gc,marking    ] GC(27) Concurrent Cleanup for Next Mark
[28.436s][info   ][gc,marking    ] GC(27) Concurrent Cleanup for Next Mark 0.355ms
[28.437s][info   ][gc            ] GC(27) Concurrent Cycle 2.632ms
[28.812s][info   ][gc,start      ] GC(28) Pause Young (Concurrent Start) (G1 Humongous Allocation)
[28.812s][info   ][gc,task       ] GC(28) Using 6 workers of 9 for evacuation
[28.815s][info   ][gc,phases     ] GC(28)   Pre Evacuate Collection Set: 0.1ms
[28.815s][info   ][gc,phases     ] GC(28)   Evacuate Collection Set: 2.2ms
[28.815s][info   ][gc,phases     ] GC(28)   Post Evacuate Collection Set: 0.2ms
[28.815s][info   ][gc,phases     ] GC(28)   Other: 0.6ms
[28.815s][info   ][gc,heap       ] GC(28) Eden regions: 0->0(21)
[28.815s][info   ][gc,heap       ] GC(28) Survivor regions: 1->1(3)
[28.815s][info   ][gc,heap       ] GC(28) Old regions: 0->0
[28.815s][info   ][gc,heap       ] GC(28) Archive regions: 0->0
[28.815s][info   ][gc,heap       ] GC(28) Humongous regions: 115->108
[28.815s][info   ][gc,metaspace  ] GC(28) Metaspace: 3424K(4864K)->3424K(4864K) NonClass: 3120K(4352K)->3120K(4352K) Class: 304K(512K)->304K(512K)
[28.816s][info   ][gc            ] GC(28) Pause Young (Concurrent Start) (G1 Humongous Allocation) 115M->108M(256M) 3.281ms
[28.816s][info   ][gc,cpu        ] GC(28) User=0.01s Sys=0.00s Real=0.00s
[28.816s][info   ][gc            ] GC(29) Concurrent Cycle
[28.816s][info   ][gc,marking    ] GC(29) Concurrent Clear Claimed Marks
[28.816s][info   ][gc,marking    ] GC(29) Concurrent Clear Claimed Marks 0.012ms
[28.816s][info   ][gc,marking    ] GC(29) Concurrent Scan Root Regions
[28.816s][info   ][gc,marking    ] GC(29) Concurrent Scan Root Regions 0.653ms
[28.816s][info   ][gc,marking    ] GC(29) Concurrent Mark (28.816s)
[28.816s][info   ][gc,marking    ] GC(29) Concurrent Mark From Roots
[28.816s][info   ][gc,task       ] GC(29) Using 2 workers of 2 for marking
[28.816s][info   ][gc,marking    ] GC(29) Concurrent Mark From Roots 0.103ms
[28.816s][info   ][gc,marking    ] GC(29) Concurrent Preclean
[28.816s][info   ][gc,marking    ] GC(29) Concurrent Preclean 0.034ms
[28.816s][info   ][gc,marking    ] GC(29) Concurrent Mark (28.816s, 28.816s) 0.163ms
[28.817s][info   ][gc,start      ] GC(29) Pause Remark
[28.817s][info   ][gc,stringtable] GC(29) Cleaned string and symbol table, strings: 1384 processed, 0 removed, symbols: 16327 processed, 0 removed
[28.817s][info   ][gc            ] GC(29) Pause Remark 109M->109M(256M) 0.546ms
[28.817s][info   ][gc,cpu        ] GC(29) User=0.00s Sys=0.00s Real=0.00s
[28.817s][info   ][gc,marking    ] GC(29) Concurrent Rebuild Remembered Sets
[28.817s][info   ][gc,marking    ] GC(29) Concurrent Rebuild Remembered Sets 0.100ms
[28.817s][info   ][gc,start      ] GC(29) Pause Cleanup
[28.817s][info   ][gc            ] GC(29) Pause Cleanup 109M->109M(256M) 0.080ms
[28.817s][info   ][gc,cpu        ] GC(29) User=0.00s Sys=0.00s Real=0.00s
[28.817s][info   ][gc,marking    ] GC(29) Concurrent Cleanup for Next Mark
[28.818s][info   ][gc,marking    ] GC(29) Concurrent Cleanup for Next Mark 0.375ms
[28.818s][info   ][gc            ] GC(29) Concurrent Cycle 2.270ms
[29.143s][info   ][gc,start      ] GC(30) Pause Young (Concurrent Start) (G1 Humongous Allocation)
[29.143s][info   ][gc,task       ] GC(30) Using 6 workers of 9 for evacuation
[29.145s][info   ][gc,phases     ] GC(30)   Pre Evacuate Collection Set: 0.1ms
[29.145s][info   ][gc,phases     ] GC(30)   Evacuate Collection Set: 1.5ms
[29.145s][info   ][gc,phases     ] GC(30)   Post Evacuate Collection Set: 0.1ms
[29.145s][info   ][gc,phases     ] GC(30)   Other: 0.5ms
[29.145s][info   ][gc,heap       ] GC(30) Eden regions: 0->0(21)
[29.145s][info   ][gc,heap       ] GC(30) Survivor regions: 1->1(3)
[29.145s][info   ][gc,heap       ] GC(30) Old regions: 0->1
[29.145s][info   ][gc,heap       ] GC(30) Archive regions: 0->0
[29.145s][info   ][gc,heap       ] GC(30) Humongous regions: 116->110
[29.146s][info   ][gc,metaspace  ] GC(30) Metaspace: 3424K(4864K)->3424K(4864K) NonClass: 3120K(4352K)->3120K(4352K) Class: 304K(512K)->304K(512K)
[29.146s][info   ][gc            ] GC(30) Pause Young (Concurrent Start) (G1 Humongous Allocation) 116M->110M(256M) 2.439ms
[29.146s][info   ][gc,cpu        ] GC(30) User=0.01s Sys=0.00s Real=0.00s
[29.146s][info   ][gc            ] GC(31) Concurrent Cycle
[29.146s][info   ][gc,marking    ] GC(31) Concurrent Clear Claimed Marks
[29.146s][info   ][gc,marking    ] GC(31) Concurrent Clear Claimed Marks 0.016ms
[29.146s][info   ][gc,marking    ] GC(31) Concurrent Scan Root Regions
[29.146s][info   ][gc,marking    ] GC(31) Concurrent Scan Root Regions 0.121ms
[29.146s][info   ][gc,marking    ] GC(31) Concurrent Mark (29.146s)
[29.146s][info   ][gc,marking    ] GC(31) Concurrent Mark From Roots
[29.146s][info   ][gc,task       ] GC(31) Using 2 workers of 2 for marking
[29.147s][info   ][gc,marking    ] GC(31) Concurrent Mark From Roots 1.506ms
[29.147s][info   ][gc,marking    ] GC(31) Concurrent Preclean
[29.147s][info   ][gc,marking    ] GC(31) Concurrent Preclean 0.049ms
[29.147s][info   ][gc,marking    ] GC(31) Concurrent Mark (29.146s, 29.147s) 1.611ms
[29.147s][info   ][gc,start      ] GC(31) Pause Remark
[29.148s][info   ][gc,stringtable] GC(31) Cleaned string and symbol table, strings: 1384 processed, 0 removed, symbols: 16327 processed, 0 removed
[29.149s][info   ][gc            ] GC(31) Pause Remark 111M->111M(256M) 1.118ms
[29.149s][info   ][gc,cpu        ] GC(31) User=0.00s Sys=0.00s Real=0.00s
[29.149s][info   ][gc,marking    ] GC(31) Concurrent Rebuild Remembered Sets
[29.150s][info   ][gc,marking    ] GC(31) Concurrent Rebuild Remembered Sets 1.093ms
[29.150s][info   ][gc,start      ] GC(31) Pause Cleanup
[29.150s][info   ][gc            ] GC(31) Pause Cleanup 111M->111M(256M) 0.086ms
[29.150s][info   ][gc,cpu        ] GC(31) User=0.00s Sys=0.00s Real=0.00s
[29.150s][info   ][gc,marking    ] GC(31) Concurrent Cleanup for Next Mark
[29.150s][info   ][gc,marking    ] GC(31) Concurrent Cleanup for Next Mark 0.351ms
[29.150s][info   ][gc            ] GC(31) Concurrent Cycle 4.804ms
[29.360s][info   ][gc,start      ] GC(32) Pause Young (Concurrent Start) (G1 Humongous Allocation)
[29.360s][info   ][gc,task       ] GC(32) Using 6 workers of 9 for evacuation
[29.361s][info   ][gc,phases     ] GC(32)   Pre Evacuate Collection Set: 0.1ms
[29.361s][info   ][gc,phases     ] GC(32)   Evacuate Collection Set: 0.3ms
[29.361s][info   ][gc,phases     ] GC(32)   Post Evacuate Collection Set: 0.1ms
[29.361s][info   ][gc,phases     ] GC(32)   Other: 0.6ms
[29.361s][info   ][gc,heap       ] GC(32) Eden regions: 0->0(21)
[29.361s][info   ][gc,heap       ] GC(32) Survivor regions: 1->1(3)
[29.361s][info   ][gc,heap       ] GC(32) Old regions: 1->1
[29.361s][info   ][gc,heap       ] GC(32) Archive regions: 0->0
[29.361s][info   ][gc,heap       ] GC(32) Humongous regions: 114->110
[29.361s][info   ][gc,metaspace  ] GC(32) Metaspace: 3424K(4864K)->3424K(4864K) NonClass: 3120K(4352K)->3120K(4352K) Class: 304K(512K)->304K(512K)
[29.361s][info   ][gc            ] GC(32) Pause Young (Concurrent Start) (G1 Humongous Allocation) 114M->110M(256M) 1.174ms
[29.361s][info   ][gc,cpu        ] GC(32) User=0.00s Sys=0.00s Real=0.00s
[29.361s][info   ][gc            ] GC(33) Concurrent Cycle
[29.361s][info   ][gc,marking    ] GC(33) Concurrent Clear Claimed Marks
[29.361s][info   ][gc,marking    ] GC(33) Concurrent Clear Claimed Marks 0.015ms
[29.361s][info   ][gc,marking    ] GC(33) Concurrent Scan Root Regions
[29.362s][info   ][gc,marking    ] GC(33) Concurrent Scan Root Regions 0.070ms
[29.362s][info   ][gc,marking    ] GC(33) Concurrent Mark (29.362s)
[29.362s][info   ][gc,marking    ] GC(33) Concurrent Mark From Roots
[29.362s][info   ][gc,task       ] GC(33) Using 2 workers of 2 for marking
[29.363s][info   ][gc,marking    ] GC(33) Concurrent Mark From Roots 1.847ms
[29.363s][info   ][gc,marking    ] GC(33) Concurrent Preclean
[29.364s][info   ][gc,marking    ] GC(33) Concurrent Preclean 0.048ms
[29.364s][info   ][gc,marking    ] GC(33) Concurrent Mark (29.362s, 29.364s) 2.033ms
[29.364s][info   ][gc,start      ] GC(33) Pause Remark
[29.365s][info   ][gc,stringtable] GC(33) Cleaned string and symbol table, strings: 1384 processed, 0 removed, symbols: 16327 processed, 0 removed
[29.365s][info   ][gc            ] GC(33) Pause Remark 111M->111M(256M) 1.584ms
[29.365s][info   ][gc,cpu        ] GC(33) User=0.00s Sys=0.00s Real=0.00s
[29.365s][info   ][gc,marking    ] GC(33) Concurrent Rebuild Remembered Sets
[29.366s][info   ][gc,marking    ] GC(33) Concurrent Rebuild Remembered Sets 0.986ms
[29.366s][info   ][gc,start      ] GC(33) Pause Cleanup
[29.367s][info   ][gc            ] GC(33) Pause Cleanup 111M->111M(256M) 0.114ms
[29.367s][info   ][gc,cpu        ] GC(33) User=0.00s Sys=0.00s Real=0.00s
[29.367s][info   ][gc,marking    ] GC(33) Concurrent Cleanup for Next Mark
[29.367s][info   ][gc,marking    ] GC(33) Concurrent Cleanup for Next Mark 0.359ms
[29.367s][info   ][gc            ] GC(33) Concurrent Cycle 5.550ms
[29.576s][info   ][gc,start      ] GC(34) Pause Young (Concurrent Start) (G1 Humongous Allocation)
[29.576s][info   ][gc,task       ] GC(34) Using 6 workers of 9 for evacuation
[29.577s][info   ][gc,phases     ] GC(34)   Pre Evacuate Collection Set: 0.0ms
[29.577s][info   ][gc,phases     ] GC(34)   Evacuate Collection Set: 0.2ms
[29.577s][info   ][gc,phases     ] GC(34)   Post Evacuate Collection Set: 0.1ms
[29.577s][info   ][gc,phases     ] GC(34)   Other: 0.2ms
[29.577s][info   ][gc,heap       ] GC(34) Eden regions: 0->0(21)
[29.577s][info   ][gc,heap       ] GC(34) Survivor regions: 1->1(3)
[29.577s][info   ][gc,heap       ] GC(34) Old regions: 1->1
[29.577s][info   ][gc,heap       ] GC(34) Archive regions: 0->0
[29.577s][info   ][gc,heap       ] GC(34) Humongous regions: 114->110
[29.577s][info   ][gc,metaspace  ] GC(34) Metaspace: 3424K(4864K)->3424K(4864K) NonClass: 3120K(4352K)->3120K(4352K) Class: 304K(512K)->304K(512K)
[29.577s][info   ][gc            ] GC(34) Pause Young (Concurrent Start) (G1 Humongous Allocation) 114M->110M(256M) 0.596ms
[29.577s][info   ][gc,cpu        ] GC(34) User=0.00s Sys=0.01s Real=0.00s
[29.577s][info   ][gc            ] GC(35) Concurrent Cycle
[29.577s][info   ][gc,marking    ] GC(35) Concurrent Clear Claimed Marks
[29.577s][info   ][gc,marking    ] GC(35) Concurrent Clear Claimed Marks 0.008ms
[29.577s][info   ][gc,marking    ] GC(35) Concurrent Scan Root Regions
[29.577s][info   ][gc,marking    ] GC(35) Concurrent Scan Root Regions 0.041ms
[29.577s][info   ][gc,marking    ] GC(35) Concurrent Mark (29.577s)
[29.577s][info   ][gc,marking    ] GC(35) Concurrent Mark From Roots
[29.577s][info   ][gc,task       ] GC(35) Using 2 workers of 2 for marking
[29.578s][info   ][gc,marking    ] GC(35) Concurrent Mark From Roots 1.234ms
[29.578s][info   ][gc,marking    ] GC(35) Concurrent Preclean
[29.578s][info   ][gc,marking    ] GC(35) Concurrent Preclean 0.032ms
[29.578s][info   ][gc,marking    ] GC(35) Concurrent Mark (29.577s, 29.578s) 1.294ms
[29.578s][info   ][gc,start      ] GC(35) Pause Remark
[29.579s][info   ][gc,stringtable] GC(35) Cleaned string and symbol table, strings: 1384 processed, 0 removed, symbols: 16327 processed, 0 removed
[29.579s][info   ][gc            ] GC(35) Pause Remark 111M->111M(256M) 0.456ms
[29.579s][info   ][gc,cpu        ] GC(35) User=0.01s Sys=0.00s Real=0.00s
[29.579s][info   ][gc,marking    ] GC(35) Concurrent Rebuild Remembered Sets
[29.580s][info   ][gc,marking    ] GC(35) Concurrent Rebuild Remembered Sets 0.780ms
[29.580s][info   ][gc,start      ] GC(35) Pause Cleanup
[29.580s][info   ][gc            ] GC(35) Pause Cleanup 111M->111M(256M) 0.066ms
[29.580s][info   ][gc,cpu        ] GC(35) User=0.00s Sys=0.00s Real=0.00s
[29.580s][info   ][gc,marking    ] GC(35) Concurrent Cleanup for Next Mark
[29.580s][info   ][gc,marking    ] GC(35) Concurrent Cleanup for Next Mark 0.284ms
[29.580s][info   ][gc            ] GC(35) Concurrent Cycle 3.230ms
[29.686s][info   ][gc,start      ] GC(36) Pause Young (Concurrent Start) (G1 Humongous Allocation)
[29.686s][info   ][gc,task       ] GC(36) Using 6 workers of 9 for evacuation
[29.689s][info   ][gc,phases     ] GC(36)   Pre Evacuate Collection Set: 0.1ms
[29.690s][info   ][gc,phases     ] GC(36)   Evacuate Collection Set: 2.4ms
[29.690s][info   ][gc,phases     ] GC(36)   Post Evacuate Collection Set: 0.1ms
[29.690s][info   ][gc,phases     ] GC(36)   Other: 0.5ms
[29.690s][info   ][gc,heap       ] GC(36) Eden regions: 0->0(21)
[29.690s][info   ][gc,heap       ] GC(36) Survivor regions: 1->1(3)
[29.690s][info   ][gc,heap       ] GC(36) Old regions: 1->1
[29.690s][info   ][gc,heap       ] GC(36) Archive regions: 0->0
[29.690s][info   ][gc,heap       ] GC(36) Humongous regions: 114->112
[29.690s][info   ][gc,metaspace  ] GC(36) Metaspace: 3424K(4864K)->3424K(4864K) NonClass: 3120K(4352K)->3120K(4352K) Class: 304K(512K)->304K(512K)
[29.690s][info   ][gc            ] GC(36) Pause Young (Concurrent Start) (G1 Humongous Allocation) 114M->112M(256M) 3.509ms
[29.690s][info   ][gc,cpu        ] GC(36) User=0.00s Sys=0.00s Real=0.01s
[29.690s][info   ][gc            ] GC(37) Concurrent Cycle
[29.690s][info   ][gc,marking    ] GC(37) Concurrent Clear Claimed Marks
[29.690s][info   ][gc,marking    ] GC(37) Concurrent Clear Claimed Marks 0.014ms
[29.690s][info   ][gc,marking    ] GC(37) Concurrent Scan Root Regions
[29.690s][info   ][gc,marking    ] GC(37) Concurrent Scan Root Regions 0.125ms
[29.690s][info   ][gc,marking    ] GC(37) Concurrent Mark (29.690s)
[29.690s][info   ][gc,marking    ] GC(37) Concurrent Mark From Roots
[29.690s][info   ][gc,task       ] GC(37) Using 2 workers of 2 for marking
[29.692s][info   ][gc,marking    ] GC(37) Concurrent Mark From Roots 1.867ms
[29.692s][info   ][gc,marking    ] GC(37) Concurrent Preclean
[29.692s][info   ][gc,marking    ] GC(37) Concurrent Preclean 0.034ms
[29.692s][info   ][gc,marking    ] GC(37) Concurrent Mark (29.690s, 29.692s) 1.949ms
[29.692s][info   ][gc,start      ] GC(37) Pause Remark
[29.692s][info   ][gc,stringtable] GC(37) Cleaned string and symbol table, strings: 1384 processed, 0 removed, symbols: 16327 processed, 0 removed
[29.693s][info   ][gc            ] GC(37) Pause Remark 113M->113M(256M) 0.527ms
[29.693s][info   ][gc,cpu        ] GC(37) User=0.00s Sys=0.00s Real=0.00s
[29.693s][info   ][gc,marking    ] GC(37) Concurrent Rebuild Remembered Sets
[29.694s][info   ][gc,marking    ] GC(37) Concurrent Rebuild Remembered Sets 1.065ms
[29.694s][info   ][gc,start      ] GC(37) Pause Cleanup
[29.694s][info   ][gc            ] GC(37) Pause Cleanup 113M->113M(256M) 0.098ms
[29.694s][info   ][gc,cpu        ] GC(37) User=0.00s Sys=0.00s Real=0.00s
[29.694s][info   ][gc,marking    ] GC(37) Concurrent Cleanup for Next Mark
[29.694s][info   ][gc,marking    ] GC(37) Concurrent Cleanup for Next Mark 0.348ms
[29.694s][info   ][gc            ] GC(37) Concurrent Cycle 4.519ms
[29.797s][info   ][gc,start      ] GC(38) Pause Young (Concurrent Start) (G1 Humongous Allocation)
[29.798s][info   ][gc,task       ] GC(38) Using 6 workers of 9 for evacuation
[29.799s][info   ][gc,phases     ] GC(38)   Pre Evacuate Collection Set: 0.1ms
[29.799s][info   ][gc,phases     ] GC(38)   Evacuate Collection Set: 0.6ms
[29.799s][info   ][gc,phases     ] GC(38)   Post Evacuate Collection Set: 0.2ms
[29.799s][info   ][gc,phases     ] GC(38)   Other: 0.6ms
[29.799s][info   ][gc,heap       ] GC(38) Eden regions: 0->0(21)
[29.799s][info   ][gc,heap       ] GC(38) Survivor regions: 1->1(3)
[29.799s][info   ][gc,heap       ] GC(38) Old regions: 1->1
[29.799s][info   ][gc,heap       ] GC(38) Archive regions: 0->0
[29.799s][info   ][gc,heap       ] GC(38) Humongous regions: 114->112
[29.799s][info   ][gc,metaspace  ] GC(38) Metaspace: 3424K(4864K)->3424K(4864K) NonClass: 3120K(4352K)->3120K(4352K) Class: 304K(512K)->304K(512K)
[29.799s][info   ][gc            ] GC(38) Pause Young (Concurrent Start) (G1 Humongous Allocation) 114M->112M(256M) 1.552ms
[29.799s][info   ][gc,cpu        ] GC(38) User=0.00s Sys=0.00s Real=0.01s
[29.799s][info   ][gc            ] GC(39) Concurrent Cycle
[29.799s][info   ][gc,marking    ] GC(39) Concurrent Clear Claimed Marks
[29.799s][info   ][gc,marking    ] GC(39) Concurrent Clear Claimed Marks 0.033ms
[29.799s][info   ][gc,marking    ] GC(39) Concurrent Scan Root Regions
[29.799s][info   ][gc,marking    ] GC(39) Concurrent Scan Root Regions 0.110ms
[29.799s][info   ][gc,marking    ] GC(39) Concurrent Mark (29.799s)
[29.799s][info   ][gc,marking    ] GC(39) Concurrent Mark From Roots
[29.799s][info   ][gc,task       ] GC(39) Using 2 workers of 2 for marking
[29.801s][info   ][gc,marking    ] GC(39) Concurrent Mark From Roots 1.689ms
[29.801s][info   ][gc,marking    ] GC(39) Concurrent Preclean
[29.801s][info   ][gc,marking    ] GC(39) Concurrent Preclean 0.041ms
[29.801s][info   ][gc,marking    ] GC(39) Concurrent Mark (29.799s, 29.801s) 1.768ms
[29.801s][info   ][gc,start      ] GC(39) Pause Remark
[29.802s][info   ][gc,stringtable] GC(39) Cleaned string and symbol table, strings: 1384 processed, 0 removed, symbols: 16327 processed, 0 removed
[29.802s][info   ][gc            ] GC(39) Pause Remark 113M->113M(256M) 0.655ms
[29.802s][info   ][gc,cpu        ] GC(39) User=0.00s Sys=0.00s Real=0.00s
[29.802s][info   ][gc,marking    ] GC(39) Concurrent Rebuild Remembered Sets
[29.803s][info   ][gc,marking    ] GC(39) Concurrent Rebuild Remembered Sets 1.000ms
[29.803s][info   ][gc,start      ] GC(39) Pause Cleanup
[29.803s][info   ][gc            ] GC(39) Pause Cleanup 113M->113M(256M) 0.080ms
[29.803s][info   ][gc,cpu        ] GC(39) User=0.00s Sys=0.00s Real=0.00s
[29.803s][info   ][gc,marking    ] GC(39) Concurrent Cleanup for Next Mark
[29.804s][info   ][gc,marking    ] GC(39) Concurrent Cleanup for Next Mark 0.360ms
[29.804s][info   ][gc            ] GC(39) Concurrent Cycle 4.421ms
[29.905s][info   ][gc,start      ] GC(40) Pause Young (Concurrent Start) (G1 Humongous Allocation)
[29.905s][info   ][gc,task       ] GC(40) Using 6 workers of 9 for evacuation
[29.906s][info   ][gc,phases     ] GC(40)   Pre Evacuate Collection Set: 0.1ms
[29.906s][info   ][gc,phases     ] GC(40)   Evacuate Collection Set: 0.5ms
[29.906s][info   ][gc,phases     ] GC(40)   Post Evacuate Collection Set: 0.1ms
[29.907s][info   ][gc,phases     ] GC(40)   Other: 0.6ms
[29.907s][info   ][gc,heap       ] GC(40) Eden regions: 0->0(21)
[29.907s][info   ][gc,heap       ] GC(40) Survivor regions: 1->1(3)
[29.907s][info   ][gc,heap       ] GC(40) Old regions: 1->1
[29.907s][info   ][gc,heap       ] GC(40) Archive regions: 0->0
[29.907s][info   ][gc,heap       ] GC(40) Humongous regions: 114->112
[29.907s][info   ][gc,metaspace  ] GC(40) Metaspace: 3424K(4864K)->3424K(4864K) NonClass: 3120K(4352K)->3120K(4352K) Class: 304K(512K)->304K(512K)
[29.907s][info   ][gc            ] GC(40) Pause Young (Concurrent Start) (G1 Humongous Allocation) 114M->112M(256M) 1.654ms
[29.907s][info   ][gc,cpu        ] GC(40) User=0.01s Sys=0.00s Real=0.00s
[29.907s][info   ][gc            ] GC(41) Concurrent Cycle
[29.907s][info   ][gc,marking    ] GC(41) Concurrent Clear Claimed Marks
[29.907s][info   ][gc,marking    ] GC(41) Concurrent Clear Claimed Marks 0.023ms
[29.907s][info   ][gc,marking    ] GC(41) Concurrent Scan Root Regions
[29.907s][info   ][gc,marking    ] GC(41) Concurrent Scan Root Regions 0.093ms
[29.907s][info   ][gc,marking    ] GC(41) Concurrent Mark (29.907s)
[29.907s][info   ][gc,marking    ] GC(41) Concurrent Mark From Roots
[29.907s][info   ][gc,task       ] GC(41) Using 2 workers of 2 for marking
[29.910s][info   ][gc,marking    ] GC(41) Concurrent Mark From Roots 2.739ms
[29.910s][info   ][gc,marking    ] GC(41) Concurrent Preclean
[29.910s][info   ][gc,marking    ] GC(41) Concurrent Preclean 0.037ms
[29.910s][info   ][gc,marking    ] GC(41) Concurrent Mark (29.907s, 29.910s) 2.834ms
[29.910s][info   ][gc,start      ] GC(41) Pause Remark
[29.910s][info   ][gc,stringtable] GC(41) Cleaned string and symbol table, strings: 1384 processed, 0 removed, symbols: 16327 processed, 0 removed
[29.911s][info   ][gc            ] GC(41) Pause Remark 113M->113M(256M) 0.559ms
[29.911s][info   ][gc,cpu        ] GC(41) User=0.00s Sys=0.00s Real=0.00s
[29.911s][info   ][gc,marking    ] GC(41) Concurrent Rebuild Remembered Sets
[29.912s][info   ][gc,marking    ] GC(41) Concurrent Rebuild Remembered Sets 0.936ms
[29.912s][info   ][gc,start      ] GC(41) Pause Cleanup
[29.912s][info   ][gc            ] GC(41) Pause Cleanup 113M->113M(256M) 0.088ms
[29.912s][info   ][gc,cpu        ] GC(41) User=0.00s Sys=0.00s Real=0.00s
[29.912s][info   ][gc,marking    ] GC(41) Concurrent Cleanup for Next Mark
[29.912s][info   ][gc,marking    ] GC(41) Concurrent Cleanup for Next Mark 0.320ms
[29.912s][info   ][gc            ] GC(41) Concurrent Cycle 5.282ms
[30.017s][info   ][gc,start      ] GC(42) Pause Young (Concurrent Start) (G1 Humongous Allocation)
[30.017s][info   ][gc,task       ] GC(42) Using 6 workers of 9 for evacuation
[30.018s][info   ][gc,phases     ] GC(42)   Pre Evacuate Collection Set: 0.1ms
[30.018s][info   ][gc,phases     ] GC(42)   Evacuate Collection Set: 0.6ms
[30.018s][info   ][gc,phases     ] GC(42)   Post Evacuate Collection Set: 0.1ms
[30.018s][info   ][gc,phases     ] GC(42)   Other: 0.6ms
[30.018s][info   ][gc,heap       ] GC(42) Eden regions: 0->0(21)
[30.018s][info   ][gc,heap       ] GC(42) Survivor regions: 1->1(3)
[30.018s][info   ][gc,heap       ] GC(42) Old regions: 1->1
[30.018s][info   ][gc,heap       ] GC(42) Archive regions: 0->0
[30.018s][info   ][gc,heap       ] GC(42) Humongous regions: 114->112
[30.018s][info   ][gc,metaspace  ] GC(42) Metaspace: 3424K(4864K)->3424K(4864K) NonClass: 3120K(4352K)->3120K(4352K) Class: 304K(512K)->304K(512K)
[30.018s][info   ][gc            ] GC(42) Pause Young (Concurrent Start) (G1 Humongous Allocation) 114M->112M(256M) 1.592ms
[30.019s][info   ][gc,cpu        ] GC(42) User=0.00s Sys=0.00s Real=0.00s
[30.019s][info   ][gc            ] GC(43) Concurrent Cycle
[30.019s][info   ][gc,marking    ] GC(43) Concurrent Clear Claimed Marks
[30.019s][info   ][gc,marking    ] GC(43) Concurrent Clear Claimed Marks 0.025ms
[30.019s][info   ][gc,marking    ] GC(43) Concurrent Scan Root Regions
[30.019s][info   ][gc,marking    ] GC(43) Concurrent Scan Root Regions 0.106ms
[30.019s][info   ][gc,marking    ] GC(43) Concurrent Mark (30.019s)
[30.019s][info   ][gc,marking    ] GC(43) Concurrent Mark From Roots
[30.019s][info   ][gc,task       ] GC(43) Using 2 workers of 2 for marking
[30.021s][info   ][gc,marking    ] GC(43) Concurrent Mark From Roots 2.135ms
[30.021s][info   ][gc,marking    ] GC(43) Concurrent Preclean
[30.021s][info   ][gc,marking    ] GC(43) Concurrent Preclean 0.062ms
[30.021s][info   ][gc,marking    ] GC(43) Concurrent Mark (30.019s, 30.021s) 2.291ms
[30.021s][info   ][gc,start      ] GC(43) Pause Remark
[30.022s][info   ][gc,stringtable] GC(43) Cleaned string and symbol table, strings: 1384 processed, 0 removed, symbols: 16327 processed, 0 removed
[30.022s][info   ][gc            ] GC(43) Pause Remark 113M->113M(256M) 0.508ms
[30.022s][info   ][gc,cpu        ] GC(43) User=0.00s Sys=0.00s Real=0.00s
[30.022s][info   ][gc,marking    ] GC(43) Concurrent Rebuild Remembered Sets
[30.023s][info   ][gc,marking    ] GC(43) Concurrent Rebuild Remembered Sets 0.949ms
[30.023s][info   ][gc,start      ] GC(43) Pause Cleanup
[30.023s][info   ][gc            ] GC(43) Pause Cleanup 113M->113M(256M) 0.087ms
[30.023s][info   ][gc,cpu        ] GC(43) User=0.00s Sys=0.00s Real=0.00s
[30.023s][info   ][gc,marking    ] GC(43) Concurrent Cleanup for Next Mark
[30.023s][info   ][gc,marking    ] GC(43) Concurrent Cleanup for Next Mark 0.334ms
[30.023s][info   ][gc            ] GC(43) Concurrent Cycle 4.693ms
[30.127s][info   ][gc,start      ] GC(44) Pause Young (Concurrent Start) (G1 Humongous Allocation)
[30.128s][info   ][gc,task       ] GC(44) Using 6 workers of 9 for evacuation
[30.129s][info   ][gc,phases     ] GC(44)   Pre Evacuate Collection Set: 0.1ms
[30.129s][info   ][gc,phases     ] GC(44)   Evacuate Collection Set: 0.6ms
[30.129s][info   ][gc,phases     ] GC(44)   Post Evacuate Collection Set: 0.2ms
[30.129s][info   ][gc,phases     ] GC(44)   Other: 0.7ms
[30.129s][info   ][gc,heap       ] GC(44) Eden regions: 0->0(21)
[30.129s][info   ][gc,heap       ] GC(44) Survivor regions: 1->1(3)
[30.129s][info   ][gc,heap       ] GC(44) Old regions: 1->1
[30.129s][info   ][gc,heap       ] GC(44) Archive regions: 0->0
[30.129s][info   ][gc,heap       ] GC(44) Humongous regions: 114->112
[30.129s][info   ][gc,metaspace  ] GC(44) Metaspace: 3424K(4864K)->3424K(4864K) NonClass: 3120K(4352K)->3120K(4352K) Class: 304K(512K)->304K(512K)
[30.129s][info   ][gc            ] GC(44) Pause Young (Concurrent Start) (G1 Humongous Allocation) 114M->112M(256M) 1.811ms
[30.129s][info   ][gc,cpu        ] GC(44) User=0.01s Sys=0.01s Real=0.01s
[30.129s][info   ][gc            ] GC(45) Concurrent Cycle
[30.129s][info   ][gc,marking    ] GC(45) Concurrent Clear Claimed Marks
[30.129s][info   ][gc,marking    ] GC(45) Concurrent Clear Claimed Marks 0.028ms
[30.129s][info   ][gc,marking    ] GC(45) Concurrent Scan Root Regions
[30.129s][info   ][gc,marking    ] GC(45) Concurrent Scan Root Regions 0.106ms
[30.129s][info   ][gc,marking    ] GC(45) Concurrent Mark (30.129s)
[30.129s][info   ][gc,marking    ] GC(45) Concurrent Mark From Roots
[30.129s][info   ][gc,task       ] GC(45) Using 2 workers of 2 for marking
[30.131s][info   ][gc,marking    ] GC(45) Concurrent Mark From Roots 1.952ms
[30.131s][info   ][gc,marking    ] GC(45) Concurrent Preclean
[30.131s][info   ][gc,marking    ] GC(45) Concurrent Preclean 0.035ms
[30.131s][info   ][gc,marking    ] GC(45) Concurrent Mark (30.129s, 30.131s) 2.028ms
[30.131s][info   ][gc,start      ] GC(45) Pause Remark
[30.133s][info   ][gc,stringtable] GC(45) Cleaned string and symbol table, strings: 1384 processed, 0 removed, symbols: 16327 processed, 0 removed
[30.133s][info   ][gc            ] GC(45) Pause Remark 113M->113M(256M) 1.407ms
[30.133s][info   ][gc,cpu        ] GC(45) User=0.00s Sys=0.00s Real=0.00s
[30.133s][info   ][gc,marking    ] GC(45) Concurrent Rebuild Remembered Sets
[30.134s][info   ][gc,marking    ] GC(45) Concurrent Rebuild Remembered Sets 1.017ms
[30.134s][info   ][gc,start      ] GC(45) Pause Cleanup
[30.134s][info   ][gc            ] GC(45) Pause Cleanup 113M->113M(256M) 0.123ms
[30.134s][info   ][gc,cpu        ] GC(45) User=0.00s Sys=0.00s Real=0.00s
[30.134s][info   ][gc,marking    ] GC(45) Concurrent Cleanup for Next Mark
[30.135s][info   ][gc,marking    ] GC(45) Concurrent Cleanup for Next Mark 0.343ms
[30.135s][info   ][gc            ] GC(45) Concurrent Cycle 5.447ms
[30.182s][info   ][gc,start      ] GC(46) Pause Young (Concurrent Start) (G1 Humongous Allocation)
[30.182s][info   ][gc,task       ] GC(46) Using 6 workers of 9 for evacuation
[30.183s][info   ][gc,phases     ] GC(46)   Pre Evacuate Collection Set: 0.1ms
[30.183s][info   ][gc,phases     ] GC(46)   Evacuate Collection Set: 0.6ms
[30.183s][info   ][gc,phases     ] GC(46)   Post Evacuate Collection Set: 0.2ms
[30.184s][info   ][gc,phases     ] GC(46)   Other: 0.5ms
[30.184s][info   ][gc,heap       ] GC(46) Eden regions: 0->0(21)
[30.184s][info   ][gc,heap       ] GC(46) Survivor regions: 1->1(3)
[30.184s][info   ][gc,heap       ] GC(46) Old regions: 1->1
[30.184s][info   ][gc,heap       ] GC(46) Archive regions: 0->0
[30.184s][info   ][gc,heap       ] GC(46) Humongous regions: 114->112
[30.184s][info   ][gc,metaspace  ] GC(46) Metaspace: 3424K(4864K)->3424K(4864K) NonClass: 3120K(4352K)->3120K(4352K) Class: 304K(512K)->304K(512K)
[30.184s][info   ][gc            ] GC(46) Pause Young (Concurrent Start) (G1 Humongous Allocation) 114M->112M(256M) 1.486ms
[30.184s][info   ][gc,cpu        ] GC(46) User=0.01s Sys=0.00s Real=0.00s
[30.184s][info   ][gc            ] GC(47) Concurrent Cycle
[30.184s][info   ][gc,marking    ] GC(47) Concurrent Clear Claimed Marks
[30.184s][info   ][gc,marking    ] GC(47) Concurrent Clear Claimed Marks 0.024ms
[30.184s][info   ][gc,marking    ] GC(47) Concurrent Scan Root Regions
[30.184s][info   ][gc,marking    ] GC(47) Concurrent Scan Root Regions 0.096ms
[30.184s][info   ][gc,marking    ] GC(47) Concurrent Mark (30.184s)
[30.184s][info   ][gc,marking    ] GC(47) Concurrent Mark From Roots
[30.184s][info   ][gc,task       ] GC(47) Using 2 workers of 2 for marking
[30.186s][info   ][gc,marking    ] GC(47) Concurrent Mark From Roots 2.208ms
[30.186s][info   ][gc,marking    ] GC(47) Concurrent Preclean
[30.186s][info   ][gc,marking    ] GC(47) Concurrent Preclean 0.036ms
[30.186s][info   ][gc,marking    ] GC(47) Concurrent Mark (30.184s, 30.186s) 2.370ms
[30.186s][info   ][gc,start      ] GC(47) Pause Remark
[30.187s][info   ][gc,stringtable] GC(47) Cleaned string and symbol table, strings: 1384 processed, 0 removed, symbols: 16327 processed, 0 removed
[30.187s][info   ][gc            ] GC(47) Pause Remark 114M->114M(256M) 0.526ms
[30.187s][info   ][gc,cpu        ] GC(47) User=0.00s Sys=0.00s Real=0.00s
[30.187s][info   ][gc,marking    ] GC(47) Concurrent Rebuild Remembered Sets
[30.188s][info   ][gc,marking    ] GC(47) Concurrent Rebuild Remembered Sets 1.010ms
[30.188s][info   ][gc,start      ] GC(47) Pause Cleanup
[30.188s][info   ][gc            ] GC(47) Pause Cleanup 114M->114M(256M) 0.112ms
[30.188s][info   ][gc,cpu        ] GC(47) User=0.00s Sys=0.00s Real=0.00s
[30.188s][info   ][gc,marking    ] GC(47) Concurrent Cleanup for Next Mark
[30.189s][info   ][gc,marking    ] GC(47) Concurrent Cleanup for Next Mark 0.338ms
[30.189s][info   ][gc            ] GC(47) Concurrent Cycle 4.922ms
[30.239s][info   ][gc,start      ] GC(48) Pause Young (Concurrent Start) (G1 Humongous Allocation)
[30.239s][info   ][gc,task       ] GC(48) Using 6 workers of 9 for evacuation
[30.240s][info   ][gc,phases     ] GC(48)   Pre Evacuate Collection Set: 0.1ms
[30.240s][info   ][gc,phases     ] GC(48)   Evacuate Collection Set: 0.5ms
[30.240s][info   ][gc,phases     ] GC(48)   Post Evacuate Collection Set: 0.1ms
[30.240s][info   ][gc,phases     ] GC(48)   Other: 0.5ms
[30.240s][info   ][gc,heap       ] GC(48) Eden regions: 0->0(13)
[30.240s][info   ][gc,heap       ] GC(48) Survivor regions: 1->1(3)
[30.240s][info   ][gc,heap       ] GC(48) Old regions: 1->1
[30.240s][info   ][gc,heap       ] GC(48) Archive regions: 0->0
[30.240s][info   ][gc,heap       ] GC(48) Humongous regions: 114->114
[30.240s][info   ][gc,metaspace  ] GC(48) Metaspace: 3424K(4864K)->3424K(4864K) NonClass: 3120K(4352K)->3120K(4352K) Class: 304K(512K)->304K(512K)
[30.240s][info   ][gc            ] GC(48) Pause Young (Concurrent Start) (G1 Humongous Allocation) 114M->114M(256M) 1.345ms
[30.240s][info   ][gc,cpu        ] GC(48) User=0.00s Sys=0.00s Real=0.01s
[30.240s][info   ][gc            ] GC(49) Concurrent Cycle
[30.240s][info   ][gc,marking    ] GC(49) Concurrent Clear Claimed Marks
[30.240s][info   ][gc,marking    ] GC(49) Concurrent Clear Claimed Marks 0.021ms
[30.240s][info   ][gc,marking    ] GC(49) Concurrent Scan Root Regions
[30.240s][info   ][gc,marking    ] GC(49) Concurrent Scan Root Regions 0.088ms
[30.240s][info   ][gc,marking    ] GC(49) Concurrent Mark (30.240s)
[30.240s][info   ][gc,marking    ] GC(49) Concurrent Mark From Roots
[30.240s][info   ][gc,task       ] GC(49) Using 2 workers of 2 for marking
[30.242s][info   ][gc,marking    ] GC(49) Concurrent Mark From Roots 2.099ms
[30.242s][info   ][gc,marking    ] GC(49) Concurrent Preclean
[30.243s][info   ][gc,marking    ] GC(49) Concurrent Preclean 0.034ms
[30.243s][info   ][gc,marking    ] GC(49) Concurrent Mark (30.240s, 30.243s) 2.186ms
[30.243s][info   ][gc,start      ] GC(49) Pause Remark
[30.243s][info   ][gc,stringtable] GC(49) Cleaned string and symbol table, strings: 1384 processed, 0 removed, symbols: 16327 processed, 0 removed
[30.243s][info   ][gc            ] GC(49) Pause Remark 115M->115M(256M) 0.570ms
[30.243s][info   ][gc,cpu        ] GC(49) User=0.00s Sys=0.00s Real=0.00s
[30.243s][info   ][gc,marking    ] GC(49) Concurrent Rebuild Remembered Sets
[30.244s][info   ][gc,marking    ] GC(49) Concurrent Rebuild Remembered Sets 0.953ms
[30.244s][info   ][gc,start      ] GC(49) Pause Cleanup
[30.244s][info   ][gc            ] GC(49) Pause Cleanup 115M->115M(256M) 0.069ms
[30.244s][info   ][gc,cpu        ] GC(49) User=0.00s Sys=0.00s Real=0.00s
[30.244s][info   ][gc,marking    ] GC(49) Concurrent Cleanup for Next Mark
[30.245s][info   ][gc,marking    ] GC(49) Concurrent Cleanup for Next Mark 0.294ms
[30.245s][info   ][gc            ] GC(49) Concurrent Cycle 4.560ms
[30.296s][info   ][gc,start      ] GC(50) Pause Young (Concurrent Start) (G1 Humongous Allocation)
[30.296s][info   ][gc,task       ] GC(50) Using 6 workers of 9 for evacuation
[30.296s][info   ][gc,phases     ] GC(50)   Pre Evacuate Collection Set: 0.1ms
[30.296s][info   ][gc,phases     ] GC(50)   Evacuate Collection Set: 0.3ms
[30.296s][info   ][gc,phases     ] GC(50)   Post Evacuate Collection Set: 0.1ms
[30.296s][info   ][gc,phases     ] GC(50)   Other: 0.4ms
[30.296s][info   ][gc,heap       ] GC(50) Eden regions: 0->0(13)
[30.296s][info   ][gc,heap       ] GC(50) Survivor regions: 1->0(2)
[30.296s][info   ][gc,heap       ] GC(50) Old regions: 1->1
[30.296s][info   ][gc,heap       ] GC(50) Archive regions: 0->0
[30.296s][info   ][gc,heap       ] GC(50) Humongous regions: 115->114
[30.296s][info   ][gc,metaspace  ] GC(50) Metaspace: 3424K(4864K)->3424K(4864K) NonClass: 3120K(4352K)->3120K(4352K) Class: 304K(512K)->304K(512K)
[30.296s][info   ][gc            ] GC(50) Pause Young (Concurrent Start) (G1 Humongous Allocation) 115M->114M(256M) 0.943ms
[30.296s][info   ][gc,cpu        ] GC(50) User=0.00s Sys=0.00s Real=0.00s
[30.297s][info   ][gc            ] GC(51) Concurrent Cycle
[30.297s][info   ][gc,marking    ] GC(51) Concurrent Clear Claimed Marks
[30.297s][info   ][gc,marking    ] GC(51) Concurrent Clear Claimed Marks 0.014ms
[30.297s][info   ][gc,marking    ] GC(51) Concurrent Scan Root Regions
[30.297s][info   ][gc,marking    ] GC(51) Concurrent Scan Root Regions 0.009ms
[30.297s][info   ][gc,marking    ] GC(51) Concurrent Mark (30.297s)
[30.297s][info   ][gc,marking    ] GC(51) Concurrent Mark From Roots
[30.297s][info   ][gc,task       ] GC(51) Using 2 workers of 2 for marking
[30.298s][info   ][gc,marking    ] GC(51) Concurrent Mark From Roots 1.837ms
[30.298s][info   ][gc,marking    ] GC(51) Concurrent Preclean
[30.298s][info   ][gc,marking    ] GC(51) Concurrent Preclean 0.041ms
[30.298s][info   ][gc,marking    ] GC(51) Concurrent Mark (30.297s, 30.298s) 1.924ms
[30.299s][info   ][gc,start      ] GC(51) Pause Remark
[30.300s][info   ][gc,stringtable] GC(51) Cleaned string and symbol table, strings: 1384 processed, 0 removed, symbols: 16327 processed, 0 removed
[30.300s][info   ][gc            ] GC(51) Pause Remark 115M->115M(256M) 1.239ms
[30.300s][info   ][gc,cpu        ] GC(51) User=0.00s Sys=0.00s Real=0.01s
[30.300s][info   ][gc,marking    ] GC(51) Concurrent Rebuild Remembered Sets
[30.301s][info   ][gc,marking    ] GC(51) Concurrent Rebuild Remembered Sets 0.939ms
[30.301s][info   ][gc,start      ] GC(51) Pause Cleanup
[30.301s][info   ][gc            ] GC(51) Pause Cleanup 115M->115M(256M) 0.107ms
[30.301s][info   ][gc,cpu        ] GC(51) User=0.00s Sys=0.00s Real=0.00s
[30.301s][info   ][gc,marking    ] GC(51) Concurrent Cleanup for Next Mark
[30.301s][info   ][gc,marking    ] GC(51) Concurrent Cleanup for Next Mark 0.318ms
[30.301s][info   ][gc            ] GC(51) Concurrent Cycle 4.909ms
[30.351s][info   ][gc,start      ] GC(52) Pause Young (Concurrent Start) (G1 Humongous Allocation)
[30.351s][info   ][gc,task       ] GC(52) Using 6 workers of 9 for evacuation
[30.352s][info   ][gc,phases     ] GC(52)   Pre Evacuate Collection Set: 0.1ms
[30.352s][info   ][gc,phases     ] GC(52)   Evacuate Collection Set: 0.4ms
[30.352s][info   ][gc,phases     ] GC(52)   Post Evacuate Collection Set: 0.1ms
[30.352s][info   ][gc,phases     ] GC(52)   Other: 0.5ms
[30.352s][info   ][gc,heap       ] GC(52) Eden regions: 0->0(13)
[30.352s][info   ][gc,heap       ] GC(52) Survivor regions: 0->0(2)
[30.352s][info   ][gc,heap       ] GC(52) Old regions: 1->1
[30.352s][info   ][gc,heap       ] GC(52) Archive regions: 0->0
[30.352s][info   ][gc,heap       ] GC(52) Humongous regions: 115->114
[30.352s][info   ][gc,metaspace  ] GC(52) Metaspace: 3424K(4864K)->3424K(4864K) NonClass: 3120K(4352K)->3120K(4352K) Class: 304K(512K)->304K(512K)
[30.352s][info   ][gc            ] GC(52) Pause Young (Concurrent Start) (G1 Humongous Allocation) 115M->114M(256M) 1.246ms
[30.352s][info   ][gc,cpu        ] GC(52) User=0.00s Sys=0.00s Real=0.00s
[30.352s][info   ][gc            ] GC(53) Concurrent Cycle
[30.352s][info   ][gc,marking    ] GC(53) Concurrent Clear Claimed Marks
[30.352s][info   ][gc,marking    ] GC(53) Concurrent Clear Claimed Marks 0.015ms
[30.352s][info   ][gc,marking    ] GC(53) Concurrent Scan Root Regions
[30.352s][info   ][gc,marking    ] GC(53) Concurrent Scan Root Regions 0.013ms
[30.352s][info   ][gc,marking    ] GC(53) Concurrent Mark (30.352s)
[30.352s][info   ][gc,marking    ] GC(53) Concurrent Mark From Roots
[30.352s][info   ][gc,task       ] GC(53) Using 2 workers of 2 for marking
[30.354s][info   ][gc,marking    ] GC(53) Concurrent Mark From Roots 2.224ms
[30.354s][info   ][gc,marking    ] GC(53) Concurrent Preclean
[30.354s][info   ][gc,marking    ] GC(53) Concurrent Preclean 0.034ms
[30.354s][info   ][gc,marking    ] GC(53) Concurrent Mark (30.352s, 30.354s) 2.310ms
[30.355s][info   ][gc,start      ] GC(53) Pause Remark
[30.355s][info   ][gc,stringtable] GC(53) Cleaned string and symbol table, strings: 1384 processed, 0 removed, symbols: 16327 processed, 0 removed
[30.355s][info   ][gc            ] GC(53) Pause Remark 115M->115M(256M) 0.493ms
[30.355s][info   ][gc,cpu        ] GC(53) User=0.01s Sys=0.00s Real=0.00s
[30.355s][info   ][gc,marking    ] GC(53) Concurrent Rebuild Remembered Sets
[30.356s][info   ][gc,marking    ] GC(53) Concurrent Rebuild Remembered Sets 0.943ms
[30.356s][info   ][gc,start      ] GC(53) Pause Cleanup
[30.356s][info   ][gc            ] GC(53) Pause Cleanup 115M->115M(256M) 0.101ms
[30.356s][info   ][gc,cpu        ] GC(53) User=0.00s Sys=0.00s Real=0.00s
[30.356s][info   ][gc,marking    ] GC(53) Concurrent Cleanup for Next Mark
[30.357s][info   ][gc,marking    ] GC(53) Concurrent Cleanup for Next Mark 0.263ms
[30.357s][info   ][gc            ] GC(53) Concurrent Cycle 4.486ms
[30.407s][info   ][gc,start      ] GC(54) Pause Young (Concurrent Start) (G1 Humongous Allocation)
[30.407s][info   ][gc,task       ] GC(54) Using 6 workers of 9 for evacuation
[30.408s][info   ][gc,phases     ] GC(54)   Pre Evacuate Collection Set: 0.1ms
[30.408s][info   ][gc,phases     ] GC(54)   Evacuate Collection Set: 0.5ms
[30.409s][info   ][gc,phases     ] GC(54)   Post Evacuate Collection Set: 0.1ms
[30.409s][info   ][gc,phases     ] GC(54)   Other: 0.7ms
[30.409s][info   ][gc,heap       ] GC(54) Eden regions: 0->0(13)
[30.409s][info   ][gc,heap       ] GC(54) Survivor regions: 0->0(2)
[30.409s][info   ][gc,heap       ] GC(54) Old regions: 1->1
[30.409s][info   ][gc,heap       ] GC(54) Archive regions: 0->0
[30.409s][info   ][gc,heap       ] GC(54) Humongous regions: 115->114
[30.409s][info   ][gc,metaspace  ] GC(54) Metaspace: 3424K(4864K)->3424K(4864K) NonClass: 3120K(4352K)->3120K(4352K) Class: 304K(512K)->304K(512K)
[30.409s][info   ][gc            ] GC(54) Pause Young (Concurrent Start) (G1 Humongous Allocation) 115M->114M(256M) 1.611ms
[30.409s][info   ][gc,cpu        ] GC(54) User=0.00s Sys=0.00s Real=0.00s
[30.409s][info   ][gc            ] GC(55) Concurrent Cycle
[30.409s][info   ][gc,marking    ] GC(55) Concurrent Clear Claimed Marks
[30.409s][info   ][gc,marking    ] GC(55) Concurrent Clear Claimed Marks 0.021ms
[30.409s][info   ][gc,marking    ] GC(55) Concurrent Scan Root Regions
[30.409s][info   ][gc,marking    ] GC(55) Concurrent Scan Root Regions 0.016ms
[30.409s][info   ][gc,marking    ] GC(55) Concurrent Mark (30.409s)
[30.409s][info   ][gc,marking    ] GC(55) Concurrent Mark From Roots
[30.409s][info   ][gc,task       ] GC(55) Using 2 workers of 2 for marking
[30.411s][info   ][gc,marking    ] GC(55) Concurrent Mark From Roots 2.092ms
[30.411s][info   ][gc,marking    ] GC(55) Concurrent Preclean
[30.411s][info   ][gc,marking    ] GC(55) Concurrent Preclean 0.032ms
[30.411s][info   ][gc,marking    ] GC(55) Concurrent Mark (30.409s, 30.411s) 2.165ms
[30.411s][info   ][gc,start      ] GC(55) Pause Remark
[30.412s][info   ][gc,stringtable] GC(55) Cleaned string and symbol table, strings: 1384 processed, 0 removed, symbols: 16327 processed, 0 removed
[30.412s][info   ][gc            ] GC(55) Pause Remark 115M->115M(256M) 0.473ms
[30.412s][info   ][gc,cpu        ] GC(55) User=0.00s Sys=0.00s Real=0.00s
[30.412s][info   ][gc,marking    ] GC(55) Concurrent Rebuild Remembered Sets
[30.413s][info   ][gc,marking    ] GC(55) Concurrent Rebuild Remembered Sets 0.982ms
[30.413s][info   ][gc,start      ] GC(55) Pause Cleanup
[30.413s][info   ][gc            ] GC(55) Pause Cleanup 115M->115M(256M) 0.102ms
[30.413s][info   ][gc,cpu        ] GC(55) User=0.00s Sys=0.00s Real=0.00s
[30.413s][info   ][gc,marking    ] GC(55) Concurrent Cleanup for Next Mark
[30.413s][info   ][gc,marking    ] GC(55) Concurrent Cleanup for Next Mark 0.268ms
[30.413s][info   ][gc            ] GC(55) Concurrent Cycle 4.429ms
[30.462s][info   ][gc,start      ] GC(56) Pause Young (Concurrent Start) (G1 Humongous Allocation)
[30.462s][info   ][gc,task       ] GC(56) Using 6 workers of 9 for evacuation
[30.463s][info   ][gc,phases     ] GC(56)   Pre Evacuate Collection Set: 0.1ms
[30.463s][info   ][gc,phases     ] GC(56)   Evacuate Collection Set: 0.5ms
[30.463s][info   ][gc,phases     ] GC(56)   Post Evacuate Collection Set: 0.1ms
[30.463s][info   ][gc,phases     ] GC(56)   Other: 0.5ms
[30.463s][info   ][gc,heap       ] GC(56) Eden regions: 0->0(13)
[30.463s][info   ][gc,heap       ] GC(56) Survivor regions: 0->0(2)
[30.463s][info   ][gc,heap       ] GC(56) Old regions: 1->1
[30.463s][info   ][gc,heap       ] GC(56) Archive regions: 0->0
[30.463s][info   ][gc,heap       ] GC(56) Humongous regions: 115->114
[30.463s][info   ][gc,metaspace  ] GC(56) Metaspace: 3424K(4864K)->3424K(4864K) NonClass: 3120K(4352K)->3120K(4352K) Class: 304K(512K)->304K(512K)
[30.463s][info   ][gc            ] GC(56) Pause Young (Concurrent Start) (G1 Humongous Allocation) 115M->114M(256M) 1.454ms
[30.463s][info   ][gc,cpu        ] GC(56) User=0.00s Sys=0.00s Real=0.00s
[30.463s][info   ][gc            ] GC(57) Concurrent Cycle
[30.463s][info   ][gc,marking    ] GC(57) Concurrent Clear Claimed Marks
[30.463s][info   ][gc,marking    ] GC(57) Concurrent Clear Claimed Marks 0.032ms
[30.463s][info   ][gc,marking    ] GC(57) Concurrent Scan Root Regions
[30.463s][info   ][gc,marking    ] GC(57) Concurrent Scan Root Regions 0.020ms
[30.463s][info   ][gc,marking    ] GC(57) Concurrent Mark (30.463s)
[30.463s][info   ][gc,marking    ] GC(57) Concurrent Mark From Roots
[30.463s][info   ][gc,task       ] GC(57) Using 2 workers of 2 for marking
[30.466s][info   ][gc,marking    ] GC(57) Concurrent Mark From Roots 2.825ms
[30.466s][info   ][gc,marking    ] GC(57) Concurrent Preclean
[30.466s][info   ][gc,marking    ] GC(57) Concurrent Preclean 0.064ms
[30.466s][info   ][gc,marking    ] GC(57) Concurrent Mark (30.463s, 30.466s) 2.996ms
[30.466s][info   ][gc,start      ] GC(57) Pause Remark
[30.467s][info   ][gc,stringtable] GC(57) Cleaned string and symbol table, strings: 1384 processed, 0 removed, symbols: 16327 processed, 0 removed
[30.467s][info   ][gc            ] GC(57) Pause Remark 115M->115M(256M) 0.435ms
[30.467s][info   ][gc,cpu        ] GC(57) User=0.00s Sys=0.00s Real=0.00s
[30.467s][info   ][gc,marking    ] GC(57) Concurrent Rebuild Remembered Sets
[30.468s][info   ][gc,marking    ] GC(57) Concurrent Rebuild Remembered Sets 0.826ms
[30.468s][info   ][gc,start      ] GC(57) Pause Cleanup
[30.468s][info   ][gc            ] GC(57) Pause Cleanup 115M->115M(256M) 0.081ms
[30.468s][info   ][gc,cpu        ] GC(57) User=0.00s Sys=0.00s Real=0.00s
[30.468s][info   ][gc,marking    ] GC(57) Concurrent Cleanup for Next Mark
[30.468s][info   ][gc,marking    ] GC(57) Concurrent Cleanup for Next Mark 0.275ms
[30.468s][info   ][gc            ] GC(57) Concurrent Cycle 5.037ms
[30.516s][info   ][gc,start      ] GC(58) Pause Young (Concurrent Start) (G1 Humongous Allocation)
[30.516s][info   ][gc,task       ] GC(58) Using 6 workers of 9 for evacuation
[30.517s][info   ][gc,phases     ] GC(58)   Pre Evacuate Collection Set: 0.1ms
[30.517s][info   ][gc,phases     ] GC(58)   Evacuate Collection Set: 0.5ms
[30.517s][info   ][gc,phases     ] GC(58)   Post Evacuate Collection Set: 0.1ms
[30.517s][info   ][gc,phases     ] GC(58)   Other: 0.5ms
[30.517s][info   ][gc,heap       ] GC(58) Eden regions: 0->0(13)
[30.517s][info   ][gc,heap       ] GC(58) Survivor regions: 0->0(2)
[30.517s][info   ][gc,heap       ] GC(58) Old regions: 1->1
[30.517s][info   ][gc,heap       ] GC(58) Archive regions: 0->0
[30.517s][info   ][gc,heap       ] GC(58) Humongous regions: 115->114
[30.517s][info   ][gc,metaspace  ] GC(58) Metaspace: 3424K(4864K)->3424K(4864K) NonClass: 3120K(4352K)->3120K(4352K) Class: 304K(512K)->304K(512K)
[30.517s][info   ][gc            ] GC(58) Pause Young (Concurrent Start) (G1 Humongous Allocation) 115M->114M(256M) 1.483ms
[30.517s][info   ][gc,cpu        ] GC(58) User=0.00s Sys=0.00s Real=0.00s
[30.517s][info   ][gc            ] GC(59) Concurrent Cycle
[30.517s][info   ][gc,marking    ] GC(59) Concurrent Clear Claimed Marks
[30.517s][info   ][gc,marking    ] GC(59) Concurrent Clear Claimed Marks 0.030ms
[30.517s][info   ][gc,marking    ] GC(59) Concurrent Scan Root Regions
[30.517s][info   ][gc,marking    ] GC(59) Concurrent Scan Root Regions 0.020ms
[30.517s][info   ][gc,marking    ] GC(59) Concurrent Mark (30.517s)
[30.517s][info   ][gc,marking    ] GC(59) Concurrent Mark From Roots
[30.517s][info   ][gc,task       ] GC(59) Using 2 workers of 2 for marking
[30.520s][info   ][gc,marking    ] GC(59) Concurrent Mark From Roots 2.759ms
[30.520s][info   ][gc,marking    ] GC(59) Concurrent Preclean
[30.520s][info   ][gc,marking    ] GC(59) Concurrent Preclean 0.034ms
[30.520s][info   ][gc,marking    ] GC(59) Concurrent Mark (30.517s, 30.520s) 2.844ms
[30.520s][info   ][gc,start      ] GC(59) Pause Remark
[30.521s][info   ][gc,stringtable] GC(59) Cleaned string and symbol table, strings: 1384 processed, 0 removed, symbols: 16327 processed, 0 removed
[30.521s][info   ][gc            ] GC(59) Pause Remark 115M->115M(256M) 0.494ms
[30.521s][info   ][gc,cpu        ] GC(59) User=0.00s Sys=0.00s Real=0.00s
[30.521s][info   ][gc,marking    ] GC(59) Concurrent Rebuild Remembered Sets
[30.522s][info   ][gc,marking    ] GC(59) Concurrent Rebuild Remembered Sets 0.967ms
[30.522s][info   ][gc,start      ] GC(59) Pause Cleanup
[30.522s][info   ][gc            ] GC(59) Pause Cleanup 115M->115M(256M) 0.089ms
[30.522s][info   ][gc,cpu        ] GC(59) User=0.00s Sys=0.00s Real=0.00s
[30.522s][info   ][gc,marking    ] GC(59) Concurrent Cleanup for Next Mark
[30.522s][info   ][gc,marking    ] GC(59) Concurrent Cleanup for Next Mark 0.279ms
[30.522s][info   ][gc            ] GC(59) Concurrent Cycle 5.098ms
[30.571s][info   ][gc,start      ] GC(60) Pause Young (Concurrent Start) (G1 Humongous Allocation)
[30.572s][info   ][gc,task       ] GC(60) Using 6 workers of 9 for evacuation
[30.573s][info   ][gc,phases     ] GC(60)   Pre Evacuate Collection Set: 0.1ms
[30.573s][info   ][gc,phases     ] GC(60)   Evacuate Collection Set: 0.7ms
[30.573s][info   ][gc,phases     ] GC(60)   Post Evacuate Collection Set: 0.1ms
[30.573s][info   ][gc,phases     ] GC(60)   Other: 0.5ms
[30.573s][info   ][gc,heap       ] GC(60) Eden regions: 0->0(13)
[30.573s][info   ][gc,heap       ] GC(60) Survivor regions: 0->0(2)
[30.573s][info   ][gc,heap       ] GC(60) Old regions: 1->1
[30.573s][info   ][gc,heap       ] GC(60) Archive regions: 0->0
[30.573s][info   ][gc,heap       ] GC(60) Humongous regions: 115->114
[30.573s][info   ][gc,metaspace  ] GC(60) Metaspace: 3424K(4864K)->3424K(4864K) NonClass: 3120K(4352K)->3120K(4352K) Class: 304K(512K)->304K(512K)
[30.573s][info   ][gc            ] GC(60) Pause Young (Concurrent Start) (G1 Humongous Allocation) 115M->114M(256M) 1.426ms
[30.573s][info   ][gc,cpu        ] GC(60) User=0.00s Sys=0.00s Real=0.00s
[30.573s][info   ][gc            ] GC(61) Concurrent Cycle
[30.573s][info   ][gc,marking    ] GC(61) Concurrent Clear Claimed Marks
[30.573s][info   ][gc,marking    ] GC(61) Concurrent Clear Claimed Marks 0.008ms
[30.573s][info   ][gc,marking    ] GC(61) Concurrent Scan Root Regions
[30.573s][info   ][gc,marking    ] GC(61) Concurrent Scan Root Regions 0.008ms
[30.573s][info   ][gc,marking    ] GC(61) Concurrent Mark (30.573s)
[30.573s][info   ][gc,marking    ] GC(61) Concurrent Mark From Roots
[30.573s][info   ][gc,task       ] GC(61) Using 2 workers of 2 for marking
[30.574s][info   ][gc,marking    ] GC(61) Concurrent Mark From Roots 1.285ms
[30.574s][info   ][gc,marking    ] GC(61) Concurrent Preclean
[30.574s][info   ][gc,marking    ] GC(61) Concurrent Preclean 0.035ms
[30.574s][info   ][gc,marking    ] GC(61) Concurrent Mark (30.573s, 30.574s) 1.357ms
[30.574s][info   ][gc,start      ] GC(61) Pause Remark
[30.575s][info   ][gc,stringtable] GC(61) Cleaned string and symbol table, strings: 1384 processed, 0 removed, symbols: 16327 processed, 0 removed
[30.575s][info   ][gc            ] GC(61) Pause Remark 115M->115M(256M) 0.566ms
[30.575s][info   ][gc,cpu        ] GC(61) User=0.00s Sys=0.00s Real=0.00s
[30.575s][info   ][gc,marking    ] GC(61) Concurrent Rebuild Remembered Sets
[30.576s][info   ][gc,marking    ] GC(61) Concurrent Rebuild Remembered Sets 0.998ms
[30.576s][info   ][gc,start      ] GC(61) Pause Cleanup
[30.576s][info   ][gc            ] GC(61) Pause Cleanup 115M->115M(256M) 0.105ms
[30.576s][info   ][gc,cpu        ] GC(61) User=0.00s Sys=0.00s Real=0.00s
[30.576s][info   ][gc,marking    ] GC(61) Concurrent Cleanup for Next Mark
[30.577s][info   ][gc,marking    ] GC(61) Concurrent Cleanup for Next Mark 0.369ms
[30.577s][info   ][gc            ] GC(61) Concurrent Cycle 3.766ms
[30.628s][info   ][gc,start      ] GC(62) Pause Young (Concurrent Start) (G1 Humongous Allocation)
[30.629s][info   ][gc,task       ] GC(62) Using 6 workers of 9 for evacuation
[30.629s][info   ][gc,phases     ] GC(62)   Pre Evacuate Collection Set: 0.1ms
[30.629s][info   ][gc,phases     ] GC(62)   Evacuate Collection Set: 0.5ms
[30.630s][info   ][gc,phases     ] GC(62)   Post Evacuate Collection Set: 0.1ms
[30.630s][info   ][gc,phases     ] GC(62)   Other: 0.4ms
[30.630s][info   ][gc,heap       ] GC(62) Eden regions: 0->0(13)
[30.630s][info   ][gc,heap       ] GC(62) Survivor regions: 0->0(2)
[30.630s][info   ][gc,heap       ] GC(62) Old regions: 1->1
[30.630s][info   ][gc,heap       ] GC(62) Archive regions: 0->0
[30.630s][info   ][gc,heap       ] GC(62) Humongous regions: 115->114
[30.630s][info   ][gc,metaspace  ] GC(62) Metaspace: 3424K(4864K)->3424K(4864K) NonClass: 3120K(4352K)->3120K(4352K) Class: 304K(512K)->304K(512K)
[30.630s][info   ][gc            ] GC(62) Pause Young (Concurrent Start) (G1 Humongous Allocation) 115M->114M(256M) 1.330ms
[30.630s][info   ][gc,cpu        ] GC(62) User=0.00s Sys=0.00s Real=0.01s
[30.630s][info   ][gc            ] GC(63) Concurrent Cycle
[30.630s][info   ][gc,marking    ] GC(63) Concurrent Clear Claimed Marks
[30.630s][info   ][gc,marking    ] GC(63) Concurrent Clear Claimed Marks 0.016ms
[30.630s][info   ][gc,marking    ] GC(63) Concurrent Scan Root Regions
[30.630s][info   ][gc,marking    ] GC(63) Concurrent Scan Root Regions 0.012ms
[30.630s][info   ][gc,marking    ] GC(63) Concurrent Mark (30.630s)
[30.630s][info   ][gc,marking    ] GC(63) Concurrent Mark From Roots
[30.630s][info   ][gc,task       ] GC(63) Using 2 workers of 2 for marking
[30.632s][info   ][gc,marking    ] GC(63) Concurrent Mark From Roots 1.753ms
[30.632s][info   ][gc,marking    ] GC(63) Concurrent Preclean
[30.632s][info   ][gc,marking    ] GC(63) Concurrent Preclean 0.038ms
[30.632s][info   ][gc,marking    ] GC(63) Concurrent Mark (30.630s, 30.632s) 1.828ms
[30.632s][info   ][gc,start      ] GC(63) Pause Remark
[30.633s][info   ][gc,stringtable] GC(63) Cleaned string and symbol table, strings: 1384 processed, 0 removed, symbols: 16327 processed, 0 removed
[30.633s][info   ][gc            ] GC(63) Pause Remark 115M->115M(256M) 1.451ms
[30.633s][info   ][gc,cpu        ] GC(63) User=0.00s Sys=0.00s Real=0.00s
[30.633s][info   ][gc,marking    ] GC(63) Concurrent Rebuild Remembered Sets
[30.634s][info   ][gc,marking    ] GC(63) Concurrent Rebuild Remembered Sets 1.036ms
[30.634s][info   ][gc,start      ] GC(63) Pause Cleanup
[30.634s][info   ][gc            ] GC(63) Pause Cleanup 115M->115M(256M) 0.088ms
[30.634s][info   ][gc,cpu        ] GC(63) User=0.00s Sys=0.00s Real=0.00s
[30.634s][info   ][gc,marking    ] GC(63) Concurrent Cleanup for Next Mark
[30.635s][info   ][gc,marking    ] GC(63) Concurrent Cleanup for Next Mark 0.335ms
[30.635s][info   ][gc            ] GC(63) Concurrent Cycle 5.155ms
[30.685s][info   ][gc,start      ] GC(64) Pause Young (Concurrent Start) (G1 Humongous Allocation)
[30.685s][info   ][gc,task       ] GC(64) Using 6 workers of 9 for evacuation
[30.686s][info   ][gc,phases     ] GC(64)   Pre Evacuate Collection Set: 0.1ms
[30.686s][info   ][gc,phases     ] GC(64)   Evacuate Collection Set: 0.4ms
[30.686s][info   ][gc,phases     ] GC(64)   Post Evacuate Collection Set: 0.1ms
[30.686s][info   ][gc,phases     ] GC(64)   Other: 0.5ms
[30.686s][info   ][gc,heap       ] GC(64) Eden regions: 0->0(13)
[30.686s][info   ][gc,heap       ] GC(64) Survivor regions: 0->0(2)
[30.686s][info   ][gc,heap       ] GC(64) Old regions: 1->1
[30.686s][info   ][gc,heap       ] GC(64) Archive regions: 0->0
[30.686s][info   ][gc,heap       ] GC(64) Humongous regions: 115->114
[30.686s][info   ][gc,metaspace  ] GC(64) Metaspace: 3424K(4864K)->3424K(4864K) NonClass: 3120K(4352K)->3120K(4352K) Class: 304K(512K)->304K(512K)
[30.686s][info   ][gc            ] GC(64) Pause Young (Concurrent Start) (G1 Humongous Allocation) 115M->114M(256M) 1.384ms
[30.686s][info   ][gc,cpu        ] GC(64) User=0.00s Sys=0.00s Real=0.00s
[30.686s][info   ][gc            ] GC(65) Concurrent Cycle
[30.686s][info   ][gc,marking    ] GC(65) Concurrent Clear Claimed Marks
[30.686s][info   ][gc,marking    ] GC(65) Concurrent Clear Claimed Marks 0.025ms
[30.686s][info   ][gc,marking    ] GC(65) Concurrent Scan Root Regions
[30.686s][info   ][gc,marking    ] GC(65) Concurrent Scan Root Regions 0.103ms
[30.686s][info   ][gc,marking    ] GC(65) Concurrent Mark (30.686s)
[30.686s][info   ][gc,marking    ] GC(65) Concurrent Mark From Roots
[30.686s][info   ][gc,task       ] GC(65) Using 2 workers of 2 for marking
[30.689s][info   ][gc,marking    ] GC(65) Concurrent Mark From Roots 2.941ms
[30.689s][info   ][gc,marking    ] GC(65) Concurrent Preclean
[30.689s][info   ][gc,marking    ] GC(65) Concurrent Preclean 0.035ms
[30.689s][info   ][gc,marking    ] GC(65) Concurrent Mark (30.686s, 30.689s) 3.017ms
[30.690s][info   ][gc,start      ] GC(65) Pause Remark
[30.690s][info   ][gc,stringtable] GC(65) Cleaned string and symbol table, strings: 1384 processed, 0 removed, symbols: 16327 processed, 0 removed
[30.690s][info   ][gc            ] GC(65) Pause Remark 115M->115M(256M) 0.526ms
[30.690s][info   ][gc,cpu        ] GC(65) User=0.00s Sys=0.00s Real=0.00s
[30.690s][info   ][gc,marking    ] GC(65) Concurrent Rebuild Remembered Sets
[30.691s][info   ][gc,marking    ] GC(65) Concurrent Rebuild Remembered Sets 0.960ms
[30.691s][info   ][gc,start      ] GC(65) Pause Cleanup
[30.691s][info   ][gc            ] GC(65) Pause Cleanup 115M->115M(256M) 0.090ms
[30.691s][info   ][gc,cpu        ] GC(65) User=0.00s Sys=0.00s Real=0.00s
[30.691s][info   ][gc,marking    ] GC(65) Concurrent Cleanup for Next Mark
[30.692s][info   ][gc,marking    ] GC(65) Concurrent Cleanup for Next Mark 0.292ms
[30.692s][info   ][gc            ] GC(65) Concurrent Cycle 5.419ms
[30.742s][info   ][gc,start      ] GC(66) Pause Young (Concurrent Start) (G1 Humongous Allocation)
[30.743s][info   ][gc,task       ] GC(66) Using 6 workers of 9 for evacuation
[30.743s][info   ][gc,phases     ] GC(66)   Pre Evacuate Collection Set: 0.1ms
[30.743s][info   ][gc,phases     ] GC(66)   Evacuate Collection Set: 0.3ms
[30.743s][info   ][gc,phases     ] GC(66)   Post Evacuate Collection Set: 0.1ms
[30.743s][info   ][gc,phases     ] GC(66)   Other: 0.8ms
[30.743s][info   ][gc,heap       ] GC(66) Eden regions: 0->0(13)
[30.743s][info   ][gc,heap       ] GC(66) Survivor regions: 0->0(2)
[30.743s][info   ][gc,heap       ] GC(66) Old regions: 1->1
[30.743s][info   ][gc,heap       ] GC(66) Archive regions: 0->0
[30.743s][info   ][gc,heap       ] GC(66) Humongous regions: 115->114
[30.743s][info   ][gc,metaspace  ] GC(66) Metaspace: 3424K(4864K)->3424K(4864K) NonClass: 3120K(4352K)->3120K(4352K) Class: 304K(512K)->304K(512K)
[30.743s][info   ][gc            ] GC(66) Pause Young (Concurrent Start) (G1 Humongous Allocation) 115M->114M(256M) 1.087ms
[30.743s][info   ][gc,cpu        ] GC(66) User=0.00s Sys=0.00s Real=0.00s
[30.744s][info   ][gc            ] GC(67) Concurrent Cycle
[30.744s][info   ][gc,marking    ] GC(67) Concurrent Clear Claimed Marks
[30.744s][info   ][gc,marking    ] GC(67) Concurrent Clear Claimed Marks 0.015ms
[30.744s][info   ][gc,marking    ] GC(67) Concurrent Scan Root Regions
[30.744s][info   ][gc,marking    ] GC(67) Concurrent Scan Root Regions 0.010ms
[30.744s][info   ][gc,marking    ] GC(67) Concurrent Mark (30.744s)
[30.744s][info   ][gc,marking    ] GC(67) Concurrent Mark From Roots
[30.744s][info   ][gc,task       ] GC(67) Using 2 workers of 2 for marking
[30.745s][info   ][gc,marking    ] GC(67) Concurrent Mark From Roots 1.701ms
[30.745s][info   ][gc,marking    ] GC(67) Concurrent Preclean
[30.745s][info   ][gc,marking    ] GC(67) Concurrent Preclean 0.036ms
[30.745s][info   ][gc,marking    ] GC(67) Concurrent Mark (30.744s, 30.745s) 1.783ms
[30.745s][info   ][gc,start      ] GC(67) Pause Remark
[30.746s][info   ][gc,stringtable] GC(67) Cleaned string and symbol table, strings: 1384 processed, 0 removed, symbols: 16327 processed, 0 removed
[30.746s][info   ][gc            ] GC(67) Pause Remark 117M->117M(256M) 0.476ms
[30.746s][info   ][gc,cpu        ] GC(67) User=0.00s Sys=0.00s Real=0.00s
[30.746s][info   ][gc,marking    ] GC(67) Concurrent Rebuild Remembered Sets
[30.747s][info   ][gc,marking    ] GC(67) Concurrent Rebuild Remembered Sets 0.986ms
[30.747s][info   ][gc,start      ] GC(67) Pause Cleanup
[30.747s][info   ][gc            ] GC(67) Pause Cleanup 117M->117M(256M) 0.100ms
[30.747s][info   ][gc,cpu        ] GC(67) User=0.00s Sys=0.00s Real=0.00s
[30.747s][info   ][gc,marking    ] GC(67) Concurrent Cleanup for Next Mark
[30.747s][info   ][gc,marking    ] GC(67) Concurrent Cleanup for Next Mark 0.247ms
[30.747s][info   ][gc            ] GC(67) Concurrent Cycle 3.956ms
[30.799s][info   ][gc,start      ] GC(68) Pause Young (Concurrent Start) (G1 Humongous Allocation)
[30.799s][info   ][gc,task       ] GC(68) Using 6 workers of 9 for evacuation
[30.800s][info   ][gc,phases     ] GC(68)   Pre Evacuate Collection Set: 0.1ms
[30.800s][info   ][gc,phases     ] GC(68)   Evacuate Collection Set: 0.4ms
[30.800s][info   ][gc,phases     ] GC(68)   Post Evacuate Collection Set: 0.1ms
[30.800s][info   ][gc,phases     ] GC(68)   Other: 0.5ms
[30.800s][info   ][gc,heap       ] GC(68) Eden regions: 0->0(13)
[30.800s][info   ][gc,heap       ] GC(68) Survivor regions: 0->0(2)
[30.800s][info   ][gc,heap       ] GC(68) Old regions: 1->1
[30.800s][info   ][gc,heap       ] GC(68) Archive regions: 0->0
[30.800s][info   ][gc,heap       ] GC(68) Humongous regions: 117->116
[30.800s][info   ][gc,metaspace  ] GC(68) Metaspace: 3424K(4864K)->3424K(4864K) NonClass: 3120K(4352K)->3120K(4352K) Class: 304K(512K)->304K(512K)
[30.800s][info   ][gc            ] GC(68) Pause Young (Concurrent Start) (G1 Humongous Allocation) 117M->116M(256M) 1.460ms
[30.800s][info   ][gc,cpu        ] GC(68) User=0.00s Sys=0.00s Real=0.01s
[30.800s][info   ][gc            ] GC(69) Concurrent Cycle
[30.800s][info   ][gc,marking    ] GC(69) Concurrent Clear Claimed Marks
[30.800s][info   ][gc,marking    ] GC(69) Concurrent Clear Claimed Marks 0.028ms
[30.800s][info   ][gc,marking    ] GC(69) Concurrent Scan Root Regions
[30.800s][info   ][gc,marking    ] GC(69) Concurrent Scan Root Regions 0.018ms
[30.801s][info   ][gc,marking    ] GC(69) Concurrent Mark (30.801s)
[30.801s][info   ][gc,marking    ] GC(69) Concurrent Mark From Roots
[30.801s][info   ][gc,task       ] GC(69) Using 2 workers of 2 for marking
[30.802s][info   ][gc,marking    ] GC(69) Concurrent Mark From Roots 1.877ms
[30.802s][info   ][gc,marking    ] GC(69) Concurrent Preclean
[30.802s][info   ][gc,marking    ] GC(69) Concurrent Preclean 0.043ms
[30.802s][info   ][gc,marking    ] GC(69) Concurrent Mark (30.801s, 30.802s) 1.968ms
[30.803s][info   ][gc,start      ] GC(69) Pause Remark
[30.803s][info   ][gc,stringtable] GC(69) Cleaned string and symbol table, strings: 1384 processed, 0 removed, symbols: 16327 processed, 0 removed
[30.803s][info   ][gc            ] GC(69) Pause Remark 117M->117M(256M) 0.608ms
[30.803s][info   ][gc,cpu        ] GC(69) User=0.00s Sys=0.00s Real=0.00s
[30.803s][info   ][gc,marking    ] GC(69) Concurrent Rebuild Remembered Sets
[30.804s][info   ][gc,marking    ] GC(69) Concurrent Rebuild Remembered Sets 0.988ms
[30.804s][info   ][gc,start      ] GC(69) Pause Cleanup
[30.804s][info   ][gc            ] GC(69) Pause Cleanup 117M->117M(256M) 0.089ms
[30.804s][info   ][gc,cpu        ] GC(69) User=0.00s Sys=0.00s Real=0.00s
[30.804s][info   ][gc,marking    ] GC(69) Concurrent Cleanup for Next Mark
[30.805s][info   ][gc,marking    ] GC(69) Concurrent Cleanup for Next Mark 0.286ms
[30.805s][info   ][gc            ] GC(69) Concurrent Cycle 4.352ms
[30.851s][info   ][gc,start      ] GC(70) Pause Young (Concurrent Start) (G1 Humongous Allocation)
[30.852s][info   ][gc,task       ] GC(70) Using 6 workers of 9 for evacuation
[30.852s][info   ][gc,phases     ] GC(70)   Pre Evacuate Collection Set: 0.1ms
[30.853s][info   ][gc,phases     ] GC(70)   Evacuate Collection Set: 0.5ms
[30.853s][info   ][gc,phases     ] GC(70)   Post Evacuate Collection Set: 0.1ms
[30.853s][info   ][gc,phases     ] GC(70)   Other: 0.5ms
[30.853s][info   ][gc,heap       ] GC(70) Eden regions: 0->0(13)
[30.853s][info   ][gc,heap       ] GC(70) Survivor regions: 0->0(2)
[30.853s][info   ][gc,heap       ] GC(70) Old regions: 1->1
[30.853s][info   ][gc,heap       ] GC(70) Archive regions: 0->0
[30.853s][info   ][gc,heap       ] GC(70) Humongous regions: 117->116
[30.853s][info   ][gc,metaspace  ] GC(70) Metaspace: 3424K(4864K)->3424K(4864K) NonClass: 3120K(4352K)->3120K(4352K) Class: 304K(512K)->304K(512K)
[30.853s][info   ][gc            ] GC(70) Pause Young (Concurrent Start) (G1 Humongous Allocation) 117M->116M(256M) 1.426ms
[30.853s][info   ][gc,cpu        ] GC(70) User=0.01s Sys=0.00s Real=0.00s
[30.853s][info   ][gc            ] GC(71) Concurrent Cycle
[30.853s][info   ][gc,marking    ] GC(71) Concurrent Clear Claimed Marks
[30.853s][info   ][gc,marking    ] GC(71) Concurrent Clear Claimed Marks 0.027ms
[30.853s][info   ][gc,marking    ] GC(71) Concurrent Scan Root Regions
[30.853s][info   ][gc,marking    ] GC(71) Concurrent Scan Root Regions 0.019ms
[30.853s][info   ][gc,marking    ] GC(71) Concurrent Mark (30.853s)
[30.853s][info   ][gc,marking    ] GC(71) Concurrent Mark From Roots
[30.853s][info   ][gc,task       ] GC(71) Using 2 workers of 2 for marking
[30.856s][info   ][gc,marking    ] GC(71) Concurrent Mark From Roots 3.458ms
[30.856s][info   ][gc,marking    ] GC(71) Concurrent Preclean
[30.856s][info   ][gc,marking    ] GC(71) Concurrent Preclean 0.037ms
[30.856s][info   ][gc,marking    ] GC(71) Concurrent Mark (30.853s, 30.856s) 3.551ms
[30.857s][info   ][gc,start      ] GC(71) Pause Remark
[30.857s][info   ][gc,stringtable] GC(71) Cleaned string and symbol table, strings: 1384 processed, 0 removed, symbols: 16327 processed, 0 removed
[30.857s][info   ][gc            ] GC(71) Pause Remark 117M->117M(256M) 0.473ms
[30.857s][info   ][gc,cpu        ] GC(71) User=0.00s Sys=0.00s Real=0.00s
[30.857s][info   ][gc,marking    ] GC(71) Concurrent Rebuild Remembered Sets
[30.858s][info   ][gc,marking    ] GC(71) Concurrent Rebuild Remembered Sets 0.977ms
[30.858s][info   ][gc,start      ] GC(71) Pause Cleanup
[30.858s][info   ][gc            ] GC(71) Pause Cleanup 117M->117M(256M) 0.106ms
[30.858s][info   ][gc,cpu        ] GC(71) User=0.00s Sys=0.00s Real=0.00s
[30.858s][info   ][gc,marking    ] GC(71) Concurrent Cleanup for Next Mark
[30.859s][info   ][gc,marking    ] GC(71) Concurrent Cleanup for Next Mark 0.282ms
[30.859s][info   ][gc            ] GC(71) Concurrent Cycle 5.846ms
[30.904s][info   ][gc,start      ] GC(72) Pause Young (Concurrent Start) (G1 Humongous Allocation)
[30.905s][info   ][gc,task       ] GC(72) Using 6 workers of 9 for evacuation
[30.906s][info   ][gc,phases     ] GC(72)   Pre Evacuate Collection Set: 0.2ms
[30.906s][info   ][gc,phases     ] GC(72)   Evacuate Collection Set: 0.4ms
[30.906s][info   ][gc,phases     ] GC(72)   Post Evacuate Collection Set: 0.1ms
[30.906s][info   ][gc,phases     ] GC(72)   Other: 0.5ms
[30.906s][info   ][gc,heap       ] GC(72) Eden regions: 0->0(13)
[30.906s][info   ][gc,heap       ] GC(72) Survivor regions: 0->0(2)
[30.906s][info   ][gc,heap       ] GC(72) Old regions: 1->1
[30.906s][info   ][gc,heap       ] GC(72) Archive regions: 0->0
[30.906s][info   ][gc,heap       ] GC(72) Humongous regions: 117->116
[30.906s][info   ][gc,metaspace  ] GC(72) Metaspace: 3424K(4864K)->3424K(4864K) NonClass: 3120K(4352K)->3120K(4352K) Class: 304K(512K)->304K(512K)
[30.906s][info   ][gc            ] GC(72) Pause Young (Concurrent Start) (G1 Humongous Allocation) 117M->116M(256M) 1.387ms
[30.906s][info   ][gc,cpu        ] GC(72) User=0.00s Sys=0.00s Real=0.00s
[30.906s][info   ][gc            ] GC(73) Concurrent Cycle
[30.906s][info   ][gc,marking    ] GC(73) Concurrent Clear Claimed Marks
[30.906s][info   ][gc,marking    ] GC(73) Concurrent Clear Claimed Marks 0.024ms
[30.906s][info   ][gc,marking    ] GC(73) Concurrent Scan Root Regions
[30.906s][info   ][gc,marking    ] GC(73) Concurrent Scan Root Regions 0.014ms
[30.906s][info   ][gc,marking    ] GC(73) Concurrent Mark (30.906s)
[30.906s][info   ][gc,marking    ] GC(73) Concurrent Mark From Roots
[30.906s][info   ][gc,task       ] GC(73) Using 2 workers of 2 for marking
[30.908s][info   ][gc,marking    ] GC(73) Concurrent Mark From Roots 2.278ms
[30.908s][info   ][gc,marking    ] GC(73) Concurrent Preclean
[30.908s][info   ][gc,marking    ] GC(73) Concurrent Preclean 0.099ms
[30.908s][info   ][gc,marking    ] GC(73) Concurrent Mark (30.906s, 30.908s) 2.447ms
[30.909s][info   ][gc,start      ] GC(73) Pause Remark
[30.909s][info   ][gc,stringtable] GC(73) Cleaned string and symbol table, strings: 1384 processed, 0 removed, symbols: 16327 processed, 0 removed
[30.909s][info   ][gc            ] GC(73) Pause Remark 117M->117M(256M) 0.508ms
[30.909s][info   ][gc,cpu        ] GC(73) User=0.00s Sys=0.00s Real=0.01s
[30.909s][info   ][gc,marking    ] GC(73) Concurrent Rebuild Remembered Sets
[30.910s][info   ][gc,marking    ] GC(73) Concurrent Rebuild Remembered Sets 0.988ms
[30.910s][info   ][gc,start      ] GC(73) Pause Cleanup
[30.910s][info   ][gc            ] GC(73) Pause Cleanup 117M->117M(256M) 0.103ms
[30.910s][info   ][gc,cpu        ] GC(73) User=0.00s Sys=0.00s Real=0.00s
[30.910s][info   ][gc,marking    ] GC(73) Concurrent Cleanup for Next Mark
[30.911s][info   ][gc,marking    ] GC(73) Concurrent Cleanup for Next Mark 0.325ms
[30.911s][info   ][gc            ] GC(73) Concurrent Cycle 4.813ms
[30.959s][info   ][gc,start      ] GC(74) Pause Young (Concurrent Start) (G1 Humongous Allocation)
[30.959s][info   ][gc,task       ] GC(74) Using 6 workers of 9 for evacuation
[30.959s][info   ][gc,phases     ] GC(74)   Pre Evacuate Collection Set: 0.1ms
[30.959s][info   ][gc,phases     ] GC(74)   Evacuate Collection Set: 0.4ms
[30.959s][info   ][gc,phases     ] GC(74)   Post Evacuate Collection Set: 0.1ms
[30.959s][info   ][gc,phases     ] GC(74)   Other: 0.3ms
[30.959s][info   ][gc,heap       ] GC(74) Eden regions: 0->0(13)
[30.959s][info   ][gc,heap       ] GC(74) Survivor regions: 0->0(2)
[30.959s][info   ][gc,heap       ] GC(74) Old regions: 1->1
[30.959s][info   ][gc,heap       ] GC(74) Archive regions: 0->0
[30.959s][info   ][gc,heap       ] GC(74) Humongous regions: 117->116
[30.960s][info   ][gc,metaspace  ] GC(74) Metaspace: 3424K(4864K)->3424K(4864K) NonClass: 3120K(4352K)->3120K(4352K) Class: 304K(512K)->304K(512K)
[30.960s][info   ][gc            ] GC(74) Pause Young (Concurrent Start) (G1 Humongous Allocation) 117M->116M(256M) 1.040ms
[30.960s][info   ][gc,cpu        ] GC(74) User=0.00s Sys=0.00s Real=0.01s
[30.960s][info   ][gc            ] GC(75) Concurrent Cycle
[30.960s][info   ][gc,marking    ] GC(75) Concurrent Clear Claimed Marks
[30.960s][info   ][gc,marking    ] GC(75) Concurrent Clear Claimed Marks 0.015ms
[30.960s][info   ][gc,marking    ] GC(75) Concurrent Scan Root Regions
[30.960s][info   ][gc,marking    ] GC(75) Concurrent Scan Root Regions 0.009ms
[30.960s][info   ][gc,marking    ] GC(75) Concurrent Mark (30.960s)
[30.960s][info   ][gc,marking    ] GC(75) Concurrent Mark From Roots
[30.960s][info   ][gc,task       ] GC(75) Using 2 workers of 2 for marking
[30.961s][info   ][gc,marking    ] GC(75) Concurrent Mark From Roots 1.436ms
[30.961s][info   ][gc,marking    ] GC(75) Concurrent Preclean
[30.961s][info   ][gc,marking    ] GC(75) Concurrent Preclean 0.041ms
[30.961s][info   ][gc,marking    ] GC(75) Concurrent Mark (30.960s, 30.961s) 1.512ms
[30.961s][info   ][gc,start      ] GC(75) Pause Remark
[30.962s][info   ][gc,stringtable] GC(75) Cleaned string and symbol table, strings: 1384 processed, 0 removed, symbols: 16327 processed, 0 removed
[30.962s][info   ][gc            ] GC(75) Pause Remark 117M->117M(256M) 1.244ms
[30.963s][info   ][gc,cpu        ] GC(75) User=0.00s Sys=0.00s Real=0.00s
[30.963s][info   ][gc,marking    ] GC(75) Concurrent Rebuild Remembered Sets
[30.964s][info   ][gc,marking    ] GC(75) Concurrent Rebuild Remembered Sets 0.974ms
[30.964s][info   ][gc,start      ] GC(75) Pause Cleanup
[30.964s][info   ][gc            ] GC(75) Pause Cleanup 117M->117M(256M) 0.089ms
[30.964s][info   ][gc,cpu        ] GC(75) User=0.00s Sys=0.00s Real=0.00s
[30.964s][info   ][gc,marking    ] GC(75) Concurrent Cleanup for Next Mark
[30.964s][info   ][gc,marking    ] GC(75) Concurrent Cleanup for Next Mark 0.275ms
[30.964s][info   ][gc            ] GC(75) Concurrent Cycle 4.442ms
[31.012s][info   ][gc,start      ] GC(76) Pause Young (Concurrent Start) (G1 Humongous Allocation)
[31.012s][info   ][gc,task       ] GC(76) Using 6 workers of 9 for evacuation
[31.013s][info   ][gc,phases     ] GC(76)   Pre Evacuate Collection Set: 0.1ms
[31.013s][info   ][gc,phases     ] GC(76)   Evacuate Collection Set: 0.4ms
[31.013s][info   ][gc,phases     ] GC(76)   Post Evacuate Collection Set: 0.1ms
[31.013s][info   ][gc,phases     ] GC(76)   Other: 0.5ms
[31.013s][info   ][gc,heap       ] GC(76) Eden regions: 0->0(13)
[31.013s][info   ][gc,heap       ] GC(76) Survivor regions: 0->0(2)
[31.013s][info   ][gc,heap       ] GC(76) Old regions: 1->1
[31.013s][info   ][gc,heap       ] GC(76) Archive regions: 0->0
[31.013s][info   ][gc,heap       ] GC(76) Humongous regions: 117->116
[31.014s][info   ][gc,metaspace  ] GC(76) Metaspace: 3424K(4864K)->3424K(4864K) NonClass: 3120K(4352K)->3120K(4352K) Class: 304K(512K)->304K(512K)
[31.014s][info   ][gc            ] GC(76) Pause Young (Concurrent Start) (G1 Humongous Allocation) 117M->116M(256M) 1.371ms
[31.014s][info   ][gc,cpu        ] GC(76) User=0.00s Sys=0.00s Real=0.00s
[31.014s][info   ][gc            ] GC(77) Concurrent Cycle
[31.014s][info   ][gc,marking    ] GC(77) Concurrent Clear Claimed Marks
[31.014s][info   ][gc,marking    ] GC(77) Concurrent Clear Claimed Marks 0.022ms
[31.014s][info   ][gc,marking    ] GC(77) Concurrent Scan Root Regions
[31.014s][info   ][gc,marking    ] GC(77) Concurrent Scan Root Regions 0.018ms
[31.014s][info   ][gc,marking    ] GC(77) Concurrent Mark (31.014s)
[31.014s][info   ][gc,marking    ] GC(77) Concurrent Mark From Roots
[31.014s][info   ][gc,task       ] GC(77) Using 2 workers of 2 for marking
[31.016s][info   ][gc,marking    ] GC(77) Concurrent Mark From Roots 2.620ms
[31.016s][info   ][gc,marking    ] GC(77) Concurrent Preclean
[31.016s][info   ][gc,marking    ] GC(77) Concurrent Preclean 0.034ms
[31.016s][info   ][gc,marking    ] GC(77) Concurrent Mark (31.014s, 31.016s) 2.709ms
[31.017s][info   ][gc,start      ] GC(77) Pause Remark
[31.017s][info   ][gc,stringtable] GC(77) Cleaned string and symbol table, strings: 1384 processed, 0 removed, symbols: 16327 processed, 0 removed
[31.017s][info   ][gc            ] GC(77) Pause Remark 117M->117M(256M) 0.496ms
[31.017s][info   ][gc,cpu        ] GC(77) User=0.00s Sys=0.00s Real=0.00s
[31.017s][info   ][gc,marking    ] GC(77) Concurrent Rebuild Remembered Sets
[31.018s][info   ][gc,marking    ] GC(77) Concurrent Rebuild Remembered Sets 1.043ms
[31.018s][info   ][gc,start      ] GC(77) Pause Cleanup
[31.018s][info   ][gc            ] GC(77) Pause Cleanup 117M->117M(256M) 0.073ms
[31.018s][info   ][gc,cpu        ] GC(77) User=0.00s Sys=0.00s Real=0.00s
[31.018s][info   ][gc,marking    ] GC(77) Concurrent Cleanup for Next Mark
[31.019s][info   ][gc,marking    ] GC(77) Concurrent Cleanup for Next Mark 0.254ms
[31.019s][info   ][gc            ] GC(77) Concurrent Cycle 5.034ms
[31.067s][info   ][gc,start      ] GC(78) Pause Young (Concurrent Start) (G1 Humongous Allocation)
[31.067s][info   ][gc,task       ] GC(78) Using 6 workers of 9 for evacuation
[31.069s][info   ][gc,phases     ] GC(78)   Pre Evacuate Collection Set: 0.2ms
[31.069s][info   ][gc,phases     ] GC(78)   Evacuate Collection Set: 1.4ms
[31.069s][info   ][gc,phases     ] GC(78)   Post Evacuate Collection Set: 0.1ms
[31.070s][info   ][gc,phases     ] GC(78)   Other: 0.5ms
[31.070s][info   ][gc,heap       ] GC(78) Eden regions: 0->0(13)
[31.070s][info   ][gc,heap       ] GC(78) Survivor regions: 0->0(2)
[31.070s][info   ][gc,heap       ] GC(78) Old regions: 1->1
[31.070s][info   ][gc,heap       ] GC(78) Archive regions: 0->0
[31.070s][info   ][gc,heap       ] GC(78) Humongous regions: 117->116
[31.070s][info   ][gc,metaspace  ] GC(78) Metaspace: 3424K(4864K)->3424K(4864K) NonClass: 3120K(4352K)->3120K(4352K) Class: 304K(512K)->304K(512K)
[31.070s][info   ][gc            ] GC(78) Pause Young (Concurrent Start) (G1 Humongous Allocation) 117M->116M(256M) 2.519ms
[31.070s][info   ][gc,cpu        ] GC(78) User=0.00s Sys=0.01s Real=0.01s
[31.070s][info   ][gc            ] GC(79) Concurrent Cycle
[31.070s][info   ][gc,marking    ] GC(79) Concurrent Clear Claimed Marks
[31.070s][info   ][gc,marking    ] GC(79) Concurrent Clear Claimed Marks 0.010ms
[31.070s][info   ][gc,marking    ] GC(79) Concurrent Scan Root Regions
[31.070s][info   ][gc,marking    ] GC(79) Concurrent Scan Root Regions 0.008ms
[31.070s][info   ][gc,marking    ] GC(79) Concurrent Mark (31.070s)
[31.070s][info   ][gc,marking    ] GC(79) Concurrent Mark From Roots
[31.070s][info   ][gc,task       ] GC(79) Using 2 workers of 2 for marking
[31.074s][info   ][gc,marking    ] GC(79) Concurrent Mark From Roots 4.176ms
[31.074s][info   ][gc,marking    ] GC(79) Concurrent Preclean
[31.074s][info   ][gc,marking    ] GC(79) Concurrent Preclean 0.036ms
[31.074s][info   ][gc,marking    ] GC(79) Concurrent Mark (31.070s, 31.074s) 4.286ms
[31.074s][info   ][gc,start      ] GC(79) Pause Remark
[31.075s][info   ][gc,stringtable] GC(79) Cleaned string and symbol table, strings: 1384 processed, 0 removed, symbols: 16327 processed, 0 removed
[31.075s][info   ][gc            ] GC(79) Pause Remark 117M->117M(256M) 0.571ms
[31.075s][info   ][gc,cpu        ] GC(79) User=0.00s Sys=0.00s Real=0.00s
[31.075s][info   ][gc,marking    ] GC(79) Concurrent Rebuild Remembered Sets
[31.076s][info   ][gc,marking    ] GC(79) Concurrent Rebuild Remembered Sets 0.981ms
[31.076s][info   ][gc,start      ] GC(79) Pause Cleanup
[31.076s][info   ][gc            ] GC(79) Pause Cleanup 117M->117M(256M) 0.103ms
[31.076s][info   ][gc,cpu        ] GC(79) User=0.00s Sys=0.00s Real=0.00s
[31.076s][info   ][gc,marking    ] GC(79) Concurrent Cleanup for Next Mark
[31.077s][info   ][gc,marking    ] GC(79) Concurrent Cleanup for Next Mark 0.379ms
[31.077s][info   ][gc            ] GC(79) Concurrent Cycle 6.727ms
[31.125s][info   ][gc,start      ] GC(80) Pause Young (Concurrent Start) (G1 Humongous Allocation)
[31.126s][info   ][gc,task       ] GC(80) Using 6 workers of 9 for evacuation
[31.127s][info   ][gc,phases     ] GC(80)   Pre Evacuate Collection Set: 0.1ms
[31.127s][info   ][gc,phases     ] GC(80)   Evacuate Collection Set: 0.5ms
[31.127s][info   ][gc,phases     ] GC(80)   Post Evacuate Collection Set: 0.1ms
[31.127s][info   ][gc,phases     ] GC(80)   Other: 0.7ms
[31.127s][info   ][gc,heap       ] GC(80) Eden regions: 0->0(13)
[31.127s][info   ][gc,heap       ] GC(80) Survivor regions: 0->0(2)
[31.127s][info   ][gc,heap       ] GC(80) Old regions: 1->1
[31.127s][info   ][gc,heap       ] GC(80) Archive regions: 0->0
[31.127s][info   ][gc,heap       ] GC(80) Humongous regions: 117->116
[31.127s][info   ][gc,metaspace  ] GC(80) Metaspace: 3424K(4864K)->3424K(4864K) NonClass: 3120K(4352K)->3120K(4352K) Class: 304K(512K)->304K(512K)
[31.127s][info   ][gc            ] GC(80) Pause Young (Concurrent Start) (G1 Humongous Allocation) 117M->116M(256M) 1.704ms
[31.127s][info   ][gc,cpu        ] GC(80) User=0.00s Sys=0.00s Real=0.00s
[31.127s][info   ][gc            ] GC(81) Concurrent Cycle
[31.127s][info   ][gc,marking    ] GC(81) Concurrent Clear Claimed Marks
[31.127s][info   ][gc,marking    ] GC(81) Concurrent Clear Claimed Marks 0.010ms
[31.127s][info   ][gc,marking    ] GC(81) Concurrent Scan Root Regions
[31.127s][info   ][gc,marking    ] GC(81) Concurrent Scan Root Regions 0.008ms
[31.127s][info   ][gc,marking    ] GC(81) Concurrent Mark (31.127s)
[31.127s][info   ][gc,marking    ] GC(81) Concurrent Mark From Roots
[31.127s][info   ][gc,task       ] GC(81) Using 2 workers of 2 for marking
[31.129s][info   ][gc,marking    ] GC(81) Concurrent Mark From Roots 1.725ms
[31.129s][info   ][gc,marking    ] GC(81) Concurrent Preclean
[31.129s][info   ][gc,marking    ] GC(81) Concurrent Preclean 0.042ms
[31.129s][info   ][gc,marking    ] GC(81) Concurrent Mark (31.127s, 31.129s) 1.816ms
[31.129s][info   ][gc,start      ] GC(81) Pause Remark
[31.130s][info   ][gc,stringtable] GC(81) Cleaned string and symbol table, strings: 1384 processed, 0 removed, symbols: 16327 processed, 0 removed
[31.130s][info   ][gc            ] GC(81) Pause Remark 117M->117M(256M) 0.670ms
[31.130s][info   ][gc,cpu        ] GC(81) User=0.00s Sys=0.00s Real=0.00s
[31.130s][info   ][gc,marking    ] GC(81) Concurrent Rebuild Remembered Sets
[31.131s][info   ][gc,marking    ] GC(81) Concurrent Rebuild Remembered Sets 1.033ms
[31.131s][info   ][gc,start      ] GC(81) Pause Cleanup
[31.131s][info   ][gc            ] GC(81) Pause Cleanup 117M->117M(256M) 0.102ms
[31.131s][info   ][gc,cpu        ] GC(81) User=0.00s Sys=0.00s Real=0.00s
[31.131s][info   ][gc,marking    ] GC(81) Concurrent Cleanup for Next Mark
[31.132s][info   ][gc,marking    ] GC(81) Concurrent Cleanup for Next Mark 0.381ms
[31.132s][info   ][gc            ] GC(81) Concurrent Cycle 4.402ms
[31.181s][info   ][gc,start      ] GC(82) Pause Young (Concurrent Start) (G1 Humongous Allocation)
[31.182s][info   ][gc,task       ] GC(82) Using 6 workers of 9 for evacuation
[31.183s][info   ][gc,phases     ] GC(82)   Pre Evacuate Collection Set: 0.1ms
[31.183s][info   ][gc,phases     ] GC(82)   Evacuate Collection Set: 0.5ms
[31.183s][info   ][gc,phases     ] GC(82)   Post Evacuate Collection Set: 0.1ms
[31.183s][info   ][gc,phases     ] GC(82)   Other: 0.5ms
[31.183s][info   ][gc,heap       ] GC(82) Eden regions: 0->0(13)
[31.183s][info   ][gc,heap       ] GC(82) Survivor regions: 0->0(2)
[31.183s][info   ][gc,heap       ] GC(82) Old regions: 1->1
[31.183s][info   ][gc,heap       ] GC(82) Archive regions: 0->0
[31.183s][info   ][gc,heap       ] GC(82) Humongous regions: 117->116
[31.183s][info   ][gc,metaspace  ] GC(82) Metaspace: 3424K(4864K)->3424K(4864K) NonClass: 3120K(4352K)->3120K(4352K) Class: 304K(512K)->304K(512K)
[31.183s][info   ][gc            ] GC(82) Pause Young (Concurrent Start) (G1 Humongous Allocation) 117M->116M(256M) 1.433ms
[31.183s][info   ][gc,cpu        ] GC(82) User=0.00s Sys=0.00s Real=0.00s
[31.183s][info   ][gc            ] GC(83) Concurrent Cycle
[31.183s][info   ][gc,marking    ] GC(83) Concurrent Clear Claimed Marks
[31.183s][info   ][gc,marking    ] GC(83) Concurrent Clear Claimed Marks 0.030ms
[31.183s][info   ][gc,marking    ] GC(83) Concurrent Scan Root Regions
[31.183s][info   ][gc,marking    ] GC(83) Concurrent Scan Root Regions 0.020ms
[31.183s][info   ][gc,marking    ] GC(83) Concurrent Mark (31.183s)
[31.183s][info   ][gc,marking    ] GC(83) Concurrent Mark From Roots
[31.183s][info   ][gc,task       ] GC(83) Using 2 workers of 2 for marking
[31.185s][info   ][gc,marking    ] GC(83) Concurrent Mark From Roots 2.384ms
[31.185s][info   ][gc,marking    ] GC(83) Concurrent Preclean
[31.186s][info   ][gc,marking    ] GC(83) Concurrent Preclean 0.035ms
[31.186s][info   ][gc,marking    ] GC(83) Concurrent Mark (31.183s, 31.186s) 2.464ms
[31.186s][info   ][gc,start      ] GC(83) Pause Remark
[31.187s][info   ][gc,stringtable] GC(83) Cleaned string and symbol table, strings: 1384 processed, 0 removed, symbols: 16327 processed, 0 removed
[31.187s][info   ][gc            ] GC(83) Pause Remark 117M->117M(256M) 1.295ms
[31.187s][info   ][gc,cpu        ] GC(83) User=0.00s Sys=0.00s Real=0.00s
[31.187s][info   ][gc,marking    ] GC(83) Concurrent Rebuild Remembered Sets
[31.188s][info   ][gc,marking    ] GC(83) Concurrent Rebuild Remembered Sets 0.988ms
[31.188s][info   ][gc,start      ] GC(83) Pause Cleanup
[31.188s][info   ][gc            ] GC(83) Pause Cleanup 117M->117M(256M) 0.084ms
[31.188s][info   ][gc,cpu        ] GC(83) User=0.00s Sys=0.00s Real=0.00s
[31.188s][info   ][gc,marking    ] GC(83) Concurrent Cleanup for Next Mark
[31.189s][info   ][gc,marking    ] GC(83) Concurrent Cleanup for Next Mark 0.364ms
[31.189s][info   ][gc            ] GC(83) Concurrent Cycle 5.620ms
[31.237s][info   ][gc,start      ] GC(84) Pause Young (Concurrent Start) (G1 Humongous Allocation)
[31.237s][info   ][gc,task       ] GC(84) Using 6 workers of 9 for evacuation
[31.237s][info   ][gc,phases     ] GC(84)   Pre Evacuate Collection Set: 0.1ms
[31.237s][info   ][gc,phases     ] GC(84)   Evacuate Collection Set: 0.2ms
[31.237s][info   ][gc,phases     ] GC(84)   Post Evacuate Collection Set: 0.1ms
[31.237s][info   ][gc,phases     ] GC(84)   Other: 0.4ms
[31.237s][info   ][gc,heap       ] GC(84) Eden regions: 0->0(13)
[31.237s][info   ][gc,heap       ] GC(84) Survivor regions: 0->0(2)
[31.237s][info   ][gc,heap       ] GC(84) Old regions: 1->1
[31.237s][info   ][gc,heap       ] GC(84) Archive regions: 0->0
[31.237s][info   ][gc,heap       ] GC(84) Humongous regions: 117->116
[31.237s][info   ][gc,metaspace  ] GC(84) Metaspace: 3424K(4864K)->3424K(4864K) NonClass: 3120K(4352K)->3120K(4352K) Class: 304K(512K)->304K(512K)
[31.237s][info   ][gc            ] GC(84) Pause Young (Concurrent Start) (G1 Humongous Allocation) 117M->116M(256M) 0.848ms
[31.237s][info   ][gc,cpu        ] GC(84) User=0.01s Sys=0.00s Real=0.00s
[31.237s][info   ][gc            ] GC(85) Concurrent Cycle
[31.238s][info   ][gc,marking    ] GC(85) Concurrent Clear Claimed Marks
[31.238s][info   ][gc,marking    ] GC(85) Concurrent Clear Claimed Marks 0.017ms
[31.238s][info   ][gc,marking    ] GC(85) Concurrent Scan Root Regions
[31.238s][info   ][gc,marking    ] GC(85) Concurrent Scan Root Regions 0.008ms
[31.238s][info   ][gc,marking    ] GC(85) Concurrent Mark (31.238s)
[31.238s][info   ][gc,marking    ] GC(85) Concurrent Mark From Roots
[31.238s][info   ][gc,task       ] GC(85) Using 2 workers of 2 for marking
[31.239s][info   ][gc,marking    ] GC(85) Concurrent Mark From Roots 1.424ms
[31.239s][info   ][gc,marking    ] GC(85) Concurrent Preclean
[31.239s][info   ][gc,marking    ] GC(85) Concurrent Preclean 0.032ms
[31.239s][info   ][gc,marking    ] GC(85) Concurrent Mark (31.238s, 31.239s) 1.489ms
[31.239s][info   ][gc,start      ] GC(85) Pause Remark
[31.240s][info   ][gc,stringtable] GC(85) Cleaned string and symbol table, strings: 1384 processed, 0 removed, symbols: 16327 processed, 0 removed
[31.240s][info   ][gc            ] GC(85) Pause Remark 117M->117M(256M) 1.004ms
[31.240s][info   ][gc,cpu        ] GC(85) User=0.00s Sys=0.00s Real=0.00s
[31.240s][info   ][gc,marking    ] GC(85) Concurrent Rebuild Remembered Sets
[31.241s][info   ][gc,marking    ] GC(85) Concurrent Rebuild Remembered Sets 0.981ms
[31.241s][info   ][gc,start      ] GC(85) Pause Cleanup
[31.241s][info   ][gc            ] GC(85) Pause Cleanup 117M->117M(256M) 0.107ms
[31.241s][info   ][gc,cpu        ] GC(85) User=0.00s Sys=0.00s Real=0.00s
[31.241s][info   ][gc,marking    ] GC(85) Concurrent Cleanup for Next Mark
[31.242s][info   ][gc,marking    ] GC(85) Concurrent Cleanup for Next Mark 0.290ms
[31.242s][info   ][gc            ] GC(85) Concurrent Cycle 4.241ms
[31.288s][info   ][gc,start      ] GC(86) Pause Young (Concurrent Start) (G1 Humongous Allocation)
[31.289s][info   ][gc,task       ] GC(86) Using 6 workers of 9 for evacuation
[31.291s][info   ][gc,phases     ] GC(86)   Pre Evacuate Collection Set: 0.1ms
[31.291s][info   ][gc,phases     ] GC(86)   Evacuate Collection Set: 1.3ms
[31.291s][info   ][gc,phases     ] GC(86)   Post Evacuate Collection Set: 0.1ms
[31.291s][info   ][gc,phases     ] GC(86)   Other: 1.5ms
[31.291s][info   ][gc,heap       ] GC(86) Eden regions: 0->0(13)
[31.291s][info   ][gc,heap       ] GC(86) Survivor regions: 0->0(2)
[31.291s][info   ][gc,heap       ] GC(86) Old regions: 1->1
[31.291s][info   ][gc,heap       ] GC(86) Archive regions: 0->0
[31.291s][info   ][gc,heap       ] GC(86) Humongous regions: 117->116
[31.291s][info   ][gc,metaspace  ] GC(86) Metaspace: 3424K(4864K)->3424K(4864K) NonClass: 3120K(4352K)->3120K(4352K) Class: 304K(512K)->304K(512K)
[31.291s][info   ][gc            ] GC(86) Pause Young (Concurrent Start) (G1 Humongous Allocation) 117M->116M(256M) 3.228ms
[31.291s][info   ][gc,cpu        ] GC(86) User=0.00s Sys=0.00s Real=0.01s
[31.292s][info   ][gc            ] GC(87) Concurrent Cycle
[31.292s][info   ][gc,marking    ] GC(87) Concurrent Clear Claimed Marks
[31.292s][info   ][gc,marking    ] GC(87) Concurrent Clear Claimed Marks 0.018ms
[31.292s][info   ][gc,marking    ] GC(87) Concurrent Scan Root Regions
[31.292s][info   ][gc,marking    ] GC(87) Concurrent Scan Root Regions 0.011ms
[31.292s][info   ][gc,marking    ] GC(87) Concurrent Mark (31.292s)
[31.292s][info   ][gc,marking    ] GC(87) Concurrent Mark From Roots
[31.292s][info   ][gc,task       ] GC(87) Using 2 workers of 2 for marking
[31.294s][info   ][gc,marking    ] GC(87) Concurrent Mark From Roots 1.962ms
[31.294s][info   ][gc,marking    ] GC(87) Concurrent Preclean
[31.294s][info   ][gc,marking    ] GC(87) Concurrent Preclean 0.040ms
[31.294s][info   ][gc,marking    ] GC(87) Concurrent Mark (31.292s, 31.294s) 2.055ms
[31.294s][info   ][gc,start      ] GC(87) Pause Remark
[31.294s][info   ][gc,stringtable] GC(87) Cleaned string and symbol table, strings: 1384 processed, 0 removed, symbols: 16327 processed, 0 removed
[31.295s][info   ][gc            ] GC(87) Pause Remark 119M->119M(256M) 0.628ms
[31.295s][info   ][gc,cpu        ] GC(87) User=0.00s Sys=0.00s Real=0.00s
[31.295s][info   ][gc,marking    ] GC(87) Concurrent Rebuild Remembered Sets
[31.296s][info   ][gc,marking    ] GC(87) Concurrent Rebuild Remembered Sets 0.989ms
[31.296s][info   ][gc,start      ] GC(87) Pause Cleanup
[31.296s][info   ][gc            ] GC(87) Pause Cleanup 119M->119M(256M) 0.103ms
[31.296s][info   ][gc,cpu        ] GC(87) User=0.00s Sys=0.00s Real=0.00s
[31.296s][info   ][gc,marking    ] GC(87) Concurrent Cleanup for Next Mark
[31.296s][info   ][gc,marking    ] GC(87) Concurrent Cleanup for Next Mark 0.302ms
[31.296s][info   ][gc            ] GC(87) Concurrent Cycle 4.532ms
[31.348s][info   ][gc,start      ] GC(88) Pause Young (Concurrent Start) (G1 Humongous Allocation)
[31.348s][info   ][gc,task       ] GC(88) Using 6 workers of 9 for evacuation
[31.349s][info   ][gc,phases     ] GC(88)   Pre Evacuate Collection Set: 0.1ms
[31.349s][info   ][gc,phases     ] GC(88)   Evacuate Collection Set: 0.5ms
[31.349s][info   ][gc,phases     ] GC(88)   Post Evacuate Collection Set: 0.1ms
[31.349s][info   ][gc,phases     ] GC(88)   Other: 0.5ms
[31.349s][info   ][gc,heap       ] GC(88) Eden regions: 0->0(13)
[31.349s][info   ][gc,heap       ] GC(88) Survivor regions: 0->0(2)
[31.349s][info   ][gc,heap       ] GC(88) Old regions: 1->1
[31.349s][info   ][gc,heap       ] GC(88) Archive regions: 0->0
[31.349s][info   ][gc,heap       ] GC(88) Humongous regions: 119->118
[31.349s][info   ][gc,metaspace  ] GC(88) Metaspace: 3424K(4864K)->3424K(4864K) NonClass: 3120K(4352K)->3120K(4352K) Class: 304K(512K)->304K(512K)
[31.349s][info   ][gc            ] GC(88) Pause Young (Concurrent Start) (G1 Humongous Allocation) 119M->118M(256M) 1.417ms
[31.349s][info   ][gc,cpu        ] GC(88) User=0.00s Sys=0.00s Real=0.01s
[31.349s][info   ][gc            ] GC(89) Concurrent Cycle
[31.349s][info   ][gc,marking    ] GC(89) Concurrent Clear Claimed Marks
[31.349s][info   ][gc,marking    ] GC(89) Concurrent Clear Claimed Marks 0.027ms
[31.349s][info   ][gc,marking    ] GC(89) Concurrent Scan Root Regions
[31.349s][info   ][gc,marking    ] GC(89) Concurrent Scan Root Regions 0.021ms
[31.349s][info   ][gc,marking    ] GC(89) Concurrent Mark (31.349s)
[31.349s][info   ][gc,marking    ] GC(89) Concurrent Mark From Roots
[31.350s][info   ][gc,task       ] GC(89) Using 2 workers of 2 for marking
[31.352s][info   ][gc,marking    ] GC(89) Concurrent Mark From Roots 2.587ms
[31.352s][info   ][gc,marking    ] GC(89) Concurrent Preclean
[31.352s][info   ][gc,marking    ] GC(89) Concurrent Preclean 0.037ms
[31.352s][info   ][gc,marking    ] GC(89) Concurrent Mark (31.349s, 31.352s) 2.679ms
[31.352s][info   ][gc,start      ] GC(89) Pause Remark
[31.353s][info   ][gc,stringtable] GC(89) Cleaned string and symbol table, strings: 1384 processed, 0 removed, symbols: 16327 processed, 0 removed
[31.353s][info   ][gc            ] GC(89) Pause Remark 119M->119M(256M) 0.520ms
[31.353s][info   ][gc,cpu        ] GC(89) User=0.00s Sys=0.00s Real=0.00s
[31.353s][info   ][gc,marking    ] GC(89) Concurrent Rebuild Remembered Sets
[31.354s][info   ][gc,marking    ] GC(89) Concurrent Rebuild Remembered Sets 0.905ms
[31.354s][info   ][gc,start      ] GC(89) Pause Cleanup
[31.354s][info   ][gc            ] GC(89) Pause Cleanup 119M->119M(256M) 0.091ms
[31.354s][info   ][gc,cpu        ] GC(89) User=0.00s Sys=0.00s Real=0.00s
[31.354s][info   ][gc,marking    ] GC(89) Concurrent Cleanup for Next Mark
[31.354s][info   ][gc,marking    ] GC(89) Concurrent Cleanup for Next Mark 0.347ms
[31.354s][info   ][gc            ] GC(89) Concurrent Cycle 4.974ms
[31.405s][info   ][gc,start      ] GC(90) Pause Young (Concurrent Start) (G1 Humongous Allocation)
[31.405s][info   ][gc,task       ] GC(90) Using 6 workers of 9 for evacuation
[31.407s][info   ][gc,phases     ] GC(90)   Pre Evacuate Collection Set: 0.1ms
[31.407s][info   ][gc,phases     ] GC(90)   Evacuate Collection Set: 1.1ms
[31.407s][info   ][gc,phases     ] GC(90)   Post Evacuate Collection Set: 0.1ms
[31.407s][info   ][gc,phases     ] GC(90)   Other: 0.5ms
[31.407s][info   ][gc,heap       ] GC(90) Eden regions: 0->0(13)
[31.407s][info   ][gc,heap       ] GC(90) Survivor regions: 0->0(2)
[31.407s][info   ][gc,heap       ] GC(90) Old regions: 1->1
[31.407s][info   ][gc,heap       ] GC(90) Archive regions: 0->0
[31.407s][info   ][gc,heap       ] GC(90) Humongous regions: 119->118
[31.407s][info   ][gc,metaspace  ] GC(90) Metaspace: 3424K(4864K)->3424K(4864K) NonClass: 3120K(4352K)->3120K(4352K) Class: 304K(512K)->304K(512K)
[31.407s][info   ][gc            ] GC(90) Pause Young (Concurrent Start) (G1 Humongous Allocation) 119M->118M(256M) 2.182ms
[31.407s][info   ][gc,cpu        ] GC(90) User=0.00s Sys=0.00s Real=0.00s
[31.407s][info   ][gc            ] GC(91) Concurrent Cycle
[31.407s][info   ][gc,marking    ] GC(91) Concurrent Clear Claimed Marks
[31.407s][info   ][gc,marking    ] GC(91) Concurrent Clear Claimed Marks 0.021ms
[31.407s][info   ][gc,marking    ] GC(91) Concurrent Scan Root Regions
[31.407s][info   ][gc,marking    ] GC(91) Concurrent Scan Root Regions 0.016ms
[31.407s][info   ][gc,marking    ] GC(91) Concurrent Mark (31.407s)
[31.408s][info   ][gc,marking    ] GC(91) Concurrent Mark From Roots
[31.408s][info   ][gc,task       ] GC(91) Using 2 workers of 2 for marking
[31.410s][info   ][gc,marking    ] GC(91) Concurrent Mark From Roots 2.387ms
[31.410s][info   ][gc,marking    ] GC(91) Concurrent Preclean
[31.410s][info   ][gc,marking    ] GC(91) Concurrent Preclean 0.036ms
[31.410s][info   ][gc,marking    ] GC(91) Concurrent Mark (31.407s, 31.410s) 2.515ms
[31.410s][info   ][gc,start      ] GC(91) Pause Remark
[31.410s][info   ][gc,stringtable] GC(91) Cleaned string and symbol table, strings: 1384 processed, 0 removed, symbols: 16327 processed, 0 removed
[31.411s][info   ][gc            ] GC(91) Pause Remark 119M->119M(256M) 0.507ms
[31.411s][info   ][gc,cpu        ] GC(91) User=0.00s Sys=0.00s Real=0.00s
[31.411s][info   ][gc,marking    ] GC(91) Concurrent Rebuild Remembered Sets
[31.412s][info   ][gc,marking    ] GC(91) Concurrent Rebuild Remembered Sets 0.968ms
[31.412s][info   ][gc,start      ] GC(91) Pause Cleanup
[31.412s][info   ][gc            ] GC(91) Pause Cleanup 119M->119M(256M) 0.074ms
[31.412s][info   ][gc,cpu        ] GC(91) User=0.00s Sys=0.00s Real=0.00s
[31.412s][info   ][gc,marking    ] GC(91) Concurrent Cleanup for Next Mark
[31.412s][info   ][gc,marking    ] GC(91) Concurrent Cleanup for Next Mark 0.314ms
[31.412s][info   ][gc            ] GC(91) Concurrent Cycle 4.776ms
[31.462s][info   ][gc,start      ] GC(92) Pause Young (Concurrent Start) (G1 Humongous Allocation)
[31.463s][info   ][gc,task       ] GC(92) Using 6 workers of 9 for evacuation
[31.463s][info   ][gc,phases     ] GC(92)   Pre Evacuate Collection Set: 0.1ms
[31.463s][info   ][gc,phases     ] GC(92)   Evacuate Collection Set: 0.3ms
[31.463s][info   ][gc,phases     ] GC(92)   Post Evacuate Collection Set: 0.1ms
[31.463s][info   ][gc,phases     ] GC(92)   Other: 0.5ms
[31.463s][info   ][gc,heap       ] GC(92) Eden regions: 0->0(13)
[31.463s][info   ][gc,heap       ] GC(92) Survivor regions: 0->0(2)
[31.463s][info   ][gc,heap       ] GC(92) Old regions: 1->1
[31.463s][info   ][gc,heap       ] GC(92) Archive regions: 0->0
[31.463s][info   ][gc,heap       ] GC(92) Humongous regions: 119->118
[31.463s][info   ][gc,metaspace  ] GC(92) Metaspace: 3424K(4864K)->3424K(4864K) NonClass: 3120K(4352K)->3120K(4352K) Class: 304K(512K)->304K(512K)
[31.463s][info   ][gc            ] GC(92) Pause Young (Concurrent Start) (G1 Humongous Allocation) 119M->118M(256M) 1.037ms
[31.463s][info   ][gc,cpu        ] GC(92) User=0.00s Sys=0.00s Real=0.00s
[31.463s][info   ][gc            ] GC(93) Concurrent Cycle
[31.463s][info   ][gc,marking    ] GC(93) Concurrent Clear Claimed Marks
[31.463s][info   ][gc,marking    ] GC(93) Concurrent Clear Claimed Marks 0.013ms
[31.463s][info   ][gc,marking    ] GC(93) Concurrent Scan Root Regions
[31.463s][info   ][gc,marking    ] GC(93) Concurrent Scan Root Regions 0.011ms
[31.463s][info   ][gc,marking    ] GC(93) Concurrent Mark (31.463s)
[31.463s][info   ][gc,marking    ] GC(93) Concurrent Mark From Roots
[31.463s][info   ][gc,task       ] GC(93) Using 2 workers of 2 for marking
[31.465s][info   ][gc,marking    ] GC(93) Concurrent Mark From Roots 1.804ms
[31.465s][info   ][gc,marking    ] GC(93) Concurrent Preclean
[31.465s][info   ][gc,marking    ] GC(93) Concurrent Preclean 0.036ms
[31.465s][info   ][gc,marking    ] GC(93) Concurrent Mark (31.463s, 31.465s) 1.883ms
[31.465s][info   ][gc,start      ] GC(93) Pause Remark
[31.466s][info   ][gc,stringtable] GC(93) Cleaned string and symbol table, strings: 1384 processed, 0 removed, symbols: 16327 processed, 0 removed
[31.466s][info   ][gc            ] GC(93) Pause Remark 119M->119M(256M) 1.083ms
[31.467s][info   ][gc,cpu        ] GC(93) User=0.01s Sys=0.00s Real=0.00s
[31.467s][info   ][gc,marking    ] GC(93) Concurrent Rebuild Remembered Sets
[31.468s][info   ][gc,marking    ] GC(93) Concurrent Rebuild Remembered Sets 1.000ms
[31.468s][info   ][gc,start      ] GC(93) Pause Cleanup
[31.468s][info   ][gc            ] GC(93) Pause Cleanup 119M->119M(256M) 0.077ms
[31.468s][info   ][gc,cpu        ] GC(93) User=0.00s Sys=0.00s Real=0.00s
[31.468s][info   ][gc,marking    ] GC(93) Concurrent Cleanup for Next Mark
[31.468s][info   ][gc,marking    ] GC(93) Concurrent Cleanup for Next Mark 0.317ms
[31.468s][info   ][gc            ] GC(93) Concurrent Cycle 4.740ms
[31.516s][info   ][gc,start      ] GC(94) Pause Young (Concurrent Start) (G1 Humongous Allocation)
[31.516s][info   ][gc,task       ] GC(94) Using 6 workers of 9 for evacuation
[31.518s][info   ][gc,phases     ] GC(94)   Pre Evacuate Collection Set: 0.6ms
[31.518s][info   ][gc,phases     ] GC(94)   Evacuate Collection Set: 0.6ms
[31.518s][info   ][gc,phases     ] GC(94)   Post Evacuate Collection Set: 0.1ms
[31.518s][info   ][gc,phases     ] GC(94)   Other: 0.8ms
[31.518s][info   ][gc,heap       ] GC(94) Eden regions: 0->0(13)
[31.518s][info   ][gc,heap       ] GC(94) Survivor regions: 0->0(2)
[31.518s][info   ][gc,heap       ] GC(94) Old regions: 1->1
[31.518s][info   ][gc,heap       ] GC(94) Archive regions: 0->0
[31.519s][info   ][gc,heap       ] GC(94) Humongous regions: 119->118
[31.519s][info   ][gc,metaspace  ] GC(94) Metaspace: 3424K(4864K)->3424K(4864K) NonClass: 3120K(4352K)->3120K(4352K) Class: 304K(512K)->304K(512K)
[31.519s][info   ][gc            ] GC(94) Pause Young (Concurrent Start) (G1 Humongous Allocation) 119M->118M(256M) 2.309ms
[31.519s][info   ][gc,cpu        ] GC(94) User=0.00s Sys=0.00s Real=0.00s
[31.519s][info   ][gc            ] GC(95) Concurrent Cycle
[31.519s][info   ][gc,marking    ] GC(95) Concurrent Clear Claimed Marks
[31.519s][info   ][gc,marking    ] GC(95) Concurrent Clear Claimed Marks 0.019ms
[31.519s][info   ][gc,marking    ] GC(95) Concurrent Scan Root Regions
[31.519s][info   ][gc,marking    ] GC(95) Concurrent Scan Root Regions 0.012ms
[31.519s][info   ][gc,marking    ] GC(95) Concurrent Mark (31.519s)
[31.519s][info   ][gc,marking    ] GC(95) Concurrent Mark From Roots
[31.519s][info   ][gc,task       ] GC(95) Using 2 workers of 2 for marking
[31.521s][info   ][gc,marking    ] GC(95) Concurrent Mark From Roots 1.818ms
[31.521s][info   ][gc,marking    ] GC(95) Concurrent Preclean
[31.521s][info   ][gc,marking    ] GC(95) Concurrent Preclean 0.066ms
[31.521s][info   ][gc,marking    ] GC(95) Concurrent Mark (31.519s, 31.521s) 1.976ms
[31.521s][info   ][gc,start      ] GC(95) Pause Remark
[31.521s][info   ][gc,stringtable] GC(95) Cleaned string and symbol table, strings: 1384 processed, 0 removed, symbols: 16327 processed, 0 removed
[31.521s][info   ][gc            ] GC(95) Pause Remark 119M->119M(256M) 0.508ms
[31.521s][info   ][gc,cpu        ] GC(95) User=0.00s Sys=0.00s Real=0.00s
[31.521s][info   ][gc,marking    ] GC(95) Concurrent Rebuild Remembered Sets
[31.522s][info   ][gc,marking    ] GC(95) Concurrent Rebuild Remembered Sets 0.982ms
[31.522s][info   ][gc,start      ] GC(95) Pause Cleanup
[31.522s][info   ][gc            ] GC(95) Pause Cleanup 119M->119M(256M) 0.068ms
[31.522s][info   ][gc,cpu        ] GC(95) User=0.00s Sys=0.00s Real=0.00s
[31.523s][info   ][gc,marking    ] GC(95) Concurrent Cleanup for Next Mark
[31.523s][info   ][gc,marking    ] GC(95) Concurrent Cleanup for Next Mark 0.307ms
[31.523s][info   ][gc            ] GC(95) Concurrent Cycle 4.215ms
[31.572s][info   ][gc,start      ] GC(96) Pause Young (Concurrent Start) (G1 Humongous Allocation)
[31.572s][info   ][gc,task       ] GC(96) Using 6 workers of 9 for evacuation
[31.573s][info   ][gc,phases     ] GC(96)   Pre Evacuate Collection Set: 0.0ms
[31.573s][info   ][gc,phases     ] GC(96)   Evacuate Collection Set: 0.1ms
[31.573s][info   ][gc,phases     ] GC(96)   Post Evacuate Collection Set: 0.1ms
[31.573s][info   ][gc,phases     ] GC(96)   Other: 0.1ms
[31.573s][info   ][gc,heap       ] GC(96) Eden regions: 0->0(13)
[31.573s][info   ][gc,heap       ] GC(96) Survivor regions: 0->0(2)
[31.573s][info   ][gc,heap       ] GC(96) Old regions: 1->1
[31.573s][info   ][gc,heap       ] GC(96) Archive regions: 0->0
[31.573s][info   ][gc,heap       ] GC(96) Humongous regions: 119->118
[31.573s][info   ][gc,metaspace  ] GC(96) Metaspace: 3424K(4864K)->3424K(4864K) NonClass: 3120K(4352K)->3120K(4352K) Class: 304K(512K)->304K(512K)
[31.573s][info   ][gc            ] GC(96) Pause Young (Concurrent Start) (G1 Humongous Allocation) 119M->118M(256M) 0.515ms
[31.573s][info   ][gc,cpu        ] GC(96) User=0.00s Sys=0.00s Real=0.00s
[31.573s][info   ][gc            ] GC(97) Concurrent Cycle
[31.573s][info   ][gc,marking    ] GC(97) Concurrent Clear Claimed Marks
[31.573s][info   ][gc,marking    ] GC(97) Concurrent Clear Claimed Marks 0.009ms
[31.573s][info   ][gc,marking    ] GC(97) Concurrent Scan Root Regions
[31.573s][info   ][gc,marking    ] GC(97) Concurrent Scan Root Regions 0.008ms
[31.573s][info   ][gc,marking    ] GC(97) Concurrent Mark (31.573s)
[31.573s][info   ][gc,marking    ] GC(97) Concurrent Mark From Roots
[31.573s][info   ][gc,task       ] GC(97) Using 2 workers of 2 for marking
[31.574s][info   ][gc,marking    ] GC(97) Concurrent Mark From Roots 1.319ms
[31.574s][info   ][gc,marking    ] GC(97) Concurrent Preclean
[31.574s][info   ][gc,marking    ] GC(97) Concurrent Preclean 0.037ms
[31.574s][info   ][gc,marking    ] GC(97) Concurrent Mark (31.573s, 31.574s) 1.394ms
[31.574s][info   ][gc,start      ] GC(97) Pause Remark
[31.575s][info   ][gc,stringtable] GC(97) Cleaned string and symbol table, strings: 1384 processed, 0 removed, symbols: 16327 processed, 0 removed
[31.575s][info   ][gc            ] GC(97) Pause Remark 119M->119M(256M) 0.562ms
[31.575s][info   ][gc,cpu        ] GC(97) User=0.00s Sys=0.00s Real=0.00s
[31.575s][info   ][gc,marking    ] GC(97) Concurrent Rebuild Remembered Sets
[31.576s][info   ][gc,marking    ] GC(97) Concurrent Rebuild Remembered Sets 0.985ms
[31.576s][info   ][gc,start      ] GC(97) Pause Cleanup
[31.576s][info   ][gc            ] GC(97) Pause Cleanup 119M->119M(256M) 0.086ms
[31.576s][info   ][gc,cpu        ] GC(97) User=0.00s Sys=0.00s Real=0.00s
[31.576s][info   ][gc,marking    ] GC(97) Concurrent Cleanup for Next Mark
[31.576s][info   ][gc,marking    ] GC(97) Concurrent Cleanup for Next Mark 0.297ms
[31.576s][info   ][gc            ] GC(97) Concurrent Cycle 3.706ms
[31.628s][info   ][gc,start      ] GC(98) Pause Young (Concurrent Start) (G1 Humongous Allocation)
[31.628s][info   ][gc,task       ] GC(98) Using 6 workers of 9 for evacuation
[31.630s][info   ][gc,phases     ] GC(98)   Pre Evacuate Collection Set: 0.2ms
[31.630s][info   ][gc,phases     ] GC(98)   Evacuate Collection Set: 0.5ms
[31.630s][info   ][gc,phases     ] GC(98)   Post Evacuate Collection Set: 0.2ms
[31.630s][info   ][gc,phases     ] GC(98)   Other: 0.6ms
[31.630s][info   ][gc,heap       ] GC(98) Eden regions: 0->0(13)
[31.630s][info   ][gc,heap       ] GC(98) Survivor regions: 0->0(2)
[31.630s][info   ][gc,heap       ] GC(98) Old regions: 1->1
[31.630s][info   ][gc,heap       ] GC(98) Archive regions: 0->0
[31.630s][info   ][gc,heap       ] GC(98) Humongous regions: 119->118
[31.630s][info   ][gc,metaspace  ] GC(98) Metaspace: 3424K(4864K)->3424K(4864K) NonClass: 3120K(4352K)->3120K(4352K) Class: 304K(512K)->304K(512K)
[31.630s][info   ][gc            ] GC(98) Pause Young (Concurrent Start) (G1 Humongous Allocation) 119M->118M(256M) 1.655ms
[31.630s][info   ][gc,cpu        ] GC(98) User=0.00s Sys=0.00s Real=0.01s
[31.630s][info   ][gc            ] GC(99) Concurrent Cycle
[31.630s][info   ][gc,marking    ] GC(99) Concurrent Clear Claimed Marks
[31.630s][info   ][gc,marking    ] GC(99) Concurrent Clear Claimed Marks 0.028ms
[31.630s][info   ][gc,marking    ] GC(99) Concurrent Scan Root Regions
[31.630s][info   ][gc,marking    ] GC(99) Concurrent Scan Root Regions 0.019ms
[31.630s][info   ][gc,marking    ] GC(99) Concurrent Mark (31.630s)
[31.630s][info   ][gc,marking    ] GC(99) Concurrent Mark From Roots
[31.630s][info   ][gc,task       ] GC(99) Using 2 workers of 2 for marking
[31.633s][info   ][gc,marking    ] GC(99) Concurrent Mark From Roots 2.672ms
[31.633s][info   ][gc,marking    ] GC(99) Concurrent Preclean
[31.633s][info   ][gc,marking    ] GC(99) Concurrent Preclean 0.038ms
[31.633s][info   ][gc,marking    ] GC(99) Concurrent Mark (31.630s, 31.633s) 2.791ms
[31.633s][info   ][gc,start      ] GC(99) Pause Remark
[31.633s][info   ][gc,stringtable] GC(99) Cleaned string and symbol table, strings: 1384 processed, 0 removed, symbols: 16327 processed, 0 removed
[31.634s][info   ][gc            ] GC(99) Pause Remark 119M->119M(256M) 0.542ms
[31.634s][info   ][gc,cpu        ] GC(99) User=0.00s Sys=0.00s Real=0.00s
[31.634s][info   ][gc,marking    ] GC(99) Concurrent Rebuild Remembered Sets
[31.634s][info   ][gc,marking    ] GC(99) Concurrent Rebuild Remembered Sets 0.902ms
[31.635s][info   ][gc,start      ] GC(99) Pause Cleanup
[31.635s][info   ][gc            ] GC(99) Pause Cleanup 119M->119M(256M) 0.078ms
[31.635s][info   ][gc,cpu        ] GC(99) User=0.00s Sys=0.00s Real=0.00s
[31.635s][info   ][gc,marking    ] GC(99) Concurrent Cleanup for Next Mark
[31.635s][info   ][gc,marking    ] GC(99) Concurrent Cleanup for Next Mark 0.294ms
[31.635s][info   ][gc            ] GC(99) Concurrent Cycle 5.064ms
[31.685s][info   ][gc,start      ] GC(100) Pause Young (Concurrent Start) (G1 Humongous Allocation)
[31.686s][info   ][gc,task       ] GC(100) Using 6 workers of 9 for evacuation
[31.687s][info   ][gc,phases     ] GC(100)   Pre Evacuate Collection Set: 0.1ms
[31.687s][info   ][gc,phases     ] GC(100)   Evacuate Collection Set: 0.5ms
[31.687s][info   ][gc,phases     ] GC(100)   Post Evacuate Collection Set: 0.1ms
[31.687s][info   ][gc,phases     ] GC(100)   Other: 0.6ms
[31.687s][info   ][gc,heap       ] GC(100) Eden regions: 0->0(13)
[31.687s][info   ][gc,heap       ] GC(100) Survivor regions: 0->0(2)
[31.687s][info   ][gc,heap       ] GC(100) Old regions: 1->1
[31.687s][info   ][gc,heap       ] GC(100) Archive regions: 0->0
[31.687s][info   ][gc,heap       ] GC(100) Humongous regions: 119->118
[31.687s][info   ][gc,metaspace  ] GC(100) Metaspace: 3424K(4864K)->3424K(4864K) NonClass: 3120K(4352K)->3120K(4352K) Class: 304K(512K)->304K(512K)
[31.687s][info   ][gc            ] GC(100) Pause Young (Concurrent Start) (G1 Humongous Allocation) 119M->118M(256M) 1.637ms
[31.687s][info   ][gc,cpu        ] GC(100) User=0.00s Sys=0.00s Real=0.00s
[31.687s][info   ][gc            ] GC(101) Concurrent Cycle
[31.687s][info   ][gc,marking    ] GC(101) Concurrent Clear Claimed Marks
[31.687s][info   ][gc,marking    ] GC(101) Concurrent Clear Claimed Marks 0.026ms
[31.687s][info   ][gc,marking    ] GC(101) Concurrent Scan Root Regions
[31.687s][info   ][gc,marking    ] GC(101) Concurrent Scan Root Regions 0.016ms
[31.687s][info   ][gc,marking    ] GC(101) Concurrent Mark (31.687s)
[31.687s][info   ][gc,marking    ] GC(101) Concurrent Mark From Roots
[31.687s][info   ][gc,task       ] GC(101) Using 2 workers of 2 for marking
[31.693s][info   ][gc,marking    ] GC(101) Concurrent Mark From Roots 6.129ms
[31.694s][info   ][gc,marking    ] GC(101) Concurrent Preclean
[31.694s][info   ][gc,marking    ] GC(101) Concurrent Preclean 0.039ms
[31.694s][info   ][gc,marking    ] GC(101) Concurrent Mark (31.687s, 31.694s) 6.374ms
[31.694s][info   ][gc,start      ] GC(101) Pause Remark
[31.695s][info   ][gc,stringtable] GC(101) Cleaned string and symbol table, strings: 1384 processed, 0 removed, symbols: 16327 processed, 0 removed
[31.695s][info   ][gc            ] GC(101) Pause Remark 119M->119M(256M) 1.363ms
[31.695s][info   ][gc,cpu        ] GC(101) User=0.00s Sys=0.00s Real=0.00s
[31.695s][info   ][gc,marking    ] GC(101) Concurrent Rebuild Remembered Sets
[31.696s][info   ][gc,marking    ] GC(101) Concurrent Rebuild Remembered Sets 1.019ms
[31.696s][info   ][gc,start      ] GC(101) Pause Cleanup
[31.696s][info   ][gc            ] GC(101) Pause Cleanup 119M->119M(256M) 0.099ms
[31.696s][info   ][gc,cpu        ] GC(101) User=0.00s Sys=0.00s Real=0.00s
[31.696s][info   ][gc,marking    ] GC(101) Concurrent Cleanup for Next Mark
[31.697s][info   ][gc,marking    ] GC(101) Concurrent Cleanup for Next Mark 0.339ms
[31.697s][info   ][gc            ] GC(101) Concurrent Cycle 9.693ms
[31.742s][info   ][gc,start      ] GC(102) Pause Young (Concurrent Start) (G1 Humongous Allocation)
[31.742s][info   ][gc,task       ] GC(102) Using 6 workers of 9 for evacuation
[31.742s][info   ][gc,phases     ] GC(102)   Pre Evacuate Collection Set: 0.1ms
[31.742s][info   ][gc,phases     ] GC(102)   Evacuate Collection Set: 0.3ms
[31.742s][info   ][gc,phases     ] GC(102)   Post Evacuate Collection Set: 0.1ms
[31.742s][info   ][gc,phases     ] GC(102)   Other: 0.4ms
[31.742s][info   ][gc,heap       ] GC(102) Eden regions: 0->0(13)
[31.742s][info   ][gc,heap       ] GC(102) Survivor regions: 0->0(2)
[31.742s][info   ][gc,heap       ] GC(102) Old regions: 1->1
[31.742s][info   ][gc,heap       ] GC(102) Archive regions: 0->0
[31.742s][info   ][gc,heap       ] GC(102) Humongous regions: 119->118
[31.743s][info   ][gc,metaspace  ] GC(102) Metaspace: 3424K(4864K)->3424K(4864K) NonClass: 3120K(4352K)->3120K(4352K) Class: 304K(512K)->304K(512K)
[31.743s][info   ][gc            ] GC(102) Pause Young (Concurrent Start) (G1 Humongous Allocation) 119M->118M(256M) 0.887ms
[31.743s][info   ][gc,cpu        ] GC(102) User=0.00s Sys=0.00s Real=0.00s
[31.743s][info   ][gc            ] GC(103) Concurrent Cycle
[31.743s][info   ][gc,marking    ] GC(103) Concurrent Clear Claimed Marks
[31.743s][info   ][gc,marking    ] GC(103) Concurrent Clear Claimed Marks 0.015ms
[31.743s][info   ][gc,marking    ] GC(103) Concurrent Scan Root Regions
[31.743s][info   ][gc,marking    ] GC(103) Concurrent Scan Root Regions 0.007ms
[31.743s][info   ][gc,marking    ] GC(103) Concurrent Mark (31.743s)
[31.743s][info   ][gc,marking    ] GC(103) Concurrent Mark From Roots
[31.743s][info   ][gc,task       ] GC(103) Using 2 workers of 2 for marking
[31.744s][info   ][gc,marking    ] GC(103) Concurrent Mark From Roots 1.681ms
[31.744s][info   ][gc,marking    ] GC(103) Concurrent Preclean
[31.744s][info   ][gc,marking    ] GC(103) Concurrent Preclean 0.035ms
[31.744s][info   ][gc,marking    ] GC(103) Concurrent Mark (31.743s, 31.744s) 1.748ms
[31.744s][info   ][gc,start      ] GC(103) Pause Remark
[31.745s][info   ][gc,stringtable] GC(103) Cleaned string and symbol table, strings: 1384 processed, 0 removed, symbols: 16327 processed, 0 removed
[31.746s][info   ][gc            ] GC(103) Pause Remark 119M->119M(256M) 1.223ms
[31.746s][info   ][gc,cpu        ] GC(103) User=0.01s Sys=0.00s Real=0.00s
[31.746s][info   ][gc,marking    ] GC(103) Concurrent Rebuild Remembered Sets
[31.747s][info   ][gc,marking    ] GC(103) Concurrent Rebuild Remembered Sets 1.009ms
[31.747s][info   ][gc,start      ] GC(103) Pause Cleanup
[31.747s][info   ][gc            ] GC(103) Pause Cleanup 119M->119M(256M) 0.076ms
[31.747s][info   ][gc,cpu        ] GC(103) User=0.00s Sys=0.00s Real=0.00s
[31.747s][info   ][gc,marking    ] GC(103) Concurrent Cleanup for Next Mark
[31.747s][info   ][gc,marking    ] GC(103) Concurrent Cleanup for Next Mark 0.335ms
[31.747s][info   ][gc            ] GC(103) Concurrent Cycle 4.746ms
[31.796s][info   ][gc,start      ] GC(104) Pause Young (Concurrent Start) (G1 Humongous Allocation)
[31.796s][info   ][gc,task       ] GC(104) Using 6 workers of 9 for evacuation
[31.797s][info   ][gc,phases     ] GC(104)   Pre Evacuate Collection Set: 0.1ms
[31.797s][info   ][gc,phases     ] GC(104)   Evacuate Collection Set: 0.5ms
[31.797s][info   ][gc,phases     ] GC(104)   Post Evacuate Collection Set: 0.2ms
[31.797s][info   ][gc,phases     ] GC(104)   Other: 0.5ms
[31.797s][info   ][gc,heap       ] GC(104) Eden regions: 0->0(13)
[31.797s][info   ][gc,heap       ] GC(104) Survivor regions: 0->0(2)
[31.797s][info   ][gc,heap       ] GC(104) Old regions: 1->1
[31.797s][info   ][gc,heap       ] GC(104) Archive regions: 0->0
[31.797s][info   ][gc,heap       ] GC(104) Humongous regions: 119->118
[31.797s][info   ][gc,metaspace  ] GC(104) Metaspace: 3424K(4864K)->3424K(4864K) NonClass: 3120K(4352K)->3120K(4352K) Class: 304K(512K)->304K(512K)
[31.797s][info   ][gc            ] GC(104) Pause Young (Concurrent Start) (G1 Humongous Allocation) 119M->118M(256M) 1.414ms
[31.797s][info   ][gc,cpu        ] GC(104) User=0.00s Sys=0.00s Real=0.00s
[31.797s][info   ][gc            ] GC(105) Concurrent Cycle
[31.797s][info   ][gc,marking    ] GC(105) Concurrent Clear Claimed Marks
[31.797s][info   ][gc,marking    ] GC(105) Concurrent Clear Claimed Marks 0.022ms
[31.797s][info   ][gc,marking    ] GC(105) Concurrent Scan Root Regions
[31.797s][info   ][gc,marking    ] GC(105) Concurrent Scan Root Regions 0.018ms
[31.797s][info   ][gc,marking    ] GC(105) Concurrent Mark (31.797s)
[31.797s][info   ][gc,marking    ] GC(105) Concurrent Mark From Roots
[31.797s][info   ][gc,task       ] GC(105) Using 2 workers of 2 for marking
[31.799s][info   ][gc,marking    ] GC(105) Concurrent Mark From Roots 1.770ms
[31.799s][info   ][gc,marking    ] GC(105) Concurrent Preclean
[31.799s][info   ][gc,marking    ] GC(105) Concurrent Preclean 0.040ms
[31.799s][info   ][gc,marking    ] GC(105) Concurrent Mark (31.797s, 31.799s) 1.858ms
[31.799s][info   ][gc,start      ] GC(105) Pause Remark
[31.800s][info   ][gc,stringtable] GC(105) Cleaned string and symbol table, strings: 1384 processed, 0 removed, symbols: 16327 processed, 0 removed
[31.800s][info   ][gc            ] GC(105) Pause Remark 119M->119M(256M) 1.011ms
[31.800s][info   ][gc,cpu        ] GC(105) User=0.00s Sys=0.00s Real=0.00s
[31.800s][info   ][gc,marking    ] GC(105) Concurrent Rebuild Remembered Sets
[31.801s][info   ][gc,marking    ] GC(105) Concurrent Rebuild Remembered Sets 1.014ms
[31.801s][info   ][gc,start      ] GC(105) Pause Cleanup
[31.801s][info   ][gc            ] GC(105) Pause Cleanup 119M->119M(256M) 0.079ms
[31.802s][info   ][gc,cpu        ] GC(105) User=0.00s Sys=0.00s Real=0.00s
[31.802s][info   ][gc,marking    ] GC(105) Concurrent Cleanup for Next Mark
[31.802s][info   ][gc,marking    ] GC(105) Concurrent Cleanup for Next Mark 0.316ms
[31.802s][info   ][gc            ] GC(105) Concurrent Cycle 4.721ms
[31.850s][info   ][gc,start      ] GC(106) Pause Young (Concurrent Start) (G1 Humongous Allocation)
[31.850s][info   ][gc,task       ] GC(106) Using 6 workers of 9 for evacuation
[31.851s][info   ][gc,phases     ] GC(106)   Pre Evacuate Collection Set: 0.1ms
[31.851s][info   ][gc,phases     ] GC(106)   Evacuate Collection Set: 0.4ms
[31.851s][info   ][gc,phases     ] GC(106)   Post Evacuate Collection Set: 0.1ms
[31.851s][info   ][gc,phases     ] GC(106)   Other: 0.5ms
[31.851s][info   ][gc,heap       ] GC(106) Eden regions: 0->0(13)
[31.851s][info   ][gc,heap       ] GC(106) Survivor regions: 0->0(2)
[31.851s][info   ][gc,heap       ] GC(106) Old regions: 1->1
[31.851s][info   ][gc,heap       ] GC(106) Archive regions: 0->0
[31.851s][info   ][gc,heap       ] GC(106) Humongous regions: 119->118
[31.851s][info   ][gc,metaspace  ] GC(106) Metaspace: 3424K(4864K)->3424K(4864K) NonClass: 3120K(4352K)->3120K(4352K) Class: 304K(512K)->304K(512K)
[31.851s][info   ][gc            ] GC(106) Pause Young (Concurrent Start) (G1 Humongous Allocation) 119M->118M(256M) 1.440ms
[31.851s][info   ][gc,cpu        ] GC(106) User=0.00s Sys=0.00s Real=0.00s
[31.851s][info   ][gc            ] GC(107) Concurrent Cycle
[31.851s][info   ][gc,marking    ] GC(107) Concurrent Clear Claimed Marks
[31.851s][info   ][gc,marking    ] GC(107) Concurrent Clear Claimed Marks 0.030ms
[31.851s][info   ][gc,marking    ] GC(107) Concurrent Scan Root Regions
[31.851s][info   ][gc,marking    ] GC(107) Concurrent Scan Root Regions 0.019ms
[31.851s][info   ][gc,marking    ] GC(107) Concurrent Mark (31.851s)
[31.851s][info   ][gc,marking    ] GC(107) Concurrent Mark From Roots
[31.851s][info   ][gc,task       ] GC(107) Using 2 workers of 2 for marking
[31.853s][info   ][gc,marking    ] GC(107) Concurrent Mark From Roots 1.890ms
[31.853s][info   ][gc,marking    ] GC(107) Concurrent Preclean
[31.853s][info   ][gc,marking    ] GC(107) Concurrent Preclean 0.039ms
[31.853s][info   ][gc,marking    ] GC(107) Concurrent Mark (31.851s, 31.853s) 1.976ms
[31.853s][info   ][gc,start      ] GC(107) Pause Remark
[31.854s][info   ][gc,stringtable] GC(107) Cleaned string and symbol table, strings: 1384 processed, 0 removed, symbols: 16327 processed, 0 removed
[31.854s][info   ][gc            ] GC(107) Pause Remark 121M->121M(256M) 0.720ms
[31.854s][info   ][gc,cpu        ] GC(107) User=0.00s Sys=0.00s Real=0.00s
[31.854s][info   ][gc,marking    ] GC(107) Concurrent Rebuild Remembered Sets
[31.855s][info   ][gc,marking    ] GC(107) Concurrent Rebuild Remembered Sets 0.976ms
[31.855s][info   ][gc,start      ] GC(107) Pause Cleanup
[31.855s][info   ][gc            ] GC(107) Pause Cleanup 121M->121M(256M) 0.085ms
[31.855s][info   ][gc,cpu        ] GC(107) User=0.00s Sys=0.00s Real=0.00s
[31.855s][info   ][gc,marking    ] GC(107) Concurrent Cleanup for Next Mark
[31.856s][info   ][gc,marking    ] GC(107) Concurrent Cleanup for Next Mark 0.288ms
[31.856s][info   ][gc            ] GC(107) Concurrent Cycle 4.463ms
[31.907s][info   ][gc,start      ] GC(108) Pause Young (Concurrent Start) (G1 Humongous Allocation)
[31.907s][info   ][gc,task       ] GC(108) Using 6 workers of 9 for evacuation
[31.908s][info   ][gc,phases     ] GC(108)   Pre Evacuate Collection Set: 0.1ms
[31.908s][info   ][gc,phases     ] GC(108)   Evacuate Collection Set: 0.5ms
[31.908s][info   ][gc,phases     ] GC(108)   Post Evacuate Collection Set: 0.1ms
[31.908s][info   ][gc,phases     ] GC(108)   Other: 0.6ms
[31.908s][info   ][gc,heap       ] GC(108) Eden regions: 0->0(13)
[31.908s][info   ][gc,heap       ] GC(108) Survivor regions: 0->0(2)
[31.908s][info   ][gc,heap       ] GC(108) Old regions: 1->1
[31.908s][info   ][gc,heap       ] GC(108) Archive regions: 0->0
[31.908s][info   ][gc,heap       ] GC(108) Humongous regions: 121->120
[31.908s][info   ][gc,metaspace  ] GC(108) Metaspace: 3424K(4864K)->3424K(4864K) NonClass: 3120K(4352K)->3120K(4352K) Class: 304K(512K)->304K(512K)
[31.908s][info   ][gc            ] GC(108) Pause Young (Concurrent Start) (G1 Humongous Allocation) 121M->120M(256M) 1.543ms
[31.908s][info   ][gc,cpu        ] GC(108) User=0.01s Sys=0.00s Real=0.00s
[31.908s][info   ][gc            ] GC(109) Concurrent Cycle
[31.908s][info   ][gc,marking    ] GC(109) Concurrent Clear Claimed Marks
[31.908s][info   ][gc,marking    ] GC(109) Concurrent Clear Claimed Marks 0.022ms
[31.908s][info   ][gc,marking    ] GC(109) Concurrent Scan Root Regions
[31.908s][info   ][gc,marking    ] GC(109) Concurrent Scan Root Regions 0.010ms
[31.908s][info   ][gc,marking    ] GC(109) Concurrent Mark (31.908s)
[31.908s][info   ][gc,marking    ] GC(109) Concurrent Mark From Roots
[31.908s][info   ][gc,task       ] GC(109) Using 2 workers of 2 for marking
[31.910s][info   ][gc,marking    ] GC(109) Concurrent Mark From Roots 1.961ms
[31.910s][info   ][gc,marking    ] GC(109) Concurrent Preclean
[31.910s][info   ][gc,marking    ] GC(109) Concurrent Preclean 0.100ms
[31.910s][info   ][gc,marking    ] GC(109) Concurrent Mark (31.908s, 31.910s) 2.104ms
[31.911s][info   ][gc,start      ] GC(109) Pause Remark
[31.911s][info   ][gc,stringtable] GC(109) Cleaned string and symbol table, strings: 1384 processed, 0 removed, symbols: 16327 processed, 0 removed
[31.911s][info   ][gc            ] GC(109) Pause Remark 121M->121M(256M) 0.522ms
[31.911s][info   ][gc,cpu        ] GC(109) User=0.00s Sys=0.00s Real=0.00s
[31.911s][info   ][gc,marking    ] GC(109) Concurrent Rebuild Remembered Sets
[31.912s][info   ][gc,marking    ] GC(109) Concurrent Rebuild Remembered Sets 1.048ms
[31.912s][info   ][gc,start      ] GC(109) Pause Cleanup
[31.912s][info   ][gc            ] GC(109) Pause Cleanup 121M->121M(256M) 0.082ms
[31.912s][info   ][gc,cpu        ] GC(109) User=0.00s Sys=0.00s Real=0.00s
[31.912s][info   ][gc,marking    ] GC(109) Concurrent Cleanup for Next Mark
[31.913s][info   ][gc,marking    ] GC(109) Concurrent Cleanup for Next Mark 0.351ms
[31.913s][info   ][gc            ] GC(109) Concurrent Cycle 4.520ms
[31.962s][info   ][gc,start      ] GC(110) Pause Young (Concurrent Start) (G1 Humongous Allocation)
[31.962s][info   ][gc,task       ] GC(110) Using 6 workers of 9 for evacuation
[31.963s][info   ][gc,phases     ] GC(110)   Pre Evacuate Collection Set: 0.1ms
[31.963s][info   ][gc,phases     ] GC(110)   Evacuate Collection Set: 0.5ms
[31.963s][info   ][gc,phases     ] GC(110)   Post Evacuate Collection Set: 0.1ms
[31.963s][info   ][gc,phases     ] GC(110)   Other: 0.4ms
[31.963s][info   ][gc,heap       ] GC(110) Eden regions: 0->0(13)
[31.963s][info   ][gc,heap       ] GC(110) Survivor regions: 0->0(2)
[31.963s][info   ][gc,heap       ] GC(110) Old regions: 1->1
[31.963s][info   ][gc,heap       ] GC(110) Archive regions: 0->0
[31.963s][info   ][gc,heap       ] GC(110) Humongous regions: 121->120
[31.963s][info   ][gc,metaspace  ] GC(110) Metaspace: 3424K(4864K)->3424K(4864K) NonClass: 3120K(4352K)->3120K(4352K) Class: 304K(512K)->304K(512K)
[31.963s][info   ][gc            ] GC(110) Pause Young (Concurrent Start) (G1 Humongous Allocation) 121M->120M(256M) 1.196ms
[31.963s][info   ][gc,cpu        ] GC(110) User=0.00s Sys=0.00s Real=0.00s
[31.963s][info   ][gc            ] GC(111) Concurrent Cycle
[31.963s][info   ][gc,marking    ] GC(111) Concurrent Clear Claimed Marks
[31.963s][info   ][gc,marking    ] GC(111) Concurrent Clear Claimed Marks 0.016ms
[31.963s][info   ][gc,marking    ] GC(111) Concurrent Scan Root Regions
[31.963s][info   ][gc,marking    ] GC(111) Concurrent Scan Root Regions 0.008ms
[31.963s][info   ][gc,marking    ] GC(111) Concurrent Mark (31.963s)
[31.963s][info   ][gc,marking    ] GC(111) Concurrent Mark From Roots
[31.963s][info   ][gc,task       ] GC(111) Using 2 workers of 2 for marking
[31.965s][info   ][gc,marking    ] GC(111) Concurrent Mark From Roots 2.239ms
[31.965s][info   ][gc,marking    ] GC(111) Concurrent Preclean
[31.965s][info   ][gc,marking    ] GC(111) Concurrent Preclean 0.036ms
[31.965s][info   ][gc,marking    ] GC(111) Concurrent Mark (31.963s, 31.965s) 2.587ms
[31.966s][info   ][gc,start      ] GC(111) Pause Remark
[31.967s][info   ][gc,stringtable] GC(111) Cleaned string and symbol table, strings: 1384 processed, 0 removed, symbols: 16327 processed, 0 removed
[31.967s][info   ][gc            ] GC(111) Pause Remark 121M->121M(256M) 1.631ms
[31.967s][info   ][gc,cpu        ] GC(111) User=0.00s Sys=0.00s Real=0.00s
[31.967s][info   ][gc,marking    ] GC(111) Concurrent Rebuild Remembered Sets
[31.968s][info   ][gc,marking    ] GC(111) Concurrent Rebuild Remembered Sets 0.973ms
[31.968s][info   ][gc,start      ] GC(111) Pause Cleanup
[31.968s][info   ][gc            ] GC(111) Pause Cleanup 121M->121M(256M) 0.094ms
[31.968s][info   ][gc,cpu        ] GC(111) User=0.00s Sys=0.00s Real=0.00s
[31.968s][info   ][gc,marking    ] GC(111) Concurrent Cleanup for Next Mark
[31.969s][info   ][gc,marking    ] GC(111) Concurrent Cleanup for Next Mark 0.342ms
[31.969s][info   ][gc            ] GC(111) Concurrent Cycle 6.017ms
[32.016s][info   ][gc,start      ] GC(112) Pause Young (Concurrent Start) (G1 Humongous Allocation)
[32.016s][info   ][gc,task       ] GC(112) Using 6 workers of 9 for evacuation
[32.017s][info   ][gc,phases     ] GC(112)   Pre Evacuate Collection Set: 0.2ms
[32.017s][info   ][gc,phases     ] GC(112)   Evacuate Collection Set: 0.5ms
[32.017s][info   ][gc,phases     ] GC(112)   Post Evacuate Collection Set: 0.1ms
[32.017s][info   ][gc,phases     ] GC(112)   Other: 0.5ms
[32.017s][info   ][gc,heap       ] GC(112) Eden regions: 0->0(13)
[32.017s][info   ][gc,heap       ] GC(112) Survivor regions: 0->0(2)
[32.017s][info   ][gc,heap       ] GC(112) Old regions: 1->1
[32.017s][info   ][gc,heap       ] GC(112) Archive regions: 0->0
[32.017s][info   ][gc,heap       ] GC(112) Humongous regions: 121->120
[32.017s][info   ][gc,metaspace  ] GC(112) Metaspace: 3424K(4864K)->3424K(4864K) NonClass: 3120K(4352K)->3120K(4352K) Class: 304K(512K)->304K(512K)
[32.017s][info   ][gc            ] GC(112) Pause Young (Concurrent Start) (G1 Humongous Allocation) 121M->120M(256M) 1.561ms
[32.017s][info   ][gc,cpu        ] GC(112) User=0.00s Sys=0.01s Real=0.00s
[32.017s][info   ][gc            ] GC(113) Concurrent Cycle
[32.017s][info   ][gc,marking    ] GC(113) Concurrent Clear Claimed Marks
[32.017s][info   ][gc,marking    ] GC(113) Concurrent Clear Claimed Marks 0.020ms
[32.017s][info   ][gc,marking    ] GC(113) Concurrent Scan Root Regions
[32.017s][info   ][gc,marking    ] GC(113) Concurrent Scan Root Regions 0.016ms
[32.017s][info   ][gc,marking    ] GC(113) Concurrent Mark (32.017s)
[32.017s][info   ][gc,marking    ] GC(113) Concurrent Mark From Roots
[32.017s][info   ][gc,task       ] GC(113) Using 2 workers of 2 for marking
[32.019s][info   ][gc,marking    ] GC(113) Concurrent Mark From Roots 1.937ms
[32.019s][info   ][gc,marking    ] GC(113) Concurrent Preclean
[32.019s][info   ][gc,marking    ] GC(113) Concurrent Preclean 0.098ms
[32.019s][info   ][gc,marking    ] GC(113) Concurrent Mark (32.017s, 32.019s) 2.115ms
[32.020s][info   ][gc,start      ] GC(113) Pause Remark
[32.020s][info   ][gc,stringtable] GC(113) Cleaned string and symbol table, strings: 1384 processed, 0 removed, symbols: 16327 processed, 0 removed
[32.020s][info   ][gc            ] GC(113) Pause Remark 121M->121M(256M) 0.539ms
[32.020s][info   ][gc,cpu        ] GC(113) User=0.00s Sys=0.00s Real=0.00s
[32.020s][info   ][gc,marking    ] GC(113) Concurrent Rebuild Remembered Sets
[32.021s][info   ][gc,marking    ] GC(113) Concurrent Rebuild Remembered Sets 1.044ms
[32.021s][info   ][gc,start      ] GC(113) Pause Cleanup
[32.021s][info   ][gc            ] GC(113) Pause Cleanup 121M->121M(256M) 0.086ms
[32.021s][info   ][gc,cpu        ] GC(113) User=0.00s Sys=0.00s Real=0.00s
[32.021s][info   ][gc,marking    ] GC(113) Concurrent Cleanup for Next Mark
[32.022s][info   ][gc,marking    ] GC(113) Concurrent Cleanup for Next Mark 0.352ms
[32.022s][info   ][gc            ] GC(113) Concurrent Cycle 4.600ms
[32.073s][info   ][gc,start      ] GC(114) Pause Young (Concurrent Start) (G1 Humongous Allocation)
[32.073s][info   ][gc,task       ] GC(114) Using 6 workers of 9 for evacuation
[32.073s][info   ][gc,phases     ] GC(114)   Pre Evacuate Collection Set: 0.1ms
[32.073s][info   ][gc,phases     ] GC(114)   Evacuate Collection Set: 0.2ms
[32.073s][info   ][gc,phases     ] GC(114)   Post Evacuate Collection Set: 0.1ms
[32.073s][info   ][gc,phases     ] GC(114)   Other: 0.2ms
[32.073s][info   ][gc,heap       ] GC(114) Eden regions: 0->0(13)
[32.073s][info   ][gc,heap       ] GC(114) Survivor regions: 0->0(2)
[32.073s][info   ][gc,heap       ] GC(114) Old regions: 1->1
[32.073s][info   ][gc,heap       ] GC(114) Archive regions: 0->0
[32.073s][info   ][gc,heap       ] GC(114) Humongous regions: 121->120
[32.073s][info   ][gc,metaspace  ] GC(114) Metaspace: 3424K(4864K)->3424K(4864K) NonClass: 3120K(4352K)->3120K(4352K) Class: 304K(512K)->304K(512K)
[32.073s][info   ][gc            ] GC(114) Pause Young (Concurrent Start) (G1 Humongous Allocation) 121M->120M(256M) 0.688ms
[32.073s][info   ][gc,cpu        ] GC(114) User=0.00s Sys=0.00s Real=0.00s
[32.073s][info   ][gc            ] GC(115) Concurrent Cycle
[32.073s][info   ][gc,marking    ] GC(115) Concurrent Clear Claimed Marks
[32.073s][info   ][gc,marking    ] GC(115) Concurrent Clear Claimed Marks 0.008ms
[32.073s][info   ][gc,marking    ] GC(115) Concurrent Scan Root Regions
[32.073s][info   ][gc,marking    ] GC(115) Concurrent Scan Root Regions 0.007ms
[32.073s][info   ][gc,marking    ] GC(115) Concurrent Mark (32.073s)
[32.073s][info   ][gc,marking    ] GC(115) Concurrent Mark From Roots
[32.073s][info   ][gc,task       ] GC(115) Using 2 workers of 2 for marking
[32.075s][info   ][gc,marking    ] GC(115) Concurrent Mark From Roots 1.319ms
[32.075s][info   ][gc,marking    ] GC(115) Concurrent Preclean
[32.075s][info   ][gc,marking    ] GC(115) Concurrent Preclean 0.034ms
[32.075s][info   ][gc,marking    ] GC(115) Concurrent Mark (32.073s, 32.075s) 1.389ms
[32.075s][info   ][gc,start      ] GC(115) Pause Remark
[32.075s][info   ][gc,stringtable] GC(115) Cleaned string and symbol table, strings: 1384 processed, 0 removed, symbols: 16327 processed, 0 removed
[32.075s][info   ][gc            ] GC(115) Pause Remark 121M->121M(256M) 0.558ms
[32.075s][info   ][gc,cpu        ] GC(115) User=0.01s Sys=0.00s Real=0.00s
[32.075s][info   ][gc,marking    ] GC(115) Concurrent Rebuild Remembered Sets
[32.076s][info   ][gc,marking    ] GC(115) Concurrent Rebuild Remembered Sets 0.976ms
[32.077s][info   ][gc,start      ] GC(115) Pause Cleanup
[32.077s][info   ][gc            ] GC(115) Pause Cleanup 121M->121M(256M) 0.100ms
[32.077s][info   ][gc,cpu        ] GC(115) User=0.00s Sys=0.00s Real=0.00s
[32.077s][info   ][gc,marking    ] GC(115) Concurrent Cleanup for Next Mark
[32.077s][info   ][gc,marking    ] GC(115) Concurrent Cleanup for Next Mark 0.377ms
[32.077s][info   ][gc            ] GC(115) Concurrent Cycle 3.787ms
[32.129s][info   ][gc,start      ] GC(116) Pause Young (Concurrent Start) (G1 Humongous Allocation)
[32.129s][info   ][gc,task       ] GC(116) Using 6 workers of 9 for evacuation
[32.130s][info   ][gc,phases     ] GC(116)   Pre Evacuate Collection Set: 0.2ms
[32.130s][info   ][gc,phases     ] GC(116)   Evacuate Collection Set: 0.5ms
[32.130s][info   ][gc,phases     ] GC(116)   Post Evacuate Collection Set: 0.1ms
[32.130s][info   ][gc,phases     ] GC(116)   Other: 0.6ms
[32.130s][info   ][gc,heap       ] GC(116) Eden regions: 0->0(13)
[32.130s][info   ][gc,heap       ] GC(116) Survivor regions: 0->0(2)
[32.130s][info   ][gc,heap       ] GC(116) Old regions: 1->1
[32.130s][info   ][gc,heap       ] GC(116) Archive regions: 0->0
[32.130s][info   ][gc,heap       ] GC(116) Humongous regions: 121->120
[32.130s][info   ][gc,metaspace  ] GC(116) Metaspace: 3424K(4864K)->3424K(4864K) NonClass: 3120K(4352K)->3120K(4352K) Class: 304K(512K)->304K(512K)
[32.130s][info   ][gc            ] GC(116) Pause Young (Concurrent Start) (G1 Humongous Allocation) 121M->120M(256M) 1.536ms
[32.130s][info   ][gc,cpu        ] GC(116) User=0.00s Sys=0.00s Real=0.01s
[32.130s][info   ][gc            ] GC(117) Concurrent Cycle
[32.130s][info   ][gc,marking    ] GC(117) Concurrent Clear Claimed Marks
[32.130s][info   ][gc,marking    ] GC(117) Concurrent Clear Claimed Marks 0.026ms
[32.130s][info   ][gc,marking    ] GC(117) Concurrent Scan Root Regions
[32.130s][info   ][gc,marking    ] GC(117) Concurrent Scan Root Regions 0.012ms
[32.130s][info   ][gc,marking    ] GC(117) Concurrent Mark (32.130s)
[32.130s][info   ][gc,marking    ] GC(117) Concurrent Mark From Roots
[32.131s][info   ][gc,task       ] GC(117) Using 2 workers of 2 for marking
[32.132s][info   ][gc,marking    ] GC(117) Concurrent Mark From Roots 1.956ms
[32.132s][info   ][gc,marking    ] GC(117) Concurrent Preclean
[32.133s][info   ][gc,marking    ] GC(117) Concurrent Preclean 0.119ms
[32.133s][info   ][gc,marking    ] GC(117) Concurrent Mark (32.130s, 32.133s) 2.119ms
[32.133s][info   ][gc,start      ] GC(117) Pause Remark
[32.133s][info   ][gc,stringtable] GC(117) Cleaned string and symbol table, strings: 1384 processed, 0 removed, symbols: 16327 processed, 0 removed
[32.133s][info   ][gc            ] GC(117) Pause Remark 121M->121M(256M) 0.588ms
[32.133s][info   ][gc,cpu        ] GC(117) User=0.00s Sys=0.00s Real=0.00s
[32.133s][info   ][gc,marking    ] GC(117) Concurrent Rebuild Remembered Sets
[32.134s][info   ][gc,marking    ] GC(117) Concurrent Rebuild Remembered Sets 1.020ms
[32.135s][info   ][gc,start      ] GC(117) Pause Cleanup
[32.135s][info   ][gc            ] GC(117) Pause Cleanup 121M->121M(256M) 0.087ms
[32.135s][info   ][gc,cpu        ] GC(117) User=0.00s Sys=0.00s Real=0.00s
[32.135s][info   ][gc,marking    ] GC(117) Concurrent Cleanup for Next Mark
[32.135s][info   ][gc,marking    ] GC(117) Concurrent Cleanup for Next Mark 0.340ms
[32.135s][info   ][gc            ] GC(117) Concurrent Cycle 4.607ms
[32.185s][info   ][gc,start      ] GC(118) Pause Young (Concurrent Start) (G1 Humongous Allocation)
[32.185s][info   ][gc,task       ] GC(118) Using 6 workers of 9 for evacuation
[32.186s][info   ][gc,phases     ] GC(118)   Pre Evacuate Collection Set: 0.1ms
[32.186s][info   ][gc,phases     ] GC(118)   Evacuate Collection Set: 0.4ms
[32.186s][info   ][gc,phases     ] GC(118)   Post Evacuate Collection Set: 0.1ms
[32.186s][info   ][gc,phases     ] GC(118)   Other: 0.4ms
[32.186s][info   ][gc,heap       ] GC(118) Eden regions: 0->0(13)
[32.186s][info   ][gc,heap       ] GC(118) Survivor regions: 0->0(2)
[32.186s][info   ][gc,heap       ] GC(118) Old regions: 1->1
[32.186s][info   ][gc,heap       ] GC(118) Archive regions: 0->0
[32.186s][info   ][gc,heap       ] GC(118) Humongous regions: 121->120
[32.186s][info   ][gc,metaspace  ] GC(118) Metaspace: 3424K(4864K)->3424K(4864K) NonClass: 3120K(4352K)->3120K(4352K) Class: 304K(512K)->304K(512K)
[32.186s][info   ][gc            ] GC(118) Pause Young (Concurrent Start) (G1 Humongous Allocation) 121M->120M(256M) 1.409ms
[32.186s][info   ][gc,cpu        ] GC(118) User=0.00s Sys=0.00s Real=0.00s
[32.186s][info   ][gc            ] GC(119) Concurrent Cycle
[32.186s][info   ][gc,marking    ] GC(119) Concurrent Clear Claimed Marks
[32.186s][info   ][gc,marking    ] GC(119) Concurrent Clear Claimed Marks 0.026ms
[32.186s][info   ][gc,marking    ] GC(119) Concurrent Scan Root Regions
[32.186s][info   ][gc,marking    ] GC(119) Concurrent Scan Root Regions 0.017ms
[32.186s][info   ][gc,marking    ] GC(119) Concurrent Mark (32.186s)
[32.186s][info   ][gc,marking    ] GC(119) Concurrent Mark From Roots
[32.186s][info   ][gc,task       ] GC(119) Using 2 workers of 2 for marking
[32.188s][info   ][gc,marking    ] GC(119) Concurrent Mark From Roots 1.889ms
[32.188s][info   ][gc,marking    ] GC(119) Concurrent Preclean
[32.188s][info   ][gc,marking    ] GC(119) Concurrent Preclean 0.042ms
[32.188s][info   ][gc,marking    ] GC(119) Concurrent Mark (32.186s, 32.188s) 1.984ms
[32.188s][info   ][gc,start      ] GC(119) Pause Remark
[32.189s][info   ][gc,stringtable] GC(119) Cleaned string and symbol table, strings: 1384 processed, 0 removed, symbols: 16327 processed, 0 removed
[32.189s][info   ][gc            ] GC(119) Pause Remark 121M->121M(256M) 0.721ms
[32.189s][info   ][gc,cpu        ] GC(119) User=0.00s Sys=0.00s Real=0.01s
[32.189s][info   ][gc,marking    ] GC(119) Concurrent Rebuild Remembered Sets
[32.190s][info   ][gc,marking    ] GC(119) Concurrent Rebuild Remembered Sets 1.045ms
[32.190s][info   ][gc,start      ] GC(119) Pause Cleanup
[32.190s][info   ][gc            ] GC(119) Pause Cleanup 121M->121M(256M) 0.111ms
[32.190s][info   ][gc,cpu        ] GC(119) User=0.00s Sys=0.00s Real=0.00s
[32.190s][info   ][gc,marking    ] GC(119) Concurrent Cleanup for Next Mark
[32.191s][info   ][gc,marking    ] GC(119) Concurrent Cleanup for Next Mark 0.289ms
[32.191s][info   ][gc            ] GC(119) Concurrent Cycle 4.580ms
[32.240s][info   ][gc,start      ] GC(120) Pause Young (Concurrent Start) (G1 Humongous Allocation)
[32.240s][info   ][gc,task       ] GC(120) Using 6 workers of 9 for evacuation
[32.242s][info   ][gc,phases     ] GC(120)   Pre Evacuate Collection Set: 0.1ms
[32.242s][info   ][gc,phases     ] GC(120)   Evacuate Collection Set: 1.3ms
[32.243s][info   ][gc,phases     ] GC(120)   Post Evacuate Collection Set: 0.5ms
[32.243s][info   ][gc,phases     ] GC(120)   Other: 0.4ms
[32.243s][info   ][gc,heap       ] GC(120) Eden regions: 0->0(13)
[32.243s][info   ][gc,heap       ] GC(120) Survivor regions: 0->0(2)
[32.243s][info   ][gc,heap       ] GC(120) Old regions: 1->1
[32.243s][info   ][gc,heap       ] GC(120) Archive regions: 0->0
[32.243s][info   ][gc,heap       ] GC(120) Humongous regions: 121->120
[32.243s][info   ][gc,metaspace  ] GC(120) Metaspace: 3424K(4864K)->3424K(4864K) NonClass: 3120K(4352K)->3120K(4352K) Class: 304K(512K)->304K(512K)
[32.243s][info   ][gc            ] GC(120) Pause Young (Concurrent Start) (G1 Humongous Allocation) 121M->120M(256M) 2.579ms
[32.243s][info   ][gc,cpu        ] GC(120) User=0.01s Sys=0.00s Real=0.00s
[32.243s][info   ][gc            ] GC(121) Concurrent Cycle
[32.243s][info   ][gc,marking    ] GC(121) Concurrent Clear Claimed Marks
[32.243s][info   ][gc,marking    ] GC(121) Concurrent Clear Claimed Marks 0.015ms
[32.243s][info   ][gc,marking    ] GC(121) Concurrent Scan Root Regions
[32.243s][info   ][gc,marking    ] GC(121) Concurrent Scan Root Regions 0.009ms
[32.243s][info   ][gc,marking    ] GC(121) Concurrent Mark (32.243s)
[32.243s][info   ][gc,marking    ] GC(121) Concurrent Mark From Roots
[32.243s][info   ][gc,task       ] GC(121) Using 2 workers of 2 for marking
[32.244s][info   ][gc,marking    ] GC(121) Concurrent Mark From Roots 1.459ms
[32.244s][info   ][gc,marking    ] GC(121) Concurrent Preclean
[32.244s][info   ][gc,marking    ] GC(121) Concurrent Preclean 0.030ms
[32.244s][info   ][gc,marking    ] GC(121) Concurrent Mark (32.243s, 32.244s) 1.522ms
[32.244s][info   ][gc,start      ] GC(121) Pause Remark
[32.245s][info   ][gc,stringtable] GC(121) Cleaned string and symbol table, strings: 1384 processed, 0 removed, symbols: 16327 processed, 0 removed
[32.245s][info   ][gc            ] GC(121) Pause Remark 121M->121M(256M) 0.859ms
[32.245s][info   ][gc,cpu        ] GC(121) User=0.00s Sys=0.00s Real=0.00s
[32.245s][info   ][gc,marking    ] GC(121) Concurrent Rebuild Remembered Sets
[32.246s][info   ][gc,marking    ] GC(121) Concurrent Rebuild Remembered Sets 0.955ms
[32.246s][info   ][gc,start      ] GC(121) Pause Cleanup
[32.246s][info   ][gc            ] GC(121) Pause Cleanup 121M->121M(256M) 0.072ms
[32.246s][info   ][gc,cpu        ] GC(121) User=0.00s Sys=0.00s Real=0.00s
[32.246s][info   ][gc,marking    ] GC(121) Concurrent Cleanup for Next Mark
[32.247s][info   ][gc,marking    ] GC(121) Concurrent Cleanup for Next Mark 0.256ms
[32.247s][info   ][gc            ] GC(121) Concurrent Cycle 4.001ms
[32.296s][info   ][gc,start      ] GC(122) Pause Young (Concurrent Start) (G1 Humongous Allocation)
[32.296s][info   ][gc,task       ] GC(122) Using 6 workers of 9 for evacuation
[32.297s][info   ][gc,phases     ] GC(122)   Pre Evacuate Collection Set: 0.1ms
[32.297s][info   ][gc,phases     ] GC(122)   Evacuate Collection Set: 0.4ms
[32.297s][info   ][gc,phases     ] GC(122)   Post Evacuate Collection Set: 0.1ms
[32.297s][info   ][gc,phases     ] GC(122)   Other: 0.4ms
[32.297s][info   ][gc,heap       ] GC(122) Eden regions: 0->0(13)
[32.297s][info   ][gc,heap       ] GC(122) Survivor regions: 0->0(2)
[32.297s][info   ][gc,heap       ] GC(122) Old regions: 1->1
[32.297s][info   ][gc,heap       ] GC(122) Archive regions: 0->0
[32.297s][info   ][gc,heap       ] GC(122) Humongous regions: 121->120
[32.297s][info   ][gc,metaspace  ] GC(122) Metaspace: 3424K(4864K)->3424K(4864K) NonClass: 3120K(4352K)->3120K(4352K) Class: 304K(512K)->304K(512K)
[32.297s][info   ][gc            ] GC(122) Pause Young (Concurrent Start) (G1 Humongous Allocation) 121M->120M(256M) 1.063ms
[32.297s][info   ][gc,cpu        ] GC(122) User=0.00s Sys=0.00s Real=0.00s
[32.297s][info   ][gc            ] GC(123) Concurrent Cycle
[32.297s][info   ][gc,marking    ] GC(123) Concurrent Clear Claimed Marks
[32.297s][info   ][gc,marking    ] GC(123) Concurrent Clear Claimed Marks 0.018ms
[32.297s][info   ][gc,marking    ] GC(123) Concurrent Scan Root Regions
[32.297s][info   ][gc,marking    ] GC(123) Concurrent Scan Root Regions 0.011ms
[32.297s][info   ][gc,marking    ] GC(123) Concurrent Mark (32.297s)
[32.297s][info   ][gc,marking    ] GC(123) Concurrent Mark From Roots
[32.297s][info   ][gc,task       ] GC(123) Using 2 workers of 2 for marking
[32.299s][info   ][gc,marking    ] GC(123) Concurrent Mark From Roots 1.784ms
[32.299s][info   ][gc,marking    ] GC(123) Concurrent Preclean
[32.299s][info   ][gc,marking    ] GC(123) Concurrent Preclean 0.037ms
[32.299s][info   ][gc,marking    ] GC(123) Concurrent Mark (32.297s, 32.299s) 1.861ms
[32.299s][info   ][gc,start      ] GC(123) Pause Remark
[32.300s][info   ][gc,stringtable] GC(123) Cleaned string and symbol table, strings: 1384 processed, 0 removed, symbols: 16327 processed, 0 removed
[32.300s][info   ][gc            ] GC(123) Pause Remark 121M->121M(256M) 0.983ms
[32.300s][info   ][gc,cpu        ] GC(123) User=0.00s Sys=0.00s Real=0.01s
[32.300s][info   ][gc,marking    ] GC(123) Concurrent Rebuild Remembered Sets
[32.301s][info   ][gc,marking    ] GC(123) Concurrent Rebuild Remembered Sets 1.063ms
[32.301s][info   ][gc,start      ] GC(123) Pause Cleanup
[32.301s][info   ][gc            ] GC(123) Pause Cleanup 121M->121M(256M) 0.110ms
[32.301s][info   ][gc,cpu        ] GC(123) User=0.00s Sys=0.00s Real=0.00s
[32.301s][info   ][gc,marking    ] GC(123) Concurrent Cleanup for Next Mark
[32.302s][info   ][gc,marking    ] GC(123) Concurrent Cleanup for Next Mark 0.262ms
[32.302s][info   ][gc            ] GC(123) Concurrent Cycle 4.685ms
[32.351s][info   ][gc,start      ] GC(124) Pause Young (Concurrent Start) (G1 Humongous Allocation)
[32.351s][info   ][gc,task       ] GC(124) Using 6 workers of 9 for evacuation
[32.352s][info   ][gc,phases     ] GC(124)   Pre Evacuate Collection Set: 0.1ms
[32.352s][info   ][gc,phases     ] GC(124)   Evacuate Collection Set: 0.4ms
[32.352s][info   ][gc,phases     ] GC(124)   Post Evacuate Collection Set: 0.1ms
[32.352s][info   ][gc,phases     ] GC(124)   Other: 0.4ms
[32.352s][info   ][gc,heap       ] GC(124) Eden regions: 0->0(13)
[32.352s][info   ][gc,heap       ] GC(124) Survivor regions: 0->0(2)
[32.352s][info   ][gc,heap       ] GC(124) Old regions: 1->1
[32.352s][info   ][gc,heap       ] GC(124) Archive regions: 0->0
[32.352s][info   ][gc,heap       ] GC(124) Humongous regions: 121->120
[32.352s][info   ][gc,metaspace  ] GC(124) Metaspace: 3424K(4864K)->3424K(4864K) NonClass: 3120K(4352K)->3120K(4352K) Class: 304K(512K)->304K(512K)
[32.352s][info   ][gc            ] GC(124) Pause Young (Concurrent Start) (G1 Humongous Allocation) 121M->120M(256M) 1.213ms
[32.352s][info   ][gc,cpu        ] GC(124) User=0.00s Sys=0.00s Real=0.00s
[32.352s][info   ][gc            ] GC(125) Concurrent Cycle
[32.352s][info   ][gc,marking    ] GC(125) Concurrent Clear Claimed Marks
[32.352s][info   ][gc,marking    ] GC(125) Concurrent Clear Claimed Marks 0.023ms
[32.352s][info   ][gc,marking    ] GC(125) Concurrent Scan Root Regions
[32.352s][info   ][gc,marking    ] GC(125) Concurrent Scan Root Regions 0.016ms
[32.352s][info   ][gc,marking    ] GC(125) Concurrent Mark (32.352s)
[32.352s][info   ][gc,marking    ] GC(125) Concurrent Mark From Roots
[32.352s][info   ][gc,task       ] GC(125) Using 2 workers of 2 for marking
[32.354s][info   ][gc,marking    ] GC(125) Concurrent Mark From Roots 1.692ms
[32.354s][info   ][gc,marking    ] GC(125) Concurrent Preclean
[32.354s][info   ][gc,marking    ] GC(125) Concurrent Preclean 0.039ms
[32.354s][info   ][gc,marking    ] GC(125) Concurrent Mark (32.352s, 32.354s) 1.777ms
[32.354s][info   ][gc,start      ] GC(125) Pause Remark
[32.355s][info   ][gc,stringtable] GC(125) Cleaned string and symbol table, strings: 1384 processed, 0 removed, symbols: 16327 processed, 0 removed
[32.355s][info   ][gc            ] GC(125) Pause Remark 121M->121M(256M) 0.774ms
[32.355s][info   ][gc,cpu        ] GC(125) User=0.01s Sys=0.00s Real=0.00s
[32.355s][info   ][gc,marking    ] GC(125) Concurrent Rebuild Remembered Sets
[32.356s][info   ][gc,marking    ] GC(125) Concurrent Rebuild Remembered Sets 0.932ms
[32.356s][info   ][gc,start      ] GC(125) Pause Cleanup
[32.356s][info   ][gc            ] GC(125) Pause Cleanup 121M->121M(256M) 0.100ms
[32.356s][info   ][gc,cpu        ] GC(125) User=0.00s Sys=0.00s Real=0.00s
[32.356s][info   ][gc,marking    ] GC(125) Concurrent Cleanup for Next Mark
[32.356s][info   ][gc,marking    ] GC(125) Concurrent Cleanup for Next Mark 0.263ms
[32.356s][info   ][gc            ] GC(125) Concurrent Cycle 4.224ms
[32.406s][info   ][gc,start      ] GC(126) Pause Young (Concurrent Start) (G1 Humongous Allocation)
[32.406s][info   ][gc,task       ] GC(126) Using 6 workers of 9 for evacuation
[32.407s][info   ][gc,phases     ] GC(126)   Pre Evacuate Collection Set: 0.1ms
[32.407s][info   ][gc,phases     ] GC(126)   Evacuate Collection Set: 0.5ms
[32.407s][info   ][gc,phases     ] GC(126)   Post Evacuate Collection Set: 0.1ms
[32.407s][info   ][gc,phases     ] GC(126)   Other: 0.5ms
[32.407s][info   ][gc,heap       ] GC(126) Eden regions: 0->0(13)
[32.407s][info   ][gc,heap       ] GC(126) Survivor regions: 0->0(2)
[32.407s][info   ][gc,heap       ] GC(126) Old regions: 1->1
[32.407s][info   ][gc,heap       ] GC(126) Archive regions: 0->0
[32.407s][info   ][gc,heap       ] GC(126) Humongous regions: 121->120
[32.407s][info   ][gc,metaspace  ] GC(126) Metaspace: 3424K(4864K)->3424K(4864K) NonClass: 3120K(4352K)->3120K(4352K) Class: 304K(512K)->304K(512K)
[32.407s][info   ][gc            ] GC(126) Pause Young (Concurrent Start) (G1 Humongous Allocation) 121M->120M(256M) 1.465ms
[32.407s][info   ][gc,cpu        ] GC(126) User=0.00s Sys=0.00s Real=0.00s
[32.407s][info   ][gc            ] GC(127) Concurrent Cycle
[32.407s][info   ][gc,marking    ] GC(127) Concurrent Clear Claimed Marks
[32.407s][info   ][gc,marking    ] GC(127) Concurrent Clear Claimed Marks 0.032ms
[32.407s][info   ][gc,marking    ] GC(127) Concurrent Scan Root Regions
[32.407s][info   ][gc,marking    ] GC(127) Concurrent Scan Root Regions 0.018ms
[32.407s][info   ][gc,marking    ] GC(127) Concurrent Mark (32.407s)
[32.407s][info   ][gc,marking    ] GC(127) Concurrent Mark From Roots
[32.407s][info   ][gc,task       ] GC(127) Using 2 workers of 2 for marking
[32.409s][info   ][gc,marking    ] GC(127) Concurrent Mark From Roots 2.064ms
[32.409s][info   ][gc,marking    ] GC(127) Concurrent Preclean
[32.409s][info   ][gc,marking    ] GC(127) Concurrent Preclean 0.036ms
[32.409s][info   ][gc,marking    ] GC(127) Concurrent Mark (32.407s, 32.409s) 2.140ms
[32.409s][info   ][gc,start      ] GC(127) Pause Remark
[32.411s][info   ][gc,stringtable] GC(127) Cleaned string and symbol table, strings: 1384 processed, 0 removed, symbols: 16327 processed, 0 removed
[32.411s][info   ][gc            ] GC(127) Pause Remark 123M->123M(256M) 1.519ms
[32.411s][info   ][gc,cpu        ] GC(127) User=0.00s Sys=0.00s Real=0.00s
[32.411s][info   ][gc,marking    ] GC(127) Concurrent Rebuild Remembered Sets
[32.412s][info   ][gc,marking    ] GC(127) Concurrent Rebuild Remembered Sets 0.952ms
[32.412s][info   ][gc,start      ] GC(127) Pause Cleanup
[32.412s][info   ][gc            ] GC(127) Pause Cleanup 123M->123M(256M) 0.069ms
[32.412s][info   ][gc,cpu        ] GC(127) User=0.00s Sys=0.00s Real=0.00s
[32.412s][info   ][gc,marking    ] GC(127) Concurrent Cleanup for Next Mark
[32.412s][info   ][gc,marking    ] GC(127) Concurrent Cleanup for Next Mark 0.245ms
[32.412s][info   ][gc            ] GC(127) Concurrent Cycle 5.323ms
[32.462s][info   ][gc,start      ] GC(128) Pause Young (Concurrent Start) (G1 Humongous Allocation)
[32.463s][info   ][gc,task       ] GC(128) Using 6 workers of 9 for evacuation
[32.463s][info   ][gc,phases     ] GC(128)   Pre Evacuate Collection Set: 0.1ms
[32.463s][info   ][gc,phases     ] GC(128)   Evacuate Collection Set: 0.3ms
[32.464s][info   ][gc,phases     ] GC(128)   Post Evacuate Collection Set: 0.1ms
[32.464s][info   ][gc,phases     ] GC(128)   Other: 0.5ms
[32.464s][info   ][gc,heap       ] GC(128) Eden regions: 0->0(13)
[32.464s][info   ][gc,heap       ] GC(128) Survivor regions: 0->0(2)
[32.464s][info   ][gc,heap       ] GC(128) Old regions: 1->1
[32.464s][info   ][gc,heap       ] GC(128) Archive regions: 0->0
[32.464s][info   ][gc,heap       ] GC(128) Humongous regions: 123->122
[32.464s][info   ][gc,metaspace  ] GC(128) Metaspace: 3424K(4864K)->3424K(4864K) NonClass: 3120K(4352K)->3120K(4352K) Class: 304K(512K)->304K(512K)
[32.464s][info   ][gc            ] GC(128) Pause Young (Concurrent Start) (G1 Humongous Allocation) 123M->122M(256M) 1.177ms
[32.464s][info   ][gc,cpu        ] GC(128) User=0.00s Sys=0.00s Real=0.00s
[32.464s][info   ][gc            ] GC(129) Concurrent Cycle
[32.464s][info   ][gc,marking    ] GC(129) Concurrent Clear Claimed Marks
[32.464s][info   ][gc,marking    ] GC(129) Concurrent Clear Claimed Marks 0.014ms
[32.464s][info   ][gc,marking    ] GC(129) Concurrent Scan Root Regions
[32.464s][info   ][gc,marking    ] GC(129) Concurrent Scan Root Regions 0.009ms
[32.464s][info   ][gc,marking    ] GC(129) Concurrent Mark (32.464s)
[32.464s][info   ][gc,marking    ] GC(129) Concurrent Mark From Roots
[32.464s][info   ][gc,task       ] GC(129) Using 2 workers of 2 for marking
[32.466s][info   ][gc,marking    ] GC(129) Concurrent Mark From Roots 2.106ms
[32.466s][info   ][gc,marking    ] GC(129) Concurrent Preclean
[32.466s][info   ][gc,marking    ] GC(129) Concurrent Preclean 0.035ms
[32.466s][info   ][gc,marking    ] GC(129) Concurrent Mark (32.464s, 32.466s) 2.184ms
[32.466s][info   ][gc,start      ] GC(129) Pause Remark
[32.466s][info   ][gc,stringtable] GC(129) Cleaned string and symbol table, strings: 1384 processed, 0 removed, symbols: 16327 processed, 0 removed
[32.467s][info   ][gc            ] GC(129) Pause Remark 123M->123M(256M) 0.506ms
[32.467s][info   ][gc,cpu        ] GC(129) User=0.00s Sys=0.00s Real=0.00s
[32.467s][info   ][gc,marking    ] GC(129) Concurrent Rebuild Remembered Sets
[32.468s][info   ][gc,marking    ] GC(129) Concurrent Rebuild Remembered Sets 0.983ms
[32.468s][info   ][gc,start      ] GC(129) Pause Cleanup
[32.468s][info   ][gc            ] GC(129) Pause Cleanup 123M->123M(256M) 0.094ms
[32.468s][info   ][gc,cpu        ] GC(129) User=0.00s Sys=0.00s Real=0.00s
[32.468s][info   ][gc,marking    ] GC(129) Concurrent Cleanup for Next Mark
[32.468s][info   ][gc,marking    ] GC(129) Concurrent Cleanup for Next Mark 0.258ms
[32.468s][info   ][gc            ] GC(129) Concurrent Cycle 4.437ms
[32.517s][info   ][gc,start      ] GC(130) Pause Young (Concurrent Start) (G1 Humongous Allocation)
[32.517s][info   ][gc,task       ] GC(130) Using 6 workers of 9 for evacuation
[32.518s][info   ][gc,phases     ] GC(130)   Pre Evacuate Collection Set: 0.2ms
[32.518s][info   ][gc,phases     ] GC(130)   Evacuate Collection Set: 0.5ms
[32.518s][info   ][gc,phases     ] GC(130)   Post Evacuate Collection Set: 0.1ms
[32.518s][info   ][gc,phases     ] GC(130)   Other: 0.6ms
[32.518s][info   ][gc,heap       ] GC(130) Eden regions: 0->0(13)
[32.518s][info   ][gc,heap       ] GC(130) Survivor regions: 0->0(2)
[32.518s][info   ][gc,heap       ] GC(130) Old regions: 1->1
[32.518s][info   ][gc,heap       ] GC(130) Archive regions: 0->0
[32.518s][info   ][gc,heap       ] GC(130) Humongous regions: 123->122
[32.518s][info   ][gc,metaspace  ] GC(130) Metaspace: 3424K(4864K)->3424K(4864K) NonClass: 3120K(4352K)->3120K(4352K) Class: 304K(512K)->304K(512K)
[32.518s][info   ][gc            ] GC(130) Pause Young (Concurrent Start) (G1 Humongous Allocation) 123M->122M(256M) 1.538ms
[32.519s][info   ][gc,cpu        ] GC(130) User=0.01s Sys=0.00s Real=0.00s
[32.519s][info   ][gc            ] GC(131) Concurrent Cycle
[32.519s][info   ][gc,marking    ] GC(131) Concurrent Clear Claimed Marks
[32.519s][info   ][gc,marking    ] GC(131) Concurrent Clear Claimed Marks 0.027ms
[32.519s][info   ][gc,marking    ] GC(131) Concurrent Scan Root Regions
[32.519s][info   ][gc,marking    ] GC(131) Concurrent Scan Root Regions 0.011ms
[32.519s][info   ][gc,marking    ] GC(131) Concurrent Mark (32.519s)
[32.519s][info   ][gc,marking    ] GC(131) Concurrent Mark From Roots
[32.519s][info   ][gc,task       ] GC(131) Using 2 workers of 2 for marking
[32.521s][info   ][gc,marking    ] GC(131) Concurrent Mark From Roots 1.986ms
[32.521s][info   ][gc,marking    ] GC(131) Concurrent Preclean
[32.521s][info   ][gc,marking    ] GC(131) Concurrent Preclean 0.034ms
[32.521s][info   ][gc,marking    ] GC(131) Concurrent Mark (32.519s, 32.521s) 2.112ms
[32.521s][info   ][gc,start      ] GC(131) Pause Remark
[32.521s][info   ][gc,stringtable] GC(131) Cleaned string and symbol table, strings: 1384 processed, 0 removed, symbols: 16327 processed, 0 removed
[32.521s][info   ][gc            ] GC(131) Pause Remark 123M->123M(256M) 0.466ms
[32.521s][info   ][gc,cpu        ] GC(131) User=0.00s Sys=0.00s Real=0.00s
[32.521s][info   ][gc,marking    ] GC(131) Concurrent Rebuild Remembered Sets
[32.522s][info   ][gc,marking    ] GC(131) Concurrent Rebuild Remembered Sets 0.779ms
[32.522s][info   ][gc,start      ] GC(131) Pause Cleanup
[32.522s][info   ][gc            ] GC(131) Pause Cleanup 123M->123M(256M) 0.065ms
[32.522s][info   ][gc,cpu        ] GC(131) User=0.00s Sys=0.00s Real=0.00s
[32.522s][info   ][gc,marking    ] GC(131) Concurrent Cleanup for Next Mark
[32.523s][info   ][gc,marking    ] GC(131) Concurrent Cleanup for Next Mark 0.320ms
[32.523s][info   ][gc            ] GC(131) Concurrent Cycle 4.186ms
[32.571s][info   ][gc,start      ] GC(132) Pause Young (Concurrent Start) (G1 Humongous Allocation)
[32.571s][info   ][gc,task       ] GC(132) Using 6 workers of 9 for evacuation
[32.572s][info   ][gc,phases     ] GC(132)   Pre Evacuate Collection Set: 0.1ms
[32.572s][info   ][gc,phases     ] GC(132)   Evacuate Collection Set: 0.7ms
[32.572s][info   ][gc,phases     ] GC(132)   Post Evacuate Collection Set: 0.1ms
[32.572s][info   ][gc,phases     ] GC(132)   Other: 0.3ms
[32.572s][info   ][gc,heap       ] GC(132) Eden regions: 0->0(13)
[32.572s][info   ][gc,heap       ] GC(132) Survivor regions: 0->0(2)
[32.572s][info   ][gc,heap       ] GC(132) Old regions: 1->1
[32.572s][info   ][gc,heap       ] GC(132) Archive regions: 0->0
[32.572s][info   ][gc,heap       ] GC(132) Humongous regions: 123->122
[32.572s][info   ][gc,metaspace  ] GC(132) Metaspace: 3424K(4864K)->3424K(4864K) NonClass: 3120K(4352K)->3120K(4352K) Class: 304K(512K)->304K(512K)
[32.572s][info   ][gc            ] GC(132) Pause Young (Concurrent Start) (G1 Humongous Allocation) 123M->122M(256M) 1.381ms
[32.572s][info   ][gc,cpu        ] GC(132) User=0.00s Sys=0.00s Real=0.00s
[32.572s][info   ][gc            ] GC(133) Concurrent Cycle
[32.572s][info   ][gc,marking    ] GC(133) Concurrent Clear Claimed Marks
[32.572s][info   ][gc,marking    ] GC(133) Concurrent Clear Claimed Marks 0.014ms
[32.572s][info   ][gc,marking    ] GC(133) Concurrent Scan Root Regions
[32.572s][info   ][gc,marking    ] GC(133) Concurrent Scan Root Regions 0.011ms
[32.572s][info   ][gc,marking    ] GC(133) Concurrent Mark (32.572s)
[32.572s][info   ][gc,marking    ] GC(133) Concurrent Mark From Roots
[32.572s][info   ][gc,task       ] GC(133) Using 2 workers of 2 for marking
[32.574s][info   ][gc,marking    ] GC(133) Concurrent Mark From Roots 1.754ms
[32.574s][info   ][gc,marking    ] GC(133) Concurrent Preclean
[32.574s][info   ][gc,marking    ] GC(133) Concurrent Preclean 0.040ms
[32.574s][info   ][gc,marking    ] GC(133) Concurrent Mark (32.572s, 32.574s) 1.864ms
[32.574s][info   ][gc,start      ] GC(133) Pause Remark
[32.575s][info   ][gc,stringtable] GC(133) Cleaned string and symbol table, strings: 1384 processed, 0 removed, symbols: 16327 processed, 0 removed
[32.575s][info   ][gc            ] GC(133) Pause Remark 123M->123M(256M) 0.570ms
[32.575s][info   ][gc,cpu        ] GC(133) User=0.00s Sys=0.00s Real=0.00s
[32.575s][info   ][gc,marking    ] GC(133) Concurrent Rebuild Remembered Sets
[32.576s][info   ][gc,marking    ] GC(133) Concurrent Rebuild Remembered Sets 0.984ms
[32.576s][info   ][gc,start      ] GC(133) Pause Cleanup
[32.576s][info   ][gc            ] GC(133) Pause Cleanup 123M->123M(256M) 0.107ms
[32.576s][info   ][gc,cpu        ] GC(133) User=0.00s Sys=0.00s Real=0.00s
[32.576s][info   ][gc,marking    ] GC(133) Concurrent Cleanup for Next Mark
[32.577s][info   ][gc,marking    ] GC(133) Concurrent Cleanup for Next Mark 0.415ms
[32.577s][info   ][gc            ] GC(133) Concurrent Cycle 4.333ms
[32.626s][info   ][gc,start      ] GC(134) Pause Young (Concurrent Start) (G1 Humongous Allocation)
[32.626s][info   ][gc,task       ] GC(134) Using 6 workers of 9 for evacuation
[32.627s][info   ][gc,phases     ] GC(134)   Pre Evacuate Collection Set: 0.1ms
[32.627s][info   ][gc,phases     ] GC(134)   Evacuate Collection Set: 0.5ms
[32.627s][info   ][gc,phases     ] GC(134)   Post Evacuate Collection Set: 0.1ms
[32.627s][info   ][gc,phases     ] GC(134)   Other: 0.6ms
[32.627s][info   ][gc,heap       ] GC(134) Eden regions: 0->0(13)
[32.627s][info   ][gc,heap       ] GC(134) Survivor regions: 0->0(2)
[32.627s][info   ][gc,heap       ] GC(134) Old regions: 1->1
[32.627s][info   ][gc,heap       ] GC(134) Archive regions: 0->0
[32.627s][info   ][gc,heap       ] GC(134) Humongous regions: 123->122
[32.627s][info   ][gc,metaspace  ] GC(134) Metaspace: 3424K(4864K)->3424K(4864K) NonClass: 3120K(4352K)->3120K(4352K) Class: 304K(512K)->304K(512K)
[32.627s][info   ][gc            ] GC(134) Pause Young (Concurrent Start) (G1 Humongous Allocation) 123M->122M(256M) 1.570ms
[32.627s][info   ][gc,cpu        ] GC(134) User=0.00s Sys=0.00s Real=0.00s
[32.627s][info   ][gc            ] GC(135) Concurrent Cycle
[32.628s][info   ][gc,marking    ] GC(135) Concurrent Clear Claimed Marks
[32.628s][info   ][gc,marking    ] GC(135) Concurrent Clear Claimed Marks 0.027ms
[32.628s][info   ][gc,marking    ] GC(135) Concurrent Scan Root Regions
[32.628s][info   ][gc,marking    ] GC(135) Concurrent Scan Root Regions 0.021ms
[32.628s][info   ][gc,marking    ] GC(135) Concurrent Mark (32.628s)
[32.628s][info   ][gc,marking    ] GC(135) Concurrent Mark From Roots
[32.628s][info   ][gc,task       ] GC(135) Using 2 workers of 2 for marking
[32.631s][info   ][gc,marking    ] GC(135) Concurrent Mark From Roots 2.913ms
[32.631s][info   ][gc,marking    ] GC(135) Concurrent Preclean
[32.631s][info   ][gc,marking    ] GC(135) Concurrent Preclean 0.037ms
[32.631s][info   ][gc,marking    ] GC(135) Concurrent Mark (32.628s, 32.631s) 3.096ms
[32.631s][info   ][gc,start      ] GC(135) Pause Remark
[32.631s][info   ][gc,stringtable] GC(135) Cleaned string and symbol table, strings: 1384 processed, 0 removed, symbols: 16327 processed, 0 removed
[32.631s][info   ][gc            ] GC(135) Pause Remark 123M->123M(256M) 0.551ms
[32.631s][info   ][gc,cpu        ] GC(135) User=0.00s Sys=0.00s Real=0.00s
[32.631s][info   ][gc,marking    ] GC(135) Concurrent Rebuild Remembered Sets
[32.632s][info   ][gc,marking    ] GC(135) Concurrent Rebuild Remembered Sets 0.997ms
[32.633s][info   ][gc,start      ] GC(135) Pause Cleanup
[32.633s][info   ][gc            ] GC(135) Pause Cleanup 123M->123M(256M) 0.083ms
[32.633s][info   ][gc,cpu        ] GC(135) User=0.00s Sys=0.00s Real=0.00s
[32.633s][info   ][gc,marking    ] GC(135) Concurrent Cleanup for Next Mark
[32.633s][info   ][gc,marking    ] GC(135) Concurrent Cleanup for Next Mark 0.313ms
[32.633s][info   ][gc            ] GC(135) Concurrent Cycle 5.502ms
[32.681s][info   ][gc,start      ] GC(136) Pause Young (Concurrent Start) (G1 Humongous Allocation)
[32.682s][info   ][gc,task       ] GC(136) Using 6 workers of 9 for evacuation
[32.683s][info   ][gc,phases     ] GC(136)   Pre Evacuate Collection Set: 0.1ms
[32.683s][info   ][gc,phases     ] GC(136)   Evacuate Collection Set: 0.5ms
[32.683s][info   ][gc,phases     ] GC(136)   Post Evacuate Collection Set: 0.1ms
[32.683s][info   ][gc,phases     ] GC(136)   Other: 0.5ms
[32.683s][info   ][gc,heap       ] GC(136) Eden regions: 0->0(13)
[32.683s][info   ][gc,heap       ] GC(136) Survivor regions: 0->0(2)
[32.683s][info   ][gc,heap       ] GC(136) Old regions: 1->1
[32.683s][info   ][gc,heap       ] GC(136) Archive regions: 0->0
[32.683s][info   ][gc,heap       ] GC(136) Humongous regions: 123->122
[32.683s][info   ][gc,metaspace  ] GC(136) Metaspace: 3424K(4864K)->3424K(4864K) NonClass: 3120K(4352K)->3120K(4352K) Class: 304K(512K)->304K(512K)
[32.683s][info   ][gc            ] GC(136) Pause Young (Concurrent Start) (G1 Humongous Allocation) 123M->122M(256M) 1.507ms
[32.683s][info   ][gc,cpu        ] GC(136) User=0.00s Sys=0.00s Real=0.00s
[32.683s][info   ][gc            ] GC(137) Concurrent Cycle
[32.683s][info   ][gc,marking    ] GC(137) Concurrent Clear Claimed Marks
[32.683s][info   ][gc,marking    ] GC(137) Concurrent Clear Claimed Marks 0.022ms
[32.683s][info   ][gc,marking    ] GC(137) Concurrent Scan Root Regions
[32.683s][info   ][gc,marking    ] GC(137) Concurrent Scan Root Regions 0.019ms
[32.683s][info   ][gc,marking    ] GC(137) Concurrent Mark (32.683s)
[32.683s][info   ][gc,marking    ] GC(137) Concurrent Mark From Roots
[32.683s][info   ][gc,task       ] GC(137) Using 2 workers of 2 for marking
[32.685s][info   ][gc,marking    ] GC(137) Concurrent Mark From Roots 1.930ms
[32.685s][info   ][gc,marking    ] GC(137) Concurrent Preclean
[32.685s][info   ][gc,marking    ] GC(137) Concurrent Preclean 0.041ms
[32.685s][info   ][gc,marking    ] GC(137) Concurrent Mark (32.683s, 32.685s) 2.022ms
[32.685s][info   ][gc,start      ] GC(137) Pause Remark
[32.686s][info   ][gc,stringtable] GC(137) Cleaned string and symbol table, strings: 1384 processed, 0 removed, symbols: 16327 processed, 0 removed
[32.686s][info   ][gc            ] GC(137) Pause Remark 123M->123M(256M) 0.630ms
[32.686s][info   ][gc,cpu        ] GC(137) User=0.00s Sys=0.00s Real=0.00s
[32.686s][info   ][gc,marking    ] GC(137) Concurrent Rebuild Remembered Sets
[32.687s][info   ][gc,marking    ] GC(137) Concurrent Rebuild Remembered Sets 0.998ms
[32.687s][info   ][gc,start      ] GC(137) Pause Cleanup
[32.687s][info   ][gc            ] GC(137) Pause Cleanup 123M->123M(256M) 0.087ms
[32.687s][info   ][gc,cpu        ] GC(137) User=0.00s Sys=0.00s Real=0.00s
[32.687s][info   ][gc,marking    ] GC(137) Concurrent Cleanup for Next Mark
[32.687s][info   ][gc,marking    ] GC(137) Concurrent Cleanup for Next Mark 0.324ms
[32.687s][info   ][gc            ] GC(137) Concurrent Cycle 4.506ms
[32.735s][info   ][gc,start      ] GC(138) Pause Young (Concurrent Start) (G1 Humongous Allocation)
[32.735s][info   ][gc,task       ] GC(138) Using 6 workers of 9 for evacuation
[32.736s][info   ][gc,phases     ] GC(138)   Pre Evacuate Collection Set: 0.1ms
[32.736s][info   ][gc,phases     ] GC(138)   Evacuate Collection Set: 0.4ms
[32.736s][info   ][gc,phases     ] GC(138)   Post Evacuate Collection Set: 0.1ms
[32.736s][info   ][gc,phases     ] GC(138)   Other: 0.4ms
[32.736s][info   ][gc,heap       ] GC(138) Eden regions: 0->0(13)
[32.736s][info   ][gc,heap       ] GC(138) Survivor regions: 0->0(2)
[32.736s][info   ][gc,heap       ] GC(138) Old regions: 1->1
[32.736s][info   ][gc,heap       ] GC(138) Archive regions: 0->0
[32.736s][info   ][gc,heap       ] GC(138) Humongous regions: 123->122
[32.736s][info   ][gc,metaspace  ] GC(138) Metaspace: 3424K(4864K)->3424K(4864K) NonClass: 3120K(4352K)->3120K(4352K) Class: 304K(512K)->304K(512K)
[32.736s][info   ][gc            ] GC(138) Pause Young (Concurrent Start) (G1 Humongous Allocation) 123M->122M(256M) 1.258ms
[32.736s][info   ][gc,cpu        ] GC(138) User=0.00s Sys=0.00s Real=0.00s
[32.736s][info   ][gc            ] GC(139) Concurrent Cycle
[32.736s][info   ][gc,marking    ] GC(139) Concurrent Clear Claimed Marks
[32.736s][info   ][gc,marking    ] GC(139) Concurrent Clear Claimed Marks 0.023ms
[32.736s][info   ][gc,marking    ] GC(139) Concurrent Scan Root Regions
[32.736s][info   ][gc,marking    ] GC(139) Concurrent Scan Root Regions 0.016ms
[32.736s][info   ][gc,marking    ] GC(139) Concurrent Mark (32.736s)
[32.736s][info   ][gc,marking    ] GC(139) Concurrent Mark From Roots
[32.736s][info   ][gc,task       ] GC(139) Using 2 workers of 2 for marking
[32.739s][info   ][gc,marking    ] GC(139) Concurrent Mark From Roots 2.702ms
[32.739s][info   ][gc,marking    ] GC(139) Concurrent Preclean
[32.739s][info   ][gc,marking    ] GC(139) Concurrent Preclean 0.105ms
[32.739s][info   ][gc,marking    ] GC(139) Concurrent Mark (32.736s, 32.739s) 3.031ms
[32.739s][info   ][gc,start      ] GC(139) Pause Remark
[32.741s][info   ][gc,stringtable] GC(139) Cleaned string and symbol table, strings: 1384 processed, 0 removed, symbols: 16327 processed, 0 removed
[32.741s][info   ][gc            ] GC(139) Pause Remark 123M->123M(256M) 2.015ms
[32.741s][info   ][gc,cpu        ] GC(139) User=0.01s Sys=0.00s Real=0.00s
[32.742s][info   ][gc,marking    ] GC(139) Concurrent Rebuild Remembered Sets
[32.742s][info   ][gc,marking    ] GC(139) Concurrent Rebuild Remembered Sets 0.932ms
[32.743s][info   ][gc,start      ] GC(139) Pause Cleanup
[32.743s][info   ][gc            ] GC(139) Pause Cleanup 123M->123M(256M) 0.111ms
[32.743s][info   ][gc,cpu        ] GC(139) User=0.00s Sys=0.00s Real=0.00s
[32.743s][info   ][gc,marking    ] GC(139) Concurrent Cleanup for Next Mark
[32.743s][info   ][gc,marking    ] GC(139) Concurrent Cleanup for Next Mark 0.334ms
[32.743s][info   ][gc            ] GC(139) Concurrent Cycle 6.937ms
[32.792s][info   ][gc,start      ] GC(140) Pause Young (Concurrent Start) (G1 Humongous Allocation)
[32.792s][info   ][gc,task       ] GC(140) Using 6 workers of 9 for evacuation
[32.793s][info   ][gc,phases     ] GC(140)   Pre Evacuate Collection Set: 0.2ms
[32.793s][info   ][gc,phases     ] GC(140)   Evacuate Collection Set: 0.5ms
[32.793s][info   ][gc,phases     ] GC(140)   Post Evacuate Collection Set: 0.1ms
[32.793s][info   ][gc,phases     ] GC(140)   Other: 0.6ms
[32.793s][info   ][gc,heap       ] GC(140) Eden regions: 0->0(13)
[32.793s][info   ][gc,heap       ] GC(140) Survivor regions: 0->0(2)
[32.793s][info   ][gc,heap       ] GC(140) Old regions: 1->1
[32.793s][info   ][gc,heap       ] GC(140) Archive regions: 0->0
[32.793s][info   ][gc,heap       ] GC(140) Humongous regions: 123->122
[32.793s][info   ][gc,metaspace  ] GC(140) Metaspace: 3424K(4864K)->3424K(4864K) NonClass: 3120K(4352K)->3120K(4352K) Class: 304K(512K)->304K(512K)
[32.793s][info   ][gc            ] GC(140) Pause Young (Concurrent Start) (G1 Humongous Allocation) 123M->122M(256M) 1.588ms
[32.793s][info   ][gc,cpu        ] GC(140) User=0.00s Sys=0.00s Real=0.00s
[32.793s][info   ][gc            ] GC(141) Concurrent Cycle
[32.793s][info   ][gc,marking    ] GC(141) Concurrent Clear Claimed Marks
[32.793s][info   ][gc,marking    ] GC(141) Concurrent Clear Claimed Marks 0.013ms
[32.793s][info   ][gc,marking    ] GC(141) Concurrent Scan Root Regions
[32.793s][info   ][gc,marking    ] GC(141) Concurrent Scan Root Regions 0.010ms
[32.793s][info   ][gc,marking    ] GC(141) Concurrent Mark (32.793s)
[32.793s][info   ][gc,marking    ] GC(141) Concurrent Mark From Roots
[32.793s][info   ][gc,task       ] GC(141) Using 2 workers of 2 for marking
[32.795s][info   ][gc,marking    ] GC(141) Concurrent Mark From Roots 1.720ms
[32.795s][info   ][gc,marking    ] GC(141) Concurrent Preclean
[32.795s][info   ][gc,marking    ] GC(141) Concurrent Preclean 0.033ms
[32.795s][info   ][gc,marking    ] GC(141) Concurrent Mark (32.793s, 32.795s) 1.790ms
[32.795s][info   ][gc,start      ] GC(141) Pause Remark
[32.796s][info   ][gc,stringtable] GC(141) Cleaned string and symbol table, strings: 1384 processed, 0 removed, symbols: 16327 processed, 0 removed
[32.796s][info   ][gc            ] GC(141) Pause Remark 123M->123M(256M) 0.650ms
[32.796s][info   ][gc,cpu        ] GC(141) User=0.00s Sys=0.00s Real=0.00s
[32.796s][info   ][gc,marking    ] GC(141) Concurrent Rebuild Remembered Sets
[32.797s][info   ][gc,marking    ] GC(141) Concurrent Rebuild Remembered Sets 1.069ms
[32.797s][info   ][gc,start      ] GC(141) Pause Cleanup
[32.797s][info   ][gc            ] GC(141) Pause Cleanup 123M->123M(256M) 0.114ms
[32.797s][info   ][gc,cpu        ] GC(141) User=0.00s Sys=0.00s Real=0.00s
[32.797s][info   ][gc,marking    ] GC(141) Concurrent Cleanup for Next Mark
[32.798s][info   ][gc,marking    ] GC(141) Concurrent Cleanup for Next Mark 0.283ms
[32.798s][info   ][gc            ] GC(141) Concurrent Cycle 4.275ms
[32.848s][info   ][gc,start      ] GC(142) Pause Young (Concurrent Start) (G1 Humongous Allocation)
[32.848s][info   ][gc,task       ] GC(142) Using 6 workers of 9 for evacuation
[32.849s][info   ][gc,phases     ] GC(142)   Pre Evacuate Collection Set: 0.1ms
[32.849s][info   ][gc,phases     ] GC(142)   Evacuate Collection Set: 0.5ms
[32.849s][info   ][gc,phases     ] GC(142)   Post Evacuate Collection Set: 0.1ms
[32.849s][info   ][gc,phases     ] GC(142)   Other: 0.5ms
[32.849s][info   ][gc,heap       ] GC(142) Eden regions: 0->0(13)
[32.849s][info   ][gc,heap       ] GC(142) Survivor regions: 0->0(2)
[32.849s][info   ][gc,heap       ] GC(142) Old regions: 1->1
[32.849s][info   ][gc,heap       ] GC(142) Archive regions: 0->0
[32.849s][info   ][gc,heap       ] GC(142) Humongous regions: 123->122
[32.849s][info   ][gc,metaspace  ] GC(142) Metaspace: 3424K(4864K)->3424K(4864K) NonClass: 3120K(4352K)->3120K(4352K) Class: 304K(512K)->304K(512K)
[32.850s][info   ][gc            ] GC(142) Pause Young (Concurrent Start) (G1 Humongous Allocation) 123M->122M(256M) 1.437ms
[32.850s][info   ][gc,cpu        ] GC(142) User=0.00s Sys=0.00s Real=0.01s
[32.850s][info   ][gc            ] GC(143) Concurrent Cycle
[32.850s][info   ][gc,marking    ] GC(143) Concurrent Clear Claimed Marks
[32.850s][info   ][gc,marking    ] GC(143) Concurrent Clear Claimed Marks 0.026ms
[32.850s][info   ][gc,marking    ] GC(143) Concurrent Scan Root Regions
[32.850s][info   ][gc,marking    ] GC(143) Concurrent Scan Root Regions 0.016ms
[32.850s][info   ][gc,marking    ] GC(143) Concurrent Mark (32.850s)
[32.850s][info   ][gc,marking    ] GC(143) Concurrent Mark From Roots
[32.850s][info   ][gc,task       ] GC(143) Using 2 workers of 2 for marking
[32.852s][info   ][gc,marking    ] GC(143) Concurrent Mark From Roots 2.230ms
[32.852s][info   ][gc,marking    ] GC(143) Concurrent Preclean
[32.852s][info   ][gc,marking    ] GC(143) Concurrent Preclean 0.068ms
[32.852s][info   ][gc,marking    ] GC(143) Concurrent Mark (32.850s, 32.852s) 2.345ms
[32.852s][info   ][gc,start      ] GC(143) Pause Remark
[32.853s][info   ][gc,stringtable] GC(143) Cleaned string and symbol table, strings: 1384 processed, 0 removed, symbols: 16327 processed, 0 removed
[32.853s][info   ][gc            ] GC(143) Pause Remark 123M->123M(256M) 1.310ms
[32.853s][info   ][gc,cpu        ] GC(143) User=0.00s Sys=0.00s Real=0.00s
[32.853s][info   ][gc,marking    ] GC(143) Concurrent Rebuild Remembered Sets
[32.854s][info   ][gc,marking    ] GC(143) Concurrent Rebuild Remembered Sets 0.977ms
[32.855s][info   ][gc,start      ] GC(143) Pause Cleanup
[32.855s][info   ][gc            ] GC(143) Pause Cleanup 123M->123M(256M) 0.096ms
[32.855s][info   ][gc,cpu        ] GC(143) User=0.00s Sys=0.00s Real=0.00s
[32.855s][info   ][gc,marking    ] GC(143) Concurrent Cleanup for Next Mark
[32.855s][info   ][gc,marking    ] GC(143) Concurrent Cleanup for Next Mark 0.293ms
[32.855s][info   ][gc            ] GC(143) Concurrent Cycle 5.424ms
[32.905s][info   ][gc,start      ] GC(144) Pause Young (Concurrent Start) (G1 Humongous Allocation)
[32.905s][info   ][gc,task       ] GC(144) Using 6 workers of 9 for evacuation
[32.907s][info   ][gc,phases     ] GC(144)   Pre Evacuate Collection Set: 0.2ms
[32.907s][info   ][gc,phases     ] GC(144)   Evacuate Collection Set: 1.2ms
[32.907s][info   ][gc,phases     ] GC(144)   Post Evacuate Collection Set: 0.1ms
[32.907s][info   ][gc,phases     ] GC(144)   Other: 0.6ms
[32.907s][info   ][gc,heap       ] GC(144) Eden regions: 0->0(13)
[32.907s][info   ][gc,heap       ] GC(144) Survivor regions: 0->0(2)
[32.907s][info   ][gc,heap       ] GC(144) Old regions: 1->1
[32.907s][info   ][gc,heap       ] GC(144) Archive regions: 0->0
[32.907s][info   ][gc,heap       ] GC(144) Humongous regions: 123->122
[32.907s][info   ][gc,metaspace  ] GC(144) Metaspace: 3424K(4864K)->3424K(4864K) NonClass: 3120K(4352K)->3120K(4352K) Class: 304K(512K)->304K(512K)
[32.907s][info   ][gc            ] GC(144) Pause Young (Concurrent Start) (G1 Humongous Allocation) 123M->122M(256M) 2.224ms
[32.907s][info   ][gc,cpu        ] GC(144) User=0.00s Sys=0.00s Real=0.00s
[32.907s][info   ][gc            ] GC(145) Concurrent Cycle
[32.907s][info   ][gc,marking    ] GC(145) Concurrent Clear Claimed Marks
[32.907s][info   ][gc,marking    ] GC(145) Concurrent Clear Claimed Marks 0.018ms
[32.907s][info   ][gc,marking    ] GC(145) Concurrent Scan Root Regions
[32.907s][info   ][gc,marking    ] GC(145) Concurrent Scan Root Regions 0.012ms
[32.907s][info   ][gc,marking    ] GC(145) Concurrent Mark (32.907s)
[32.907s][info   ][gc,marking    ] GC(145) Concurrent Mark From Roots
[32.907s][info   ][gc,task       ] GC(145) Using 2 workers of 2 for marking
[32.909s][info   ][gc,marking    ] GC(145) Concurrent Mark From Roots 2.260ms
[32.909s][info   ][gc,marking    ] GC(145) Concurrent Preclean
[32.909s][info   ][gc,marking    ] GC(145) Concurrent Preclean 0.036ms
[32.909s][info   ][gc,marking    ] GC(145) Concurrent Mark (32.907s, 32.909s) 2.356ms
[32.909s][info   ][gc,start      ] GC(145) Pause Remark
[32.910s][info   ][gc,stringtable] GC(145) Cleaned string and symbol table, strings: 1384 processed, 0 removed, symbols: 16327 processed, 0 removed
[32.910s][info   ][gc            ] GC(145) Pause Remark 123M->123M(256M) 0.509ms
[32.910s][info   ][gc,cpu        ] GC(145) User=0.00s Sys=0.00s Real=0.00s
[32.910s][info   ][gc,marking    ] GC(145) Concurrent Rebuild Remembered Sets
[32.911s][info   ][gc,marking    ] GC(145) Concurrent Rebuild Remembered Sets 0.795ms
[32.911s][info   ][gc,start      ] GC(145) Pause Cleanup
[32.911s][info   ][gc            ] GC(145) Pause Cleanup 123M->123M(256M) 0.100ms
[32.911s][info   ][gc,cpu        ] GC(145) User=0.00s Sys=0.00s Real=0.00s
[32.911s][info   ][gc,marking    ] GC(145) Concurrent Cleanup for Next Mark
[32.911s][info   ][gc,marking    ] GC(145) Concurrent Cleanup for Next Mark 0.301ms
[32.911s][info   ][gc            ] GC(145) Concurrent Cycle 4.434ms
[32.962s][info   ][gc,start      ] GC(146) Pause Young (Concurrent Start) (G1 Humongous Allocation)
[32.963s][info   ][gc,task       ] GC(146) Using 6 workers of 9 for evacuation
[32.965s][info   ][gc,phases     ] GC(146)   Pre Evacuate Collection Set: 0.2ms
[32.965s][info   ][gc,phases     ] GC(146)   Evacuate Collection Set: 0.9ms
[32.965s][info   ][gc,phases     ] GC(146)   Post Evacuate Collection Set: 0.1ms
[32.965s][info   ][gc,phases     ] GC(146)   Other: 2.0ms
[32.965s][info   ][gc,heap       ] GC(146) Eden regions: 0->0(13)
[32.965s][info   ][gc,heap       ] GC(146) Survivor regions: 0->0(2)
[32.965s][info   ][gc,heap       ] GC(146) Old regions: 1->1
[32.965s][info   ][gc,heap       ] GC(146) Archive regions: 0->0
[32.965s][info   ][gc,heap       ] GC(146) Humongous regions: 123->122
[32.965s][info   ][gc,metaspace  ] GC(146) Metaspace: 3424K(4864K)->3424K(4864K) NonClass: 3120K(4352K)->3120K(4352K) Class: 304K(512K)->304K(512K)
[32.965s][info   ][gc            ] GC(146) Pause Young (Concurrent Start) (G1 Humongous Allocation) 123M->122M(256M) 3.351ms
[32.965s][info   ][gc,cpu        ] GC(146) User=0.00s Sys=0.00s Real=0.00s
[32.965s][info   ][gc            ] GC(147) Concurrent Cycle
[32.965s][info   ][gc,marking    ] GC(147) Concurrent Clear Claimed Marks
[32.965s][info   ][gc,marking    ] GC(147) Concurrent Clear Claimed Marks 0.018ms
[32.965s][info   ][gc,marking    ] GC(147) Concurrent Scan Root Regions
[32.965s][info   ][gc,marking    ] GC(147) Concurrent Scan Root Regions 0.012ms
[32.965s][info   ][gc,marking    ] GC(147) Concurrent Mark (32.965s)
[32.965s][info   ][gc,marking    ] GC(147) Concurrent Mark From Roots
[32.965s][info   ][gc,task       ] GC(147) Using 2 workers of 2 for marking
[32.967s][info   ][gc,marking    ] GC(147) Concurrent Mark From Roots 1.946ms
[32.967s][info   ][gc,marking    ] GC(147) Concurrent Preclean
[32.967s][info   ][gc,marking    ] GC(147) Concurrent Preclean 0.036ms
[32.967s][info   ][gc,marking    ] GC(147) Concurrent Mark (32.965s, 32.967s) 2.074ms
[32.967s][info   ][gc,start      ] GC(147) Pause Remark
[32.968s][info   ][gc,stringtable] GC(147) Cleaned string and symbol table, strings: 1384 processed, 0 removed, symbols: 16327 processed, 0 removed
[32.968s][info   ][gc            ] GC(147) Pause Remark 125M->125M(256M) 0.581ms
[32.968s][info   ][gc,cpu        ] GC(147) User=0.00s Sys=0.00s Real=0.00s
[32.968s][info   ][gc,marking    ] GC(147) Concurrent Rebuild Remembered Sets
[32.969s][info   ][gc,marking    ] GC(147) Concurrent Rebuild Remembered Sets 0.771ms
[32.969s][info   ][gc,start      ] GC(147) Pause Cleanup
[32.969s][info   ][gc            ] GC(147) Pause Cleanup 125M->125M(256M) 0.076ms
[32.969s][info   ][gc,cpu        ] GC(147) User=0.00s Sys=0.00s Real=0.00s
[32.969s][info   ][gc,marking    ] GC(147) Concurrent Cleanup for Next Mark
[32.969s][info   ][gc,marking    ] GC(147) Concurrent Cleanup for Next Mark 0.313ms
[32.969s][info   ][gc            ] GC(147) Concurrent Cycle 4.219ms
[33.025s][info   ][gc,start      ] GC(148) Pause Young (Concurrent Start) (G1 Humongous Allocation)
[33.025s][info   ][gc,task       ] GC(148) Using 6 workers of 9 for evacuation
[33.028s][info   ][gc,phases     ] GC(148)   Pre Evacuate Collection Set: 0.1ms
[33.028s][info   ][gc,phases     ] GC(148)   Evacuate Collection Set: 2.0ms
[33.028s][info   ][gc,phases     ] GC(148)   Post Evacuate Collection Set: 0.1ms
[33.028s][info   ][gc,phases     ] GC(148)   Other: 0.4ms
[33.028s][info   ][gc,heap       ] GC(148) Eden regions: 0->0(13)
[33.028s][info   ][gc,heap       ] GC(148) Survivor regions: 0->0(2)
[33.028s][info   ][gc,heap       ] GC(148) Old regions: 1->1
[33.028s][info   ][gc,heap       ] GC(148) Archive regions: 0->0
[33.028s][info   ][gc,heap       ] GC(148) Humongous regions: 125->124
[33.028s][info   ][gc,metaspace  ] GC(148) Metaspace: 3424K(4864K)->3424K(4864K) NonClass: 3120K(4352K)->3120K(4352K) Class: 304K(512K)->304K(512K)
[33.028s][info   ][gc            ] GC(148) Pause Young (Concurrent Start) (G1 Humongous Allocation) 125M->124M(256M) 2.917ms
[33.028s][info   ][gc,cpu        ] GC(148) User=0.00s Sys=0.00s Real=0.00s
[33.028s][info   ][gc            ] GC(149) Concurrent Cycle
[33.028s][info   ][gc,marking    ] GC(149) Concurrent Clear Claimed Marks
[33.028s][info   ][gc,marking    ] GC(149) Concurrent Clear Claimed Marks 0.012ms
[33.028s][info   ][gc,marking    ] GC(149) Concurrent Scan Root Regions
[33.028s][info   ][gc,marking    ] GC(149) Concurrent Scan Root Regions 0.010ms
[33.028s][info   ][gc,marking    ] GC(149) Concurrent Mark (33.028s)
[33.028s][info   ][gc,marking    ] GC(149) Concurrent Mark From Roots
[33.028s][info   ][gc,task       ] GC(149) Using 2 workers of 2 for marking
[33.029s][info   ][gc,marking    ] GC(149) Concurrent Mark From Roots 0.913ms
[33.029s][info   ][gc,marking    ] GC(149) Concurrent Preclean
[33.029s][info   ][gc,marking    ] GC(149) Concurrent Preclean 0.022ms
[33.029s][info   ][gc,marking    ] GC(149) Concurrent Mark (33.028s, 33.029s) 0.970ms
[33.029s][info   ][gc,start      ] GC(149) Pause Remark
[33.030s][info   ][gc,stringtable] GC(149) Cleaned string and symbol table, strings: 1384 processed, 0 removed, symbols: 16327 processed, 0 removed
[33.030s][info   ][gc            ] GC(149) Pause Remark 125M->125M(256M) 0.461ms
[33.030s][info   ][gc,cpu        ] GC(149) User=0.00s Sys=0.00s Real=0.00s
[33.030s][info   ][gc,marking    ] GC(149) Concurrent Rebuild Remembered Sets
[33.030s][info   ][gc,marking    ] GC(149) Concurrent Rebuild Remembered Sets 0.529ms
[33.031s][info   ][gc,start      ] GC(149) Pause Cleanup
[33.031s][info   ][gc            ] GC(149) Pause Cleanup 125M->125M(256M) 0.058ms
[33.031s][info   ][gc,cpu        ] GC(149) User=0.00s Sys=0.00s Real=0.00s
[33.031s][info   ][gc,marking    ] GC(149) Concurrent Cleanup for Next Mark
[33.031s][info   ][gc,marking    ] GC(149) Concurrent Cleanup for Next Mark 0.296ms
[33.031s][info   ][gc            ] GC(149) Concurrent Cycle 2.624ms
[33.084s][info   ][gc,start      ] GC(150) Pause Young (Concurrent Start) (G1 Humongous Allocation)
[33.084s][info   ][gc,task       ] GC(150) Using 6 workers of 9 for evacuation
[33.084s][info   ][gc,phases     ] GC(150)   Pre Evacuate Collection Set: 0.1ms
[33.084s][info   ][gc,phases     ] GC(150)   Evacuate Collection Set: 0.2ms
[33.084s][info   ][gc,phases     ] GC(150)   Post Evacuate Collection Set: 0.1ms
[33.084s][info   ][gc,phases     ] GC(150)   Other: 0.1ms
[33.084s][info   ][gc,heap       ] GC(150) Eden regions: 0->0(13)
[33.084s][info   ][gc,heap       ] GC(150) Survivor regions: 0->0(2)
[33.084s][info   ][gc,heap       ] GC(150) Old regions: 1->1
[33.084s][info   ][gc,heap       ] GC(150) Archive regions: 0->0
[33.084s][info   ][gc,heap       ] GC(150) Humongous regions: 125->124
[33.084s][info   ][gc,metaspace  ] GC(150) Metaspace: 3424K(4864K)->3424K(4864K) NonClass: 3120K(4352K)->3120K(4352K) Class: 304K(512K)->304K(512K)
[33.084s][info   ][gc            ] GC(150) Pause Young (Concurrent Start) (G1 Humongous Allocation) 125M->124M(256M) 0.640ms
[33.084s][info   ][gc,cpu        ] GC(150) User=0.01s Sys=0.00s Real=0.00s
[33.085s][info   ][gc            ] GC(151) Concurrent Cycle
[33.085s][info   ][gc,marking    ] GC(151) Concurrent Clear Claimed Marks
[33.085s][info   ][gc,marking    ] GC(151) Concurrent Clear Claimed Marks 0.009ms
[33.085s][info   ][gc,marking    ] GC(151) Concurrent Scan Root Regions
[33.085s][info   ][gc,marking    ] GC(151) Concurrent Scan Root Regions 0.005ms
[33.085s][info   ][gc,marking    ] GC(151) Concurrent Mark (33.085s)
[33.085s][info   ][gc,marking    ] GC(151) Concurrent Mark From Roots
[33.085s][info   ][gc,task       ] GC(151) Using 2 workers of 2 for marking
[33.086s][info   ][gc,marking    ] GC(151) Concurrent Mark From Roots 1.204ms
[33.086s][info   ][gc,marking    ] GC(151) Concurrent Preclean
[33.086s][info   ][gc,marking    ] GC(151) Concurrent Preclean 0.034ms
[33.086s][info   ][gc,marking    ] GC(151) Concurrent Mark (33.085s, 33.086s) 1.282ms
[33.086s][info   ][gc,start      ] GC(151) Pause Remark
[33.086s][info   ][gc,stringtable] GC(151) Cleaned string and symbol table, strings: 1384 processed, 0 removed, symbols: 16327 processed, 0 removed
[33.086s][info   ][gc            ] GC(151) Pause Remark 125M->125M(256M) 0.430ms
[33.086s][info   ][gc,cpu        ] GC(151) User=0.00s Sys=0.00s Real=0.00s
[33.086s][info   ][gc,marking    ] GC(151) Concurrent Rebuild Remembered Sets
[33.087s][info   ][gc,marking    ] GC(151) Concurrent Rebuild Remembered Sets 0.787ms
[33.087s][info   ][gc,start      ] GC(151) Pause Cleanup
[33.087s][info   ][gc            ] GC(151) Pause Cleanup 125M->125M(256M) 0.080ms
[33.087s][info   ][gc,cpu        ] GC(151) User=0.00s Sys=0.00s Real=0.00s
[33.087s][info   ][gc,marking    ] GC(151) Concurrent Cleanup for Next Mark
[33.088s][info   ][gc,marking    ] GC(151) Concurrent Cleanup for Next Mark 0.291ms
[33.088s][info   ][gc            ] GC(151) Concurrent Cycle 3.189ms
[33.141s][info   ][gc,start      ] GC(152) Pause Young (Concurrent Start) (G1 Humongous Allocation)
[33.141s][info   ][gc,task       ] GC(152) Using 6 workers of 9 for evacuation
[33.142s][info   ][gc,phases     ] GC(152)   Pre Evacuate Collection Set: 0.1ms
[33.142s][info   ][gc,phases     ] GC(152)   Evacuate Collection Set: 0.4ms
[33.142s][info   ][gc,phases     ] GC(152)   Post Evacuate Collection Set: 0.1ms
[33.142s][info   ][gc,phases     ] GC(152)   Other: 1.1ms
[33.142s][info   ][gc,heap       ] GC(152) Eden regions: 0->0(13)
[33.142s][info   ][gc,heap       ] GC(152) Survivor regions: 0->0(2)
[33.142s][info   ][gc,heap       ] GC(152) Old regions: 1->1
[33.142s][info   ][gc,heap       ] GC(152) Archive regions: 0->0
[33.142s][info   ][gc,heap       ] GC(152) Humongous regions: 125->124
[33.142s][info   ][gc,metaspace  ] GC(152) Metaspace: 3424K(4864K)->3424K(4864K) NonClass: 3120K(4352K)->3120K(4352K) Class: 304K(512K)->304K(512K)
[33.142s][info   ][gc            ] GC(152) Pause Young (Concurrent Start) (G1 Humongous Allocation) 125M->124M(256M) 1.528ms
[33.142s][info   ][gc,cpu        ] GC(152) User=0.00s Sys=0.00s Real=0.00s
[33.142s][info   ][gc            ] GC(153) Concurrent Cycle
[33.142s][info   ][gc,marking    ] GC(153) Concurrent Clear Claimed Marks
[33.142s][info   ][gc,marking    ] GC(153) Concurrent Clear Claimed Marks 0.031ms
[33.142s][info   ][gc,marking    ] GC(153) Concurrent Scan Root Regions
[33.142s][info   ][gc,marking    ] GC(153) Concurrent Scan Root Regions 0.011ms
[33.142s][info   ][gc,marking    ] GC(153) Concurrent Mark (33.142s)
[33.142s][info   ][gc,marking    ] GC(153) Concurrent Mark From Roots
[33.142s][info   ][gc,task       ] GC(153) Using 2 workers of 2 for marking
[33.144s][info   ][gc,marking    ] GC(153) Concurrent Mark From Roots 1.942ms
[33.144s][info   ][gc,marking    ] GC(153) Concurrent Preclean
[33.144s][info   ][gc,marking    ] GC(153) Concurrent Preclean 0.040ms
[33.144s][info   ][gc,marking    ] GC(153) Concurrent Mark (33.142s, 33.144s) 2.043ms
[33.144s][info   ][gc,start      ] GC(153) Pause Remark
[33.145s][info   ][gc,stringtable] GC(153) Cleaned string and symbol table, strings: 1384 processed, 0 removed, symbols: 16327 processed, 0 removed
[33.145s][info   ][gc            ] GC(153) Pause Remark 125M->125M(256M) 0.554ms
[33.145s][info   ][gc,cpu        ] GC(153) User=0.00s Sys=0.00s Real=0.00s
[33.145s][info   ][gc,marking    ] GC(153) Concurrent Rebuild Remembered Sets
[33.146s][info   ][gc,marking    ] GC(153) Concurrent Rebuild Remembered Sets 1.007ms
[33.146s][info   ][gc,start      ] GC(153) Pause Cleanup
[33.146s][info   ][gc            ] GC(153) Pause Cleanup 125M->125M(256M) 0.114ms
[33.146s][info   ][gc,cpu        ] GC(153) User=0.00s Sys=0.00s Real=0.00s
[33.146s][info   ][gc,marking    ] GC(153) Concurrent Cleanup for Next Mark
[33.147s][info   ][gc,marking    ] GC(153) Concurrent Cleanup for Next Mark 0.390ms
[33.147s][info   ][gc            ] GC(153) Concurrent Cycle 4.555ms
[33.193s][info   ][gc,start      ] GC(154) Pause Young (Concurrent Start) (G1 Humongous Allocation)
[33.193s][info   ][gc,task       ] GC(154) Using 6 workers of 9 for evacuation
[33.195s][info   ][gc,phases     ] GC(154)   Pre Evacuate Collection Set: 0.2ms
[33.195s][info   ][gc,phases     ] GC(154)   Evacuate Collection Set: 0.5ms
[33.195s][info   ][gc,phases     ] GC(154)   Post Evacuate Collection Set: 0.1ms
[33.195s][info   ][gc,phases     ] GC(154)   Other: 0.6ms
[33.195s][info   ][gc,heap       ] GC(154) Eden regions: 0->0(13)
[33.195s][info   ][gc,heap       ] GC(154) Survivor regions: 0->0(2)
[33.195s][info   ][gc,heap       ] GC(154) Old regions: 1->1
[33.195s][info   ][gc,heap       ] GC(154) Archive regions: 0->0
[33.195s][info   ][gc,heap       ] GC(154) Humongous regions: 125->124
[33.195s][info   ][gc,metaspace  ] GC(154) Metaspace: 3424K(4864K)->3424K(4864K) NonClass: 3120K(4352K)->3120K(4352K) Class: 304K(512K)->304K(512K)
[33.195s][info   ][gc            ] GC(154) Pause Young (Concurrent Start) (G1 Humongous Allocation) 125M->124M(256M) 1.771ms
[33.195s][info   ][gc,cpu        ] GC(154) User=0.00s Sys=0.00s Real=0.00s
[33.195s][info   ][gc            ] GC(155) Concurrent Cycle
[33.195s][info   ][gc,marking    ] GC(155) Concurrent Clear Claimed Marks
[33.195s][info   ][gc,marking    ] GC(155) Concurrent Clear Claimed Marks 0.013ms
[33.195s][info   ][gc,marking    ] GC(155) Concurrent Scan Root Regions
[33.195s][info   ][gc,marking    ] GC(155) Concurrent Scan Root Regions 0.010ms
[33.195s][info   ][gc,marking    ] GC(155) Concurrent Mark (33.195s)
[33.195s][info   ][gc,marking    ] GC(155) Concurrent Mark From Roots
[33.195s][info   ][gc,task       ] GC(155) Using 2 workers of 2 for marking
[33.197s][info   ][gc,marking    ] GC(155) Concurrent Mark From Roots 1.649ms
[33.197s][info   ][gc,marking    ] GC(155) Concurrent Preclean
[33.197s][info   ][gc,marking    ] GC(155) Concurrent Preclean 0.039ms
[33.197s][info   ][gc,marking    ] GC(155) Concurrent Mark (33.195s, 33.197s) 1.729ms
[33.197s][info   ][gc,start      ] GC(155) Pause Remark
[33.197s][info   ][gc,stringtable] GC(155) Cleaned string and symbol table, strings: 1384 processed, 0 removed, symbols: 16327 processed, 0 removed
[33.198s][info   ][gc            ] GC(155) Pause Remark 125M->125M(256M) 0.666ms
[33.198s][info   ][gc,cpu        ] GC(155) User=0.00s Sys=0.00s Real=0.00s
[33.198s][info   ][gc,marking    ] GC(155) Concurrent Rebuild Remembered Sets
[33.199s][info   ][gc,marking    ] GC(155) Concurrent Rebuild Remembered Sets 1.073ms
[33.199s][info   ][gc,start      ] GC(155) Pause Cleanup
[33.199s][info   ][gc            ] GC(155) Pause Cleanup 125M->125M(256M) 0.084ms
[33.199s][info   ][gc,cpu        ] GC(155) User=0.00s Sys=0.00s Real=0.00s
[33.199s][info   ][gc,marking    ] GC(155) Concurrent Cleanup for Next Mark
[33.199s][info   ][gc,marking    ] GC(155) Concurrent Cleanup for Next Mark 0.364ms
[33.199s][info   ][gc            ] GC(155) Concurrent Cycle 4.318ms
[33.250s][info   ][gc,start      ] GC(156) Pause Young (Concurrent Start) (G1 Humongous Allocation)
[33.250s][info   ][gc,task       ] GC(156) Using 6 workers of 9 for evacuation
[33.252s][info   ][gc,phases     ] GC(156)   Pre Evacuate Collection Set: 0.1ms
[33.252s][info   ][gc,phases     ] GC(156)   Evacuate Collection Set: 1.7ms
[33.252s][info   ][gc,phases     ] GC(156)   Post Evacuate Collection Set: 0.1ms
[33.252s][info   ][gc,phases     ] GC(156)   Other: 0.5ms
[33.252s][info   ][gc,heap       ] GC(156) Eden regions: 0->0(13)
[33.252s][info   ][gc,heap       ] GC(156) Survivor regions: 0->0(2)
[33.252s][info   ][gc,heap       ] GC(156) Old regions: 1->1
[33.252s][info   ][gc,heap       ] GC(156) Archive regions: 0->0
[33.252s][info   ][gc,heap       ] GC(156) Humongous regions: 125->124
[33.252s][info   ][gc,metaspace  ] GC(156) Metaspace: 3424K(4864K)->3424K(4864K) NonClass: 3120K(4352K)->3120K(4352K) Class: 304K(512K)->304K(512K)
[33.252s][info   ][gc            ] GC(156) Pause Young (Concurrent Start) (G1 Humongous Allocation) 125M->124M(256M) 2.642ms
[33.253s][info   ][gc,cpu        ] GC(156) User=0.00s Sys=0.00s Real=0.00s
[33.253s][info   ][gc            ] GC(157) Concurrent Cycle
[33.253s][info   ][gc,marking    ] GC(157) Concurrent Clear Claimed Marks
[33.253s][info   ][gc,marking    ] GC(157) Concurrent Clear Claimed Marks 0.030ms
[33.253s][info   ][gc,marking    ] GC(157) Concurrent Scan Root Regions
[33.253s][info   ][gc,marking    ] GC(157) Concurrent Scan Root Regions 0.021ms
[33.253s][info   ][gc,marking    ] GC(157) Concurrent Mark (33.253s)
[33.253s][info   ][gc,marking    ] GC(157) Concurrent Mark From Roots
[33.253s][info   ][gc,task       ] GC(157) Using 2 workers of 2 for marking
[33.256s][info   ][gc,marking    ] GC(157) Concurrent Mark From Roots 3.017ms
[33.256s][info   ][gc,marking    ] GC(157) Concurrent Preclean
[33.256s][info   ][gc,marking    ] GC(157) Concurrent Preclean 0.065ms
[33.256s][info   ][gc,marking    ] GC(157) Concurrent Mark (33.253s, 33.256s) 3.182ms
[33.256s][info   ][gc,start      ] GC(157) Pause Remark
[33.268s][info   ][gc,stringtable] GC(157) Cleaned string and symbol table, strings: 1384 processed, 0 removed, symbols: 16327 processed, 0 removed
[33.269s][info   ][gc            ] GC(157) Pause Remark 125M->125M(256M) 12.539ms
[33.269s][info   ][gc,cpu        ] GC(157) User=0.00s Sys=0.01s Real=0.01s
[33.269s][info   ][gc,marking    ] GC(157) Concurrent Rebuild Remembered Sets
[33.270s][info   ][gc,marking    ] GC(157) Concurrent Rebuild Remembered Sets 1.055ms
[33.270s][info   ][gc,start      ] GC(157) Pause Cleanup
[33.270s][info   ][gc            ] GC(157) Pause Cleanup 125M->125M(256M) 0.106ms
[33.270s][info   ][gc,cpu        ] GC(157) User=0.00s Sys=0.00s Real=0.00s
[33.270s][info   ][gc,marking    ] GC(157) Concurrent Cleanup for Next Mark
[33.271s][info   ][gc,marking    ] GC(157) Concurrent Cleanup for Next Mark 0.682ms
[33.272s][info   ][gc            ] GC(157) Concurrent Cycle 18.963ms
[33.305s][info   ][gc,start      ] GC(158) Pause Young (Concurrent Start) (G1 Humongous Allocation)
[33.305s][info   ][gc,task       ] GC(158) Using 6 workers of 9 for evacuation
[33.316s][info   ][gc,phases     ] GC(158)   Pre Evacuate Collection Set: 0.2ms
[33.316s][info   ][gc,phases     ] GC(158)   Evacuate Collection Set: 10.3ms
[33.317s][info   ][gc,phases     ] GC(158)   Post Evacuate Collection Set: 0.1ms
[33.317s][info   ][gc,phases     ] GC(158)   Other: 0.6ms
[33.317s][info   ][gc,heap       ] GC(158) Eden regions: 0->0(13)
[33.317s][info   ][gc,heap       ] GC(158) Survivor regions: 0->0(2)
[33.317s][info   ][gc,heap       ] GC(158) Old regions: 1->1
[33.317s][info   ][gc,heap       ] GC(158) Archive regions: 0->0
[33.317s][info   ][gc,heap       ] GC(158) Humongous regions: 125->124
[33.317s][info   ][gc,metaspace  ] GC(158) Metaspace: 3424K(4864K)->3424K(4864K) NonClass: 3120K(4352K)->3120K(4352K) Class: 304K(512K)->304K(512K)
[33.317s][info   ][gc            ] GC(158) Pause Young (Concurrent Start) (G1 Humongous Allocation) 125M->124M(256M) 11.490ms
[33.317s][info   ][gc,cpu        ] GC(158) User=0.01s Sys=0.00s Real=0.01s
[33.317s][info   ][gc            ] GC(159) Concurrent Cycle
[33.317s][info   ][gc,marking    ] GC(159) Concurrent Clear Claimed Marks
[33.317s][info   ][gc,marking    ] GC(159) Concurrent Clear Claimed Marks 0.018ms
[33.317s][info   ][gc,marking    ] GC(159) Concurrent Scan Root Regions
[33.317s][info   ][gc,marking    ] GC(159) Concurrent Scan Root Regions 0.015ms
[33.317s][info   ][gc,marking    ] GC(159) Concurrent Mark (33.317s)
[33.317s][info   ][gc,marking    ] GC(159) Concurrent Mark From Roots
[33.317s][info   ][gc,task       ] GC(159) Using 2 workers of 2 for marking
[33.327s][info   ][gc,marking    ] GC(159) Concurrent Mark From Roots 10.276ms
[33.327s][info   ][gc,marking    ] GC(159) Concurrent Preclean
[33.327s][info   ][gc,marking    ] GC(159) Concurrent Preclean 0.047ms
[33.327s][info   ][gc,marking    ] GC(159) Concurrent Mark (33.317s, 33.327s) 10.520ms
[33.328s][info   ][gc,start      ] GC(159) Pause Remark
[33.332s][info   ][gc,stringtable] GC(159) Cleaned string and symbol table, strings: 1384 processed, 0 removed, symbols: 16327 processed, 0 removed
[33.332s][info   ][gc            ] GC(159) Pause Remark 125M->125M(256M) 4.871ms
[33.332s][info   ][gc,cpu        ] GC(159) User=0.00s Sys=0.00s Real=0.01s
[33.332s][info   ][gc,marking    ] GC(159) Concurrent Rebuild Remembered Sets
[33.333s][info   ][gc,marking    ] GC(159) Concurrent Rebuild Remembered Sets 0.793ms
[33.333s][info   ][gc,start      ] GC(159) Pause Cleanup
[33.333s][info   ][gc            ] GC(159) Pause Cleanup 125M->125M(256M) 0.075ms
[33.333s][info   ][gc,cpu        ] GC(159) User=0.00s Sys=0.00s Real=0.00s
[33.333s][info   ][gc,marking    ] GC(159) Concurrent Cleanup for Next Mark
[33.334s][info   ][gc,marking    ] GC(159) Concurrent Cleanup for Next Mark 0.455ms
[33.334s][info   ][gc            ] GC(159) Concurrent Cycle 17.358ms
[33.372s][info   ][gc,start      ] GC(160) Pause Young (Concurrent Start) (G1 Humongous Allocation)
[33.372s][info   ][gc,task       ] GC(160) Using 6 workers of 9 for evacuation
[33.373s][info   ][gc,phases     ] GC(160)   Pre Evacuate Collection Set: 0.2ms
[33.373s][info   ][gc,phases     ] GC(160)   Evacuate Collection Set: 0.5ms
[33.373s][info   ][gc,phases     ] GC(160)   Post Evacuate Collection Set: 0.1ms
[33.373s][info   ][gc,phases     ] GC(160)   Other: 0.7ms
[33.373s][info   ][gc,heap       ] GC(160) Eden regions: 0->0(13)
[33.373s][info   ][gc,heap       ] GC(160) Survivor regions: 0->0(2)
[33.373s][info   ][gc,heap       ] GC(160) Old regions: 1->1
[33.374s][info   ][gc,heap       ] GC(160) Archive regions: 0->0
[33.374s][info   ][gc,heap       ] GC(160) Humongous regions: 125->124
[33.374s][info   ][gc,metaspace  ] GC(160) Metaspace: 3424K(4864K)->3424K(4864K) NonClass: 3120K(4352K)->3120K(4352K) Class: 304K(512K)->304K(512K)
[33.374s][info   ][gc            ] GC(160) Pause Young (Concurrent Start) (G1 Humongous Allocation) 125M->124M(256M) 1.746ms
[33.374s][info   ][gc,cpu        ] GC(160) User=0.00s Sys=0.00s Real=0.00s
[33.374s][info   ][gc            ] GC(161) Concurrent Cycle
[33.374s][info   ][gc,marking    ] GC(161) Concurrent Clear Claimed Marks
[33.374s][info   ][gc,marking    ] GC(161) Concurrent Clear Claimed Marks 0.033ms
[33.374s][info   ][gc,marking    ] GC(161) Concurrent Scan Root Regions
[33.374s][info   ][gc,marking    ] GC(161) Concurrent Scan Root Regions 0.021ms
[33.374s][info   ][gc,marking    ] GC(161) Concurrent Mark (33.374s)
[33.374s][info   ][gc,marking    ] GC(161) Concurrent Mark From Roots
[33.374s][info   ][gc,task       ] GC(161) Using 2 workers of 2 for marking
[33.376s][info   ][gc,marking    ] GC(161) Concurrent Mark From Roots 2.179ms
[33.376s][info   ][gc,marking    ] GC(161) Concurrent Preclean
[33.376s][info   ][gc,marking    ] GC(161) Concurrent Preclean 0.042ms
[33.376s][info   ][gc,marking    ] GC(161) Concurrent Mark (33.374s, 33.376s) 2.296ms
[33.376s][info   ][gc,start      ] GC(161) Pause Remark
[33.377s][info   ][gc,stringtable] GC(161) Cleaned string and symbol table, strings: 1384 processed, 0 removed, symbols: 16327 processed, 0 removed
[33.377s][info   ][gc            ] GC(161) Pause Remark 125M->125M(256M) 0.559ms
[33.377s][info   ][gc,cpu        ] GC(161) User=0.00s Sys=0.00s Real=0.00s
[33.377s][info   ][gc,marking    ] GC(161) Concurrent Rebuild Remembered Sets
[33.378s][info   ][gc,marking    ] GC(161) Concurrent Rebuild Remembered Sets 1.012ms
[33.378s][info   ][gc,start      ] GC(161) Pause Cleanup
[33.378s][info   ][gc            ] GC(161) Pause Cleanup 125M->125M(256M) 0.109ms
[33.378s][info   ][gc,cpu        ] GC(161) User=0.00s Sys=0.00s Real=0.00s
[33.378s][info   ][gc,marking    ] GC(161) Concurrent Cleanup for Next Mark
[33.379s][info   ][gc,marking    ] GC(161) Concurrent Cleanup for Next Mark 0.373ms
[33.379s][info   ][gc            ] GC(161) Concurrent Cycle 4.868ms
[33.428s][info   ][gc,start      ] GC(162) Pause Young (Concurrent Start) (G1 Humongous Allocation)
[33.428s][info   ][gc,task       ] GC(162) Using 6 workers of 9 for evacuation
[33.429s][info   ][gc,phases     ] GC(162)   Pre Evacuate Collection Set: 0.1ms
[33.429s][info   ][gc,phases     ] GC(162)   Evacuate Collection Set: 0.3ms
[33.429s][info   ][gc,phases     ] GC(162)   Post Evacuate Collection Set: 0.1ms
[33.429s][info   ][gc,phases     ] GC(162)   Other: 0.4ms
[33.429s][info   ][gc,heap       ] GC(162) Eden regions: 0->0(13)
[33.429s][info   ][gc,heap       ] GC(162) Survivor regions: 0->0(2)
[33.429s][info   ][gc,heap       ] GC(162) Old regions: 1->1
[33.429s][info   ][gc,heap       ] GC(162) Archive regions: 0->0
[33.429s][info   ][gc,heap       ] GC(162) Humongous regions: 125->124
[33.429s][info   ][gc,metaspace  ] GC(162) Metaspace: 3424K(4864K)->3424K(4864K) NonClass: 3120K(4352K)->3120K(4352K) Class: 304K(512K)->304K(512K)
[33.429s][info   ][gc            ] GC(162) Pause Young (Concurrent Start) (G1 Humongous Allocation) 125M->124M(256M) 1.018ms
[33.429s][info   ][gc,cpu        ] GC(162) User=0.00s Sys=0.00s Real=0.00s
[33.429s][info   ][gc            ] GC(163) Concurrent Cycle
[33.429s][info   ][gc,marking    ] GC(163) Concurrent Clear Claimed Marks
[33.429s][info   ][gc,marking    ] GC(163) Concurrent Clear Claimed Marks 0.016ms
[33.429s][info   ][gc,marking    ] GC(163) Concurrent Scan Root Regions
[33.429s][info   ][gc,marking    ] GC(163) Concurrent Scan Root Regions 0.010ms
[33.429s][info   ][gc,marking    ] GC(163) Concurrent Mark (33.429s)
[33.429s][info   ][gc,marking    ] GC(163) Concurrent Mark From Roots
[33.429s][info   ][gc,task       ] GC(163) Using 2 workers of 2 for marking
[33.431s][info   ][gc,marking    ] GC(163) Concurrent Mark From Roots 1.863ms
[33.431s][info   ][gc,marking    ] GC(163) Concurrent Preclean
[33.431s][info   ][gc,marking    ] GC(163) Concurrent Preclean 0.036ms
[33.431s][info   ][gc,marking    ] GC(163) Concurrent Mark (33.429s, 33.431s) 1.954ms
[33.431s][info   ][gc,start      ] GC(163) Pause Remark
[33.431s][info   ][gc,stringtable] GC(163) Cleaned string and symbol table, strings: 1384 processed, 0 removed, symbols: 16327 processed, 0 removed
[33.431s][info   ][gc            ] GC(163) Pause Remark 125M->125M(256M) 0.531ms
[33.432s][info   ][gc,cpu        ] GC(163) User=0.00s Sys=0.00s Real=0.00s
[33.432s][info   ][gc,marking    ] GC(163) Concurrent Rebuild Remembered Sets
[33.433s][info   ][gc,marking    ] GC(163) Concurrent Rebuild Remembered Sets 0.974ms
[33.433s][info   ][gc,start      ] GC(163) Pause Cleanup
[33.433s][info   ][gc            ] GC(163) Pause Cleanup 125M->125M(256M) 0.113ms
[33.433s][info   ][gc,cpu        ] GC(163) User=0.00s Sys=0.00s Real=0.00s
[33.433s][info   ][gc,marking    ] GC(163) Concurrent Cleanup for Next Mark
[33.433s][info   ][gc,marking    ] GC(163) Concurrent Cleanup for Next Mark 0.339ms
[33.433s][info   ][gc            ] GC(163) Concurrent Cycle 4.351ms
[33.484s][info   ][gc,start      ] GC(164) Pause Young (Concurrent Start) (G1 Humongous Allocation)
[33.484s][info   ][gc,task       ] GC(164) Using 6 workers of 9 for evacuation
[33.485s][info   ][gc,phases     ] GC(164)   Pre Evacuate Collection Set: 0.1ms
[33.485s][info   ][gc,phases     ] GC(164)   Evacuate Collection Set: 0.5ms
[33.485s][info   ][gc,phases     ] GC(164)   Post Evacuate Collection Set: 0.1ms
[33.486s][info   ][gc,phases     ] GC(164)   Other: 0.6ms
[33.486s][info   ][gc,heap       ] GC(164) Eden regions: 0->0(13)
[33.486s][info   ][gc,heap       ] GC(164) Survivor regions: 0->0(2)
[33.486s][info   ][gc,heap       ] GC(164) Old regions: 1->1
[33.486s][info   ][gc,heap       ] GC(164) Archive regions: 0->0
[33.486s][info   ][gc,heap       ] GC(164) Humongous regions: 125->124
[33.486s][info   ][gc,metaspace  ] GC(164) Metaspace: 3424K(4864K)->3424K(4864K) NonClass: 3120K(4352K)->3120K(4352K) Class: 304K(512K)->304K(512K)
[33.486s][info   ][gc            ] GC(164) Pause Young (Concurrent Start) (G1 Humongous Allocation) 125M->124M(256M) 1.609ms
[33.486s][info   ][gc,cpu        ] GC(164) User=0.00s Sys=0.00s Real=0.00s
[33.486s][info   ][gc            ] GC(165) Concurrent Cycle
[33.486s][info   ][gc,marking    ] GC(165) Concurrent Clear Claimed Marks
[33.486s][info   ][gc,marking    ] GC(165) Concurrent Clear Claimed Marks 0.035ms
[33.486s][info   ][gc,marking    ] GC(165) Concurrent Scan Root Regions
[33.486s][info   ][gc,marking    ] GC(165) Concurrent Scan Root Regions 0.025ms
[33.486s][info   ][gc,marking    ] GC(165) Concurrent Mark (33.486s)
[33.486s][info   ][gc,marking    ] GC(165) Concurrent Mark From Roots
[33.486s][info   ][gc,task       ] GC(165) Using 2 workers of 2 for marking
[33.489s][info   ][gc,marking    ] GC(165) Concurrent Mark From Roots 2.644ms
[33.489s][info   ][gc,marking    ] GC(165) Concurrent Preclean
[33.489s][info   ][gc,marking    ] GC(165) Concurrent Preclean 0.043ms
[33.489s][info   ][gc,marking    ] GC(165) Concurrent Mark (33.486s, 33.489s) 2.796ms
[33.489s][info   ][gc,start      ] GC(165) Pause Remark
[33.489s][info   ][gc,stringtable] GC(165) Cleaned string and symbol table, strings: 1384 processed, 0 removed, symbols: 16327 processed, 0 removed
[33.489s][info   ][gc            ] GC(165) Pause Remark 125M->125M(256M) 0.571ms
[33.490s][info   ][gc,cpu        ] GC(165) User=0.01s Sys=0.00s Real=0.01s
[33.490s][info   ][gc,marking    ] GC(165) Concurrent Rebuild Remembered Sets
[33.491s][info   ][gc,marking    ] GC(165) Concurrent Rebuild Remembered Sets 0.995ms
[33.491s][info   ][gc,start      ] GC(165) Pause Cleanup
[33.491s][info   ][gc            ] GC(165) Pause Cleanup 125M->125M(256M) 0.098ms
[33.491s][info   ][gc,cpu        ] GC(165) User=0.00s Sys=0.00s Real=0.00s
[33.491s][info   ][gc,marking    ] GC(165) Concurrent Cleanup for Next Mark
[33.491s][info   ][gc,marking    ] GC(165) Concurrent Cleanup for Next Mark 0.339ms
[33.491s][info   ][gc            ] GC(165) Concurrent Cycle 5.367ms
[33.541s][info   ][gc,start      ] GC(166) Pause Young (Concurrent Start) (G1 Humongous Allocation)
[33.541s][info   ][gc,task       ] GC(166) Using 6 workers of 9 for evacuation
[33.543s][info   ][gc,phases     ] GC(166)   Pre Evacuate Collection Set: 0.1ms
[33.543s][info   ][gc,phases     ] GC(166)   Evacuate Collection Set: 0.9ms
[33.543s][info   ][gc,phases     ] GC(166)   Post Evacuate Collection Set: 0.1ms
[33.543s][info   ][gc,phases     ] GC(166)   Other: 0.5ms
[33.543s][info   ][gc,heap       ] GC(166) Eden regions: 0->0(13)
[33.543s][info   ][gc,heap       ] GC(166) Survivor regions: 0->0(2)
[33.543s][info   ][gc,heap       ] GC(166) Old regions: 1->1
[33.543s][info   ][gc,heap       ] GC(166) Archive regions: 0->0
[33.544s][info   ][gc,heap       ] GC(166) Humongous regions: 125->124
[33.544s][info   ][gc,metaspace  ] GC(166) Metaspace: 3424K(4864K)->3424K(4864K) NonClass: 3120K(4352K)->3120K(4352K) Class: 304K(512K)->304K(512K)
[33.544s][info   ][gc            ] GC(166) Pause Young (Concurrent Start) (G1 Humongous Allocation) 125M->124M(256M) 2.926ms
[33.544s][info   ][gc,cpu        ] GC(166) User=0.00s Sys=0.00s Real=0.00s
[33.544s][info   ][gc            ] GC(167) Concurrent Cycle
[33.544s][info   ][gc,marking    ] GC(167) Concurrent Clear Claimed Marks
[33.544s][info   ][gc,marking    ] GC(167) Concurrent Clear Claimed Marks 0.013ms
[33.544s][info   ][gc,marking    ] GC(167) Concurrent Scan Root Regions
[33.544s][info   ][gc,marking    ] GC(167) Concurrent Scan Root Regions 0.010ms
[33.544s][info   ][gc,marking    ] GC(167) Concurrent Mark (33.544s)
[33.544s][info   ][gc,marking    ] GC(167) Concurrent Mark From Roots
[33.544s][info   ][gc,task       ] GC(167) Using 2 workers of 2 for marking
[33.546s][info   ][gc,marking    ] GC(167) Concurrent Mark From Roots 1.717ms
[33.546s][info   ][gc,marking    ] GC(167) Concurrent Preclean
[33.546s][info   ][gc,marking    ] GC(167) Concurrent Preclean 0.038ms
[33.546s][info   ][gc,marking    ] GC(167) Concurrent Mark (33.544s, 33.546s) 1.801ms
[33.546s][info   ][gc,start      ] GC(167) Pause Remark
[33.547s][info   ][gc,stringtable] GC(167) Cleaned string and symbol table, strings: 1384 processed, 0 removed, symbols: 16327 processed, 0 removed
[33.547s][info   ][gc            ] GC(167) Pause Remark 127M->127M(256M) 1.384ms
[33.547s][info   ][gc,cpu        ] GC(167) User=0.00s Sys=0.00s Real=0.00s
[33.547s][info   ][gc,marking    ] GC(167) Concurrent Rebuild Remembered Sets
[33.548s][info   ][gc,marking    ] GC(167) Concurrent Rebuild Remembered Sets 0.965ms
[33.549s][info   ][gc,start      ] GC(167) Pause Cleanup
[33.549s][info   ][gc            ] GC(167) Pause Cleanup 127M->127M(256M) 0.082ms
[33.549s][info   ][gc,cpu        ] GC(167) User=0.00s Sys=0.00s Real=0.00s
[33.549s][info   ][gc,marking    ] GC(167) Concurrent Cleanup for Next Mark
[33.549s][info   ][gc,marking    ] GC(167) Concurrent Cleanup for Next Mark 0.296ms
[33.549s][info   ][gc            ] GC(167) Concurrent Cycle 4.940ms
[33.599s][info   ][gc,start      ] GC(168) Pause Young (Concurrent Start) (G1 Humongous Allocation)
[33.599s][info   ][gc,task       ] GC(168) Using 6 workers of 9 for evacuation
[33.600s][info   ][gc,phases     ] GC(168)   Pre Evacuate Collection Set: 0.1ms
[33.600s][info   ][gc,phases     ] GC(168)   Evacuate Collection Set: 0.3ms
[33.600s][info   ][gc,phases     ] GC(168)   Post Evacuate Collection Set: 0.1ms
[33.600s][info   ][gc,phases     ] GC(168)   Other: 0.5ms
[33.600s][info   ][gc,heap       ] GC(168) Eden regions: 0->0(13)
[33.600s][info   ][gc,heap       ] GC(168) Survivor regions: 0->0(2)
[33.600s][info   ][gc,heap       ] GC(168) Old regions: 1->1
[33.600s][info   ][gc,heap       ] GC(168) Archive regions: 0->0
[33.600s][info   ][gc,heap       ] GC(168) Humongous regions: 127->126
[33.600s][info   ][gc,metaspace  ] GC(168) Metaspace: 3424K(4864K)->3424K(4864K) NonClass: 3120K(4352K)->3120K(4352K) Class: 304K(512K)->304K(512K)
[33.600s][info   ][gc            ] GC(168) Pause Young (Concurrent Start) (G1 Humongous Allocation) 127M->126M(256M) 1.279ms
[33.600s][info   ][gc,cpu        ] GC(168) User=0.00s Sys=0.00s Real=0.01s
[33.600s][info   ][gc            ] GC(169) Concurrent Cycle
[33.600s][info   ][gc,marking    ] GC(169) Concurrent Clear Claimed Marks
[33.600s][info   ][gc,marking    ] GC(169) Concurrent Clear Claimed Marks 0.022ms
[33.600s][info   ][gc,marking    ] GC(169) Concurrent Scan Root Regions
[33.600s][info   ][gc,marking    ] GC(169) Concurrent Scan Root Regions 0.018ms
[33.600s][info   ][gc,marking    ] GC(169) Concurrent Mark (33.600s)
[33.600s][info   ][gc,marking    ] GC(169) Concurrent Mark From Roots
[33.600s][info   ][gc,task       ] GC(169) Using 2 workers of 2 for marking
[33.602s][info   ][gc,marking    ] GC(169) Concurrent Mark From Roots 1.865ms
[33.602s][info   ][gc,marking    ] GC(169) Concurrent Preclean
[33.602s][info   ][gc,marking    ] GC(169) Concurrent Preclean 0.043ms
[33.602s][info   ][gc,marking    ] GC(169) Concurrent Mark (33.600s, 33.602s) 1.951ms
[33.602s][info   ][gc,start      ] GC(169) Pause Remark
[33.603s][info   ][gc,stringtable] GC(169) Cleaned string and symbol table, strings: 1384 processed, 0 removed, symbols: 16327 processed, 0 removed
[33.603s][info   ][gc            ] GC(169) Pause Remark 127M->127M(256M) 0.749ms
[33.603s][info   ][gc,cpu        ] GC(169) User=0.00s Sys=0.00s Real=0.00s
[33.603s][info   ][gc,marking    ] GC(169) Concurrent Rebuild Remembered Sets
[33.604s][info   ][gc,marking    ] GC(169) Concurrent Rebuild Remembered Sets 1.013ms
[33.604s][info   ][gc,start      ] GC(169) Pause Cleanup
[33.604s][info   ][gc            ] GC(169) Pause Cleanup 127M->127M(256M) 0.094ms
[33.604s][info   ][gc,cpu        ] GC(169) User=0.00s Sys=0.00s Real=0.00s
[33.604s][info   ][gc,marking    ] GC(169) Concurrent Cleanup for Next Mark
[33.605s][info   ][gc,marking    ] GC(169) Concurrent Cleanup for Next Mark 0.332ms
[33.605s][info   ][gc            ] GC(169) Concurrent Cycle 4.528ms
[33.656s][info   ][gc,start      ] GC(170) Pause Young (Concurrent Start) (G1 Humongous Allocation)
[33.657s][info   ][gc,task       ] GC(170) Using 6 workers of 9 for evacuation
[33.658s][info   ][gc,phases     ] GC(170)   Pre Evacuate Collection Set: 0.2ms
[33.660s][info   ][gc,phases     ] GC(170)   Evacuate Collection Set: 1.2ms
[33.660s][info   ][gc,phases     ] GC(170)   Post Evacuate Collection Set: 0.2ms
[33.660s][info   ][gc,phases     ] GC(170)   Other: 0.5ms
[33.660s][info   ][gc,heap       ] GC(170) Eden regions: 0->0(13)
[33.660s][info   ][gc,heap       ] GC(170) Survivor regions: 0->0(2)
[33.660s][info   ][gc,heap       ] GC(170) Old regions: 1->1
[33.660s][info   ][gc,heap       ] GC(170) Archive regions: 0->0
[33.660s][info   ][gc,heap       ] GC(170) Humongous regions: 127->126
[33.660s][info   ][gc,metaspace  ] GC(170) Metaspace: 3424K(4864K)->3424K(4864K) NonClass: 3120K(4352K)->3120K(4352K) Class: 304K(512K)->304K(512K)
[33.660s][info   ][gc            ] GC(170) Pause Young (Concurrent Start) (G1 Humongous Allocation) 127M->126M(256M) 3.699ms
[33.660s][info   ][gc,cpu        ] GC(170) User=0.01s Sys=0.00s Real=0.01s
[33.660s][info   ][gc            ] GC(171) Concurrent Cycle
[33.660s][info   ][gc,marking    ] GC(171) Concurrent Clear Claimed Marks
[33.660s][info   ][gc,marking    ] GC(171) Concurrent Clear Claimed Marks 0.014ms
[33.660s][info   ][gc,marking    ] GC(171) Concurrent Scan Root Regions
[33.660s][info   ][gc,marking    ] GC(171) Concurrent Scan Root Regions 0.010ms
[33.660s][info   ][gc,marking    ] GC(171) Concurrent Mark (33.660s)
[33.660s][info   ][gc,marking    ] GC(171) Concurrent Mark From Roots
[33.660s][info   ][gc,task       ] GC(171) Using 2 workers of 2 for marking
[33.662s][info   ][gc,marking    ] GC(171) Concurrent Mark From Roots 1.578ms
[33.662s][info   ][gc,marking    ] GC(171) Concurrent Preclean
[33.662s][info   ][gc,marking    ] GC(171) Concurrent Preclean 0.040ms
[33.662s][info   ][gc,marking    ] GC(171) Concurrent Mark (33.660s, 33.662s) 1.677ms
[33.662s][info   ][gc,start      ] GC(171) Pause Remark
[33.662s][info   ][gc,stringtable] GC(171) Cleaned string and symbol table, strings: 1384 processed, 0 removed, symbols: 16327 processed, 0 removed
[33.662s][info   ][gc            ] GC(171) Pause Remark 127M->127M(256M) 0.501ms
[33.663s][info   ][gc,cpu        ] GC(171) User=0.00s Sys=0.00s Real=0.00s
[33.663s][info   ][gc,marking    ] GC(171) Concurrent Rebuild Remembered Sets
[33.664s][info   ][gc,marking    ] GC(171) Concurrent Rebuild Remembered Sets 1.017ms
[33.664s][info   ][gc,start      ] GC(171) Pause Cleanup
[33.664s][info   ][gc            ] GC(171) Pause Cleanup 127M->127M(256M) 0.102ms
[33.664s][info   ][gc,cpu        ] GC(171) User=0.00s Sys=0.00s Real=0.00s
[33.664s][info   ][gc,marking    ] GC(171) Concurrent Cleanup for Next Mark
[33.664s][info   ][gc,marking    ] GC(171) Concurrent Cleanup for Next Mark 0.327ms
[33.664s][info   ][gc            ] GC(171) Concurrent Cycle 4.049ms
[33.714s][info   ][gc,start      ] GC(172) Pause Young (Concurrent Start) (G1 Humongous Allocation)
[33.714s][info   ][gc,task       ] GC(172) Using 6 workers of 9 for evacuation
[33.715s][info   ][gc,phases     ] GC(172)   Pre Evacuate Collection Set: 0.1ms
[33.715s][info   ][gc,phases     ] GC(172)   Evacuate Collection Set: 0.5ms
[33.715s][info   ][gc,phases     ] GC(172)   Post Evacuate Collection Set: 0.1ms
[33.715s][info   ][gc,phases     ] GC(172)   Other: 0.5ms
[33.715s][info   ][gc,heap       ] GC(172) Eden regions: 0->0(13)
[33.715s][info   ][gc,heap       ] GC(172) Survivor regions: 0->0(2)
[33.715s][info   ][gc,heap       ] GC(172) Old regions: 1->1
[33.715s][info   ][gc,heap       ] GC(172) Archive regions: 0->0
[33.715s][info   ][gc,heap       ] GC(172) Humongous regions: 127->126
[33.715s][info   ][gc,metaspace  ] GC(172) Metaspace: 3424K(4864K)->3424K(4864K) NonClass: 3120K(4352K)->3120K(4352K) Class: 304K(512K)->304K(512K)
[33.716s][info   ][gc            ] GC(172) Pause Young (Concurrent Start) (G1 Humongous Allocation) 127M->126M(256M) 1.506ms
[33.716s][info   ][gc,cpu        ] GC(172) User=0.00s Sys=0.00s Real=0.00s
[33.716s][info   ][gc            ] GC(173) Concurrent Cycle
[33.716s][info   ][gc,marking    ] GC(173) Concurrent Clear Claimed Marks
[33.716s][info   ][gc,marking    ] GC(173) Concurrent Clear Claimed Marks 0.025ms
[33.716s][info   ][gc,marking    ] GC(173) Concurrent Scan Root Regions
[33.716s][info   ][gc,marking    ] GC(173) Concurrent Scan Root Regions 0.022ms
[33.716s][info   ][gc,marking    ] GC(173) Concurrent Mark (33.716s)
[33.716s][info   ][gc,marking    ] GC(173) Concurrent Mark From Roots
[33.716s][info   ][gc,task       ] GC(173) Using 2 workers of 2 for marking
[33.718s][info   ][gc,marking    ] GC(173) Concurrent Mark From Roots 2.437ms
[33.718s][info   ][gc,marking    ] GC(173) Concurrent Preclean
[33.718s][info   ][gc,marking    ] GC(173) Concurrent Preclean 0.036ms
[33.718s][info   ][gc,marking    ] GC(173) Concurrent Mark (33.716s, 33.718s) 2.536ms
[33.718s][info   ][gc,start      ] GC(173) Pause Remark
[33.719s][info   ][gc,stringtable] GC(173) Cleaned string and symbol table, strings: 1384 processed, 0 removed, symbols: 16327 processed, 0 removed
[33.719s][info   ][gc            ] GC(173) Pause Remark 127M->127M(256M) 0.507ms
[33.719s][info   ][gc,cpu        ] GC(173) User=0.00s Sys=0.00s Real=0.00s
[33.719s][info   ][gc,marking    ] GC(173) Concurrent Rebuild Remembered Sets
[33.720s][info   ][gc,marking    ] GC(173) Concurrent Rebuild Remembered Sets 0.984ms
[33.720s][info   ][gc,start      ] GC(173) Pause Cleanup
[33.720s][info   ][gc            ] GC(173) Pause Cleanup 127M->127M(256M) 0.107ms
[33.720s][info   ][gc,cpu        ] GC(173) User=0.00s Sys=0.00s Real=0.00s
[33.720s][info   ][gc,marking    ] GC(173) Concurrent Cleanup for Next Mark
[33.720s][info   ][gc,marking    ] GC(173) Concurrent Cleanup for Next Mark 0.266ms
[33.720s][info   ][gc            ] GC(173) Concurrent Cycle 4.857ms
[33.769s][info   ][gc,start      ] GC(174) Pause Young (Concurrent Start) (G1 Humongous Allocation)
[33.769s][info   ][gc,task       ] GC(174) Using 6 workers of 9 for evacuation
[33.770s][info   ][gc,phases     ] GC(174)   Pre Evacuate Collection Set: 0.1ms
[33.770s][info   ][gc,phases     ] GC(174)   Evacuate Collection Set: 0.4ms
[33.770s][info   ][gc,phases     ] GC(174)   Post Evacuate Collection Set: 0.1ms
[33.770s][info   ][gc,phases     ] GC(174)   Other: 0.5ms
[33.770s][info   ][gc,heap       ] GC(174) Eden regions: 0->0(13)
[33.770s][info   ][gc,heap       ] GC(174) Survivor regions: 0->0(2)
[33.770s][info   ][gc,heap       ] GC(174) Old regions: 1->1
[33.770s][info   ][gc,heap       ] GC(174) Archive regions: 0->0
[33.770s][info   ][gc,heap       ] GC(174) Humongous regions: 127->126
[33.770s][info   ][gc,metaspace  ] GC(174) Metaspace: 3424K(4864K)->3424K(4864K) NonClass: 3120K(4352K)->3120K(4352K) Class: 304K(512K)->304K(512K)
[33.770s][info   ][gc            ] GC(174) Pause Young (Concurrent Start) (G1 Humongous Allocation) 127M->126M(256M) 1.300ms
[33.770s][info   ][gc,cpu        ] GC(174) User=0.00s Sys=0.00s Real=0.01s
[33.770s][info   ][gc            ] GC(175) Concurrent Cycle
[33.770s][info   ][gc,marking    ] GC(175) Concurrent Clear Claimed Marks
[33.770s][info   ][gc,marking    ] GC(175) Concurrent Clear Claimed Marks 0.026ms
[33.770s][info   ][gc,marking    ] GC(175) Concurrent Scan Root Regions
[33.770s][info   ][gc,marking    ] GC(175) Concurrent Scan Root Regions 0.018ms
[33.770s][info   ][gc,marking    ] GC(175) Concurrent Mark (33.770s)
[33.771s][info   ][gc,marking    ] GC(175) Concurrent Mark From Roots
[33.771s][info   ][gc,task       ] GC(175) Using 2 workers of 2 for marking
[33.774s][info   ][gc,marking    ] GC(175) Concurrent Mark From Roots 3.154ms
[33.774s][info   ][gc,marking    ] GC(175) Concurrent Preclean
[33.774s][info   ][gc,marking    ] GC(175) Concurrent Preclean 0.035ms
[33.774s][info   ][gc,marking    ] GC(175) Concurrent Mark (33.770s, 33.774s) 3.242ms
[33.774s][info   ][gc,start      ] GC(175) Pause Remark
[33.774s][info   ][gc,stringtable] GC(175) Cleaned string and symbol table, strings: 1384 processed, 0 removed, symbols: 16327 processed, 0 removed
[33.774s][info   ][gc            ] GC(175) Pause Remark 127M->127M(256M) 0.506ms
[33.774s][info   ][gc,cpu        ] GC(175) User=0.01s Sys=0.00s Real=0.00s
[33.774s][info   ][gc,marking    ] GC(175) Concurrent Rebuild Remembered Sets
[33.775s][info   ][gc,marking    ] GC(175) Concurrent Rebuild Remembered Sets 0.956ms
[33.775s][info   ][gc,start      ] GC(175) Pause Cleanup
[33.776s][info   ][gc            ] GC(175) Pause Cleanup 127M->127M(256M) 0.080ms
[33.776s][info   ][gc,cpu        ] GC(175) User=0.00s Sys=0.00s Real=0.00s
[33.776s][info   ][gc,marking    ] GC(175) Concurrent Cleanup for Next Mark
[33.776s][info   ][gc,marking    ] GC(175) Concurrent Cleanup for Next Mark 0.301ms
[33.776s][info   ][gc            ] GC(175) Concurrent Cycle 5.521ms
[33.825s][info   ][gc,start      ] GC(176) Pause Young (Concurrent Start) (G1 Humongous Allocation)
[33.825s][info   ][gc,task       ] GC(176) Using 6 workers of 9 for evacuation
[33.826s][info   ][gc,phases     ] GC(176)   Pre Evacuate Collection Set: 0.1ms
[33.826s][info   ][gc,phases     ] GC(176)   Evacuate Collection Set: 0.6ms
[33.826s][info   ][gc,phases     ] GC(176)   Post Evacuate Collection Set: 0.1ms
[33.826s][info   ][gc,phases     ] GC(176)   Other: 0.5ms
[33.826s][info   ][gc,heap       ] GC(176) Eden regions: 0->0(13)
[33.826s][info   ][gc,heap       ] GC(176) Survivor regions: 0->0(2)
[33.826s][info   ][gc,heap       ] GC(176) Old regions: 1->1
[33.826s][info   ][gc,heap       ] GC(176) Archive regions: 0->0
[33.826s][info   ][gc,heap       ] GC(176) Humongous regions: 127->126
[33.826s][info   ][gc,metaspace  ] GC(176) Metaspace: 3424K(4864K)->3424K(4864K) NonClass: 3120K(4352K)->3120K(4352K) Class: 304K(512K)->304K(512K)
[33.826s][info   ][gc            ] GC(176) Pause Young (Concurrent Start) (G1 Humongous Allocation) 127M->126M(256M) 1.392ms
[33.826s][info   ][gc,cpu        ] GC(176) User=0.00s Sys=0.00s Real=0.00s
[33.826s][info   ][gc            ] GC(177) Concurrent Cycle
[33.826s][info   ][gc,marking    ] GC(177) Concurrent Clear Claimed Marks
[33.826s][info   ][gc,marking    ] GC(177) Concurrent Clear Claimed Marks 0.019ms
[33.826s][info   ][gc,marking    ] GC(177) Concurrent Scan Root Regions
[33.826s][info   ][gc,marking    ] GC(177) Concurrent Scan Root Regions 0.013ms
[33.826s][info   ][gc,marking    ] GC(177) Concurrent Mark (33.826s)
[33.827s][info   ][gc,marking    ] GC(177) Concurrent Mark From Roots
[33.827s][info   ][gc,task       ] GC(177) Using 2 workers of 2 for marking
[33.828s][info   ][gc,marking    ] GC(177) Concurrent Mark From Roots 1.745ms
[33.828s][info   ][gc,marking    ] GC(177) Concurrent Preclean
[33.828s][info   ][gc,marking    ] GC(177) Concurrent Preclean 0.034ms
[33.828s][info   ][gc,marking    ] GC(177) Concurrent Mark (33.826s, 33.828s) 1.820ms
[33.828s][info   ][gc,start      ] GC(177) Pause Remark
[33.830s][info   ][gc,stringtable] GC(177) Cleaned string and symbol table, strings: 1384 processed, 0 removed, symbols: 16327 processed, 0 removed
[33.830s][info   ][gc            ] GC(177) Pause Remark 127M->127M(256M) 1.319ms
[33.830s][info   ][gc,cpu        ] GC(177) User=0.00s Sys=0.00s Real=0.01s
[33.830s][info   ][gc,marking    ] GC(177) Concurrent Rebuild Remembered Sets
[33.831s][info   ][gc,marking    ] GC(177) Concurrent Rebuild Remembered Sets 1.005ms
[33.831s][info   ][gc,start      ] GC(177) Pause Cleanup
[33.831s][info   ][gc            ] GC(177) Pause Cleanup 127M->127M(256M) 0.101ms
[33.831s][info   ][gc,cpu        ] GC(177) User=0.00s Sys=0.00s Real=0.00s
[33.831s][info   ][gc,marking    ] GC(177) Concurrent Cleanup for Next Mark
[33.831s][info   ][gc,marking    ] GC(177) Concurrent Cleanup for Next Mark 0.352ms
[33.831s][info   ][gc            ] GC(177) Concurrent Cycle 5.005ms
[33.879s][info   ][gc,start      ] GC(178) Pause Young (Concurrent Start) (G1 Humongous Allocation)
[33.880s][info   ][gc,task       ] GC(178) Using 6 workers of 9 for evacuation
[33.881s][info   ][gc,phases     ] GC(178)   Pre Evacuate Collection Set: 0.1ms
[33.881s][info   ][gc,phases     ] GC(178)   Evacuate Collection Set: 0.5ms
[33.881s][info   ][gc,phases     ] GC(178)   Post Evacuate Collection Set: 0.2ms
[33.881s][info   ][gc,phases     ] GC(178)   Other: 0.5ms
[33.881s][info   ][gc,heap       ] GC(178) Eden regions: 0->0(13)
[33.881s][info   ][gc,heap       ] GC(178) Survivor regions: 0->0(2)
[33.881s][info   ][gc,heap       ] GC(178) Old regions: 1->1
[33.881s][info   ][gc,heap       ] GC(178) Archive regions: 0->0
[33.881s][info   ][gc,heap       ] GC(178) Humongous regions: 127->126
[33.881s][info   ][gc,metaspace  ] GC(178) Metaspace: 3424K(4864K)->3424K(4864K) NonClass: 3120K(4352K)->3120K(4352K) Class: 304K(512K)->304K(512K)
[33.881s][info   ][gc            ] GC(178) Pause Young (Concurrent Start) (G1 Humongous Allocation) 127M->126M(256M) 1.537ms
[33.882s][info   ][gc,cpu        ] GC(178) User=0.00s Sys=0.01s Real=0.00s
[33.882s][info   ][gc            ] GC(179) Concurrent Cycle
[33.882s][info   ][gc,marking    ] GC(179) Concurrent Clear Claimed Marks
[33.882s][info   ][gc,marking    ] GC(179) Concurrent Clear Claimed Marks 0.023ms
[33.882s][info   ][gc,marking    ] GC(179) Concurrent Scan Root Regions
[33.882s][info   ][gc,marking    ] GC(179) Concurrent Scan Root Regions 0.014ms
[33.882s][info   ][gc,marking    ] GC(179) Concurrent Mark (33.882s)
[33.882s][info   ][gc,marking    ] GC(179) Concurrent Mark From Roots
[33.882s][info   ][gc,task       ] GC(179) Using 2 workers of 2 for marking
[33.884s][info   ][gc,marking    ] GC(179) Concurrent Mark From Roots 2.439ms
[33.884s][info   ][gc,marking    ] GC(179) Concurrent Preclean
[33.884s][info   ][gc,marking    ] GC(179) Concurrent Preclean 0.034ms
[33.884s][info   ][gc,marking    ] GC(179) Concurrent Mark (33.882s, 33.884s) 2.522ms
[33.885s][info   ][gc,start      ] GC(179) Pause Remark
[33.885s][info   ][gc,stringtable] GC(179) Cleaned string and symbol table, strings: 1384 processed, 0 removed, symbols: 16327 processed, 0 removed
[33.885s][info   ][gc            ] GC(179) Pause Remark 127M->127M(256M) 0.492ms
[33.885s][info   ][gc,cpu        ] GC(179) User=0.00s Sys=0.00s Real=0.00s
[33.885s][info   ][gc,marking    ] GC(179) Concurrent Rebuild Remembered Sets
[33.886s][info   ][gc,marking    ] GC(179) Concurrent Rebuild Remembered Sets 0.974ms
[33.886s][info   ][gc,start      ] GC(179) Pause Cleanup
[33.886s][info   ][gc            ] GC(179) Pause Cleanup 127M->127M(256M) 0.074ms
[33.886s][info   ][gc,cpu        ] GC(179) User=0.00s Sys=0.00s Real=0.00s
[33.886s][info   ][gc,marking    ] GC(179) Concurrent Cleanup for Next Mark
[33.887s][info   ][gc,marking    ] GC(179) Concurrent Cleanup for Next Mark 0.289ms
[33.887s][info   ][gc            ] GC(179) Concurrent Cycle 4.718ms
[33.936s][info   ][gc,start      ] GC(180) Pause Young (Concurrent Start) (G1 Humongous Allocation)
[33.937s][info   ][gc,task       ] GC(180) Using 6 workers of 9 for evacuation
[33.939s][info   ][gc,phases     ] GC(180)   Pre Evacuate Collection Set: 0.1ms
[33.940s][info   ][gc,phases     ] GC(180)   Evacuate Collection Set: 0.5ms
[33.940s][info   ][gc,phases     ] GC(180)   Post Evacuate Collection Set: 1.7ms
[33.940s][info   ][gc,phases     ] GC(180)   Other: 0.5ms
[33.940s][info   ][gc,heap       ] GC(180) Eden regions: 0->0(13)
[33.940s][info   ][gc,heap       ] GC(180) Survivor regions: 0->0(2)
[33.940s][info   ][gc,heap       ] GC(180) Old regions: 1->1
[33.940s][info   ][gc,heap       ] GC(180) Archive regions: 0->0
[33.940s][info   ][gc,heap       ] GC(180) Humongous regions: 127->126
[33.940s][info   ][gc,metaspace  ] GC(180) Metaspace: 3424K(4864K)->3424K(4864K) NonClass: 3120K(4352K)->3120K(4352K) Class: 304K(512K)->304K(512K)
[33.940s][info   ][gc            ] GC(180) Pause Young (Concurrent Start) (G1 Humongous Allocation) 127M->126M(256M) 3.200ms
[33.940s][info   ][gc,cpu        ] GC(180) User=0.01s Sys=0.00s Real=0.01s
[33.940s][info   ][gc            ] GC(181) Concurrent Cycle
[33.940s][info   ][gc,marking    ] GC(181) Concurrent Clear Claimed Marks
[33.940s][info   ][gc,marking    ] GC(181) Concurrent Clear Claimed Marks 0.016ms
[33.940s][info   ][gc,marking    ] GC(181) Concurrent Scan Root Regions
[33.940s][info   ][gc,marking    ] GC(181) Concurrent Scan Root Regions 0.011ms
[33.940s][info   ][gc,marking    ] GC(181) Concurrent Mark (33.940s)
[33.940s][info   ][gc,marking    ] GC(181) Concurrent Mark From Roots
[33.940s][info   ][gc,task       ] GC(181) Using 2 workers of 2 for marking
[33.942s][info   ][gc,marking    ] GC(181) Concurrent Mark From Roots 1.903ms
[33.942s][info   ][gc,marking    ] GC(181) Concurrent Preclean
[33.942s][info   ][gc,marking    ] GC(181) Concurrent Preclean 0.033ms
[33.942s][info   ][gc,marking    ] GC(181) Concurrent Mark (33.940s, 33.942s) 1.980ms
[33.942s][info   ][gc,start      ] GC(181) Pause Remark
[33.942s][info   ][gc,stringtable] GC(181) Cleaned string and symbol table, strings: 1384 processed, 0 removed, symbols: 16327 processed, 0 removed
[33.942s][info   ][gc            ] GC(181) Pause Remark 127M->127M(256M) 0.440ms
[33.942s][info   ][gc,cpu        ] GC(181) User=0.00s Sys=0.00s Real=0.00s
[33.942s][info   ][gc,marking    ] GC(181) Concurrent Rebuild Remembered Sets
[33.943s][info   ][gc,marking    ] GC(181) Concurrent Rebuild Remembered Sets 0.937ms
[33.943s][info   ][gc,start      ] GC(181) Pause Cleanup
[33.944s][info   ][gc            ] GC(181) Pause Cleanup 127M->127M(256M) 0.079ms
[33.944s][info   ][gc,cpu        ] GC(181) User=0.00s Sys=0.00s Real=0.00s
[33.944s][info   ][gc,marking    ] GC(181) Concurrent Cleanup for Next Mark
[33.944s][info   ][gc,marking    ] GC(181) Concurrent Cleanup for Next Mark 0.279ms
[33.944s][info   ][gc            ] GC(181) Concurrent Cycle 4.076ms
[33.993s][info   ][gc,start      ] GC(182) Pause Young (Concurrent Start) (G1 Humongous Allocation)
[33.993s][info   ][gc,task       ] GC(182) Using 6 workers of 9 for evacuation
[33.994s][info   ][gc,phases     ] GC(182)   Pre Evacuate Collection Set: 0.2ms
[33.994s][info   ][gc,phases     ] GC(182)   Evacuate Collection Set: 0.5ms
[33.994s][info   ][gc,phases     ] GC(182)   Post Evacuate Collection Set: 0.1ms
[33.994s][info   ][gc,phases     ] GC(182)   Other: 0.6ms
[33.994s][info   ][gc,heap       ] GC(182) Eden regions: 0->0(13)
[33.994s][info   ][gc,heap       ] GC(182) Survivor regions: 0->0(2)
[33.994s][info   ][gc,heap       ] GC(182) Old regions: 1->1
[33.994s][info   ][gc,heap       ] GC(182) Archive regions: 0->0
[33.994s][info   ][gc,heap       ] GC(182) Humongous regions: 127->126
[33.994s][info   ][gc,metaspace  ] GC(182) Metaspace: 3424K(4864K)->3424K(4864K) NonClass: 3120K(4352K)->3120K(4352K) Class: 304K(512K)->304K(512K)
[33.994s][info   ][gc            ] GC(182) Pause Young (Concurrent Start) (G1 Humongous Allocation) 127M->126M(256M) 1.540ms
[33.994s][info   ][gc,cpu        ] GC(182) User=0.00s Sys=0.00s Real=0.00s
[33.994s][info   ][gc            ] GC(183) Concurrent Cycle
[33.994s][info   ][gc,marking    ] GC(183) Concurrent Clear Claimed Marks
[33.995s][info   ][gc,marking    ] GC(183) Concurrent Clear Claimed Marks 0.015ms
[33.995s][info   ][gc,marking    ] GC(183) Concurrent Scan Root Regions
[33.995s][info   ][gc,marking    ] GC(183) Concurrent Scan Root Regions 0.009ms
[33.995s][info   ][gc,marking    ] GC(183) Concurrent Mark (33.995s)
[33.995s][info   ][gc,marking    ] GC(183) Concurrent Mark From Roots
[33.995s][info   ][gc,task       ] GC(183) Using 2 workers of 2 for marking
[33.996s][info   ][gc,marking    ] GC(183) Concurrent Mark From Roots 1.739ms
[33.996s][info   ][gc,marking    ] GC(183) Concurrent Preclean
[33.996s][info   ][gc,marking    ] GC(183) Concurrent Preclean 0.044ms
[33.996s][info   ][gc,marking    ] GC(183) Concurrent Mark (33.995s, 33.996s) 1.833ms
[33.996s][info   ][gc,start      ] GC(183) Pause Remark
[33.997s][info   ][gc,stringtable] GC(183) Cleaned string and symbol table, strings: 1384 processed, 0 removed, symbols: 16327 processed, 0 removed
[33.997s][info   ][gc            ] GC(183) Pause Remark 127M->127M(256M) 0.562ms
[33.997s][info   ][gc,cpu        ] GC(183) User=0.00s Sys=0.00s Real=0.00s
[33.997s][info   ][gc,marking    ] GC(183) Concurrent Rebuild Remembered Sets
[33.998s][info   ][gc,marking    ] GC(183) Concurrent Rebuild Remembered Sets 0.994ms
[33.998s][info   ][gc,start      ] GC(183) Pause Cleanup
[33.998s][info   ][gc            ] GC(183) Pause Cleanup 127M->127M(256M) 0.071ms
[33.998s][info   ][gc,cpu        ] GC(183) User=0.00s Sys=0.00s Real=0.00s
[33.998s][info   ][gc,marking    ] GC(183) Concurrent Cleanup for Next Mark
[33.999s][info   ][gc,marking    ] GC(183) Concurrent Cleanup for Next Mark 0.269ms
[33.999s][info   ][gc            ] GC(183) Concurrent Cycle 4.056ms
[34.048s][info   ][gc,start      ] GC(184) Pause Young (Concurrent Start) (G1 Humongous Allocation)
[34.049s][info   ][gc,task       ] GC(184) Using 6 workers of 9 for evacuation
[34.049s][info   ][gc,phases     ] GC(184)   Pre Evacuate Collection Set: 0.1ms
[34.049s][info   ][gc,phases     ] GC(184)   Evacuate Collection Set: 0.4ms
[34.049s][info   ][gc,phases     ] GC(184)   Post Evacuate Collection Set: 0.1ms
[34.049s][info   ][gc,phases     ] GC(184)   Other: 0.5ms
[34.049s][info   ][gc,heap       ] GC(184) Eden regions: 0->0(13)
[34.049s][info   ][gc,heap       ] GC(184) Survivor regions: 0->0(2)
[34.050s][info   ][gc,heap       ] GC(184) Old regions: 1->1
[34.050s][info   ][gc,heap       ] GC(184) Archive regions: 0->0
[34.050s][info   ][gc,heap       ] GC(184) Humongous regions: 127->126
[34.050s][info   ][gc,metaspace  ] GC(184) Metaspace: 3424K(4864K)->3424K(4864K) NonClass: 3120K(4352K)->3120K(4352K) Class: 304K(512K)->304K(512K)
[34.050s][info   ][gc            ] GC(184) Pause Young (Concurrent Start) (G1 Humongous Allocation) 127M->126M(256M) 1.318ms
[34.050s][info   ][gc,cpu        ] GC(184) User=0.00s Sys=0.00s Real=0.01s
[34.050s][info   ][gc            ] GC(185) Concurrent Cycle
[34.050s][info   ][gc,marking    ] GC(185) Concurrent Clear Claimed Marks
[34.050s][info   ][gc,marking    ] GC(185) Concurrent Clear Claimed Marks 0.020ms
[34.050s][info   ][gc,marking    ] GC(185) Concurrent Scan Root Regions
[34.050s][info   ][gc,marking    ] GC(185) Concurrent Scan Root Regions 0.015ms
[34.050s][info   ][gc,marking    ] GC(185) Concurrent Mark (34.050s)
[34.050s][info   ][gc,marking    ] GC(185) Concurrent Mark From Roots
[34.050s][info   ][gc,task       ] GC(185) Using 2 workers of 2 for marking
[34.052s][info   ][gc,marking    ] GC(185) Concurrent Mark From Roots 2.608ms
[34.052s][info   ][gc,marking    ] GC(185) Concurrent Preclean
[34.053s][info   ][gc,marking    ] GC(185) Concurrent Preclean 0.083ms
[34.053s][info   ][gc,marking    ] GC(185) Concurrent Mark (34.050s, 34.053s) 2.786ms
[34.053s][info   ][gc,start      ] GC(185) Pause Remark
[34.053s][info   ][gc,stringtable] GC(185) Cleaned string and symbol table, strings: 1384 processed, 0 removed, symbols: 16327 processed, 0 removed
[34.053s][info   ][gc            ] GC(185) Pause Remark 127M->127M(256M) 0.442ms
[34.053s][info   ][gc,cpu        ] GC(185) User=0.00s Sys=0.00s Real=0.00s
[34.053s][info   ][gc,marking    ] GC(185) Concurrent Rebuild Remembered Sets
[34.054s][info   ][gc,marking    ] GC(185) Concurrent Rebuild Remembered Sets 0.807ms
[34.054s][info   ][gc,start      ] GC(185) Pause Cleanup
[34.054s][info   ][gc            ] GC(185) Pause Cleanup 127M->127M(256M) 0.066ms
[34.054s][info   ][gc,cpu        ] GC(185) User=0.00s Sys=0.00s Real=0.00s
[34.054s][info   ][gc,marking    ] GC(185) Concurrent Cleanup for Next Mark
[34.054s][info   ][gc,marking    ] GC(185) Concurrent Cleanup for Next Mark 0.275ms
[34.054s][info   ][gc            ] GC(185) Concurrent Cycle 4.787ms
[34.104s][info   ][gc,start      ] GC(186) Pause Young (Concurrent Start) (G1 Humongous Allocation)
[34.104s][info   ][gc,task       ] GC(186) Using 6 workers of 9 for evacuation
[34.105s][info   ][gc,phases     ] GC(186)   Pre Evacuate Collection Set: 0.1ms
[34.105s][info   ][gc,phases     ] GC(186)   Evacuate Collection Set: 0.2ms
[34.105s][info   ][gc,phases     ] GC(186)   Post Evacuate Collection Set: 0.1ms
[34.105s][info   ][gc,phases     ] GC(186)   Other: 0.2ms
[34.105s][info   ][gc,heap       ] GC(186) Eden regions: 0->0(13)
[34.105s][info   ][gc,heap       ] GC(186) Survivor regions: 0->0(2)
[34.105s][info   ][gc,heap       ] GC(186) Old regions: 1->1
[34.105s][info   ][gc,heap       ] GC(186) Archive regions: 0->0
[34.105s][info   ][gc,heap       ] GC(186) Humongous regions: 127->126
[34.105s][info   ][gc,metaspace  ] GC(186) Metaspace: 3424K(4864K)->3424K(4864K) NonClass: 3120K(4352K)->3120K(4352K) Class: 304K(512K)->304K(512K)
[34.105s][info   ][gc            ] GC(186) Pause Young (Concurrent Start) (G1 Humongous Allocation) 127M->126M(256M) 0.748ms
[34.105s][info   ][gc,cpu        ] GC(186) User=0.00s Sys=0.00s Real=0.00s
[34.105s][info   ][gc            ] GC(187) Concurrent Cycle
[34.105s][info   ][gc,marking    ] GC(187) Concurrent Clear Claimed Marks
[34.105s][info   ][gc,marking    ] GC(187) Concurrent Clear Claimed Marks 0.009ms
[34.105s][info   ][gc,marking    ] GC(187) Concurrent Scan Root Regions
[34.105s][info   ][gc,marking    ] GC(187) Concurrent Scan Root Regions 0.006ms
[34.105s][info   ][gc,marking    ] GC(187) Concurrent Mark (34.105s)
[34.105s][info   ][gc,marking    ] GC(187) Concurrent Mark From Roots
[34.105s][info   ][gc,task       ] GC(187) Using 2 workers of 2 for marking
[34.106s][info   ][gc,marking    ] GC(187) Concurrent Mark From Roots 1.221ms
[34.106s][info   ][gc,marking    ] GC(187) Concurrent Preclean
[34.106s][info   ][gc,marking    ] GC(187) Concurrent Preclean 0.032ms
[34.106s][info   ][gc,marking    ] GC(187) Concurrent Mark (34.105s, 34.106s) 1.286ms
[34.107s][info   ][gc,start      ] GC(187) Pause Remark
[34.107s][info   ][gc,stringtable] GC(187) Cleaned string and symbol table, strings: 1384 processed, 0 removed, symbols: 16327 processed, 0 removed
[34.107s][info   ][gc            ] GC(187) Pause Remark 129M->129M(256M) 0.477ms
[34.107s][info   ][gc,cpu        ] GC(187) User=0.00s Sys=0.00s Real=0.00s
[34.107s][info   ][gc,marking    ] GC(187) Concurrent Rebuild Remembered Sets
[34.108s][info   ][gc,marking    ] GC(187) Concurrent Rebuild Remembered Sets 0.855ms
[34.108s][info   ][gc,start      ] GC(187) Pause Cleanup
[34.108s][info   ][gc            ] GC(187) Pause Cleanup 129M->129M(256M) 0.081ms
[34.108s][info   ][gc,cpu        ] GC(187) User=0.00s Sys=0.00s Real=0.00s
[34.108s][info   ][gc,marking    ] GC(187) Concurrent Cleanup for Next Mark
[34.108s][info   ][gc,marking    ] GC(187) Concurrent Cleanup for Next Mark 0.354ms
[34.109s][info   ][gc            ] GC(187) Concurrent Cycle 3.407ms
[34.161s][info   ][gc,start      ] GC(188) Pause Young (Concurrent Start) (G1 Humongous Allocation)
[34.161s][info   ][gc,task       ] GC(188) Using 6 workers of 9 for evacuation
[34.162s][info   ][gc,phases     ] GC(188)   Pre Evacuate Collection Set: 0.1ms
[34.162s][info   ][gc,phases     ] GC(188)   Evacuate Collection Set: 0.4ms
[34.162s][info   ][gc,phases     ] GC(188)   Post Evacuate Collection Set: 0.1ms
[34.162s][info   ][gc,phases     ] GC(188)   Other: 0.4ms
[34.162s][info   ][gc,heap       ] GC(188) Eden regions: 0->0(13)
[34.162s][info   ][gc,heap       ] GC(188) Survivor regions: 0->0(2)
[34.162s][info   ][gc,heap       ] GC(188) Old regions: 1->1
[34.162s][info   ][gc,heap       ] GC(188) Archive regions: 0->0
[34.162s][info   ][gc,heap       ] GC(188) Humongous regions: 129->128
[34.162s][info   ][gc,metaspace  ] GC(188) Metaspace: 3424K(4864K)->3424K(4864K) NonClass: 3120K(4352K)->3120K(4352K) Class: 304K(512K)->304K(512K)
[34.162s][info   ][gc            ] GC(188) Pause Young (Concurrent Start) (G1 Humongous Allocation) 129M->128M(256M) 1.461ms
[34.162s][info   ][gc,cpu        ] GC(188) User=0.01s Sys=0.00s Real=0.00s
[34.162s][info   ][gc            ] GC(189) Concurrent Cycle
[34.162s][info   ][gc,marking    ] GC(189) Concurrent Clear Claimed Marks
[34.162s][info   ][gc,marking    ] GC(189) Concurrent Clear Claimed Marks 0.019ms
[34.162s][info   ][gc,marking    ] GC(189) Concurrent Scan Root Regions
[34.162s][info   ][gc,marking    ] GC(189) Concurrent Scan Root Regions 0.015ms
[34.162s][info   ][gc,marking    ] GC(189) Concurrent Mark (34.162s)
[34.162s][info   ][gc,marking    ] GC(189) Concurrent Mark From Roots
[34.162s][info   ][gc,task       ] GC(189) Using 2 workers of 2 for marking
[34.164s][info   ][gc,marking    ] GC(189) Concurrent Mark From Roots 2.018ms
[34.164s][info   ][gc,marking    ] GC(189) Concurrent Preclean
[34.165s][info   ][gc,marking    ] GC(189) Concurrent Preclean 0.033ms
[34.165s][info   ][gc,marking    ] GC(189) Concurrent Mark (34.162s, 34.165s) 2.103ms
[34.165s][info   ][gc,start      ] GC(189) Pause Remark
[34.165s][info   ][gc,stringtable] GC(189) Cleaned string and symbol table, strings: 1384 processed, 0 removed, symbols: 16327 processed, 0 removed
[34.165s][info   ][gc            ] GC(189) Pause Remark 129M->129M(256M) 0.480ms
[34.165s][info   ][gc,cpu        ] GC(189) User=0.00s Sys=0.00s Real=0.00s
[34.165s][info   ][gc,marking    ] GC(189) Concurrent Rebuild Remembered Sets
[34.166s][info   ][gc,marking    ] GC(189) Concurrent Rebuild Remembered Sets 0.996ms
[34.166s][info   ][gc,start      ] GC(189) Pause Cleanup
[34.166s][info   ][gc            ] GC(189) Pause Cleanup 129M->129M(256M) 0.097ms
[34.166s][info   ][gc,cpu        ] GC(189) User=0.00s Sys=0.00s Real=0.00s
[34.166s][info   ][gc,marking    ] GC(189) Concurrent Cleanup for Next Mark
[34.167s][info   ][gc,marking    ] GC(189) Concurrent Cleanup for Next Mark 0.274ms
[34.167s][info   ][gc            ] GC(189) Concurrent Cycle 4.349ms
[34.214s][info   ][gc,start      ] GC(190) Pause Young (Concurrent Start) (G1 Humongous Allocation)
[34.214s][info   ][gc,task       ] GC(190) Using 6 workers of 9 for evacuation
[34.215s][info   ][gc,phases     ] GC(190)   Pre Evacuate Collection Set: 0.1ms
[34.215s][info   ][gc,phases     ] GC(190)   Evacuate Collection Set: 0.4ms
[34.215s][info   ][gc,phases     ] GC(190)   Post Evacuate Collection Set: 0.1ms
[34.215s][info   ][gc,phases     ] GC(190)   Other: 0.4ms
[34.215s][info   ][gc,heap       ] GC(190) Eden regions: 0->0(13)
[34.215s][info   ][gc,heap       ] GC(190) Survivor regions: 0->0(2)
[34.215s][info   ][gc,heap       ] GC(190) Old regions: 1->1
[34.215s][info   ][gc,heap       ] GC(190) Archive regions: 0->0
[34.215s][info   ][gc,heap       ] GC(190) Humongous regions: 129->128
[34.215s][info   ][gc,metaspace  ] GC(190) Metaspace: 3424K(4864K)->3424K(4864K) NonClass: 3120K(4352K)->3120K(4352K) Class: 304K(512K)->304K(512K)
[34.215s][info   ][gc            ] GC(190) Pause Young (Concurrent Start) (G1 Humongous Allocation) 129M->128M(256M) 1.253ms
[34.216s][info   ][gc,cpu        ] GC(190) User=0.00s Sys=0.01s Real=0.00s
[34.216s][info   ][gc            ] GC(191) Concurrent Cycle
[34.216s][info   ][gc,marking    ] GC(191) Concurrent Clear Claimed Marks
[34.216s][info   ][gc,marking    ] GC(191) Concurrent Clear Claimed Marks 0.027ms
[34.216s][info   ][gc,marking    ] GC(191) Concurrent Scan Root Regions
[34.216s][info   ][gc,marking    ] GC(191) Concurrent Scan Root Regions 0.016ms
[34.216s][info   ][gc,marking    ] GC(191) Concurrent Mark (34.216s)
[34.216s][info   ][gc,marking    ] GC(191) Concurrent Mark From Roots
[34.216s][info   ][gc,task       ] GC(191) Using 2 workers of 2 for marking
[34.218s][info   ][gc,marking    ] GC(191) Concurrent Mark From Roots 2.463ms
[34.218s][info   ][gc,marking    ] GC(191) Concurrent Preclean
[34.218s][info   ][gc,marking    ] GC(191) Concurrent Preclean 0.043ms
[34.218s][info   ][gc,marking    ] GC(191) Concurrent Mark (34.216s, 34.218s) 2.554ms
[34.218s][info   ][gc,start      ] GC(191) Pause Remark
[34.219s][info   ][gc,stringtable] GC(191) Cleaned string and symbol table, strings: 1384 processed, 0 removed, symbols: 16327 processed, 0 removed
[34.219s][info   ][gc            ] GC(191) Pause Remark 129M->129M(256M) 1.107ms
[34.219s][info   ][gc,cpu        ] GC(191) User=0.00s Sys=0.00s Real=0.01s
[34.219s][info   ][gc,marking    ] GC(191) Concurrent Rebuild Remembered Sets
[34.221s][info   ][gc,marking    ] GC(191) Concurrent Rebuild Remembered Sets 1.079ms
[34.221s][info   ][gc,start      ] GC(191) Pause Cleanup
[34.221s][info   ][gc            ] GC(191) Pause Cleanup 129M->129M(256M) 0.079ms
[34.221s][info   ][gc,cpu        ] GC(191) User=0.00s Sys=0.00s Real=0.00s
[34.221s][info   ][gc,marking    ] GC(191) Concurrent Cleanup for Next Mark
[34.221s][info   ][gc,marking    ] GC(191) Concurrent Cleanup for Next Mark 0.243ms
[34.221s][info   ][gc            ] GC(191) Concurrent Cycle 5.473ms
[34.268s][info   ][gc,start      ] GC(192) Pause Young (Concurrent Start) (G1 Humongous Allocation)
[34.269s][info   ][gc,task       ] GC(192) Using 6 workers of 9 for evacuation
[34.269s][info   ][gc,phases     ] GC(192)   Pre Evacuate Collection Set: 0.1ms
[34.269s][info   ][gc,phases     ] GC(192)   Evacuate Collection Set: 0.4ms
[34.269s][info   ][gc,phases     ] GC(192)   Post Evacuate Collection Set: 0.1ms
[34.269s][info   ][gc,phases     ] GC(192)   Other: 0.4ms
[34.270s][info   ][gc,heap       ] GC(192) Eden regions: 0->0(13)
[34.270s][info   ][gc,heap       ] GC(192) Survivor regions: 0->0(2)
[34.270s][info   ][gc,heap       ] GC(192) Old regions: 1->1
[34.270s][info   ][gc,heap       ] GC(192) Archive regions: 0->0
[34.270s][info   ][gc,heap       ] GC(192) Humongous regions: 129->128
[34.270s][info   ][gc,metaspace  ] GC(192) Metaspace: 3424K(4864K)->3424K(4864K) NonClass: 3120K(4352K)->3120K(4352K) Class: 304K(512K)->304K(512K)
[34.270s][info   ][gc            ] GC(192) Pause Young (Concurrent Start) (G1 Humongous Allocation) 129M->128M(256M) 1.248ms
[34.270s][info   ][gc,cpu        ] GC(192) User=0.00s Sys=0.00s Real=0.01s
[34.270s][info   ][gc            ] GC(193) Concurrent Cycle
[34.270s][info   ][gc,marking    ] GC(193) Concurrent Clear Claimed Marks
[34.270s][info   ][gc,marking    ] GC(193) Concurrent Clear Claimed Marks 0.027ms
[34.270s][info   ][gc,marking    ] GC(193) Concurrent Scan Root Regions
[34.270s][info   ][gc,marking    ] GC(193) Concurrent Scan Root Regions 0.016ms
[34.270s][info   ][gc,marking    ] GC(193) Concurrent Mark (34.270s)
[34.270s][info   ][gc,marking    ] GC(193) Concurrent Mark From Roots
[34.270s][info   ][gc,task       ] GC(193) Using 2 workers of 2 for marking
[34.272s][info   ][gc,marking    ] GC(193) Concurrent Mark From Roots 2.025ms
[34.272s][info   ][gc,marking    ] GC(193) Concurrent Preclean
[34.272s][info   ][gc,marking    ] GC(193) Concurrent Preclean 0.032ms
[34.272s][info   ][gc,marking    ] GC(193) Concurrent Mark (34.270s, 34.272s) 2.104ms
[34.272s][info   ][gc,start      ] GC(193) Pause Remark
[34.272s][info   ][gc,stringtable] GC(193) Cleaned string and symbol table, strings: 1384 processed, 0 removed, symbols: 16327 processed, 0 removed
[34.273s][info   ][gc            ] GC(193) Pause Remark 129M->129M(256M) 0.460ms
[34.273s][info   ][gc,cpu        ] GC(193) User=0.00s Sys=0.00s Real=0.00s
[34.273s][info   ][gc,marking    ] GC(193) Concurrent Rebuild Remembered Sets
[34.273s][info   ][gc,marking    ] GC(193) Concurrent Rebuild Remembered Sets 0.940ms
[34.274s][info   ][gc,start      ] GC(193) Pause Cleanup
[34.274s][info   ][gc            ] GC(193) Pause Cleanup 129M->129M(256M) 0.072ms
[34.274s][info   ][gc,cpu        ] GC(193) User=0.00s Sys=0.00s Real=0.00s
[34.274s][info   ][gc,marking    ] GC(193) Concurrent Cleanup for Next Mark
[34.274s][info   ][gc,marking    ] GC(193) Concurrent Cleanup for Next Mark 0.248ms
[34.274s][info   ][gc            ] GC(193) Concurrent Cycle 4.212ms
[34.325s][info   ][gc,start      ] GC(194) Pause Young (Concurrent Start) (G1 Humongous Allocation)
[34.325s][info   ][gc,task       ] GC(194) Using 6 workers of 9 for evacuation
[34.326s][info   ][gc,phases     ] GC(194)   Pre Evacuate Collection Set: 0.1ms
[34.326s][info   ][gc,phases     ] GC(194)   Evacuate Collection Set: 0.6ms
[34.326s][info   ][gc,phases     ] GC(194)   Post Evacuate Collection Set: 0.1ms
[34.326s][info   ][gc,phases     ] GC(194)   Other: 0.4ms
[34.326s][info   ][gc,heap       ] GC(194) Eden regions: 0->0(13)
[34.326s][info   ][gc,heap       ] GC(194) Survivor regions: 0->0(2)
[34.326s][info   ][gc,heap       ] GC(194) Old regions: 1->1
[34.326s][info   ][gc,heap       ] GC(194) Archive regions: 0->0
[34.326s][info   ][gc,heap       ] GC(194) Humongous regions: 129->128
[34.326s][info   ][gc,metaspace  ] GC(194) Metaspace: 3424K(4864K)->3424K(4864K) NonClass: 3120K(4352K)->3120K(4352K) Class: 304K(512K)->304K(512K)
[34.326s][info   ][gc            ] GC(194) Pause Young (Concurrent Start) (G1 Humongous Allocation) 129M->128M(256M) 1.510ms
[34.326s][info   ][gc,cpu        ] GC(194) User=0.00s Sys=0.00s Real=0.00s
[34.326s][info   ][gc            ] GC(195) Concurrent Cycle
[34.326s][info   ][gc,marking    ] GC(195) Concurrent Clear Claimed Marks
[34.327s][info   ][gc,marking    ] GC(195) Concurrent Clear Claimed Marks 0.022ms
[34.327s][info   ][gc,marking    ] GC(195) Concurrent Scan Root Regions
[34.327s][info   ][gc,marking    ] GC(195) Concurrent Scan Root Regions 0.017ms
[34.327s][info   ][gc,marking    ] GC(195) Concurrent Mark (34.327s)
[34.327s][info   ][gc,marking    ] GC(195) Concurrent Mark From Roots
[34.327s][info   ][gc,task       ] GC(195) Using 2 workers of 2 for marking
[34.329s][info   ][gc,marking    ] GC(195) Concurrent Mark From Roots 2.588ms
[34.329s][info   ][gc,marking    ] GC(195) Concurrent Preclean
[34.329s][info   ][gc,marking    ] GC(195) Concurrent Preclean 0.027ms
[34.329s][info   ][gc,marking    ] GC(195) Concurrent Mark (34.327s, 34.329s) 2.664ms
[34.329s][info   ][gc,start      ] GC(195) Pause Remark
[34.330s][info   ][gc,stringtable] GC(195) Cleaned string and symbol table, strings: 1384 processed, 0 removed, symbols: 16327 processed, 0 removed
[34.330s][info   ][gc            ] GC(195) Pause Remark 129M->129M(256M) 0.421ms
[34.330s][info   ][gc,cpu        ] GC(195) User=0.00s Sys=0.00s Real=0.00s
[34.330s][info   ][gc,marking    ] GC(195) Concurrent Rebuild Remembered Sets
[34.331s][info   ][gc,marking    ] GC(195) Concurrent Rebuild Remembered Sets 0.791ms
[34.331s][info   ][gc,start      ] GC(195) Pause Cleanup
[34.331s][info   ][gc            ] GC(195) Pause Cleanup 129M->129M(256M) 0.101ms
[34.331s][info   ][gc,cpu        ] GC(195) User=0.00s Sys=0.00s Real=0.00s
[34.331s][info   ][gc,marking    ] GC(195) Concurrent Cleanup for Next Mark
[34.331s][info   ][gc,marking    ] GC(195) Concurrent Cleanup for Next Mark 0.243ms
[34.331s][info   ][gc            ] GC(195) Concurrent Cycle 4.588ms
[34.380s][info   ][gc,start      ] GC(196) Pause Young (Concurrent Start) (G1 Humongous Allocation)
[34.380s][info   ][gc,task       ] GC(196) Using 6 workers of 9 for evacuation
[34.381s][info   ][gc,phases     ] GC(196)   Pre Evacuate Collection Set: 0.1ms
[34.381s][info   ][gc,phases     ] GC(196)   Evacuate Collection Set: 0.3ms
[34.381s][info   ][gc,phases     ] GC(196)   Post Evacuate Collection Set: 0.1ms
[34.381s][info   ][gc,phases     ] GC(196)   Other: 0.5ms
[34.381s][info   ][gc,heap       ] GC(196) Eden regions: 0->0(13)
[34.381s][info   ][gc,heap       ] GC(196) Survivor regions: 0->0(2)
[34.381s][info   ][gc,heap       ] GC(196) Old regions: 1->1
[34.381s][info   ][gc,heap       ] GC(196) Archive regions: 0->0
[34.381s][info   ][gc,heap       ] GC(196) Humongous regions: 129->128
[34.381s][info   ][gc,metaspace  ] GC(196) Metaspace: 3424K(4864K)->3424K(4864K) NonClass: 3120K(4352K)->3120K(4352K) Class: 304K(512K)->304K(512K)
[34.381s][info   ][gc            ] GC(196) Pause Young (Concurrent Start) (G1 Humongous Allocation) 129M->128M(256M) 1.149ms
[34.381s][info   ][gc,cpu        ] GC(196) User=0.00s Sys=0.00s Real=0.00s
[34.381s][info   ][gc            ] GC(197) Concurrent Cycle
[34.381s][info   ][gc,marking    ] GC(197) Concurrent Clear Claimed Marks
[34.381s][info   ][gc,marking    ] GC(197) Concurrent Clear Claimed Marks 0.016ms
[34.381s][info   ][gc,marking    ] GC(197) Concurrent Scan Root Regions
[34.381s][info   ][gc,marking    ] GC(197) Concurrent Scan Root Regions 0.009ms
[34.381s][info   ][gc,marking    ] GC(197) Concurrent Mark (34.381s)
[34.381s][info   ][gc,marking    ] GC(197) Concurrent Mark From Roots
[34.381s][info   ][gc,task       ] GC(197) Using 2 workers of 2 for marking
[34.383s][info   ][gc,marking    ] GC(197) Concurrent Mark From Roots 1.921ms
[34.383s][info   ][gc,marking    ] GC(197) Concurrent Preclean
[34.383s][info   ][gc,marking    ] GC(197) Concurrent Preclean 0.043ms
[34.383s][info   ][gc,marking    ] GC(197) Concurrent Mark (34.381s, 34.383s) 2.001ms
[34.383s][info   ][gc,start      ] GC(197) Pause Remark
[34.384s][info   ][gc,stringtable] GC(197) Cleaned string and symbol table, strings: 1384 processed, 0 removed, symbols: 16327 processed, 0 removed
[34.384s][info   ][gc            ] GC(197) Pause Remark 129M->129M(256M) 0.696ms
[34.384s][info   ][gc,cpu        ] GC(197) User=0.01s Sys=0.00s Real=0.00s
[34.384s][info   ][gc,marking    ] GC(197) Concurrent Rebuild Remembered Sets
[34.385s][info   ][gc,marking    ] GC(197) Concurrent Rebuild Remembered Sets 0.997ms
[34.385s][info   ][gc,start      ] GC(197) Pause Cleanup
[34.385s][info   ][gc            ] GC(197) Pause Cleanup 129M->129M(256M) 0.097ms
[34.385s][info   ][gc,cpu        ] GC(197) User=0.00s Sys=0.00s Real=0.00s
[34.385s][info   ][gc,marking    ] GC(197) Concurrent Cleanup for Next Mark
[34.386s][info   ][gc,marking    ] GC(197) Concurrent Cleanup for Next Mark 0.263ms
[34.386s][info   ][gc            ] GC(197) Concurrent Cycle 4.413ms
[34.434s][info   ][gc,start      ] GC(198) Pause Young (Concurrent Start) (G1 Humongous Allocation)
[34.434s][info   ][gc,task       ] GC(198) Using 6 workers of 9 for evacuation
[34.435s][info   ][gc,phases     ] GC(198)   Pre Evacuate Collection Set: 0.1ms
[34.435s][info   ][gc,phases     ] GC(198)   Evacuate Collection Set: 0.5ms
[34.435s][info   ][gc,phases     ] GC(198)   Post Evacuate Collection Set: 0.1ms
[34.435s][info   ][gc,phases     ] GC(198)   Other: 0.5ms
[34.435s][info   ][gc,heap       ] GC(198) Eden regions: 0->0(13)
[34.435s][info   ][gc,heap       ] GC(198) Survivor regions: 0->0(2)
[34.435s][info   ][gc,heap       ] GC(198) Old regions: 1->1
[34.435s][info   ][gc,heap       ] GC(198) Archive regions: 0->0
[34.435s][info   ][gc,heap       ] GC(198) Humongous regions: 129->128
[34.435s][info   ][gc,metaspace  ] GC(198) Metaspace: 3424K(4864K)->3424K(4864K) NonClass: 3120K(4352K)->3120K(4352K) Class: 304K(512K)->304K(512K)
[34.435s][info   ][gc            ] GC(198) Pause Young (Concurrent Start) (G1 Humongous Allocation) 129M->128M(256M) 1.467ms
[34.436s][info   ][gc,cpu        ] GC(198) User=0.00s Sys=0.00s Real=0.00s
[34.436s][info   ][gc            ] GC(199) Concurrent Cycle
[34.436s][info   ][gc,marking    ] GC(199) Concurrent Clear Claimed Marks
[34.436s][info   ][gc,marking    ] GC(199) Concurrent Clear Claimed Marks 0.014ms
[34.436s][info   ][gc,marking    ] GC(199) Concurrent Scan Root Regions
[34.436s][info   ][gc,marking    ] GC(199) Concurrent Scan Root Regions 0.011ms
[34.436s][info   ][gc,marking    ] GC(199) Concurrent Mark (34.436s)
[34.436s][info   ][gc,marking    ] GC(199) Concurrent Mark From Roots
[34.436s][info   ][gc,task       ] GC(199) Using 2 workers of 2 for marking
[34.438s][info   ][gc,marking    ] GC(199) Concurrent Mark From Roots 2.091ms
[34.438s][info   ][gc,marking    ] GC(199) Concurrent Preclean
[34.438s][info   ][gc,marking    ] GC(199) Concurrent Preclean 0.043ms
[34.438s][info   ][gc,marking    ] GC(199) Concurrent Mark (34.436s, 34.438s) 2.194ms
[34.438s][info   ][gc,start      ] GC(199) Pause Remark
[34.440s][info   ][gc,stringtable] GC(199) Cleaned string and symbol table, strings: 1384 processed, 0 removed, symbols: 16327 processed, 0 removed
[34.440s][info   ][gc            ] GC(199) Pause Remark 129M->129M(256M) 1.927ms
[34.440s][info   ][gc,cpu        ] GC(199) User=0.01s Sys=0.00s Real=0.01s
[34.440s][info   ][gc,marking    ] GC(199) Concurrent Rebuild Remembered Sets
[34.441s][info   ][gc,marking    ] GC(199) Concurrent Rebuild Remembered Sets 0.977ms
[34.441s][info   ][gc,start      ] GC(199) Pause Cleanup
[34.441s][info   ][gc            ] GC(199) Pause Cleanup 129M->129M(256M) 0.113ms
[34.441s][info   ][gc,cpu        ] GC(199) User=0.00s Sys=0.00s Real=0.00s
[34.441s][info   ][gc,marking    ] GC(199) Concurrent Cleanup for Next Mark
[34.441s][info   ][gc,marking    ] GC(199) Concurrent Cleanup for Next Mark 0.259ms
[34.441s][info   ][gc            ] GC(199) Concurrent Cycle 5.844ms
[34.488s][info   ][gc,start      ] GC(200) Pause Young (Concurrent Start) (G1 Humongous Allocation)
[34.488s][info   ][gc,task       ] GC(200) Using 6 workers of 9 for evacuation
[34.490s][info   ][gc,phases     ] GC(200)   Pre Evacuate Collection Set: 0.2ms
[34.490s][info   ][gc,phases     ] GC(200)   Evacuate Collection Set: 0.5ms
[34.490s][info   ][gc,phases     ] GC(200)   Post Evacuate Collection Set: 0.1ms
[34.490s][info   ][gc,phases     ] GC(200)   Other: 0.5ms
[34.490s][info   ][gc,heap       ] GC(200) Eden regions: 0->0(13)
[34.490s][info   ][gc,heap       ] GC(200) Survivor regions: 0->0(2)
[34.490s][info   ][gc,heap       ] GC(200) Old regions: 1->1
[34.490s][info   ][gc,heap       ] GC(200) Archive regions: 0->0
[34.490s][info   ][gc,heap       ] GC(200) Humongous regions: 129->128
[34.490s][info   ][gc,metaspace  ] GC(200) Metaspace: 3424K(4864K)->3424K(4864K) NonClass: 3120K(4352K)->3120K(4352K) Class: 304K(512K)->304K(512K)
[34.490s][info   ][gc            ] GC(200) Pause Young (Concurrent Start) (G1 Humongous Allocation) 129M->128M(256M) 1.535ms
[34.490s][info   ][gc,cpu        ] GC(200) User=0.00s Sys=0.00s Real=0.01s
[34.490s][info   ][gc            ] GC(201) Concurrent Cycle
[34.490s][info   ][gc,marking    ] GC(201) Concurrent Clear Claimed Marks
[34.490s][info   ][gc,marking    ] GC(201) Concurrent Clear Claimed Marks 0.027ms
[34.490s][info   ][gc,marking    ] GC(201) Concurrent Scan Root Regions
[34.490s][info   ][gc,marking    ] GC(201) Concurrent Scan Root Regions 0.017ms
[34.490s][info   ][gc,marking    ] GC(201) Concurrent Mark (34.490s)
[34.490s][info   ][gc,marking    ] GC(201) Concurrent Mark From Roots
[34.490s][info   ][gc,task       ] GC(201) Using 2 workers of 2 for marking
[34.492s][info   ][gc,marking    ] GC(201) Concurrent Mark From Roots 1.966ms
[34.492s][info   ][gc,marking    ] GC(201) Concurrent Preclean
[34.492s][info   ][gc,marking    ] GC(201) Concurrent Preclean 0.090ms
[34.492s][info   ][gc,marking    ] GC(201) Concurrent Mark (34.490s, 34.492s) 2.120ms
[34.492s][info   ][gc,start      ] GC(201) Pause Remark
[34.493s][info   ][gc,stringtable] GC(201) Cleaned string and symbol table, strings: 1384 processed, 0 removed, symbols: 16327 processed, 0 removed
[34.493s][info   ][gc            ] GC(201) Pause Remark 129M->129M(256M) 0.522ms
[34.493s][info   ][gc,cpu        ] GC(201) User=0.00s Sys=0.00s Real=0.00s
[34.493s][info   ][gc,marking    ] GC(201) Concurrent Rebuild Remembered Sets
[34.494s][info   ][gc,marking    ] GC(201) Concurrent Rebuild Remembered Sets 0.996ms
[34.494s][info   ][gc,start      ] GC(201) Pause Cleanup
[34.494s][info   ][gc            ] GC(201) Pause Cleanup 129M->129M(256M) 0.082ms
[34.494s][info   ][gc,cpu        ] GC(201) User=0.00s Sys=0.00s Real=0.00s
[34.494s][info   ][gc,marking    ] GC(201) Concurrent Cleanup for Next Mark
[34.494s][info   ][gc,marking    ] GC(201) Concurrent Cleanup for Next Mark 0.321ms
[34.494s][info   ][gc            ] GC(201) Concurrent Cycle 4.494ms
[34.544s][info   ][gc,start      ] GC(202) Pause Young (Concurrent Start) (G1 Humongous Allocation)
[34.544s][info   ][gc,task       ] GC(202) Using 6 workers of 9 for evacuation
[34.545s][info   ][gc,phases     ] GC(202)   Pre Evacuate Collection Set: 0.1ms
[34.545s][info   ][gc,phases     ] GC(202)   Evacuate Collection Set: 0.2ms
[34.545s][info   ][gc,phases     ] GC(202)   Post Evacuate Collection Set: 0.1ms
[34.545s][info   ][gc,phases     ] GC(202)   Other: 0.4ms
[34.545s][info   ][gc,heap       ] GC(202) Eden regions: 0->0(13)
[34.545s][info   ][gc,heap       ] GC(202) Survivor regions: 0->0(2)
[34.545s][info   ][gc,heap       ] GC(202) Old regions: 1->1
[34.545s][info   ][gc,heap       ] GC(202) Archive regions: 0->0
[34.545s][info   ][gc,heap       ] GC(202) Humongous regions: 129->128
[34.545s][info   ][gc,metaspace  ] GC(202) Metaspace: 3424K(4864K)->3424K(4864K) NonClass: 3120K(4352K)->3120K(4352K) Class: 304K(512K)->304K(512K)
[34.545s][info   ][gc            ] GC(202) Pause Young (Concurrent Start) (G1 Humongous Allocation) 129M->128M(256M) 0.812ms
[34.545s][info   ][gc,cpu        ] GC(202) User=0.00s Sys=0.01s Real=0.00s
[34.545s][info   ][gc            ] GC(203) Concurrent Cycle
[34.545s][info   ][gc,marking    ] GC(203) Concurrent Clear Claimed Marks
[34.545s][info   ][gc,marking    ] GC(203) Concurrent Clear Claimed Marks 0.012ms
[34.545s][info   ][gc,marking    ] GC(203) Concurrent Scan Root Regions
[34.545s][info   ][gc,marking    ] GC(203) Concurrent Scan Root Regions 0.013ms
[34.545s][info   ][gc,marking    ] GC(203) Concurrent Mark (34.545s)
[34.545s][info   ][gc,marking    ] GC(203) Concurrent Mark From Roots
[34.545s][info   ][gc,task       ] GC(203) Using 2 workers of 2 for marking
[34.547s][info   ][gc,marking    ] GC(203) Concurrent Mark From Roots 1.734ms
[34.547s][info   ][gc,marking    ] GC(203) Concurrent Preclean
[34.547s][info   ][gc,marking    ] GC(203) Concurrent Preclean 0.033ms
[34.547s][info   ][gc,marking    ] GC(203) Concurrent Mark (34.545s, 34.547s) 1.824ms
[34.547s][info   ][gc,start      ] GC(203) Pause Remark
[34.548s][info   ][gc,stringtable] GC(203) Cleaned string and symbol table, strings: 1384 processed, 0 removed, symbols: 16327 processed, 0 removed
[34.548s][info   ][gc            ] GC(203) Pause Remark 129M->129M(256M) 1.315ms
[34.548s][info   ][gc,cpu        ] GC(203) User=0.00s Sys=0.00s Real=0.00s
[34.548s][info   ][gc,marking    ] GC(203) Concurrent Rebuild Remembered Sets
[34.549s][info   ][gc,marking    ] GC(203) Concurrent Rebuild Remembered Sets 1.000ms
[34.549s][info   ][gc,start      ] GC(203) Pause Cleanup
[34.550s][info   ][gc            ] GC(203) Pause Cleanup 129M->129M(256M) 0.112ms
[34.550s][info   ][gc,cpu        ] GC(203) User=0.00s Sys=0.00s Real=0.00s
[34.550s][info   ][gc,marking    ] GC(203) Concurrent Cleanup for Next Mark
[34.550s][info   ][gc,marking    ] GC(203) Concurrent Cleanup for Next Mark 0.250ms
[34.550s][info   ][gc            ] GC(203) Concurrent Cycle 4.902ms
[34.600s][info   ][gc,start      ] GC(204) Pause Young (Concurrent Start) (G1 Humongous Allocation)
[34.600s][info   ][gc,task       ] GC(204) Using 6 workers of 9 for evacuation
[34.602s][info   ][gc,phases     ] GC(204)   Pre Evacuate Collection Set: 0.2ms
[34.602s][info   ][gc,phases     ] GC(204)   Evacuate Collection Set: 1.1ms
[34.602s][info   ][gc,phases     ] GC(204)   Post Evacuate Collection Set: 0.1ms
[34.602s][info   ][gc,phases     ] GC(204)   Other: 0.7ms
[34.602s][info   ][gc,heap       ] GC(204) Eden regions: 0->0(13)
[34.602s][info   ][gc,heap       ] GC(204) Survivor regions: 0->0(2)
[34.602s][info   ][gc,heap       ] GC(204) Old regions: 1->1
[34.602s][info   ][gc,heap       ] GC(204) Archive regions: 0->0
[34.602s][info   ][gc,heap       ] GC(204) Humongous regions: 129->128
[34.602s][info   ][gc,metaspace  ] GC(204) Metaspace: 3424K(4864K)->3424K(4864K) NonClass: 3120K(4352K)->3120K(4352K) Class: 304K(512K)->304K(512K)
[34.602s][info   ][gc            ] GC(204) Pause Young (Concurrent Start) (G1 Humongous Allocation) 129M->128M(256M) 2.362ms
[34.602s][info   ][gc,cpu        ] GC(204) User=0.00s Sys=0.00s Real=0.00s
[34.602s][info   ][gc            ] GC(205) Concurrent Cycle
[34.602s][info   ][gc,marking    ] GC(205) Concurrent Clear Claimed Marks
[34.602s][info   ][gc,marking    ] GC(205) Concurrent Clear Claimed Marks 0.026ms
[34.602s][info   ][gc,marking    ] GC(205) Concurrent Scan Root Regions
[34.602s][info   ][gc,marking    ] GC(205) Concurrent Scan Root Regions 0.011ms
[34.602s][info   ][gc,marking    ] GC(205) Concurrent Mark (34.602s)
[34.602s][info   ][gc,marking    ] GC(205) Concurrent Mark From Roots
[34.602s][info   ][gc,task       ] GC(205) Using 2 workers of 2 for marking
[34.604s][info   ][gc,marking    ] GC(205) Concurrent Mark From Roots 1.803ms
[34.604s][info   ][gc,marking    ] GC(205) Concurrent Preclean
[34.604s][info   ][gc,marking    ] GC(205) Concurrent Preclean 0.036ms
[34.604s][info   ][gc,marking    ] GC(205) Concurrent Mark (34.602s, 34.604s) 1.873ms
[34.604s][info   ][gc,start      ] GC(205) Pause Remark
[34.605s][info   ][gc,stringtable] GC(205) Cleaned string and symbol table, strings: 1384 processed, 0 removed, symbols: 16327 processed, 0 removed
[34.605s][info   ][gc            ] GC(205) Pause Remark 129M->129M(256M) 0.613ms
[34.605s][info   ][gc,cpu        ] GC(205) User=0.00s Sys=0.00s Real=0.00s
[34.605s][info   ][gc,marking    ] GC(205) Concurrent Rebuild Remembered Sets
[34.606s][info   ][gc,marking    ] GC(205) Concurrent Rebuild Remembered Sets 1.050ms
[34.606s][info   ][gc,start      ] GC(205) Pause Cleanup
[34.606s][info   ][gc            ] GC(205) Pause Cleanup 129M->129M(256M) 0.094ms
[34.606s][info   ][gc,cpu        ] GC(205) User=0.00s Sys=0.00s Real=0.00s
[34.606s][info   ][gc,marking    ] GC(205) Concurrent Cleanup for Next Mark
[34.606s][info   ][gc,marking    ] GC(205) Concurrent Cleanup for Next Mark 0.323ms
[34.606s][info   ][gc            ] GC(205) Concurrent Cycle 4.480ms
[34.656s][info   ][gc,start      ] GC(206) Pause Young (Concurrent Start) (G1 Humongous Allocation)
[34.656s][info   ][gc,task       ] GC(206) Using 6 workers of 9 for evacuation
[34.657s][info   ][gc,phases     ] GC(206)   Pre Evacuate Collection Set: 0.1ms
[34.657s][info   ][gc,phases     ] GC(206)   Evacuate Collection Set: 0.4ms
[34.657s][info   ][gc,phases     ] GC(206)   Post Evacuate Collection Set: 0.1ms
[34.657s][info   ][gc,phases     ] GC(206)   Other: 0.4ms
[34.657s][info   ][gc,heap       ] GC(206) Eden regions: 0->0(13)
[34.657s][info   ][gc,heap       ] GC(206) Survivor regions: 0->0(2)
[34.657s][info   ][gc,heap       ] GC(206) Old regions: 1->1
[34.657s][info   ][gc,heap       ] GC(206) Archive regions: 0->0
[34.657s][info   ][gc,heap       ] GC(206) Humongous regions: 129->128
[34.657s][info   ][gc,metaspace  ] GC(206) Metaspace: 3424K(4864K)->3424K(4864K) NonClass: 3120K(4352K)->3120K(4352K) Class: 304K(512K)->304K(512K)
[34.657s][info   ][gc            ] GC(206) Pause Young (Concurrent Start) (G1 Humongous Allocation) 129M->128M(256M) 1.137ms
[34.657s][info   ][gc,cpu        ] GC(206) User=0.00s Sys=0.00s Real=0.00s
[34.657s][info   ][gc            ] GC(207) Concurrent Cycle
[34.657s][info   ][gc,marking    ] GC(207) Concurrent Clear Claimed Marks
[34.657s][info   ][gc,marking    ] GC(207) Concurrent Clear Claimed Marks 0.014ms
[34.657s][info   ][gc,marking    ] GC(207) Concurrent Scan Root Regions
[34.657s][info   ][gc,marking    ] GC(207) Concurrent Scan Root Regions 0.012ms
[34.657s][info   ][gc,marking    ] GC(207) Concurrent Mark (34.657s)
[34.657s][info   ][gc,marking    ] GC(207) Concurrent Mark From Roots
[34.657s][info   ][gc,task       ] GC(207) Using 2 workers of 2 for marking
[34.659s][info   ][gc,marking    ] GC(207) Concurrent Mark From Roots 1.840ms
[34.659s][info   ][gc,marking    ] GC(207) Concurrent Preclean
[34.659s][info   ][gc,marking    ] GC(207) Concurrent Preclean 0.038ms
[34.659s][info   ][gc,marking    ] GC(207) Concurrent Mark (34.657s, 34.659s) 1.923ms
[34.659s][info   ][gc,start      ] GC(207) Pause Remark
[34.660s][info   ][gc,stringtable] GC(207) Cleaned string and symbol table, strings: 1384 processed, 0 removed, symbols: 16327 processed, 0 removed
[34.660s][info   ][gc            ] GC(207) Pause Remark 131M->131M(256M) 0.895ms
[34.660s][info   ][gc,cpu        ] GC(207) User=0.00s Sys=0.00s Real=0.01s
[34.660s][info   ][gc,marking    ] GC(207) Concurrent Rebuild Remembered Sets
[34.661s][info   ][gc,marking    ] GC(207) Concurrent Rebuild Remembered Sets 0.994ms
[34.661s][info   ][gc,start      ] GC(207) Pause Cleanup
[34.661s][info   ][gc            ] GC(207) Pause Cleanup 131M->131M(256M) 0.100ms
[34.661s][info   ][gc,cpu        ] GC(207) User=0.00s Sys=0.00s Real=0.00s
[34.661s][info   ][gc,marking    ] GC(207) Concurrent Cleanup for Next Mark
[34.661s][info   ][gc,marking    ] GC(207) Concurrent Cleanup for Next Mark 0.344ms
[34.661s][info   ][gc            ] GC(207) Concurrent Cycle 4.649ms
[34.711s][info   ][gc,start      ] GC(208) Pause Young (Concurrent Start) (G1 Humongous Allocation)
[34.711s][info   ][gc,task       ] GC(208) Using 6 workers of 9 for evacuation
[34.712s][info   ][gc,phases     ] GC(208)   Pre Evacuate Collection Set: 0.1ms
[34.712s][info   ][gc,phases     ] GC(208)   Evacuate Collection Set: 0.4ms
[34.712s][info   ][gc,phases     ] GC(208)   Post Evacuate Collection Set: 0.1ms
[34.713s][info   ][gc,phases     ] GC(208)   Other: 0.5ms
[34.713s][info   ][gc,heap       ] GC(208) Eden regions: 0->0(13)
[34.713s][info   ][gc,heap       ] GC(208) Survivor regions: 0->0(2)
[34.713s][info   ][gc,heap       ] GC(208) Old regions: 1->1
[34.713s][info   ][gc,heap       ] GC(208) Archive regions: 0->0
[34.713s][info   ][gc,heap       ] GC(208) Humongous regions: 131->130
[34.713s][info   ][gc,metaspace  ] GC(208) Metaspace: 3424K(4864K)->3424K(4864K) NonClass: 3120K(4352K)->3120K(4352K) Class: 304K(512K)->304K(512K)
[34.713s][info   ][gc            ] GC(208) Pause Young (Concurrent Start) (G1 Humongous Allocation) 131M->130M(256M) 1.424ms
[34.713s][info   ][gc,cpu        ] GC(208) User=0.00s Sys=0.00s Real=0.00s
[34.713s][info   ][gc            ] GC(209) Concurrent Cycle
[34.713s][info   ][gc,marking    ] GC(209) Concurrent Clear Claimed Marks
[34.713s][info   ][gc,marking    ] GC(209) Concurrent Clear Claimed Marks 0.030ms
[34.713s][info   ][gc,marking    ] GC(209) Concurrent Scan Root Regions
[34.713s][info   ][gc,marking    ] GC(209) Concurrent Scan Root Regions 0.017ms
[34.713s][info   ][gc,marking    ] GC(209) Concurrent Mark (34.713s)
[34.713s][info   ][gc,marking    ] GC(209) Concurrent Mark From Roots
[34.713s][info   ][gc,task       ] GC(209) Using 2 workers of 2 for marking
[34.715s][info   ][gc,marking    ] GC(209) Concurrent Mark From Roots 1.729ms
[34.715s][info   ][gc,marking    ] GC(209) Concurrent Preclean
[34.715s][info   ][gc,marking    ] GC(209) Concurrent Preclean 0.045ms
[34.715s][info   ][gc,marking    ] GC(209) Concurrent Mark (34.713s, 34.715s) 1.819ms
[34.715s][info   ][gc,start      ] GC(209) Pause Remark
[34.715s][info   ][gc,stringtable] GC(209) Cleaned string and symbol table, strings: 1384 processed, 0 removed, symbols: 16327 processed, 0 removed
[34.715s][info   ][gc            ] GC(209) Pause Remark 131M->131M(256M) 0.652ms
[34.715s][info   ][gc,cpu        ] GC(209) User=0.01s Sys=0.00s Real=0.00s
[34.716s][info   ][gc,marking    ] GC(209) Concurrent Rebuild Remembered Sets
[34.717s][info   ][gc,marking    ] GC(209) Concurrent Rebuild Remembered Sets 1.053ms
[34.717s][info   ][gc,start      ] GC(209) Pause Cleanup
[34.717s][info   ][gc            ] GC(209) Pause Cleanup 131M->131M(256M) 0.078ms
[34.717s][info   ][gc,cpu        ] GC(209) User=0.00s Sys=0.00s Real=0.00s
[34.717s][info   ][gc,marking    ] GC(209) Concurrent Cleanup for Next Mark
[34.717s][info   ][gc,marking    ] GC(209) Concurrent Cleanup for Next Mark 0.277ms
[34.717s][info   ][gc            ] GC(209) Concurrent Cycle 4.323ms
[34.764s][info   ][gc,start      ] GC(210) Pause Young (Concurrent Start) (G1 Humongous Allocation)
[34.764s][info   ][gc,task       ] GC(210) Using 6 workers of 9 for evacuation
[34.765s][info   ][gc,phases     ] GC(210)   Pre Evacuate Collection Set: 0.1ms
[34.765s][info   ][gc,phases     ] GC(210)   Evacuate Collection Set: 0.4ms
[34.765s][info   ][gc,phases     ] GC(210)   Post Evacuate Collection Set: 0.1ms
[34.765s][info   ][gc,phases     ] GC(210)   Other: 0.5ms
[34.765s][info   ][gc,heap       ] GC(210) Eden regions: 0->0(13)
[34.765s][info   ][gc,heap       ] GC(210) Survivor regions: 0->0(2)
[34.765s][info   ][gc,heap       ] GC(210) Old regions: 1->1
[34.765s][info   ][gc,heap       ] GC(210) Archive regions: 0->0
[34.765s][info   ][gc,heap       ] GC(210) Humongous regions: 131->130
[34.765s][info   ][gc,metaspace  ] GC(210) Metaspace: 3424K(4864K)->3424K(4864K) NonClass: 3120K(4352K)->3120K(4352K) Class: 304K(512K)->304K(512K)
[34.765s][info   ][gc            ] GC(210) Pause Young (Concurrent Start) (G1 Humongous Allocation) 131M->130M(256M) 1.207ms
[34.765s][info   ][gc,cpu        ] GC(210) User=0.00s Sys=0.00s Real=0.00s
[34.765s][info   ][gc            ] GC(211) Concurrent Cycle
[34.765s][info   ][gc,marking    ] GC(211) Concurrent Clear Claimed Marks
[34.765s][info   ][gc,marking    ] GC(211) Concurrent Clear Claimed Marks 0.019ms
[34.765s][info   ][gc,marking    ] GC(211) Concurrent Scan Root Regions
[34.765s][info   ][gc,marking    ] GC(211) Concurrent Scan Root Regions 0.014ms
[34.765s][info   ][gc,marking    ] GC(211) Concurrent Mark (34.765s)
[34.765s][info   ][gc,marking    ] GC(211) Concurrent Mark From Roots
[34.765s][info   ][gc,task       ] GC(211) Using 2 workers of 2 for marking
[34.767s][info   ][gc,marking    ] GC(211) Concurrent Mark From Roots 2.015ms
[34.767s][info   ][gc,marking    ] GC(211) Concurrent Preclean
[34.767s][info   ][gc,marking    ] GC(211) Concurrent Preclean 0.040ms
[34.767s][info   ][gc,marking    ] GC(211) Concurrent Mark (34.765s, 34.767s) 2.103ms
[34.767s][info   ][gc,start      ] GC(211) Pause Remark
[34.768s][info   ][gc,stringtable] GC(211) Cleaned string and symbol table, strings: 1384 processed, 0 removed, symbols: 16327 processed, 0 removed
[34.768s][info   ][gc            ] GC(211) Pause Remark 131M->131M(256M) 0.668ms
[34.768s][info   ][gc,cpu        ] GC(211) User=0.00s Sys=0.00s Real=0.00s
[34.768s][info   ][gc,marking    ] GC(211) Concurrent Rebuild Remembered Sets
[34.769s][info   ][gc,marking    ] GC(211) Concurrent Rebuild Remembered Sets 0.994ms
[34.769s][info   ][gc,start      ] GC(211) Pause Cleanup
[34.769s][info   ][gc            ] GC(211) Pause Cleanup 131M->131M(256M) 0.101ms
[34.769s][info   ][gc,cpu        ] GC(211) User=0.00s Sys=0.00s Real=0.00s
[34.769s][info   ][gc,marking    ] GC(211) Concurrent Cleanup for Next Mark
[34.770s][info   ][gc,marking    ] GC(211) Concurrent Cleanup for Next Mark 0.311ms
[34.770s][info   ][gc            ] GC(211) Concurrent Cycle 4.563ms
[34.820s][info   ][gc,start      ] GC(212) Pause Young (Concurrent Start) (G1 Humongous Allocation)
[34.821s][info   ][gc,task       ] GC(212) Using 6 workers of 9 for evacuation
[34.822s][info   ][gc,phases     ] GC(212)   Pre Evacuate Collection Set: 0.1ms
[34.822s][info   ][gc,phases     ] GC(212)   Evacuate Collection Set: 0.5ms
[34.822s][info   ][gc,phases     ] GC(212)   Post Evacuate Collection Set: 0.1ms
[34.822s][info   ][gc,phases     ] GC(212)   Other: 0.4ms
[34.822s][info   ][gc,heap       ] GC(212) Eden regions: 0->0(13)
[34.822s][info   ][gc,heap       ] GC(212) Survivor regions: 0->0(2)
[34.822s][info   ][gc,heap       ] GC(212) Old regions: 1->1
[34.822s][info   ][gc,heap       ] GC(212) Archive regions: 0->0
[34.822s][info   ][gc,heap       ] GC(212) Humongous regions: 131->130
[34.822s][info   ][gc,metaspace  ] GC(212) Metaspace: 3424K(4864K)->3424K(4864K) NonClass: 3120K(4352K)->3120K(4352K) Class: 304K(512K)->304K(512K)
[34.822s][info   ][gc            ] GC(212) Pause Young (Concurrent Start) (G1 Humongous Allocation) 131M->130M(256M) 1.385ms
[34.822s][info   ][gc,cpu        ] GC(212) User=0.00s Sys=0.00s Real=0.00s
[34.822s][info   ][gc            ] GC(213) Concurrent Cycle
[34.822s][info   ][gc,marking    ] GC(213) Concurrent Clear Claimed Marks
[34.822s][info   ][gc,marking    ] GC(213) Concurrent Clear Claimed Marks 0.020ms
[34.822s][info   ][gc,marking    ] GC(213) Concurrent Scan Root Regions
[34.822s][info   ][gc,marking    ] GC(213) Concurrent Scan Root Regions 0.015ms
[34.822s][info   ][gc,marking    ] GC(213) Concurrent Mark (34.822s)
[34.822s][info   ][gc,marking    ] GC(213) Concurrent Mark From Roots
[34.822s][info   ][gc,task       ] GC(213) Using 2 workers of 2 for marking
[34.825s][info   ][gc,marking    ] GC(213) Concurrent Mark From Roots 2.874ms
[34.825s][info   ][gc,marking    ] GC(213) Concurrent Preclean
[34.825s][info   ][gc,marking    ] GC(213) Concurrent Preclean 0.034ms
[34.825s][info   ][gc,marking    ] GC(213) Concurrent Mark (34.822s, 34.825s) 2.951ms
[34.825s][info   ][gc,start      ] GC(213) Pause Remark
[34.825s][info   ][gc,stringtable] GC(213) Cleaned string and symbol table, strings: 1384 processed, 0 removed, symbols: 16327 processed, 0 removed
[34.825s][info   ][gc            ] GC(213) Pause Remark 131M->131M(256M) 0.479ms
[34.826s][info   ][gc,cpu        ] GC(213) User=0.00s Sys=0.00s Real=0.00s
[34.826s][info   ][gc,marking    ] GC(213) Concurrent Rebuild Remembered Sets
[34.827s][info   ][gc,marking    ] GC(213) Concurrent Rebuild Remembered Sets 1.013ms
[34.827s][info   ][gc,start      ] GC(213) Pause Cleanup
[34.827s][info   ][gc            ] GC(213) Pause Cleanup 131M->131M(256M) 0.105ms
[34.827s][info   ][gc,cpu        ] GC(213) User=0.00s Sys=0.00s Real=0.00s
[34.827s][info   ][gc,marking    ] GC(213) Concurrent Cleanup for Next Mark
[34.827s][info   ][gc,marking    ] GC(213) Concurrent Cleanup for Next Mark 0.307ms
[34.827s][info   ][gc            ] GC(213) Concurrent Cycle 5.278ms
[34.874s][info   ][gc,start      ] GC(214) Pause Young (Concurrent Start) (G1 Humongous Allocation)
[34.874s][info   ][gc,task       ] GC(214) Using 6 workers of 9 for evacuation
[34.876s][info   ][gc,phases     ] GC(214)   Pre Evacuate Collection Set: 0.2ms
[34.876s][info   ][gc,phases     ] GC(214)   Evacuate Collection Set: 1.1ms
[34.876s][info   ][gc,phases     ] GC(214)   Post Evacuate Collection Set: 0.1ms
[34.876s][info   ][gc,phases     ] GC(214)   Other: 0.6ms
[34.876s][info   ][gc,heap       ] GC(214) Eden regions: 0->0(13)
[34.876s][info   ][gc,heap       ] GC(214) Survivor regions: 0->0(2)
[34.876s][info   ][gc,heap       ] GC(214) Old regions: 1->1
[34.876s][info   ][gc,heap       ] GC(214) Archive regions: 0->0
[34.876s][info   ][gc,heap       ] GC(214) Humongous regions: 131->130
[34.876s][info   ][gc,metaspace  ] GC(214) Metaspace: 3424K(4864K)->3424K(4864K) NonClass: 3120K(4352K)->3120K(4352K) Class: 304K(512K)->304K(512K)
[34.876s][info   ][gc            ] GC(214) Pause Young (Concurrent Start) (G1 Humongous Allocation) 131M->130M(256M) 2.210ms
[34.876s][info   ][gc,cpu        ] GC(214) User=0.00s Sys=0.00s Real=0.00s
[34.876s][info   ][gc            ] GC(215) Concurrent Cycle
[34.876s][info   ][gc,marking    ] GC(215) Concurrent Clear Claimed Marks
[34.876s][info   ][gc,marking    ] GC(215) Concurrent Clear Claimed Marks 0.022ms
[34.876s][info   ][gc,marking    ] GC(215) Concurrent Scan Root Regions
[34.876s][info   ][gc,marking    ] GC(215) Concurrent Scan Root Regions 0.015ms
[34.876s][info   ][gc,marking    ] GC(215) Concurrent Mark (34.876s)
[34.876s][info   ][gc,marking    ] GC(215) Concurrent Mark From Roots
[34.876s][info   ][gc,task       ] GC(215) Using 2 workers of 2 for marking
[34.878s][info   ][gc,marking    ] GC(215) Concurrent Mark From Roots 2.188ms
[34.878s][info   ][gc,marking    ] GC(215) Concurrent Preclean
[34.878s][info   ][gc,marking    ] GC(215) Concurrent Preclean 0.038ms
[34.878s][info   ][gc,marking    ] GC(215) Concurrent Mark (34.876s, 34.878s) 2.269ms
[34.878s][info   ][gc,start      ] GC(215) Pause Remark
[34.880s][info   ][gc,stringtable] GC(215) Cleaned string and symbol table, strings: 1384 processed, 0 removed, symbols: 16327 processed, 0 removed
[34.880s][info   ][gc            ] GC(215) Pause Remark 131M->131M(256M) 1.321ms
[34.880s][info   ][gc,cpu        ] GC(215) User=0.00s Sys=0.00s Real=0.01s
[34.880s][info   ][gc,marking    ] GC(215) Concurrent Rebuild Remembered Sets
[34.881s][info   ][gc,marking    ] GC(215) Concurrent Rebuild Remembered Sets 1.021ms
[34.881s][info   ][gc,start      ] GC(215) Pause Cleanup
[34.881s][info   ][gc            ] GC(215) Pause Cleanup 131M->131M(256M) 0.106ms
[34.881s][info   ][gc,cpu        ] GC(215) User=0.00s Sys=0.00s Real=0.00s
[34.881s][info   ][gc,marking    ] GC(215) Concurrent Cleanup for Next Mark
[34.881s][info   ][gc,marking    ] GC(215) Concurrent Cleanup for Next Mark 0.283ms
[34.881s][info   ][gc            ] GC(215) Concurrent Cycle 5.393ms
[34.929s][info   ][gc,start      ] GC(216) Pause Young (Concurrent Start) (G1 Humongous Allocation)
[34.929s][info   ][gc,task       ] GC(216) Using 6 workers of 9 for evacuation
[34.930s][info   ][gc,phases     ] GC(216)   Pre Evacuate Collection Set: 0.1ms
[34.930s][info   ][gc,phases     ] GC(216)   Evacuate Collection Set: 0.3ms
[34.930s][info   ][gc,phases     ] GC(216)   Post Evacuate Collection Set: 0.1ms
[34.930s][info   ][gc,phases     ] GC(216)   Other: 0.5ms
[34.930s][info   ][gc,heap       ] GC(216) Eden regions: 0->0(13)
[34.930s][info   ][gc,heap       ] GC(216) Survivor regions: 0->0(2)
[34.930s][info   ][gc,heap       ] GC(216) Old regions: 1->1
[34.930s][info   ][gc,heap       ] GC(216) Archive regions: 0->0
[34.930s][info   ][gc,heap       ] GC(216) Humongous regions: 131->130
[34.930s][info   ][gc,metaspace  ] GC(216) Metaspace: 3424K(4864K)->3424K(4864K) NonClass: 3120K(4352K)->3120K(4352K) Class: 304K(512K)->304K(512K)
[34.930s][info   ][gc            ] GC(216) Pause Young (Concurrent Start) (G1 Humongous Allocation) 131M->130M(256M) 1.216ms
[34.930s][info   ][gc,cpu        ] GC(216) User=0.00s Sys=0.00s Real=0.00s
[34.931s][info   ][gc            ] GC(217) Concurrent Cycle
[34.931s][info   ][gc,marking    ] GC(217) Concurrent Clear Claimed Marks
[34.931s][info   ][gc,marking    ] GC(217) Concurrent Clear Claimed Marks 0.013ms
[34.931s][info   ][gc,marking    ] GC(217) Concurrent Scan Root Regions
[34.931s][info   ][gc,marking    ] GC(217) Concurrent Scan Root Regions 0.010ms
[34.931s][info   ][gc,marking    ] GC(217) Concurrent Mark (34.931s)
[34.931s][info   ][gc,marking    ] GC(217) Concurrent Mark From Roots
[34.931s][info   ][gc,task       ] GC(217) Using 2 workers of 2 for marking
[34.933s][info   ][gc,marking    ] GC(217) Concurrent Mark From Roots 1.865ms
[34.933s][info   ][gc,marking    ] GC(217) Concurrent Preclean
[34.933s][info   ][gc,marking    ] GC(217) Concurrent Preclean 0.083ms
[34.933s][info   ][gc,marking    ] GC(217) Concurrent Mark (34.931s, 34.933s) 2.027ms
[34.933s][info   ][gc,start      ] GC(217) Pause Remark
[34.933s][info   ][gc,stringtable] GC(217) Cleaned string and symbol table, strings: 1384 processed, 0 removed, symbols: 16327 processed, 0 removed
[34.933s][info   ][gc            ] GC(217) Pause Remark 131M->131M(256M) 0.491ms
[34.933s][info   ][gc,cpu        ] GC(217) User=0.00s Sys=0.00s Real=0.00s
[34.933s][info   ][gc,marking    ] GC(217) Concurrent Rebuild Remembered Sets
[34.934s][info   ][gc,marking    ] GC(217) Concurrent Rebuild Remembered Sets 0.988ms
[34.934s][info   ][gc,start      ] GC(217) Pause Cleanup
[34.934s][info   ][gc            ] GC(217) Pause Cleanup 131M->131M(256M) 0.092ms
[34.935s][info   ][gc,cpu        ] GC(217) User=0.00s Sys=0.00s Real=0.00s
[34.935s][info   ][gc,marking    ] GC(217) Concurrent Cleanup for Next Mark
[34.935s][info   ][gc,marking    ] GC(217) Concurrent Cleanup for Next Mark 0.296ms
[34.935s][info   ][gc            ] GC(217) Concurrent Cycle 4.297ms
[34.983s][info   ][gc,start      ] GC(218) Pause Young (Concurrent Start) (G1 Humongous Allocation)
[34.983s][info   ][gc,task       ] GC(218) Using 6 workers of 9 for evacuation
[34.984s][info   ][gc,phases     ] GC(218)   Pre Evacuate Collection Set: 0.1ms
[34.984s][info   ][gc,phases     ] GC(218)   Evacuate Collection Set: 0.4ms
[34.984s][info   ][gc,phases     ] GC(218)   Post Evacuate Collection Set: 0.1ms
[34.984s][info   ][gc,phases     ] GC(218)   Other: 0.4ms
[34.984s][info   ][gc,heap       ] GC(218) Eden regions: 0->0(13)
[34.984s][info   ][gc,heap       ] GC(218) Survivor regions: 0->0(2)
[34.984s][info   ][gc,heap       ] GC(218) Old regions: 1->1
[34.984s][info   ][gc,heap       ] GC(218) Archive regions: 0->0
[34.984s][info   ][gc,heap       ] GC(218) Humongous regions: 131->130
[34.984s][info   ][gc,metaspace  ] GC(218) Metaspace: 3424K(4864K)->3424K(4864K) NonClass: 3120K(4352K)->3120K(4352K) Class: 304K(512K)->304K(512K)
[34.984s][info   ][gc            ] GC(218) Pause Young (Concurrent Start) (G1 Humongous Allocation) 131M->130M(256M) 1.088ms
[34.984s][info   ][gc,cpu        ] GC(218) User=0.00s Sys=0.00s Real=0.00s
[34.984s][info   ][gc            ] GC(219) Concurrent Cycle
[34.984s][info   ][gc,marking    ] GC(219) Concurrent Clear Claimed Marks
[34.984s][info   ][gc,marking    ] GC(219) Concurrent Clear Claimed Marks 0.016ms
[34.984s][info   ][gc,marking    ] GC(219) Concurrent Scan Root Regions
[34.984s][info   ][gc,marking    ] GC(219) Concurrent Scan Root Regions 0.011ms
[34.984s][info   ][gc,marking    ] GC(219) Concurrent Mark (34.984s)
[34.984s][info   ][gc,marking    ] GC(219) Concurrent Mark From Roots
[34.984s][info   ][gc,task       ] GC(219) Using 2 workers of 2 for marking
[34.986s][info   ][gc,marking    ] GC(219) Concurrent Mark From Roots 1.741ms
[34.986s][info   ][gc,marking    ] GC(219) Concurrent Preclean
[34.986s][info   ][gc,marking    ] GC(219) Concurrent Preclean 0.043ms
[34.986s][info   ][gc,marking    ] GC(219) Concurrent Mark (34.984s, 34.986s) 1.823ms
[34.986s][info   ][gc,start      ] GC(219) Pause Remark
[34.988s][info   ][gc,stringtable] GC(219) Cleaned string and symbol table, strings: 1384 processed, 0 removed, symbols: 16327 processed, 0 removed
[34.988s][info   ][gc            ] GC(219) Pause Remark 131M->131M(256M) 2.040ms
[34.988s][info   ][gc,cpu        ] GC(219) User=0.01s Sys=0.00s Real=0.00s
[34.988s][info   ][gc,marking    ] GC(219) Concurrent Rebuild Remembered Sets
[34.989s][info   ][gc,marking    ] GC(219) Concurrent Rebuild Remembered Sets 0.999ms
[34.989s][info   ][gc,start      ] GC(219) Pause Cleanup
[34.990s][info   ][gc            ] GC(219) Pause Cleanup 131M->131M(256M) 0.106ms
[34.990s][info   ][gc,cpu        ] GC(219) User=0.00s Sys=0.00s Real=0.00s
[34.990s][info   ][gc,marking    ] GC(219) Concurrent Cleanup for Next Mark
[34.990s][info   ][gc,marking    ] GC(219) Concurrent Cleanup for Next Mark 0.269ms
[34.990s][info   ][gc            ] GC(219) Concurrent Cycle 5.606ms
[35.039s][info   ][gc,start      ] GC(220) Pause Young (Concurrent Start) (G1 Humongous Allocation)
[35.040s][info   ][gc,task       ] GC(220) Using 6 workers of 9 for evacuation
[35.040s][info   ][gc,phases     ] GC(220)   Pre Evacuate Collection Set: 0.1ms
[35.040s][info   ][gc,phases     ] GC(220)   Evacuate Collection Set: 0.5ms
[35.041s][info   ][gc,phases     ] GC(220)   Post Evacuate Collection Set: 0.1ms
[35.041s][info   ][gc,phases     ] GC(220)   Other: 0.5ms
[35.041s][info   ][gc,heap       ] GC(220) Eden regions: 0->0(13)
[35.041s][info   ][gc,heap       ] GC(220) Survivor regions: 0->0(2)
[35.041s][info   ][gc,heap       ] GC(220) Old regions: 1->1
[35.041s][info   ][gc,heap       ] GC(220) Archive regions: 0->0
[35.041s][info   ][gc,heap       ] GC(220) Humongous regions: 131->130
[35.041s][info   ][gc,metaspace  ] GC(220) Metaspace: 3424K(4864K)->3424K(4864K) NonClass: 3120K(4352K)->3120K(4352K) Class: 304K(512K)->304K(512K)
[35.041s][info   ][gc            ] GC(220) Pause Young (Concurrent Start) (G1 Humongous Allocation) 131M->130M(256M) 1.395ms
[35.041s][info   ][gc,cpu        ] GC(220) User=0.00s Sys=0.00s Real=0.00s
[35.041s][info   ][gc            ] GC(221) Concurrent Cycle
[35.041s][info   ][gc,marking    ] GC(221) Concurrent Clear Claimed Marks
[35.041s][info   ][gc,marking    ] GC(221) Concurrent Clear Claimed Marks 0.025ms
[35.041s][info   ][gc,marking    ] GC(221) Concurrent Scan Root Regions
[35.041s][info   ][gc,marking    ] GC(221) Concurrent Scan Root Regions 0.016ms
[35.041s][info   ][gc,marking    ] GC(221) Concurrent Mark (35.041s)
[35.041s][info   ][gc,marking    ] GC(221) Concurrent Mark From Roots
[35.041s][info   ][gc,task       ] GC(221) Using 2 workers of 2 for marking
[35.044s][info   ][gc,marking    ] GC(221) Concurrent Mark From Roots 2.824ms
[35.044s][info   ][gc,marking    ] GC(221) Concurrent Preclean
[35.044s][info   ][gc,marking    ] GC(221) Concurrent Preclean 0.028ms
[35.044s][info   ][gc,marking    ] GC(221) Concurrent Mark (35.041s, 35.044s) 2.898ms
[35.044s][info   ][gc,start      ] GC(221) Pause Remark
[35.044s][info   ][gc,stringtable] GC(221) Cleaned string and symbol table, strings: 1384 processed, 0 removed, symbols: 16327 processed, 0 removed
[35.044s][info   ][gc            ] GC(221) Pause Remark 131M->131M(256M) 0.444ms
[35.044s][info   ][gc,cpu        ] GC(221) User=0.00s Sys=0.00s Real=0.00s
[35.044s][info   ][gc,marking    ] GC(221) Concurrent Rebuild Remembered Sets
[35.045s][info   ][gc,marking    ] GC(221) Concurrent Rebuild Remembered Sets 0.818ms
[35.045s][info   ][gc,start      ] GC(221) Pause Cleanup
[35.045s][info   ][gc            ] GC(221) Pause Cleanup 131M->131M(256M) 0.059ms
[35.045s][info   ][gc,cpu        ] GC(221) User=0.00s Sys=0.00s Real=0.00s
[35.045s][info   ][gc,marking    ] GC(221) Concurrent Cleanup for Next Mark
[35.046s][info   ][gc,marking    ] GC(221) Concurrent Cleanup for Next Mark 0.264ms
[35.046s][info   ][gc            ] GC(221) Concurrent Cycle 4.849ms
[35.094s][info   ][gc,start      ] GC(222) Pause Young (Concurrent Start) (G1 Humongous Allocation)
[35.094s][info   ][gc,task       ] GC(222) Using 6 workers of 9 for evacuation
[35.094s][info   ][gc,phases     ] GC(222)   Pre Evacuate Collection Set: 0.1ms
[35.094s][info   ][gc,phases     ] GC(222)   Evacuate Collection Set: 0.2ms
[35.094s][info   ][gc,phases     ] GC(222)   Post Evacuate Collection Set: 0.1ms
[35.094s][info   ][gc,phases     ] GC(222)   Other: 0.2ms
[35.094s][info   ][gc,heap       ] GC(222) Eden regions: 0->0(13)
[35.094s][info   ][gc,heap       ] GC(222) Survivor regions: 0->0(2)
[35.094s][info   ][gc,heap       ] GC(222) Old regions: 1->1
[35.094s][info   ][gc,heap       ] GC(222) Archive regions: 0->0
[35.094s][info   ][gc,heap       ] GC(222) Humongous regions: 131->130
[35.094s][info   ][gc,metaspace  ] GC(222) Metaspace: 3424K(4864K)->3424K(4864K) NonClass: 3120K(4352K)->3120K(4352K) Class: 304K(512K)->304K(512K)
[35.094s][info   ][gc            ] GC(222) Pause Young (Concurrent Start) (G1 Humongous Allocation) 131M->130M(256M) 0.776ms
[35.094s][info   ][gc,cpu        ] GC(222) User=0.00s Sys=0.00s Real=0.00s
[35.095s][info   ][gc            ] GC(223) Concurrent Cycle
[35.095s][info   ][gc,marking    ] GC(223) Concurrent Clear Claimed Marks
[35.095s][info   ][gc,marking    ] GC(223) Concurrent Clear Claimed Marks 0.011ms
[35.095s][info   ][gc,marking    ] GC(223) Concurrent Scan Root Regions
[35.095s][info   ][gc,marking    ] GC(223) Concurrent Scan Root Regions 0.009ms
[35.095s][info   ][gc,marking    ] GC(223) Concurrent Mark (35.095s)
[35.095s][info   ][gc,marking    ] GC(223) Concurrent Mark From Roots
[35.095s][info   ][gc,task       ] GC(223) Using 2 workers of 2 for marking
[35.096s][info   ][gc,marking    ] GC(223) Concurrent Mark From Roots 1.388ms
[35.096s][info   ][gc,marking    ] GC(223) Concurrent Preclean
[35.096s][info   ][gc,marking    ] GC(223) Concurrent Preclean 0.038ms
[35.096s][info   ][gc,marking    ] GC(223) Concurrent Mark (35.095s, 35.096s) 1.457ms
[35.096s][info   ][gc,start      ] GC(223) Pause Remark
[35.097s][info   ][gc,stringtable] GC(223) Cleaned string and symbol table, strings: 1384 processed, 0 removed, symbols: 16327 processed, 0 removed
[35.097s][info   ][gc            ] GC(223) Pause Remark 131M->131M(256M) 0.535ms
[35.097s][info   ][gc,cpu        ] GC(223) User=0.00s Sys=0.00s Real=0.00s
[35.097s][info   ][gc,marking    ] GC(223) Concurrent Rebuild Remembered Sets
[35.098s][info   ][gc,marking    ] GC(223) Concurrent Rebuild Remembered Sets 1.022ms
[35.098s][info   ][gc,start      ] GC(223) Pause Cleanup
[35.098s][info   ][gc            ] GC(223) Pause Cleanup 131M->131M(256M) 0.086ms
[35.098s][info   ][gc,cpu        ] GC(223) User=0.00s Sys=0.00s Real=0.00s
[35.098s][info   ][gc,marking    ] GC(223) Concurrent Cleanup for Next Mark
[35.098s][info   ][gc,marking    ] GC(223) Concurrent Cleanup for Next Mark 0.326ms
[35.098s][info   ][gc            ] GC(223) Concurrent Cycle 3.790ms
[35.150s][info   ][gc,start      ] GC(224) Pause Young (Concurrent Start) (G1 Humongous Allocation)
[35.150s][info   ][gc,task       ] GC(224) Using 6 workers of 9 for evacuation
[35.151s][info   ][gc,phases     ] GC(224)   Pre Evacuate Collection Set: 0.1ms
[35.151s][info   ][gc,phases     ] GC(224)   Evacuate Collection Set: 0.6ms
[35.151s][info   ][gc,phases     ] GC(224)   Post Evacuate Collection Set: 0.1ms
[35.151s][info   ][gc,phases     ] GC(224)   Other: 0.4ms
[35.151s][info   ][gc,heap       ] GC(224) Eden regions: 0->0(13)
[35.151s][info   ][gc,heap       ] GC(224) Survivor regions: 0->0(2)
[35.151s][info   ][gc,heap       ] GC(224) Old regions: 1->1
[35.151s][info   ][gc,heap       ] GC(224) Archive regions: 0->0
[35.151s][info   ][gc,heap       ] GC(224) Humongous regions: 131->130
[35.151s][info   ][gc,metaspace  ] GC(224) Metaspace: 3424K(4864K)->3424K(4864K) NonClass: 3120K(4352K)->3120K(4352K) Class: 304K(512K)->304K(512K)
[35.151s][info   ][gc            ] GC(224) Pause Young (Concurrent Start) (G1 Humongous Allocation) 131M->130M(256M) 1.479ms
[35.151s][info   ][gc,cpu        ] GC(224) User=0.00s Sys=0.00s Real=0.00s
[35.151s][info   ][gc            ] GC(225) Concurrent Cycle
[35.151s][info   ][gc,marking    ] GC(225) Concurrent Clear Claimed Marks
[35.151s][info   ][gc,marking    ] GC(225) Concurrent Clear Claimed Marks 0.020ms
[35.151s][info   ][gc,marking    ] GC(225) Concurrent Scan Root Regions
[35.152s][info   ][gc,marking    ] GC(225) Concurrent Scan Root Regions 0.020ms
[35.152s][info   ][gc,marking    ] GC(225) Concurrent Mark (35.152s)
[35.152s][info   ][gc,marking    ] GC(225) Concurrent Mark From Roots
[35.152s][info   ][gc,task       ] GC(225) Using 2 workers of 2 for marking
[35.154s][info   ][gc,marking    ] GC(225) Concurrent Mark From Roots 1.951ms
[35.154s][info   ][gc,marking    ] GC(225) Concurrent Preclean
[35.154s][info   ][gc,marking    ] GC(225) Concurrent Preclean 0.043ms
[35.154s][info   ][gc,marking    ] GC(225) Concurrent Mark (35.152s, 35.154s) 2.042ms
[35.154s][info   ][gc,start      ] GC(225) Pause Remark
[35.156s][info   ][gc,stringtable] GC(225) Cleaned string and symbol table, strings: 1384 processed, 0 removed, symbols: 16327 processed, 0 removed
[35.156s][info   ][gc            ] GC(225) Pause Remark 131M->131M(256M) 2.315ms
[35.156s][info   ][gc,cpu        ] GC(225) User=0.00s Sys=0.00s Real=0.00s
[35.156s][info   ][gc,marking    ] GC(225) Concurrent Rebuild Remembered Sets
[35.157s][info   ][gc,marking    ] GC(225) Concurrent Rebuild Remembered Sets 1.020ms
[35.157s][info   ][gc,start      ] GC(225) Pause Cleanup
[35.157s][info   ][gc            ] GC(225) Pause Cleanup 131M->131M(256M) 0.083ms
[35.157s][info   ][gc,cpu        ] GC(225) User=0.00s Sys=0.01s Real=0.00s
[35.157s][info   ][gc,marking    ] GC(225) Concurrent Cleanup for Next Mark
[35.158s][info   ][gc,marking    ] GC(225) Concurrent Cleanup for Next Mark 0.324ms
[35.158s][info   ][gc            ] GC(225) Concurrent Cycle 6.189ms
[35.207s][info   ][gc,start      ] GC(226) Pause Young (Concurrent Start) (G1 Humongous Allocation)
[35.207s][info   ][gc,task       ] GC(226) Using 6 workers of 9 for evacuation
[35.208s][info   ][gc,phases     ] GC(226)   Pre Evacuate Collection Set: 0.2ms
[35.208s][info   ][gc,phases     ] GC(226)   Evacuate Collection Set: 0.5ms
[35.208s][info   ][gc,phases     ] GC(226)   Post Evacuate Collection Set: 0.1ms
[35.208s][info   ][gc,phases     ] GC(226)   Other: 0.5ms
[35.208s][info   ][gc,heap       ] GC(226) Eden regions: 0->0(13)
[35.208s][info   ][gc,heap       ] GC(226) Survivor regions: 0->0(2)
[35.208s][info   ][gc,heap       ] GC(226) Old regions: 1->1
[35.208s][info   ][gc,heap       ] GC(226) Archive regions: 0->0
[35.208s][info   ][gc,heap       ] GC(226) Humongous regions: 131->130
[35.208s][info   ][gc,metaspace  ] GC(226) Metaspace: 3424K(4864K)->3424K(4864K) NonClass: 3120K(4352K)->3120K(4352K) Class: 304K(512K)->304K(512K)
[35.208s][info   ][gc            ] GC(226) Pause Young (Concurrent Start) (G1 Humongous Allocation) 131M->130M(256M) 1.469ms
[35.208s][info   ][gc,cpu        ] GC(226) User=0.01s Sys=0.00s Real=0.00s
[35.208s][info   ][gc            ] GC(227) Concurrent Cycle
[35.208s][info   ][gc,marking    ] GC(227) Concurrent Clear Claimed Marks
[35.209s][info   ][gc,marking    ] GC(227) Concurrent Clear Claimed Marks 0.023ms
[35.209s][info   ][gc,marking    ] GC(227) Concurrent Scan Root Regions
[35.209s][info   ][gc,marking    ] GC(227) Concurrent Scan Root Regions 0.010ms
[35.209s][info   ][gc,marking    ] GC(227) Concurrent Mark (35.209s)
[35.209s][info   ][gc,marking    ] GC(227) Concurrent Mark From Roots
[35.209s][info   ][gc,task       ] GC(227) Using 2 workers of 2 for marking
[35.211s][info   ][gc,marking    ] GC(227) Concurrent Mark From Roots 2.022ms
[35.211s][info   ][gc,marking    ] GC(227) Concurrent Preclean
[35.211s][info   ][gc,marking    ] GC(227) Concurrent Preclean 0.034ms
[35.211s][info   ][gc,marking    ] GC(227) Concurrent Mark (35.209s, 35.211s) 2.099ms
[35.211s][info   ][gc,start      ] GC(227) Pause Remark
[35.211s][info   ][gc,stringtable] GC(227) Cleaned string and symbol table, strings: 1384 processed, 0 removed, symbols: 16327 processed, 0 removed
[35.211s][info   ][gc            ] GC(227) Pause Remark 133M->133M(256M) 0.486ms
[35.211s][info   ][gc,cpu        ] GC(227) User=0.00s Sys=0.00s Real=0.00s
[35.211s][info   ][gc,marking    ] GC(227) Concurrent Rebuild Remembered Sets
[35.212s][info   ][gc,marking    ] GC(227) Concurrent Rebuild Remembered Sets 0.982ms
[35.212s][info   ][gc,start      ] GC(227) Pause Cleanup
[35.213s][info   ][gc            ] GC(227) Pause Cleanup 133M->133M(256M) 0.099ms
[35.213s][info   ][gc,cpu        ] GC(227) User=0.00s Sys=0.00s Real=0.00s
[35.213s][info   ][gc,marking    ] GC(227) Concurrent Cleanup for Next Mark
[35.213s][info   ][gc,marking    ] GC(227) Concurrent Cleanup for Next Mark 0.283ms
[35.213s][info   ][gc            ] GC(227) Concurrent Cycle 4.476ms
[35.261s][info   ][gc,start      ] GC(228) Pause Young (Concurrent Start) (G1 Humongous Allocation)
[35.261s][info   ][gc,task       ] GC(228) Using 6 workers of 9 for evacuation
[35.262s][info   ][gc,phases     ] GC(228)   Pre Evacuate Collection Set: 0.1ms
[35.262s][info   ][gc,phases     ] GC(228)   Evacuate Collection Set: 0.3ms
[35.262s][info   ][gc,phases     ] GC(228)   Post Evacuate Collection Set: 0.1ms
[35.262s][info   ][gc,phases     ] GC(228)   Other: 0.5ms
[35.262s][info   ][gc,heap       ] GC(228) Eden regions: 0->0(13)
[35.262s][info   ][gc,heap       ] GC(228) Survivor regions: 0->0(2)
[35.262s][info   ][gc,heap       ] GC(228) Old regions: 1->1
[35.262s][info   ][gc,heap       ] GC(228) Archive regions: 0->0
[35.262s][info   ][gc,heap       ] GC(228) Humongous regions: 133->132
[35.262s][info   ][gc,metaspace  ] GC(228) Metaspace: 3424K(4864K)->3424K(4864K) NonClass: 3120K(4352K)->3120K(4352K) Class: 304K(512K)->304K(512K)
[35.262s][info   ][gc            ] GC(228) Pause Young (Concurrent Start) (G1 Humongous Allocation) 133M->132M(256M) 1.013ms
[35.262s][info   ][gc,cpu        ] GC(228) User=0.00s Sys=0.00s Real=0.00s
[35.262s][info   ][gc            ] GC(229) Concurrent Cycle
[35.262s][info   ][gc,marking    ] GC(229) Concurrent Clear Claimed Marks
[35.262s][info   ][gc,marking    ] GC(229) Concurrent Clear Claimed Marks 0.013ms
[35.262s][info   ][gc,marking    ] GC(229) Concurrent Scan Root Regions
[35.262s][info   ][gc,marking    ] GC(229) Concurrent Scan Root Regions 0.008ms
[35.262s][info   ][gc,marking    ] GC(229) Concurrent Mark (35.262s)
[35.262s][info   ][gc,marking    ] GC(229) Concurrent Mark From Roots
[35.262s][info   ][gc,task       ] GC(229) Using 2 workers of 2 for marking
[35.264s][info   ][gc,marking    ] GC(229) Concurrent Mark From Roots 1.677ms
[35.264s][info   ][gc,marking    ] GC(229) Concurrent Preclean
[35.264s][info   ][gc,marking    ] GC(229) Concurrent Preclean 0.039ms
[35.264s][info   ][gc,marking    ] GC(229) Concurrent Mark (35.262s, 35.264s) 1.762ms
[35.264s][info   ][gc,start      ] GC(229) Pause Remark
[35.265s][info   ][gc,stringtable] GC(229) Cleaned string and symbol table, strings: 1384 processed, 0 removed, symbols: 16327 processed, 0 removed
[35.265s][info   ][gc            ] GC(229) Pause Remark 133M->133M(256M) 1.102ms
[35.265s][info   ][gc,cpu        ] GC(229) User=0.00s Sys=0.00s Real=0.00s
[35.265s][info   ][gc,marking    ] GC(229) Concurrent Rebuild Remembered Sets
[35.266s][info   ][gc,marking    ] GC(229) Concurrent Rebuild Remembered Sets 0.992ms
[35.266s][info   ][gc,start      ] GC(229) Pause Cleanup
[35.266s][info   ][gc            ] GC(229) Pause Cleanup 133M->133M(256M) 0.113ms
[35.266s][info   ][gc,cpu        ] GC(229) User=0.00s Sys=0.00s Real=0.00s
[35.266s][info   ][gc,marking    ] GC(229) Concurrent Cleanup for Next Mark
[35.267s][info   ][gc,marking    ] GC(229) Concurrent Cleanup for Next Mark 0.312ms
[35.267s][info   ][gc            ] GC(229) Concurrent Cycle 4.670ms
[35.317s][info   ][gc,start      ] GC(230) Pause Young (Concurrent Start) (G1 Humongous Allocation)
[35.317s][info   ][gc,task       ] GC(230) Using 6 workers of 9 for evacuation
[35.318s][info   ][gc,phases     ] GC(230)   Pre Evacuate Collection Set: 0.1ms
[35.318s][info   ][gc,phases     ] GC(230)   Evacuate Collection Set: 0.5ms
[35.318s][info   ][gc,phases     ] GC(230)   Post Evacuate Collection Set: 0.1ms
[35.318s][info   ][gc,phases     ] GC(230)   Other: 0.5ms
[35.318s][info   ][gc,heap       ] GC(230) Eden regions: 0->0(13)
[35.318s][info   ][gc,heap       ] GC(230) Survivor regions: 0->0(2)
[35.318s][info   ][gc,heap       ] GC(230) Old regions: 1->1
[35.318s][info   ][gc,heap       ] GC(230) Archive regions: 0->0
[35.318s][info   ][gc,heap       ] GC(230) Humongous regions: 133->132
[35.318s][info   ][gc,metaspace  ] GC(230) Metaspace: 3424K(4864K)->3424K(4864K) NonClass: 3120K(4352K)->3120K(4352K) Class: 304K(512K)->304K(512K)
[35.318s][info   ][gc            ] GC(230) Pause Young (Concurrent Start) (G1 Humongous Allocation) 133M->132M(256M) 1.459ms
[35.318s][info   ][gc,cpu        ] GC(230) User=0.00s Sys=0.00s Real=0.00s
[35.318s][info   ][gc            ] GC(231) Concurrent Cycle
[35.319s][info   ][gc,marking    ] GC(231) Concurrent Clear Claimed Marks
[35.319s][info   ][gc,marking    ] GC(231) Concurrent Clear Claimed Marks 0.028ms
[35.319s][info   ][gc,marking    ] GC(231) Concurrent Scan Root Regions
[35.319s][info   ][gc,marking    ] GC(231) Concurrent Scan Root Regions 0.018ms
[35.319s][info   ][gc,marking    ] GC(231) Concurrent Mark (35.319s)
[35.319s][info   ][gc,marking    ] GC(231) Concurrent Mark From Roots
[35.319s][info   ][gc,task       ] GC(231) Using 2 workers of 2 for marking
[35.320s][info   ][gc,marking    ] GC(231) Concurrent Mark From Roots 1.850ms
[35.321s][info   ][gc,marking    ] GC(231) Concurrent Preclean
[35.321s][info   ][gc,marking    ] GC(231) Concurrent Preclean 0.039ms
[35.321s][info   ][gc,marking    ] GC(231) Concurrent Mark (35.319s, 35.321s) 1.936ms
[35.321s][info   ][gc,start      ] GC(231) Pause Remark
[35.321s][info   ][gc,stringtable] GC(231) Cleaned string and symbol table, strings: 1384 processed, 0 removed, symbols: 16327 processed, 0 removed
[35.322s][info   ][gc            ] GC(231) Pause Remark 133M->133M(256M) 0.913ms
[35.322s][info   ][gc,cpu        ] GC(231) User=0.00s Sys=0.00s Real=0.00s
[35.322s][info   ][gc,marking    ] GC(231) Concurrent Rebuild Remembered Sets
[35.323s][info   ][gc,marking    ] GC(231) Concurrent Rebuild Remembered Sets 0.968ms
[35.323s][info   ][gc,start      ] GC(231) Pause Cleanup
[35.323s][info   ][gc            ] GC(231) Pause Cleanup 133M->133M(256M) 0.079ms
[35.323s][info   ][gc,cpu        ] GC(231) User=0.00s Sys=0.00s Real=0.00s
[35.323s][info   ][gc,marking    ] GC(231) Concurrent Cleanup for Next Mark
[35.323s][info   ][gc,marking    ] GC(231) Concurrent Cleanup for Next Mark 0.303ms
[35.323s][info   ][gc            ] GC(231) Concurrent Cycle 4.608ms
[35.373s][info   ][gc,start      ] GC(232) Pause Young (Concurrent Start) (G1 Humongous Allocation)
[35.374s][info   ][gc,task       ] GC(232) Using 6 workers of 9 for evacuation
[35.377s][info   ][gc,phases     ] GC(232)   Pre Evacuate Collection Set: 0.1ms
[35.377s][info   ][gc,phases     ] GC(232)   Evacuate Collection Set: 2.8ms
[35.377s][info   ][gc,phases     ] GC(232)   Post Evacuate Collection Set: 0.1ms
[35.377s][info   ][gc,phases     ] GC(232)   Other: 0.4ms
[35.377s][info   ][gc,heap       ] GC(232) Eden regions: 0->0(13)
[35.377s][info   ][gc,heap       ] GC(232) Survivor regions: 0->0(2)
[35.377s][info   ][gc,heap       ] GC(232) Old regions: 1->1
[35.377s][info   ][gc,heap       ] GC(232) Archive regions: 0->0
[35.377s][info   ][gc,heap       ] GC(232) Humongous regions: 133->132
[35.377s][info   ][gc,metaspace  ] GC(232) Metaspace: 3424K(4864K)->3424K(4864K) NonClass: 3120K(4352K)->3120K(4352K) Class: 304K(512K)->304K(512K)
[35.377s][info   ][gc            ] GC(232) Pause Young (Concurrent Start) (G1 Humongous Allocation) 133M->132M(256M) 3.716ms
[35.377s][info   ][gc,cpu        ] GC(232) User=0.00s Sys=0.00s Real=0.00s
[35.377s][info   ][gc            ] GC(233) Concurrent Cycle
[35.377s][info   ][gc,marking    ] GC(233) Concurrent Clear Claimed Marks
[35.377s][info   ][gc,marking    ] GC(233) Concurrent Clear Claimed Marks 0.014ms
[35.377s][info   ][gc,marking    ] GC(233) Concurrent Scan Root Regions
[35.377s][info   ][gc,marking    ] GC(233) Concurrent Scan Root Regions 0.008ms
[35.377s][info   ][gc,marking    ] GC(233) Concurrent Mark (35.377s)
[35.377s][info   ][gc,marking    ] GC(233) Concurrent Mark From Roots
[35.377s][info   ][gc,task       ] GC(233) Using 2 workers of 2 for marking
[35.379s][info   ][gc,marking    ] GC(233) Concurrent Mark From Roots 2.131ms
[35.379s][info   ][gc,marking    ] GC(233) Concurrent Preclean
[35.379s][info   ][gc,marking    ] GC(233) Concurrent Preclean 0.037ms
[35.379s][info   ][gc,marking    ] GC(233) Concurrent Mark (35.377s, 35.379s) 2.216ms
[35.380s][info   ][gc,start      ] GC(233) Pause Remark
[35.380s][info   ][gc,stringtable] GC(233) Cleaned string and symbol table, strings: 1384 processed, 0 removed, symbols: 16327 processed, 0 removed
[35.380s][info   ][gc            ] GC(233) Pause Remark 133M->133M(256M) 0.521ms
[35.380s][info   ][gc,cpu        ] GC(233) User=0.00s Sys=0.00s Real=0.00s
[35.380s][info   ][gc,marking    ] GC(233) Concurrent Rebuild Remembered Sets
[35.381s][info   ][gc,marking    ] GC(233) Concurrent Rebuild Remembered Sets 1.056ms
[35.381s][info   ][gc,start      ] GC(233) Pause Cleanup
[35.381s][info   ][gc            ] GC(233) Pause Cleanup 133M->133M(256M) 0.080ms
[35.381s][info   ][gc,cpu        ] GC(233) User=0.00s Sys=0.00s Real=0.00s
[35.381s][info   ][gc,marking    ] GC(233) Concurrent Cleanup for Next Mark
[35.382s][info   ][gc,marking    ] GC(233) Concurrent Cleanup for Next Mark 0.286ms
[35.382s][info   ][gc            ] GC(233) Concurrent Cycle 4.559ms
[35.429s][info   ][gc,start      ] GC(234) Pause Young (Concurrent Start) (G1 Humongous Allocation)
[35.430s][info   ][gc,task       ] GC(234) Using 6 workers of 9 for evacuation
[35.430s][info   ][gc,phases     ] GC(234)   Pre Evacuate Collection Set: 0.1ms
[35.430s][info   ][gc,phases     ] GC(234)   Evacuate Collection Set: 0.3ms
[35.430s][info   ][gc,phases     ] GC(234)   Post Evacuate Collection Set: 0.1ms
[35.430s][info   ][gc,phases     ] GC(234)   Other: 0.4ms
[35.430s][info   ][gc,heap       ] GC(234) Eden regions: 0->0(13)
[35.430s][info   ][gc,heap       ] GC(234) Survivor regions: 0->0(2)
[35.430s][info   ][gc,heap       ] GC(234) Old regions: 1->1
[35.430s][info   ][gc,heap       ] GC(234) Archive regions: 0->0
[35.430s][info   ][gc,heap       ] GC(234) Humongous regions: 133->132
[35.430s][info   ][gc,metaspace  ] GC(234) Metaspace: 3424K(4864K)->3424K(4864K) NonClass: 3120K(4352K)->3120K(4352K) Class: 304K(512K)->304K(512K)
[35.430s][info   ][gc            ] GC(234) Pause Young (Concurrent Start) (G1 Humongous Allocation) 133M->132M(256M) 1.043ms
[35.430s][info   ][gc,cpu        ] GC(234) User=0.00s Sys=0.00s Real=0.00s
[35.430s][info   ][gc            ] GC(235) Concurrent Cycle
[35.430s][info   ][gc,marking    ] GC(235) Concurrent Clear Claimed Marks
[35.430s][info   ][gc,marking    ] GC(235) Concurrent Clear Claimed Marks 0.011ms
[35.430s][info   ][gc,marking    ] GC(235) Concurrent Scan Root Regions
[35.430s][info   ][gc,marking    ] GC(235) Concurrent Scan Root Regions 0.010ms
[35.431s][info   ][gc,marking    ] GC(235) Concurrent Mark (35.431s)
[35.431s][info   ][gc,marking    ] GC(235) Concurrent Mark From Roots
[35.431s][info   ][gc,task       ] GC(235) Using 2 workers of 2 for marking
[35.432s][info   ][gc,marking    ] GC(235) Concurrent Mark From Roots 1.716ms
[35.432s][info   ][gc,marking    ] GC(235) Concurrent Preclean
[35.432s][info   ][gc,marking    ] GC(235) Concurrent Preclean 0.034ms
[35.432s][info   ][gc,marking    ] GC(235) Concurrent Mark (35.431s, 35.432s) 1.784ms
[35.432s][info   ][gc,start      ] GC(235) Pause Remark
[35.433s][info   ][gc,stringtable] GC(235) Cleaned string and symbol table, strings: 1384 processed, 0 removed, symbols: 16327 processed, 0 removed
[35.434s][info   ][gc            ] GC(235) Pause Remark 133M->133M(256M) 1.194ms
[35.434s][info   ][gc,cpu        ] GC(235) User=0.00s Sys=0.00s Real=0.00s
[35.434s][info   ][gc,marking    ] GC(235) Concurrent Rebuild Remembered Sets
[35.435s][info   ][gc,marking    ] GC(235) Concurrent Rebuild Remembered Sets 0.964ms
[35.435s][info   ][gc,start      ] GC(235) Pause Cleanup
[35.435s][info   ][gc            ] GC(235) Pause Cleanup 133M->133M(256M) 0.104ms
[35.435s][info   ][gc,cpu        ] GC(235) User=0.00s Sys=0.00s Real=0.00s
[35.435s][info   ][gc,marking    ] GC(235) Concurrent Cleanup for Next Mark
[35.435s][info   ][gc,marking    ] GC(235) Concurrent Cleanup for Next Mark 0.254ms
[35.435s][info   ][gc            ] GC(235) Concurrent Cycle 4.622ms
[35.484s][info   ][gc,start      ] GC(236) Pause Young (Concurrent Start) (G1 Humongous Allocation)
[35.484s][info   ][gc,task       ] GC(236) Using 6 workers of 9 for evacuation
[35.485s][info   ][gc,phases     ] GC(236)   Pre Evacuate Collection Set: 0.1ms
[35.485s][info   ][gc,phases     ] GC(236)   Evacuate Collection Set: 0.5ms
[35.485s][info   ][gc,phases     ] GC(236)   Post Evacuate Collection Set: 0.1ms
[35.485s][info   ][gc,phases     ] GC(236)   Other: 0.6ms
[35.486s][info   ][gc,heap       ] GC(236) Eden regions: 0->0(13)
[35.486s][info   ][gc,heap       ] GC(236) Survivor regions: 0->0(2)
[35.486s][info   ][gc,heap       ] GC(236) Old regions: 1->1
[35.486s][info   ][gc,heap       ] GC(236) Archive regions: 0->0
[35.486s][info   ][gc,heap       ] GC(236) Humongous regions: 133->132
[35.486s][info   ][gc,metaspace  ] GC(236) Metaspace: 3424K(4864K)->3424K(4864K) NonClass: 3120K(4352K)->3120K(4352K) Class: 304K(512K)->304K(512K)
[35.486s][info   ][gc            ] GC(236) Pause Young (Concurrent Start) (G1 Humongous Allocation) 133M->132M(256M) 1.520ms
[35.486s][info   ][gc,cpu        ] GC(236) User=0.01s Sys=0.00s Real=0.00s
[35.486s][info   ][gc            ] GC(237) Concurrent Cycle
[35.486s][info   ][gc,marking    ] GC(237) Concurrent Clear Claimed Marks
[35.486s][info   ][gc,marking    ] GC(237) Concurrent Clear Claimed Marks 0.028ms
[35.486s][info   ][gc,marking    ] GC(237) Concurrent Scan Root Regions
[35.486s][info   ][gc,marking    ] GC(237) Concurrent Scan Root Regions 0.011ms
[35.486s][info   ][gc,marking    ] GC(237) Concurrent Mark (35.486s)
[35.486s][info   ][gc,marking    ] GC(237) Concurrent Mark From Roots
[35.486s][info   ][gc,task       ] GC(237) Using 2 workers of 2 for marking
[35.488s][info   ][gc,marking    ] GC(237) Concurrent Mark From Roots 2.110ms
[35.488s][info   ][gc,marking    ] GC(237) Concurrent Preclean
[35.488s][info   ][gc,marking    ] GC(237) Concurrent Preclean 0.034ms
[35.488s][info   ][gc,marking    ] GC(237) Concurrent Mark (35.486s, 35.488s) 2.197ms
[35.488s][info   ][gc,start      ] GC(237) Pause Remark
[35.489s][info   ][gc,stringtable] GC(237) Cleaned string and symbol table, strings: 1384 processed, 0 removed, symbols: 16327 processed, 0 removed
[35.489s][info   ][gc            ] GC(237) Pause Remark 133M->133M(256M) 0.496ms
[35.489s][info   ][gc,cpu        ] GC(237) User=0.00s Sys=0.01s Real=0.00s
[35.489s][info   ][gc,marking    ] GC(237) Concurrent Rebuild Remembered Sets
[35.490s][info   ][gc,marking    ] GC(237) Concurrent Rebuild Remembered Sets 1.070ms
[35.490s][info   ][gc,start      ] GC(237) Pause Cleanup
[35.490s][info   ][gc            ] GC(237) Pause Cleanup 133M->133M(256M) 0.102ms
[35.490s][info   ][gc,cpu        ] GC(237) User=0.00s Sys=0.00s Real=0.00s
[35.490s][info   ][gc,marking    ] GC(237) Concurrent Cleanup for Next Mark
[35.490s][info   ][gc,marking    ] GC(237) Concurrent Cleanup for Next Mark 0.282ms
[35.490s][info   ][gc            ] GC(237) Concurrent Cycle 4.592ms
[35.538s][info   ][gc,start      ] GC(238) Pause Young (Concurrent Start) (G1 Humongous Allocation)
[35.538s][info   ][gc,task       ] GC(238) Using 6 workers of 9 for evacuation
[35.540s][info   ][gc,phases     ] GC(238)   Pre Evacuate Collection Set: 0.5ms
[35.541s][info   ][gc,phases     ] GC(238)   Evacuate Collection Set: 1.1ms
[35.541s][info   ][gc,phases     ] GC(238)   Post Evacuate Collection Set: 0.1ms
[35.541s][info   ][gc,phases     ] GC(238)   Other: 0.6ms
[35.541s][info   ][gc,heap       ] GC(238) Eden regions: 0->0(13)
[35.541s][info   ][gc,heap       ] GC(238) Survivor regions: 0->0(2)
[35.541s][info   ][gc,heap       ] GC(238) Old regions: 1->1
[35.541s][info   ][gc,heap       ] GC(238) Archive regions: 0->0
[35.541s][info   ][gc,heap       ] GC(238) Humongous regions: 133->132
[35.541s][info   ][gc,metaspace  ] GC(238) Metaspace: 3424K(4864K)->3424K(4864K) NonClass: 3120K(4352K)->3120K(4352K) Class: 304K(512K)->304K(512K)
[35.541s][info   ][gc            ] GC(238) Pause Young (Concurrent Start) (G1 Humongous Allocation) 133M->132M(256M) 2.504ms
[35.541s][info   ][gc,cpu        ] GC(238) User=0.00s Sys=0.00s Real=0.01s
[35.541s][info   ][gc            ] GC(239) Concurrent Cycle
[35.541s][info   ][gc,marking    ] GC(239) Concurrent Clear Claimed Marks
[35.541s][info   ][gc,marking    ] GC(239) Concurrent Clear Claimed Marks 0.017ms
[35.541s][info   ][gc,marking    ] GC(239) Concurrent Scan Root Regions
[35.541s][info   ][gc,marking    ] GC(239) Concurrent Scan Root Regions 0.010ms
[35.541s][info   ][gc,marking    ] GC(239) Concurrent Mark (35.541s)
[35.541s][info   ][gc,marking    ] GC(239) Concurrent Mark From Roots
[35.541s][info   ][gc,task       ] GC(239) Using 2 workers of 2 for marking
[35.543s][info   ][gc,marking    ] GC(239) Concurrent Mark From Roots 1.879ms
[35.543s][info   ][gc,marking    ] GC(239) Concurrent Preclean
[35.543s][info   ][gc,marking    ] GC(239) Concurrent Preclean 0.040ms
[35.543s][info   ][gc,marking    ] GC(239) Concurrent Mark (35.541s, 35.543s) 1.966ms
[35.543s][info   ][gc,start      ] GC(239) Pause Remark
[35.544s][info   ][gc,stringtable] GC(239) Cleaned string and symbol table, strings: 1384 processed, 0 removed, symbols: 16327 processed, 0 removed
[35.544s][info   ][gc            ] GC(239) Pause Remark 133M->133M(256M) 1.129ms
[35.544s][info   ][gc,cpu        ] GC(239) User=0.00s Sys=0.00s Real=0.00s
[35.544s][info   ][gc,marking    ] GC(239) Concurrent Rebuild Remembered Sets
[35.545s][info   ][gc,marking    ] GC(239) Concurrent Rebuild Remembered Sets 1.020ms
[35.545s][info   ][gc,start      ] GC(239) Pause Cleanup
[35.545s][info   ][gc            ] GC(239) Pause Cleanup 133M->133M(256M) 0.086ms
[35.545s][info   ][gc,cpu        ] GC(239) User=0.00s Sys=0.00s Real=0.00s
[35.545s][info   ][gc,marking    ] GC(239) Concurrent Cleanup for Next Mark
[35.546s][info   ][gc,marking    ] GC(239) Concurrent Cleanup for Next Mark 0.256ms
[35.546s][info   ][gc            ] GC(239) Concurrent Cycle 4.842ms
[35.596s][info   ][gc,start      ] GC(240) Pause Young (Concurrent Start) (G1 Humongous Allocation)
[35.596s][info   ][gc,task       ] GC(240) Using 6 workers of 9 for evacuation
[35.597s][info   ][gc,phases     ] GC(240)   Pre Evacuate Collection Set: 0.2ms
[35.597s][info   ][gc,phases     ] GC(240)   Evacuate Collection Set: 0.5ms
[35.597s][info   ][gc,phases     ] GC(240)   Post Evacuate Collection Set: 0.1ms
[35.597s][info   ][gc,phases     ] GC(240)   Other: 0.5ms
[35.597s][info   ][gc,heap       ] GC(240) Eden regions: 0->0(13)
[35.597s][info   ][gc,heap       ] GC(240) Survivor regions: 0->0(2)
[35.597s][info   ][gc,heap       ] GC(240) Old regions: 1->1
[35.597s][info   ][gc,heap       ] GC(240) Archive regions: 0->0
[35.597s][info   ][gc,heap       ] GC(240) Humongous regions: 133->132
[35.597s][info   ][gc,metaspace  ] GC(240) Metaspace: 3424K(4864K)->3424K(4864K) NonClass: 3120K(4352K)->3120K(4352K) Class: 304K(512K)->304K(512K)
[35.597s][info   ][gc            ] GC(240) Pause Young (Concurrent Start) (G1 Humongous Allocation) 133M->132M(256M) 1.568ms
[35.597s][info   ][gc,cpu        ] GC(240) User=0.00s Sys=0.00s Real=0.00s
[35.597s][info   ][gc            ] GC(241) Concurrent Cycle
[35.597s][info   ][gc,marking    ] GC(241) Concurrent Clear Claimed Marks
[35.597s][info   ][gc,marking    ] GC(241) Concurrent Clear Claimed Marks 0.019ms
[35.597s][info   ][gc,marking    ] GC(241) Concurrent Scan Root Regions
[35.597s][info   ][gc,marking    ] GC(241) Concurrent Scan Root Regions 0.014ms
[35.597s][info   ][gc,marking    ] GC(241) Concurrent Mark (35.597s)
[35.597s][info   ][gc,marking    ] GC(241) Concurrent Mark From Roots
[35.597s][info   ][gc,task       ] GC(241) Using 2 workers of 2 for marking
[35.599s][info   ][gc,marking    ] GC(241) Concurrent Mark From Roots 2.050ms
[35.599s][info   ][gc,marking    ] GC(241) Concurrent Preclean
[35.599s][info   ][gc,marking    ] GC(241) Concurrent Preclean 0.039ms
[35.599s][info   ][gc,marking    ] GC(241) Concurrent Mark (35.597s, 35.599s) 2.128ms
[35.600s][info   ][gc,start      ] GC(241) Pause Remark
[35.601s][info   ][gc,stringtable] GC(241) Cleaned string and symbol table, strings: 1384 processed, 0 removed, symbols: 16327 processed, 0 removed
[35.601s][info   ][gc            ] GC(241) Pause Remark 133M->133M(256M) 1.518ms
[35.601s][info   ][gc,cpu        ] GC(241) User=0.00s Sys=0.00s Real=0.00s
[35.601s][info   ][gc,marking    ] GC(241) Concurrent Rebuild Remembered Sets
[35.602s][info   ][gc,marking    ] GC(241) Concurrent Rebuild Remembered Sets 1.012ms
[35.602s][info   ][gc,start      ] GC(241) Pause Cleanup
[35.602s][info   ][gc            ] GC(241) Pause Cleanup 133M->133M(256M) 0.087ms
[35.602s][info   ][gc,cpu        ] GC(241) User=0.00s Sys=0.00s Real=0.00s
[35.602s][info   ][gc,marking    ] GC(241) Concurrent Cleanup for Next Mark
[35.603s][info   ][gc,marking    ] GC(241) Concurrent Cleanup for Next Mark 0.344ms
[35.603s][info   ][gc            ] GC(241) Concurrent Cycle 5.528ms
[35.649s][info   ][gc,start      ] GC(242) Pause Young (Concurrent Start) (G1 Humongous Allocation)
[35.649s][info   ][gc,task       ] GC(242) Using 6 workers of 9 for evacuation
[35.650s][info   ][gc,phases     ] GC(242)   Pre Evacuate Collection Set: 0.1ms
[35.650s][info   ][gc,phases     ] GC(242)   Evacuate Collection Set: 0.4ms
[35.650s][info   ][gc,phases     ] GC(242)   Post Evacuate Collection Set: 0.1ms
[35.650s][info   ][gc,phases     ] GC(242)   Other: 0.4ms
[35.650s][info   ][gc,heap       ] GC(242) Eden regions: 0->0(13)
[35.650s][info   ][gc,heap       ] GC(242) Survivor regions: 0->0(2)
[35.650s][info   ][gc,heap       ] GC(242) Old regions: 1->1
[35.650s][info   ][gc,heap       ] GC(242) Archive regions: 0->0
[35.650s][info   ][gc,heap       ] GC(242) Humongous regions: 133->132
[35.650s][info   ][gc,metaspace  ] GC(242) Metaspace: 3424K(4864K)->3424K(4864K) NonClass: 3120K(4352K)->3120K(4352K) Class: 304K(512K)->304K(512K)
[35.650s][info   ][gc            ] GC(242) Pause Young (Concurrent Start) (G1 Humongous Allocation) 133M->132M(256M) 1.222ms
[35.650s][info   ][gc,cpu        ] GC(242) User=0.00s Sys=0.00s Real=0.00s
[35.650s][info   ][gc            ] GC(243) Concurrent Cycle
[35.650s][info   ][gc,marking    ] GC(243) Concurrent Clear Claimed Marks
[35.651s][info   ][gc,marking    ] GC(243) Concurrent Clear Claimed Marks 0.019ms
[35.651s][info   ][gc,marking    ] GC(243) Concurrent Scan Root Regions
[35.651s][info   ][gc,marking    ] GC(243) Concurrent Scan Root Regions 0.015ms
[35.651s][info   ][gc,marking    ] GC(243) Concurrent Mark (35.651s)
[35.651s][info   ][gc,marking    ] GC(243) Concurrent Mark From Roots
[35.651s][info   ][gc,task       ] GC(243) Using 2 workers of 2 for marking
[35.653s][info   ][gc,marking    ] GC(243) Concurrent Mark From Roots 2.747ms
[35.653s][info   ][gc,marking    ] GC(243) Concurrent Preclean
[35.653s][info   ][gc,marking    ] GC(243) Concurrent Preclean 0.027ms
[35.653s][info   ][gc,marking    ] GC(243) Concurrent Mark (35.651s, 35.653s) 2.823ms
[35.653s][info   ][gc,start      ] GC(243) Pause Remark
[35.654s][info   ][gc,stringtable] GC(243) Cleaned string and symbol table, strings: 1384 processed, 0 removed, symbols: 16327 processed, 0 removed
[35.654s][info   ][gc            ] GC(243) Pause Remark 133M->133M(256M) 0.442ms
[35.654s][info   ][gc,cpu        ] GC(243) User=0.00s Sys=0.00s Real=0.00s
[35.654s][info   ][gc,marking    ] GC(243) Concurrent Rebuild Remembered Sets
[35.655s][info   ][gc,marking    ] GC(243) Concurrent Rebuild Remembered Sets 0.850ms
[35.655s][info   ][gc,start      ] GC(243) Pause Cleanup
[35.655s][info   ][gc            ] GC(243) Pause Cleanup 133M->133M(256M) 0.071ms
[35.655s][info   ][gc,cpu        ] GC(243) User=0.00s Sys=0.00s Real=0.00s
[35.655s][info   ][gc,marking    ] GC(243) Concurrent Cleanup for Next Mark
[35.655s][info   ][gc,marking    ] GC(243) Concurrent Cleanup for Next Mark 0.297ms
[35.655s][info   ][gc            ] GC(243) Concurrent Cycle 4.860ms
[35.706s][info   ][gc,start      ] GC(244) Pause Young (Concurrent Start) (G1 Humongous Allocation)
[35.706s][info   ][gc,task       ] GC(244) Using 6 workers of 9 for evacuation
[35.707s][info   ][gc,phases     ] GC(244)   Pre Evacuate Collection Set: 0.1ms
[35.707s][info   ][gc,phases     ] GC(244)   Evacuate Collection Set: 0.4ms
[35.707s][info   ][gc,phases     ] GC(244)   Post Evacuate Collection Set: 0.1ms
[35.707s][info   ][gc,phases     ] GC(244)   Other: 0.4ms
[35.707s][info   ][gc,heap       ] GC(244) Eden regions: 0->0(13)
[35.707s][info   ][gc,heap       ] GC(244) Survivor regions: 0->0(2)
[35.707s][info   ][gc,heap       ] GC(244) Old regions: 1->1
[35.707s][info   ][gc,heap       ] GC(244) Archive regions: 0->0
[35.707s][info   ][gc,heap       ] GC(244) Humongous regions: 133->132
[35.707s][info   ][gc,metaspace  ] GC(244) Metaspace: 3424K(4864K)->3424K(4864K) NonClass: 3120K(4352K)->3120K(4352K) Class: 304K(512K)->304K(512K)
[35.707s][info   ][gc            ] GC(244) Pause Young (Concurrent Start) (G1 Humongous Allocation) 133M->132M(256M) 1.255ms
[35.707s][info   ][gc,cpu        ] GC(244) User=0.00s Sys=0.00s Real=0.00s
[35.707s][info   ][gc            ] GC(245) Concurrent Cycle
[35.707s][info   ][gc,marking    ] GC(245) Concurrent Clear Claimed Marks
[35.707s][info   ][gc,marking    ] GC(245) Concurrent Clear Claimed Marks 0.029ms
[35.707s][info   ][gc,marking    ] GC(245) Concurrent Scan Root Regions
[35.707s][info   ][gc,marking    ] GC(245) Concurrent Scan Root Regions 0.017ms
[35.707s][info   ][gc,marking    ] GC(245) Concurrent Mark (35.707s)
[35.707s][info   ][gc,marking    ] GC(245) Concurrent Mark From Roots
[35.707s][info   ][gc,task       ] GC(245) Using 2 workers of 2 for marking
[35.709s][info   ][gc,marking    ] GC(245) Concurrent Mark From Roots 2.166ms
[35.709s][info   ][gc,marking    ] GC(245) Concurrent Preclean
[35.709s][info   ][gc,marking    ] GC(245) Concurrent Preclean 0.033ms
[35.709s][info   ][gc,marking    ] GC(245) Concurrent Mark (35.707s, 35.709s) 2.249ms
[35.709s][info   ][gc,start      ] GC(245) Pause Remark
[35.710s][info   ][gc,stringtable] GC(245) Cleaned string and symbol table, strings: 1384 processed, 0 removed, symbols: 16327 processed, 0 removed
[35.710s][info   ][gc            ] GC(245) Pause Remark 133M->133M(256M) 0.465ms
[35.710s][info   ][gc,cpu        ] GC(245) User=0.01s Sys=0.00s Real=0.00s
[35.710s][info   ][gc,marking    ] GC(245) Concurrent Rebuild Remembered Sets
[35.711s][info   ][gc,marking    ] GC(245) Concurrent Rebuild Remembered Sets 1.008ms
[35.711s][info   ][gc,start      ] GC(245) Pause Cleanup
[35.711s][info   ][gc            ] GC(245) Pause Cleanup 133M->133M(256M) 0.113ms
[35.711s][info   ][gc,cpu        ] GC(245) User=0.00s Sys=0.00s Real=0.00s
[35.711s][info   ][gc,marking    ] GC(245) Concurrent Cleanup for Next Mark
[35.711s][info   ][gc,marking    ] GC(245) Concurrent Cleanup for Next Mark 0.254ms
[35.711s][info   ][gc            ] GC(245) Concurrent Cycle 4.506ms
[35.761s][info   ][gc,start      ] GC(246) Pause Young (Concurrent Start) (G1 Humongous Allocation)
[35.761s][info   ][gc,task       ] GC(246) Using 6 workers of 9 for evacuation
[35.762s][info   ][gc,phases     ] GC(246)   Pre Evacuate Collection Set: 0.1ms
[35.762s][info   ][gc,phases     ] GC(246)   Evacuate Collection Set: 0.4ms
[35.762s][info   ][gc,phases     ] GC(246)   Post Evacuate Collection Set: 0.1ms
[35.762s][info   ][gc,phases     ] GC(246)   Other: 0.4ms
[35.762s][info   ][gc,heap       ] GC(246) Eden regions: 0->0(13)
[35.762s][info   ][gc,heap       ] GC(246) Survivor regions: 0->0(2)
[35.762s][info   ][gc,heap       ] GC(246) Old regions: 1->1
[35.762s][info   ][gc,heap       ] GC(246) Archive regions: 0->0
[35.762s][info   ][gc,heap       ] GC(246) Humongous regions: 133->132
[35.762s][info   ][gc,metaspace  ] GC(246) Metaspace: 3424K(4864K)->3424K(4864K) NonClass: 3120K(4352K)->3120K(4352K) Class: 304K(512K)->304K(512K)
[35.762s][info   ][gc            ] GC(246) Pause Young (Concurrent Start) (G1 Humongous Allocation) 133M->132M(256M) 1.250ms
[35.762s][info   ][gc,cpu        ] GC(246) User=0.00s Sys=0.00s Real=0.00s
[35.763s][info   ][gc            ] GC(247) Concurrent Cycle
[35.763s][info   ][gc,marking    ] GC(247) Concurrent Clear Claimed Marks
[35.763s][info   ][gc,marking    ] GC(247) Concurrent Clear Claimed Marks 0.019ms
[35.763s][info   ][gc,marking    ] GC(247) Concurrent Scan Root Regions
[35.763s][info   ][gc,marking    ] GC(247) Concurrent Scan Root Regions 0.020ms
[35.763s][info   ][gc,marking    ] GC(247) Concurrent Mark (35.763s)
[35.763s][info   ][gc,marking    ] GC(247) Concurrent Mark From Roots
[35.763s][info   ][gc,task       ] GC(247) Using 2 workers of 2 for marking
[35.764s][info   ][gc,marking    ] GC(247) Concurrent Mark From Roots 1.587ms
[35.764s][info   ][gc,marking    ] GC(247) Concurrent Preclean
[35.764s][info   ][gc,marking    ] GC(247) Concurrent Preclean 0.038ms
[35.764s][info   ][gc,marking    ] GC(247) Concurrent Mark (35.763s, 35.764s) 1.668ms
[35.764s][info   ][gc,start      ] GC(247) Pause Remark
[35.765s][info   ][gc,stringtable] GC(247) Cleaned string and symbol table, strings: 1384 processed, 0 removed, symbols: 16327 processed, 0 removed
[35.765s][info   ][gc            ] GC(247) Pause Remark 135M->135M(256M) 1.060ms
[35.765s][info   ][gc,cpu        ] GC(247) User=0.00s Sys=0.00s Real=0.00s
[35.765s][info   ][gc,marking    ] GC(247) Concurrent Rebuild Remembered Sets
[35.766s][info   ][gc,marking    ] GC(247) Concurrent Rebuild Remembered Sets 0.979ms
[35.767s][info   ][gc,start      ] GC(247) Pause Cleanup
[35.767s][info   ][gc            ] GC(247) Pause Cleanup 135M->135M(256M) 0.099ms
[35.767s][info   ][gc,cpu        ] GC(247) User=0.00s Sys=0.00s Real=0.00s
[35.767s][info   ][gc,marking    ] GC(247) Concurrent Cleanup for Next Mark
[35.767s][info   ][gc,marking    ] GC(247) Concurrent Cleanup for Next Mark 0.243ms
[35.767s][info   ][gc            ] GC(247) Concurrent Cycle 4.418ms
[35.814s][info   ][gc,start      ] GC(248) Pause Young (Concurrent Start) (G1 Humongous Allocation)
[35.814s][info   ][gc,task       ] GC(248) Using 6 workers of 9 for evacuation
[35.815s][info   ][gc,phases     ] GC(248)   Pre Evacuate Collection Set: 0.1ms
[35.815s][info   ][gc,phases     ] GC(248)   Evacuate Collection Set: 0.4ms
[35.815s][info   ][gc,phases     ] GC(248)   Post Evacuate Collection Set: 0.1ms
[35.815s][info   ][gc,phases     ] GC(248)   Other: 0.4ms
[35.815s][info   ][gc,heap       ] GC(248) Eden regions: 0->0(13)
[35.815s][info   ][gc,heap       ] GC(248) Survivor regions: 0->0(2)
[35.815s][info   ][gc,heap       ] GC(248) Old regions: 1->1
[35.815s][info   ][gc,heap       ] GC(248) Archive regions: 0->0
[35.815s][info   ][gc,heap       ] GC(248) Humongous regions: 135->134
[35.815s][info   ][gc,metaspace  ] GC(248) Metaspace: 3424K(4864K)->3424K(4864K) NonClass: 3120K(4352K)->3120K(4352K) Class: 304K(512K)->304K(512K)
[35.815s][info   ][gc            ] GC(248) Pause Young (Concurrent Start) (G1 Humongous Allocation) 135M->134M(256M) 1.280ms
[35.815s][info   ][gc,cpu        ] GC(248) User=0.00s Sys=0.00s Real=0.00s
[35.815s][info   ][gc            ] GC(249) Concurrent Cycle
[35.815s][info   ][gc,marking    ] GC(249) Concurrent Clear Claimed Marks
[35.815s][info   ][gc,marking    ] GC(249) Concurrent Clear Claimed Marks 0.020ms
[35.815s][info   ][gc,marking    ] GC(249) Concurrent Scan Root Regions
[35.815s][info   ][gc,marking    ] GC(249) Concurrent Scan Root Regions 0.018ms
[35.815s][info   ][gc,marking    ] GC(249) Concurrent Mark (35.815s)
[35.816s][info   ][gc,marking    ] GC(249) Concurrent Mark From Roots
[35.816s][info   ][gc,task       ] GC(249) Using 2 workers of 2 for marking
[35.818s][info   ][gc,marking    ] GC(249) Concurrent Mark From Roots 2.540ms
[35.818s][info   ][gc,marking    ] GC(249) Concurrent Preclean
[35.818s][info   ][gc,marking    ] GC(249) Concurrent Preclean 0.096ms
[35.818s][info   ][gc,marking    ] GC(249) Concurrent Mark (35.815s, 35.818s) 2.703ms
[35.818s][info   ][gc,start      ] GC(249) Pause Remark
[35.819s][info   ][gc,stringtable] GC(249) Cleaned string and symbol table, strings: 1384 processed, 0 removed, symbols: 16327 processed, 0 removed
[35.819s][info   ][gc            ] GC(249) Pause Remark 135M->135M(256M) 0.415ms
[35.819s][info   ][gc,cpu        ] GC(249) User=0.00s Sys=0.00s Real=0.00s
[35.819s][info   ][gc,marking    ] GC(249) Concurrent Rebuild Remembered Sets
[35.820s][info   ][gc,marking    ] GC(249) Concurrent Rebuild Remembered Sets 0.824ms
[35.820s][info   ][gc,start      ] GC(249) Pause Cleanup
[35.820s][info   ][gc            ] GC(249) Pause Cleanup 135M->135M(256M) 0.075ms
[35.820s][info   ][gc,cpu        ] GC(249) User=0.00s Sys=0.00s Real=0.00s
[35.820s][info   ][gc,marking    ] GC(249) Concurrent Cleanup for Next Mark
[35.820s][info   ][gc,marking    ] GC(249) Concurrent Cleanup for Next Mark 0.245ms
[35.820s][info   ][gc            ] GC(249) Concurrent Cycle 4.638ms
[35.871s][info   ][gc,start      ] GC(250) Pause Young (Concurrent Start) (G1 Humongous Allocation)
[35.871s][info   ][gc,task       ] GC(250) Using 6 workers of 9 for evacuation
[35.872s][info   ][gc,phases     ] GC(250)   Pre Evacuate Collection Set: 0.1ms
[35.872s][info   ][gc,phases     ] GC(250)   Evacuate Collection Set: 0.7ms
[35.872s][info   ][gc,phases     ] GC(250)   Post Evacuate Collection Set: 0.1ms
[35.872s][info   ][gc,phases     ] GC(250)   Other: 0.6ms
[35.872s][info   ][gc,heap       ] GC(250) Eden regions: 0->0(13)
[35.872s][info   ][gc,heap       ] GC(250) Survivor regions: 0->0(2)
[35.872s][info   ][gc,heap       ] GC(250) Old regions: 1->1
[35.872s][info   ][gc,heap       ] GC(250) Archive regions: 0->0
[35.872s][info   ][gc,heap       ] GC(250) Humongous regions: 135->134
[35.872s][info   ][gc,metaspace  ] GC(250) Metaspace: 3424K(4864K)->3424K(4864K) NonClass: 3120K(4352K)->3120K(4352K) Class: 304K(512K)->304K(512K)
[35.872s][info   ][gc            ] GC(250) Pause Young (Concurrent Start) (G1 Humongous Allocation) 135M->134M(256M) 1.619ms
[35.872s][info   ][gc,cpu        ] GC(250) User=0.01s Sys=0.00s Real=0.00s
[35.872s][info   ][gc            ] GC(251) Concurrent Cycle
[35.872s][info   ][gc,marking    ] GC(251) Concurrent Clear Claimed Marks
[35.872s][info   ][gc,marking    ] GC(251) Concurrent Clear Claimed Marks 0.016ms
[35.872s][info   ][gc,marking    ] GC(251) Concurrent Scan Root Regions
[35.872s][info   ][gc,marking    ] GC(251) Concurrent Scan Root Regions 0.009ms
[35.872s][info   ][gc,marking    ] GC(251) Concurrent Mark (35.872s)
[35.872s][info   ][gc,marking    ] GC(251) Concurrent Mark From Roots
[35.872s][info   ][gc,task       ] GC(251) Using 2 workers of 2 for marking
[35.874s][info   ][gc,marking    ] GC(251) Concurrent Mark From Roots 2.119ms
[35.874s][info   ][gc,marking    ] GC(251) Concurrent Preclean
[35.875s][info   ][gc,marking    ] GC(251) Concurrent Preclean 0.033ms
[35.875s][info   ][gc,marking    ] GC(251) Concurrent Mark (35.872s, 35.875s) 2.202ms
[35.875s][info   ][gc,start      ] GC(251) Pause Remark
[35.875s][info   ][gc,stringtable] GC(251) Cleaned string and symbol table, strings: 1384 processed, 0 removed, symbols: 16327 processed, 0 removed
[35.875s][info   ][gc            ] GC(251) Pause Remark 135M->135M(256M) 0.498ms
[35.875s][info   ][gc,cpu        ] GC(251) User=0.00s Sys=0.00s Real=0.00s
[35.875s][info   ][gc,marking    ] GC(251) Concurrent Rebuild Remembered Sets
[35.876s][info   ][gc,marking    ] GC(251) Concurrent Rebuild Remembered Sets 0.973ms
[35.876s][info   ][gc,start      ] GC(251) Pause Cleanup
[35.876s][info   ][gc            ] GC(251) Pause Cleanup 135M->135M(256M) 0.102ms
[35.876s][info   ][gc,cpu        ] GC(251) User=0.00s Sys=0.00s Real=0.00s
[35.876s][info   ][gc,marking    ] GC(251) Concurrent Cleanup for Next Mark
[35.877s][info   ][gc,marking    ] GC(251) Concurrent Cleanup for Next Mark 0.258ms
[35.877s][info   ][gc            ] GC(251) Concurrent Cycle 4.438ms
[35.925s][info   ][gc,start      ] GC(252) Pause Young (Concurrent Start) (G1 Humongous Allocation)
[35.926s][info   ][gc,task       ] GC(252) Using 6 workers of 9 for evacuation
[35.927s][info   ][gc,phases     ] GC(252)   Pre Evacuate Collection Set: 0.2ms
[35.927s][info   ][gc,phases     ] GC(252)   Evacuate Collection Set: 0.5ms
[35.927s][info   ][gc,phases     ] GC(252)   Post Evacuate Collection Set: 0.1ms
[35.927s][info   ][gc,phases     ] GC(252)   Other: 0.5ms
[35.927s][info   ][gc,heap       ] GC(252) Eden regions: 0->0(13)
[35.927s][info   ][gc,heap       ] GC(252) Survivor regions: 0->0(2)
[35.927s][info   ][gc,heap       ] GC(252) Old regions: 1->1
[35.927s][info   ][gc,heap       ] GC(252) Archive regions: 0->0
[35.927s][info   ][gc,heap       ] GC(252) Humongous regions: 135->134
[35.927s][info   ][gc,metaspace  ] GC(252) Metaspace: 3424K(4864K)->3424K(4864K) NonClass: 3120K(4352K)->3120K(4352K) Class: 304K(512K)->304K(512K)
[35.927s][info   ][gc            ] GC(252) Pause Young (Concurrent Start) (G1 Humongous Allocation) 135M->134M(256M) 1.527ms
[35.927s][info   ][gc,cpu        ] GC(252) User=0.00s Sys=0.00s Real=0.00s
[35.927s][info   ][gc            ] GC(253) Concurrent Cycle
[35.927s][info   ][gc,marking    ] GC(253) Concurrent Clear Claimed Marks
[35.927s][info   ][gc,marking    ] GC(253) Concurrent Clear Claimed Marks 0.028ms
[35.927s][info   ][gc,marking    ] GC(253) Concurrent Scan Root Regions
[35.927s][info   ][gc,marking    ] GC(253) Concurrent Scan Root Regions 0.017ms
[35.927s][info   ][gc,marking    ] GC(253) Concurrent Mark (35.927s)
[35.927s][info   ][gc,marking    ] GC(253) Concurrent Mark From Roots
[35.927s][info   ][gc,task       ] GC(253) Using 2 workers of 2 for marking
[35.930s][info   ][gc,marking    ] GC(253) Concurrent Mark From Roots 2.543ms
[35.930s][info   ][gc,marking    ] GC(253) Concurrent Preclean
[35.930s][info   ][gc,marking    ] GC(253) Concurrent Preclean 0.034ms
[35.930s][info   ][gc,marking    ] GC(253) Concurrent Mark (35.927s, 35.930s) 2.641ms
[35.930s][info   ][gc,start      ] GC(253) Pause Remark
[35.931s][info   ][gc,stringtable] GC(253) Cleaned string and symbol table, strings: 1384 processed, 0 removed, symbols: 16327 processed, 0 removed
[35.931s][info   ][gc            ] GC(253) Pause Remark 135M->135M(256M) 1.100ms
[35.931s][info   ][gc,cpu        ] GC(253) User=0.00s Sys=0.00s Real=0.00s
[35.931s][info   ][gc,marking    ] GC(253) Concurrent Rebuild Remembered Sets
[35.932s][info   ][gc,marking    ] GC(253) Concurrent Rebuild Remembered Sets 1.027ms
[35.932s][info   ][gc,start      ] GC(253) Pause Cleanup
[35.932s][info   ][gc            ] GC(253) Pause Cleanup 135M->135M(256M) 0.093ms
[35.932s][info   ][gc,cpu        ] GC(253) User=0.00s Sys=0.00s Real=0.00s
[35.932s][info   ][gc,marking    ] GC(253) Concurrent Cleanup for Next Mark
[35.933s][info   ][gc,marking    ] GC(253) Concurrent Cleanup for Next Mark 0.282ms
[35.933s][info   ][gc            ] GC(253) Concurrent Cycle 5.539ms
[35.979s][info   ][gc,start      ] GC(254) Pause Young (Concurrent Start) (G1 Humongous Allocation)
[35.979s][info   ][gc,task       ] GC(254) Using 6 workers of 9 for evacuation
[35.980s][info   ][gc,phases     ] GC(254)   Pre Evacuate Collection Set: 0.2ms
[35.980s][info   ][gc,phases     ] GC(254)   Evacuate Collection Set: 0.6ms
[35.980s][info   ][gc,phases     ] GC(254)   Post Evacuate Collection Set: 0.1ms
[35.980s][info   ][gc,phases     ] GC(254)   Other: 0.6ms
[35.980s][info   ][gc,heap       ] GC(254) Eden regions: 0->0(13)
[35.980s][info   ][gc,heap       ] GC(254) Survivor regions: 0->0(2)
[35.980s][info   ][gc,heap       ] GC(254) Old regions: 1->1
[35.980s][info   ][gc,heap       ] GC(254) Archive regions: 0->0
[35.980s][info   ][gc,heap       ] GC(254) Humongous regions: 135->134
[35.980s][info   ][gc,metaspace  ] GC(254) Metaspace: 3424K(4864K)->3424K(4864K) NonClass: 3120K(4352K)->3120K(4352K) Class: 304K(512K)->304K(512K)
[35.980s][info   ][gc            ] GC(254) Pause Young (Concurrent Start) (G1 Humongous Allocation) 135M->134M(256M) 1.680ms
[35.980s][info   ][gc,cpu        ] GC(254) User=0.00s Sys=0.00s Real=0.01s
[35.981s][info   ][gc            ] GC(255) Concurrent Cycle
[35.981s][info   ][gc,marking    ] GC(255) Concurrent Clear Claimed Marks
[35.981s][info   ][gc,marking    ] GC(255) Concurrent Clear Claimed Marks 0.019ms
[35.981s][info   ][gc,marking    ] GC(255) Concurrent Scan Root Regions
[35.981s][info   ][gc,marking    ] GC(255) Concurrent Scan Root Regions 0.010ms
[35.981s][info   ][gc,marking    ] GC(255) Concurrent Mark (35.981s)
[35.981s][info   ][gc,marking    ] GC(255) Concurrent Mark From Roots
[35.981s][info   ][gc,task       ] GC(255) Using 2 workers of 2 for marking
[35.982s][info   ][gc,marking    ] GC(255) Concurrent Mark From Roots 1.659ms
[35.982s][info   ][gc,marking    ] GC(255) Concurrent Preclean
[35.982s][info   ][gc,marking    ] GC(255) Concurrent Preclean 0.034ms
[35.982s][info   ][gc,marking    ] GC(255) Concurrent Mark (35.981s, 35.982s) 1.727ms
[35.982s][info   ][gc,start      ] GC(255) Pause Remark
[35.983s][info   ][gc,stringtable] GC(255) Cleaned string and symbol table, strings: 1384 processed, 0 removed, symbols: 16327 processed, 0 removed
[35.983s][info   ][gc            ] GC(255) Pause Remark 135M->135M(256M) 0.632ms
[35.983s][info   ][gc,cpu        ] GC(255) User=0.00s Sys=0.00s Real=0.00s
[35.983s][info   ][gc,marking    ] GC(255) Concurrent Rebuild Remembered Sets
[35.984s][info   ][gc,marking    ] GC(255) Concurrent Rebuild Remembered Sets 0.992ms
[35.984s][info   ][gc,start      ] GC(255) Pause Cleanup
[35.984s][info   ][gc            ] GC(255) Pause Cleanup 135M->135M(256M) 0.091ms
[35.984s][info   ][gc,cpu        ] GC(255) User=0.00s Sys=0.00s Real=0.00s
[35.984s][info   ][gc,marking    ] GC(255) Concurrent Cleanup for Next Mark
[35.985s][info   ][gc,marking    ] GC(255) Concurrent Cleanup for Next Mark 0.273ms
[35.985s][info   ][gc            ] GC(255) Concurrent Cycle 4.092ms
[36.036s][info   ][gc,start      ] GC(256) Pause Young (Concurrent Start) (G1 Humongous Allocation)
[36.036s][info   ][gc,task       ] GC(256) Using 6 workers of 9 for evacuation
[36.037s][info   ][gc,phases     ] GC(256)   Pre Evacuate Collection Set: 0.2ms
[36.037s][info   ][gc,phases     ] GC(256)   Evacuate Collection Set: 0.3ms
[36.037s][info   ][gc,phases     ] GC(256)   Post Evacuate Collection Set: 0.1ms
[36.037s][info   ][gc,phases     ] GC(256)   Other: 0.4ms
[36.037s][info   ][gc,heap       ] GC(256) Eden regions: 0->0(13)
[36.037s][info   ][gc,heap       ] GC(256) Survivor regions: 0->0(2)
[36.037s][info   ][gc,heap       ] GC(256) Old regions: 1->1
[36.037s][info   ][gc,heap       ] GC(256) Archive regions: 0->0
[36.037s][info   ][gc,heap       ] GC(256) Humongous regions: 135->134
[36.037s][info   ][gc,metaspace  ] GC(256) Metaspace: 3424K(4864K)->3424K(4864K) NonClass: 3120K(4352K)->3120K(4352K) Class: 304K(512K)->304K(512K)
[36.037s][info   ][gc            ] GC(256) Pause Young (Concurrent Start) (G1 Humongous Allocation) 135M->134M(256M) 1.035ms
[36.037s][info   ][gc,cpu        ] GC(256) User=0.00s Sys=0.00s Real=0.00s
[36.037s][info   ][gc            ] GC(257) Concurrent Cycle
[36.037s][info   ][gc,marking    ] GC(257) Concurrent Clear Claimed Marks
[36.037s][info   ][gc,marking    ] GC(257) Concurrent Clear Claimed Marks 0.012ms
[36.037s][info   ][gc,marking    ] GC(257) Concurrent Scan Root Regions
[36.037s][info   ][gc,marking    ] GC(257) Concurrent Scan Root Regions 0.008ms
[36.037s][info   ][gc,marking    ] GC(257) Concurrent Mark (36.037s)
[36.037s][info   ][gc,marking    ] GC(257) Concurrent Mark From Roots
[36.037s][info   ][gc,task       ] GC(257) Using 2 workers of 2 for marking
[36.040s][info   ][gc,marking    ] GC(257) Concurrent Mark From Roots 3.020ms
[36.040s][info   ][gc,marking    ] GC(257) Concurrent Preclean
[36.040s][info   ][gc,marking    ] GC(257) Concurrent Preclean 0.035ms
[36.040s][info   ][gc,marking    ] GC(257) Concurrent Mark (36.037s, 36.040s) 3.107ms
[36.040s][info   ][gc,start      ] GC(257) Pause Remark
[36.041s][info   ][gc,stringtable] GC(257) Cleaned string and symbol table, strings: 1384 processed, 0 removed, symbols: 16327 processed, 0 removed
[36.041s][info   ][gc            ] GC(257) Pause Remark 135M->135M(256M) 0.494ms
[36.041s][info   ][gc,cpu        ] GC(257) User=0.00s Sys=0.00s Real=0.00s
[36.041s][info   ][gc,marking    ] GC(257) Concurrent Rebuild Remembered Sets
[36.042s][info   ][gc,marking    ] GC(257) Concurrent Rebuild Remembered Sets 1.002ms
[36.042s][info   ][gc,start      ] GC(257) Pause Cleanup
[36.042s][info   ][gc            ] GC(257) Pause Cleanup 135M->135M(256M) 0.082ms
[36.042s][info   ][gc,cpu        ] GC(257) User=0.00s Sys=0.00s Real=0.00s
[36.042s][info   ][gc,marking    ] GC(257) Concurrent Cleanup for Next Mark
[36.042s][info   ][gc,marking    ] GC(257) Concurrent Cleanup for Next Mark 0.258ms
[36.042s][info   ][gc            ] GC(257) Concurrent Cycle 5.327ms
[36.091s][info   ][gc,start      ] GC(258) Pause Young (Concurrent Start) (G1 Humongous Allocation)
[36.091s][info   ][gc,task       ] GC(258) Using 6 workers of 9 for evacuation
[36.092s][info   ][gc,phases     ] GC(258)   Pre Evacuate Collection Set: 0.1ms
[36.092s][info   ][gc,phases     ] GC(258)   Evacuate Collection Set: 0.3ms
[36.092s][info   ][gc,phases     ] GC(258)   Post Evacuate Collection Set: 0.1ms
[36.092s][info   ][gc,phases     ] GC(258)   Other: 0.4ms
[36.092s][info   ][gc,heap       ] GC(258) Eden regions: 0->0(13)
[36.092s][info   ][gc,heap       ] GC(258) Survivor regions: 0->0(2)
[36.092s][info   ][gc,heap       ] GC(258) Old regions: 1->1
[36.092s][info   ][gc,heap       ] GC(258) Archive regions: 0->0
[36.092s][info   ][gc,heap       ] GC(258) Humongous regions: 135->134
[36.092s][info   ][gc,metaspace  ] GC(258) Metaspace: 3424K(4864K)->3424K(4864K) NonClass: 3120K(4352K)->3120K(4352K) Class: 304K(512K)->304K(512K)
[36.092s][info   ][gc            ] GC(258) Pause Young (Concurrent Start) (G1 Humongous Allocation) 135M->134M(256M) 1.080ms
[36.092s][info   ][gc,cpu        ] GC(258) User=0.00s Sys=0.00s Real=0.00s
[36.092s][info   ][gc            ] GC(259) Concurrent Cycle
[36.092s][info   ][gc,marking    ] GC(259) Concurrent Clear Claimed Marks
[36.092s][info   ][gc,marking    ] GC(259) Concurrent Clear Claimed Marks 0.011ms
[36.092s][info   ][gc,marking    ] GC(259) Concurrent Scan Root Regions
[36.092s][info   ][gc,marking    ] GC(259) Concurrent Scan Root Regions 0.008ms
[36.092s][info   ][gc,marking    ] GC(259) Concurrent Mark (36.092s)
[36.092s][info   ][gc,marking    ] GC(259) Concurrent Mark From Roots
[36.092s][info   ][gc,task       ] GC(259) Using 2 workers of 2 for marking
[36.094s][info   ][gc,marking    ] GC(259) Concurrent Mark From Roots 1.510ms
[36.094s][info   ][gc,marking    ] GC(259) Concurrent Preclean
[36.094s][info   ][gc,marking    ] GC(259) Concurrent Preclean 0.033ms
[36.094s][info   ][gc,marking    ] GC(259) Concurrent Mark (36.092s, 36.094s) 1.600ms
[36.094s][info   ][gc,start      ] GC(259) Pause Remark
[36.094s][info   ][gc,stringtable] GC(259) Cleaned string and symbol table, strings: 1384 processed, 0 removed, symbols: 16327 processed, 0 removed
[36.095s][info   ][gc            ] GC(259) Pause Remark 135M->135M(256M) 0.533ms
[36.095s][info   ][gc,cpu        ] GC(259) User=0.00s Sys=0.00s Real=0.00s
[36.095s][info   ][gc,marking    ] GC(259) Concurrent Rebuild Remembered Sets
[36.095s][info   ][gc,marking    ] GC(259) Concurrent Rebuild Remembered Sets 0.507ms
[36.095s][info   ][gc,start      ] GC(259) Pause Cleanup
[36.095s][info   ][gc            ] GC(259) Pause Cleanup 135M->135M(256M) 0.091ms
[36.095s][info   ][gc,cpu        ] GC(259) User=0.00s Sys=0.00s Real=0.00s
[36.095s][info   ][gc,marking    ] GC(259) Concurrent Cleanup for Next Mark
[36.096s][info   ][gc,marking    ] GC(259) Concurrent Cleanup for Next Mark 0.262ms
[36.096s][info   ][gc            ] GC(259) Concurrent Cycle 3.342ms
[36.147s][info   ][gc,start      ] GC(260) Pause Young (Concurrent Start) (G1 Humongous Allocation)
[36.147s][info   ][gc,task       ] GC(260) Using 6 workers of 9 for evacuation
[36.148s][info   ][gc,phases     ] GC(260)   Pre Evacuate Collection Set: 0.1ms
[36.148s][info   ][gc,phases     ] GC(260)   Evacuate Collection Set: 0.3ms
[36.148s][info   ][gc,phases     ] GC(260)   Post Evacuate Collection Set: 0.1ms
[36.148s][info   ][gc,phases     ] GC(260)   Other: 0.3ms
[36.148s][info   ][gc,heap       ] GC(260) Eden regions: 0->0(13)
[36.148s][info   ][gc,heap       ] GC(260) Survivor regions: 0->0(2)
[36.148s][info   ][gc,heap       ] GC(260) Old regions: 1->1
[36.148s][info   ][gc,heap       ] GC(260) Archive regions: 0->0
[36.148s][info   ][gc,heap       ] GC(260) Humongous regions: 135->134
[36.148s][info   ][gc,metaspace  ] GC(260) Metaspace: 3424K(4864K)->3424K(4864K) NonClass: 3120K(4352K)->3120K(4352K) Class: 304K(512K)->304K(512K)
[36.148s][info   ][gc            ] GC(260) Pause Young (Concurrent Start) (G1 Humongous Allocation) 135M->134M(256M) 0.886ms
[36.148s][info   ][gc,cpu        ] GC(260) User=0.00s Sys=0.00s Real=0.00s
[36.148s][info   ][gc            ] GC(261) Concurrent Cycle
[36.148s][info   ][gc,marking    ] GC(261) Concurrent Clear Claimed Marks
[36.148s][info   ][gc,marking    ] GC(261) Concurrent Clear Claimed Marks 0.019ms
[36.148s][info   ][gc,marking    ] GC(261) Concurrent Scan Root Regions
[36.148s][info   ][gc,marking    ] GC(261) Concurrent Scan Root Regions 0.010ms
[36.148s][info   ][gc,marking    ] GC(261) Concurrent Mark (36.148s)
[36.148s][info   ][gc,marking    ] GC(261) Concurrent Mark From Roots
[36.148s][info   ][gc,task       ] GC(261) Using 2 workers of 2 for marking
[36.150s][info   ][gc,marking    ] GC(261) Concurrent Mark From Roots 1.707ms
[36.150s][info   ][gc,marking    ] GC(261) Concurrent Preclean
[36.150s][info   ][gc,marking    ] GC(261) Concurrent Preclean 0.042ms
[36.150s][info   ][gc,marking    ] GC(261) Concurrent Mark (36.148s, 36.150s) 1.793ms
[36.150s][info   ][gc,start      ] GC(261) Pause Remark
[36.151s][info   ][gc,stringtable] GC(261) Cleaned string and symbol table, strings: 1384 processed, 0 removed, symbols: 16327 processed, 0 removed
[36.151s][info   ][gc            ] GC(261) Pause Remark 135M->135M(256M) 1.133ms
[36.151s][info   ][gc,cpu        ] GC(261) User=0.00s Sys=0.00s Real=0.00s
[36.151s][info   ][gc,marking    ] GC(261) Concurrent Rebuild Remembered Sets
[36.152s][info   ][gc,marking    ] GC(261) Concurrent Rebuild Remembered Sets 1.031ms
[36.153s][info   ][gc,start      ] GC(261) Pause Cleanup
[36.153s][info   ][gc            ] GC(261) Pause Cleanup 135M->135M(256M) 0.075ms
[36.153s][info   ][gc,cpu        ] GC(261) User=0.00s Sys=0.00s Real=0.00s
[36.153s][info   ][gc,marking    ] GC(261) Concurrent Cleanup for Next Mark
[36.153s][info   ][gc,marking    ] GC(261) Concurrent Cleanup for Next Mark 0.337ms
[36.153s][info   ][gc            ] GC(261) Concurrent Cycle 4.794ms
[36.202s][info   ][gc,start      ] GC(262) Pause Young (Concurrent Start) (G1 Humongous Allocation)
[36.202s][info   ][gc,task       ] GC(262) Using 6 workers of 9 for evacuation
[36.202s][info   ][gc,phases     ] GC(262)   Pre Evacuate Collection Set: 0.1ms
[36.203s][info   ][gc,phases     ] GC(262)   Evacuate Collection Set: 0.3ms
[36.203s][info   ][gc,phases     ] GC(262)   Post Evacuate Collection Set: 0.1ms
[36.203s][info   ][gc,phases     ] GC(262)   Other: 0.5ms
[36.203s][info   ][gc,heap       ] GC(262) Eden regions: 0->0(13)
[36.203s][info   ][gc,heap       ] GC(262) Survivor regions: 0->0(2)
[36.203s][info   ][gc,heap       ] GC(262) Old regions: 1->1
[36.203s][info   ][gc,heap       ] GC(262) Archive regions: 0->0
[36.203s][info   ][gc,heap       ] GC(262) Humongous regions: 135->134
[36.203s][info   ][gc,metaspace  ] GC(262) Metaspace: 3424K(4864K)->3424K(4864K) NonClass: 3120K(4352K)->3120K(4352K) Class: 304K(512K)->304K(512K)
[36.203s][info   ][gc            ] GC(262) Pause Young (Concurrent Start) (G1 Humongous Allocation) 135M->134M(256M) 1.178ms
[36.203s][info   ][gc,cpu        ] GC(262) User=0.00s Sys=0.00s Real=0.00s
[36.203s][info   ][gc            ] GC(263) Concurrent Cycle
[36.203s][info   ][gc,marking    ] GC(263) Concurrent Clear Claimed Marks
[36.203s][info   ][gc,marking    ] GC(263) Concurrent Clear Claimed Marks 0.013ms
[36.203s][info   ][gc,marking    ] GC(263) Concurrent Scan Root Regions
[36.203s][info   ][gc,marking    ] GC(263) Concurrent Scan Root Regions 0.009ms
[36.203s][info   ][gc,marking    ] GC(263) Concurrent Mark (36.203s)
[36.203s][info   ][gc,marking    ] GC(263) Concurrent Mark From Roots
[36.203s][info   ][gc,task       ] GC(263) Using 2 workers of 2 for marking
[36.206s][info   ][gc,marking    ] GC(263) Concurrent Mark From Roots 3.632ms
[36.207s][info   ][gc,marking    ] GC(263) Concurrent Preclean
[36.207s][info   ][gc,marking    ] GC(263) Concurrent Preclean 0.048ms
[36.207s][info   ][gc,marking    ] GC(263) Concurrent Mark (36.203s, 36.207s) 3.908ms
[36.207s][info   ][gc,start      ] GC(263) Pause Remark
[36.207s][info   ][gc,stringtable] GC(263) Cleaned string and symbol table, strings: 1384 processed, 0 removed, symbols: 16327 processed, 0 removed
[36.208s][info   ][gc            ] GC(263) Pause Remark 135M->135M(256M) 0.672ms
[36.208s][info   ][gc,cpu        ] GC(263) User=0.01s Sys=0.00s Real=0.00s
[36.208s][info   ][gc,marking    ] GC(263) Concurrent Rebuild Remembered Sets
[36.209s][info   ][gc,marking    ] GC(263) Concurrent Rebuild Remembered Sets 0.977ms
[36.209s][info   ][gc,start      ] GC(263) Pause Cleanup
[36.209s][info   ][gc            ] GC(263) Pause Cleanup 135M->135M(256M) 0.103ms
[36.209s][info   ][gc,cpu        ] GC(263) User=0.00s Sys=0.00s Real=0.00s
[36.209s][info   ][gc,marking    ] GC(263) Concurrent Cleanup for Next Mark
[36.209s][info   ][gc,marking    ] GC(263) Concurrent Cleanup for Next Mark 0.297ms
[36.209s][info   ][gc            ] GC(263) Concurrent Cycle 6.410ms
[36.258s][info   ][gc,start      ] GC(264) Pause Young (Concurrent Start) (G1 Humongous Allocation)
[36.259s][info   ][gc,task       ] GC(264) Using 6 workers of 9 for evacuation
[36.259s][info   ][gc,phases     ] GC(264)   Pre Evacuate Collection Set: 0.2ms
[36.259s][info   ][gc,phases     ] GC(264)   Evacuate Collection Set: 0.2ms
[36.259s][info   ][gc,phases     ] GC(264)   Post Evacuate Collection Set: 0.1ms
[36.259s][info   ][gc,phases     ] GC(264)   Other: 0.4ms
[36.259s][info   ][gc,heap       ] GC(264) Eden regions: 0->0(13)
[36.259s][info   ][gc,heap       ] GC(264) Survivor regions: 0->0(2)
[36.259s][info   ][gc,heap       ] GC(264) Old regions: 1->1
[36.259s][info   ][gc,heap       ] GC(264) Archive regions: 0->0
[36.259s][info   ][gc,heap       ] GC(264) Humongous regions: 135->134
[36.259s][info   ][gc,metaspace  ] GC(264) Metaspace: 3424K(4864K)->3424K(4864K) NonClass: 3120K(4352K)->3120K(4352K) Class: 304K(512K)->304K(512K)
[36.259s][info   ][gc            ] GC(264) Pause Young (Concurrent Start) (G1 Humongous Allocation) 135M->134M(256M) 1.018ms
[36.259s][info   ][gc,cpu        ] GC(264) User=0.00s Sys=0.00s Real=0.01s
[36.259s][info   ][gc            ] GC(265) Concurrent Cycle
[36.259s][info   ][gc,marking    ] GC(265) Concurrent Clear Claimed Marks
[36.259s][info   ][gc,marking    ] GC(265) Concurrent Clear Claimed Marks 0.012ms
[36.259s][info   ][gc,marking    ] GC(265) Concurrent Scan Root Regions
[36.259s][info   ][gc,marking    ] GC(265) Concurrent Scan Root Regions 0.008ms
[36.259s][info   ][gc,marking    ] GC(265) Concurrent Mark (36.259s)
[36.259s][info   ][gc,marking    ] GC(265) Concurrent Mark From Roots
[36.259s][info   ][gc,task       ] GC(265) Using 2 workers of 2 for marking
[36.261s][info   ][gc,marking    ] GC(265) Concurrent Mark From Roots 1.380ms
[36.261s][info   ][gc,marking    ] GC(265) Concurrent Preclean
[36.261s][info   ][gc,marking    ] GC(265) Concurrent Preclean 0.033ms
[36.261s][info   ][gc,marking    ] GC(265) Concurrent Mark (36.259s, 36.261s) 1.447ms
[36.261s][info   ][gc,start      ] GC(265) Pause Remark
[36.262s][info   ][gc,stringtable] GC(265) Cleaned string and symbol table, strings: 1384 processed, 0 removed, symbols: 16327 processed, 0 removed
[36.262s][info   ][gc            ] GC(265) Pause Remark 135M->135M(256M) 1.093ms
[36.262s][info   ][gc,cpu        ] GC(265) User=0.00s Sys=0.00s Real=0.00s
[36.262s][info   ][gc,marking    ] GC(265) Concurrent Rebuild Remembered Sets
[36.263s][info   ][gc,marking    ] GC(265) Concurrent Rebuild Remembered Sets 0.925ms
[36.263s][info   ][gc,start      ] GC(265) Pause Cleanup
[36.263s][info   ][gc            ] GC(265) Pause Cleanup 135M->135M(256M) 0.069ms
[36.263s][info   ][gc,cpu        ] GC(265) User=0.00s Sys=0.00s Real=0.00s
[36.263s][info   ][gc,marking    ] GC(265) Concurrent Cleanup for Next Mark
[36.263s][info   ][gc,marking    ] GC(265) Concurrent Cleanup for Next Mark 0.257ms
[36.263s][info   ][gc            ] GC(265) Concurrent Cycle 4.110ms
[36.314s][info   ][gc,start      ] GC(266) Pause Young (Concurrent Start) (G1 Humongous Allocation)
[36.314s][info   ][gc,task       ] GC(266) Using 6 workers of 9 for evacuation
[36.315s][info   ][gc,phases     ] GC(266)   Pre Evacuate Collection Set: 0.2ms
[36.315s][info   ][gc,phases     ] GC(266)   Evacuate Collection Set: 0.5ms
[36.315s][info   ][gc,phases     ] GC(266)   Post Evacuate Collection Set: 0.1ms
[36.315s][info   ][gc,phases     ] GC(266)   Other: 0.6ms
[36.315s][info   ][gc,heap       ] GC(266) Eden regions: 0->0(13)
[36.315s][info   ][gc,heap       ] GC(266) Survivor regions: 0->0(2)
[36.315s][info   ][gc,heap       ] GC(266) Old regions: 1->1
[36.315s][info   ][gc,heap       ] GC(266) Archive regions: 0->0
[36.315s][info   ][gc,heap       ] GC(266) Humongous regions: 135->134
[36.315s][info   ][gc,metaspace  ] GC(266) Metaspace: 3424K(4864K)->3424K(4864K) NonClass: 3120K(4352K)->3120K(4352K) Class: 304K(512K)->304K(512K)
[36.315s][info   ][gc            ] GC(266) Pause Young (Concurrent Start) (G1 Humongous Allocation) 135M->134M(256M) 1.540ms
[36.315s][info   ][gc,cpu        ] GC(266) User=0.01s Sys=0.00s Real=0.00s
[36.315s][info   ][gc            ] GC(267) Concurrent Cycle
[36.315s][info   ][gc,marking    ] GC(267) Concurrent Clear Claimed Marks
[36.315s][info   ][gc,marking    ] GC(267) Concurrent Clear Claimed Marks 0.026ms
[36.315s][info   ][gc,marking    ] GC(267) Concurrent Scan Root Regions
[36.315s][info   ][gc,marking    ] GC(267) Concurrent Scan Root Regions 0.016ms
[36.315s][info   ][gc,marking    ] GC(267) Concurrent Mark (36.315s)
[36.315s][info   ][gc,marking    ] GC(267) Concurrent Mark From Roots
[36.315s][info   ][gc,task       ] GC(267) Using 2 workers of 2 for marking
[36.317s][info   ][gc,marking    ] GC(267) Concurrent Mark From Roots 2.030ms
[36.317s][info   ][gc,marking    ] GC(267) Concurrent Preclean
[36.317s][info   ][gc,marking    ] GC(267) Concurrent Preclean 0.033ms
[36.317s][info   ][gc,marking    ] GC(267) Concurrent Mark (36.315s, 36.317s) 2.108ms
[36.317s][info   ][gc,start      ] GC(267) Pause Remark
[36.318s][info   ][gc,stringtable] GC(267) Cleaned string and symbol table, strings: 1384 processed, 0 removed, symbols: 16327 processed, 0 removed
[36.319s][info   ][gc            ] GC(267) Pause Remark 137M->137M(256M) 1.259ms
[36.319s][info   ][gc,cpu        ] GC(267) User=0.00s Sys=0.00s Real=0.00s
[36.319s][info   ][gc,marking    ] GC(267) Concurrent Rebuild Remembered Sets
[36.320s][info   ][gc,marking    ] GC(267) Concurrent Rebuild Remembered Sets 1.021ms
[36.320s][info   ][gc,start      ] GC(267) Pause Cleanup
[36.320s][info   ][gc            ] GC(267) Pause Cleanup 137M->137M(256M) 0.090ms
[36.320s][info   ][gc,cpu        ] GC(267) User=0.00s Sys=0.00s Real=0.00s
[36.320s][info   ][gc,marking    ] GC(267) Concurrent Cleanup for Next Mark
[36.320s][info   ][gc,marking    ] GC(267) Concurrent Cleanup for Next Mark 0.289ms
[36.320s][info   ][gc            ] GC(267) Concurrent Cycle 5.162ms
[36.371s][info   ][gc,start      ] GC(268) Pause Young (Concurrent Start) (G1 Humongous Allocation)
[36.371s][info   ][gc,task       ] GC(268) Using 6 workers of 9 for evacuation
[36.372s][info   ][gc,phases     ] GC(268)   Pre Evacuate Collection Set: 0.2ms
[36.372s][info   ][gc,phases     ] GC(268)   Evacuate Collection Set: 0.5ms
[36.372s][info   ][gc,phases     ] GC(268)   Post Evacuate Collection Set: 0.1ms
[36.372s][info   ][gc,phases     ] GC(268)   Other: 0.6ms
[36.372s][info   ][gc,heap       ] GC(268) Eden regions: 0->0(13)
[36.372s][info   ][gc,heap       ] GC(268) Survivor regions: 0->0(2)
[36.372s][info   ][gc,heap       ] GC(268) Old regions: 1->1
[36.372s][info   ][gc,heap       ] GC(268) Archive regions: 0->0
[36.372s][info   ][gc,heap       ] GC(268) Humongous regions: 137->136
[36.372s][info   ][gc,metaspace  ] GC(268) Metaspace: 3424K(4864K)->3424K(4864K) NonClass: 3120K(4352K)->3120K(4352K) Class: 304K(512K)->304K(512K)
[36.372s][info   ][gc            ] GC(268) Pause Young (Concurrent Start) (G1 Humongous Allocation) 137M->136M(256M) 1.593ms
[36.372s][info   ][gc,cpu        ] GC(268) User=0.01s Sys=0.00s Real=0.00s
[36.372s][info   ][gc            ] GC(269) Concurrent Cycle
[36.372s][info   ][gc,marking    ] GC(269) Concurrent Clear Claimed Marks
[36.372s][info   ][gc,marking    ] GC(269) Concurrent Clear Claimed Marks 0.030ms
[36.372s][info   ][gc,marking    ] GC(269) Concurrent Scan Root Regions
[36.372s][info   ][gc,marking    ] GC(269) Concurrent Scan Root Regions 0.020ms
[36.372s][info   ][gc,marking    ] GC(269) Concurrent Mark (36.372s)
[36.372s][info   ][gc,marking    ] GC(269) Concurrent Mark From Roots
[36.372s][info   ][gc,task       ] GC(269) Using 2 workers of 2 for marking
[36.375s][info   ][gc,marking    ] GC(269) Concurrent Mark From Roots 2.293ms
[36.375s][info   ][gc,marking    ] GC(269) Concurrent Preclean
[36.375s][info   ][gc,marking    ] GC(269) Concurrent Preclean 0.037ms
[36.375s][info   ][gc,marking    ] GC(269) Concurrent Mark (36.372s, 36.375s) 2.385ms
[36.375s][info   ][gc,start      ] GC(269) Pause Remark
[36.376s][info   ][gc,stringtable] GC(269) Cleaned string and symbol table, strings: 1384 processed, 0 removed, symbols: 16327 processed, 0 removed
[36.376s][info   ][gc            ] GC(269) Pause Remark 137M->137M(256M) 1.512ms
[36.376s][info   ][gc,cpu        ] GC(269) User=0.00s Sys=0.00s Real=0.00s
[36.376s][info   ][gc,marking    ] GC(269) Concurrent Rebuild Remembered Sets
[36.377s][info   ][gc,marking    ] GC(269) Concurrent Rebuild Remembered Sets 1.016ms
[36.378s][info   ][gc,start      ] GC(269) Pause Cleanup
[36.378s][info   ][gc            ] GC(269) Pause Cleanup 137M->137M(256M) 0.097ms
[36.378s][info   ][gc,cpu        ] GC(269) User=0.00s Sys=0.00s Real=0.00s
[36.378s][info   ][gc,marking    ] GC(269) Concurrent Cleanup for Next Mark
[36.378s][info   ][gc,marking    ] GC(269) Concurrent Cleanup for Next Mark 0.256ms
[36.378s][info   ][gc            ] GC(269) Concurrent Cycle 5.678ms
[36.428s][info   ][gc,start      ] GC(270) Pause Young (Concurrent Start) (G1 Humongous Allocation)
[36.428s][info   ][gc,task       ] GC(270) Using 6 workers of 9 for evacuation
[36.429s][info   ][gc,phases     ] GC(270)   Pre Evacuate Collection Set: 0.1ms
[36.430s][info   ][gc,phases     ] GC(270)   Evacuate Collection Set: 0.9ms
[36.430s][info   ][gc,phases     ] GC(270)   Post Evacuate Collection Set: 0.1ms
[36.430s][info   ][gc,phases     ] GC(270)   Other: 0.4ms
[36.430s][info   ][gc,heap       ] GC(270) Eden regions: 0->0(13)
[36.430s][info   ][gc,heap       ] GC(270) Survivor regions: 0->0(2)
[36.430s][info   ][gc,heap       ] GC(270) Old regions: 1->1
[36.430s][info   ][gc,heap       ] GC(270) Archive regions: 0->0
[36.430s][info   ][gc,heap       ] GC(270) Humongous regions: 137->136
[36.430s][info   ][gc,metaspace  ] GC(270) Metaspace: 3424K(4864K)->3424K(4864K) NonClass: 3120K(4352K)->3120K(4352K) Class: 304K(512K)->304K(512K)
[36.430s][info   ][gc            ] GC(270) Pause Young (Concurrent Start) (G1 Humongous Allocation) 137M->136M(256M) 1.712ms
[36.430s][info   ][gc,cpu        ] GC(270) User=0.00s Sys=0.00s Real=0.01s
[36.430s][info   ][gc            ] GC(271) Concurrent Cycle
[36.430s][info   ][gc,marking    ] GC(271) Concurrent Clear Claimed Marks
[36.430s][info   ][gc,marking    ] GC(271) Concurrent Clear Claimed Marks 0.020ms
[36.430s][info   ][gc,marking    ] GC(271) Concurrent Scan Root Regions
[36.430s][info   ][gc,marking    ] GC(271) Concurrent Scan Root Regions 0.011ms
[36.430s][info   ][gc,marking    ] GC(271) Concurrent Mark (36.430s)
[36.430s][info   ][gc,marking    ] GC(271) Concurrent Mark From Roots
[36.430s][info   ][gc,task       ] GC(271) Using 2 workers of 2 for marking
[36.431s][info   ][gc,marking    ] GC(271) Concurrent Mark From Roots 1.616ms
[36.431s][info   ][gc,marking    ] GC(271) Concurrent Preclean
[36.431s][info   ][gc,marking    ] GC(271) Concurrent Preclean 0.037ms
[36.432s][info   ][gc,marking    ] GC(271) Concurrent Mark (36.430s, 36.431s) 1.685ms
[36.432s][info   ][gc,start      ] GC(271) Pause Remark
[36.432s][info   ][gc,stringtable] GC(271) Cleaned string and symbol table, strings: 1384 processed, 0 removed, symbols: 16327 processed, 0 removed
[36.432s][info   ][gc            ] GC(271) Pause Remark 137M->137M(256M) 0.540ms
[36.432s][info   ][gc,cpu        ] GC(271) User=0.00s Sys=0.00s Real=0.00s
[36.432s][info   ][gc,marking    ] GC(271) Concurrent Rebuild Remembered Sets
[36.433s][info   ][gc,marking    ] GC(271) Concurrent Rebuild Remembered Sets 1.009ms
[36.433s][info   ][gc,start      ] GC(271) Pause Cleanup
[36.433s][info   ][gc            ] GC(271) Pause Cleanup 137M->137M(256M) 0.097ms
[36.433s][info   ][gc,cpu        ] GC(271) User=0.00s Sys=0.00s Real=0.00s
[36.433s][info   ][gc,marking    ] GC(271) Concurrent Cleanup for Next Mark
[36.434s][info   ][gc,marking    ] GC(271) Concurrent Cleanup for Next Mark 0.270ms
[36.434s][info   ][gc            ] GC(271) Concurrent Cycle 3.981ms
[36.485s][info   ][gc,start      ] GC(272) Pause Young (Concurrent Start) (G1 Humongous Allocation)
[36.485s][info   ][gc,task       ] GC(272) Using 6 workers of 9 for evacuation
[36.486s][info   ][gc,phases     ] GC(272)   Pre Evacuate Collection Set: 0.2ms
[36.486s][info   ][gc,phases     ] GC(272)   Evacuate Collection Set: 0.5ms
[36.487s][info   ][gc,phases     ] GC(272)   Post Evacuate Collection Set: 0.1ms
[36.487s][info   ][gc,phases     ] GC(272)   Other: 0.5ms
[36.487s][info   ][gc,heap       ] GC(272) Eden regions: 0->0(13)
[36.487s][info   ][gc,heap       ] GC(272) Survivor regions: 0->0(2)
[36.487s][info   ][gc,heap       ] GC(272) Old regions: 1->1
[36.487s][info   ][gc,heap       ] GC(272) Archive regions: 0->0
[36.487s][info   ][gc,heap       ] GC(272) Humongous regions: 137->136
[36.487s][info   ][gc,metaspace  ] GC(272) Metaspace: 3424K(4864K)->3424K(4864K) NonClass: 3120K(4352K)->3120K(4352K) Class: 304K(512K)->304K(512K)
[36.487s][info   ][gc            ] GC(272) Pause Young (Concurrent Start) (G1 Humongous Allocation) 137M->136M(256M) 1.464ms
[36.487s][info   ][gc,cpu        ] GC(272) User=0.00s Sys=0.00s Real=0.00s
[36.487s][info   ][gc            ] GC(273) Concurrent Cycle
[36.487s][info   ][gc,marking    ] GC(273) Concurrent Clear Claimed Marks
[36.487s][info   ][gc,marking    ] GC(273) Concurrent Clear Claimed Marks 0.020ms
[36.487s][info   ][gc,marking    ] GC(273) Concurrent Scan Root Regions
[36.487s][info   ][gc,marking    ] GC(273) Concurrent Scan Root Regions 0.014ms
[36.487s][info   ][gc,marking    ] GC(273) Concurrent Mark (36.487s)
[36.487s][info   ][gc,marking    ] GC(273) Concurrent Mark From Roots
[36.487s][info   ][gc,task       ] GC(273) Using 2 workers of 2 for marking
[36.489s][info   ][gc,marking    ] GC(273) Concurrent Mark From Roots 1.996ms
[36.489s][info   ][gc,marking    ] GC(273) Concurrent Preclean
[36.489s][info   ][gc,marking    ] GC(273) Concurrent Preclean 0.097ms
[36.489s][info   ][gc,marking    ] GC(273) Concurrent Mark (36.487s, 36.489s) 2.157ms
[36.489s][info   ][gc,start      ] GC(273) Pause Remark
[36.489s][info   ][gc,stringtable] GC(273) Cleaned string and symbol table, strings: 1384 processed, 0 removed, symbols: 16327 processed, 0 removed
[36.490s][info   ][gc            ] GC(273) Pause Remark 137M->137M(256M) 0.501ms
[36.490s][info   ][gc,cpu        ] GC(273) User=0.01s Sys=0.00s Real=0.00s
[36.490s][info   ][gc,marking    ] GC(273) Concurrent Rebuild Remembered Sets
[36.491s][info   ][gc,marking    ] GC(273) Concurrent Rebuild Remembered Sets 1.011ms
[36.491s][info   ][gc,start      ] GC(273) Pause Cleanup
[36.491s][info   ][gc            ] GC(273) Pause Cleanup 137M->137M(256M) 0.074ms
[36.491s][info   ][gc,cpu        ] GC(273) User=0.00s Sys=0.00s Real=0.00s
[36.491s][info   ][gc,marking    ] GC(273) Concurrent Cleanup for Next Mark
[36.491s][info   ][gc,marking    ] GC(273) Concurrent Cleanup for Next Mark 0.288ms
[36.491s][info   ][gc            ] GC(273) Concurrent Cycle 4.427ms
[36.542s][info   ][gc,start      ] GC(274) Pause Young (Concurrent Start) (G1 Humongous Allocation)
[36.542s][info   ][gc,task       ] GC(274) Using 6 workers of 9 for evacuation
[36.543s][info   ][gc,phases     ] GC(274)   Pre Evacuate Collection Set: 0.1ms
[36.543s][info   ][gc,phases     ] GC(274)   Evacuate Collection Set: 0.4ms
[36.543s][info   ][gc,phases     ] GC(274)   Post Evacuate Collection Set: 0.1ms
[36.543s][info   ][gc,phases     ] GC(274)   Other: 0.5ms
[36.543s][info   ][gc,heap       ] GC(274) Eden regions: 0->0(13)
[36.543s][info   ][gc,heap       ] GC(274) Survivor regions: 0->0(2)
[36.543s][info   ][gc,heap       ] GC(274) Old regions: 1->1
[36.543s][info   ][gc,heap       ] GC(274) Archive regions: 0->0
[36.543s][info   ][gc,heap       ] GC(274) Humongous regions: 137->136
[36.543s][info   ][gc,metaspace  ] GC(274) Metaspace: 3424K(4864K)->3424K(4864K) NonClass: 3120K(4352K)->3120K(4352K) Class: 304K(512K)->304K(512K)
[36.543s][info   ][gc            ] GC(274) Pause Young (Concurrent Start) (G1 Humongous Allocation) 137M->136M(256M) 1.409ms
[36.543s][info   ][gc,cpu        ] GC(274) User=0.00s Sys=0.00s Real=0.00s
[36.543s][info   ][gc            ] GC(275) Concurrent Cycle
[36.543s][info   ][gc,marking    ] GC(275) Concurrent Clear Claimed Marks
[36.543s][info   ][gc,marking    ] GC(275) Concurrent Clear Claimed Marks 0.024ms
[36.543s][info   ][gc,marking    ] GC(275) Concurrent Scan Root Regions
[36.543s][info   ][gc,marking    ] GC(275) Concurrent Scan Root Regions 0.017ms
[36.543s][info   ][gc,marking    ] GC(275) Concurrent Mark (36.543s)
[36.543s][info   ][gc,marking    ] GC(275) Concurrent Mark From Roots
[36.543s][info   ][gc,task       ] GC(275) Using 2 workers of 2 for marking
[36.545s][info   ][gc,marking    ] GC(275) Concurrent Mark From Roots 1.827ms
[36.545s][info   ][gc,marking    ] GC(275) Concurrent Preclean
[36.545s][info   ][gc,marking    ] GC(275) Concurrent Preclean 0.041ms
[36.545s][info   ][gc,marking    ] GC(275) Concurrent Mark (36.543s, 36.545s) 1.924ms
[36.546s][info   ][gc,start      ] GC(275) Pause Remark
[36.546s][info   ][gc,stringtable] GC(275) Cleaned string and symbol table, strings: 1384 processed, 0 removed, symbols: 16327 processed, 0 removed
[36.546s][info   ][gc            ] GC(275) Pause Remark 137M->137M(256M) 0.512ms
[36.546s][info   ][gc,cpu        ] GC(275) User=0.00s Sys=0.00s Real=0.00s
[36.546s][info   ][gc,marking    ] GC(275) Concurrent Rebuild Remembered Sets
[36.547s][info   ][gc,marking    ] GC(275) Concurrent Rebuild Remembered Sets 0.993ms
[36.547s][info   ][gc,start      ] GC(275) Pause Cleanup
[36.547s][info   ][gc            ] GC(275) Pause Cleanup 137M->137M(256M) 0.091ms
[36.547s][info   ][gc,cpu        ] GC(275) User=0.00s Sys=0.00s Real=0.00s
[36.547s][info   ][gc,marking    ] GC(275) Concurrent Cleanup for Next Mark
[36.548s][info   ][gc,marking    ] GC(275) Concurrent Cleanup for Next Mark 0.315ms
[36.548s][info   ][gc            ] GC(275) Concurrent Cycle 4.397ms
[36.596s][info   ][gc,start      ] GC(276) Pause Young (Concurrent Start) (G1 Humongous Allocation)
[36.596s][info   ][gc,task       ] GC(276) Using 6 workers of 9 for evacuation
[36.597s][info   ][gc,phases     ] GC(276)   Pre Evacuate Collection Set: 0.2ms
[36.597s][info   ][gc,phases     ] GC(276)   Evacuate Collection Set: 0.3ms
[36.597s][info   ][gc,phases     ] GC(276)   Post Evacuate Collection Set: 0.4ms
[36.597s][info   ][gc,phases     ] GC(276)   Other: 0.5ms
[36.597s][info   ][gc,heap       ] GC(276) Eden regions: 0->0(13)
[36.598s][info   ][gc,heap       ] GC(276) Survivor regions: 0->0(2)
[36.598s][info   ][gc,heap       ] GC(276) Old regions: 1->1
[36.598s][info   ][gc,heap       ] GC(276) Archive regions: 0->0
[36.598s][info   ][gc,heap       ] GC(276) Humongous regions: 137->136
[36.598s][info   ][gc,metaspace  ] GC(276) Metaspace: 3424K(4864K)->3424K(4864K) NonClass: 3120K(4352K)->3120K(4352K) Class: 304K(512K)->304K(512K)
[36.598s][info   ][gc            ] GC(276) Pause Young (Concurrent Start) (G1 Humongous Allocation) 137M->136M(256M) 1.676ms
[36.598s][info   ][gc,cpu        ] GC(276) User=0.00s Sys=0.00s Real=0.00s
[36.598s][info   ][gc            ] GC(277) Concurrent Cycle
[36.598s][info   ][gc,marking    ] GC(277) Concurrent Clear Claimed Marks
[36.598s][info   ][gc,marking    ] GC(277) Concurrent Clear Claimed Marks 0.016ms
[36.598s][info   ][gc,marking    ] GC(277) Concurrent Scan Root Regions
[36.598s][info   ][gc,marking    ] GC(277) Concurrent Scan Root Regions 0.010ms
[36.598s][info   ][gc,marking    ] GC(277) Concurrent Mark (36.598s)
[36.598s][info   ][gc,marking    ] GC(277) Concurrent Mark From Roots
[36.598s][info   ][gc,task       ] GC(277) Using 2 workers of 2 for marking
[36.600s][info   ][gc,marking    ] GC(277) Concurrent Mark From Roots 1.823ms
[36.600s][info   ][gc,marking    ] GC(277) Concurrent Preclean
[36.600s][info   ][gc,marking    ] GC(277) Concurrent Preclean 0.037ms
[36.600s][info   ][gc,marking    ] GC(277) Concurrent Mark (36.598s, 36.600s) 1.892ms
[36.600s][info   ][gc,start      ] GC(277) Pause Remark
[36.601s][info   ][gc,stringtable] GC(277) Cleaned string and symbol table, strings: 1384 processed, 0 removed, symbols: 16327 processed, 0 removed
[36.601s][info   ][gc            ] GC(277) Pause Remark 137M->137M(256M) 1.533ms
[36.601s][info   ][gc,cpu        ] GC(277) User=0.00s Sys=0.00s Real=0.00s
[36.601s][info   ][gc,marking    ] GC(277) Concurrent Rebuild Remembered Sets
[36.602s][info   ][gc,marking    ] GC(277) Concurrent Rebuild Remembered Sets 0.968ms
[36.602s][info   ][gc,start      ] GC(277) Pause Cleanup
[36.602s][info   ][gc            ] GC(277) Pause Cleanup 137M->137M(256M) 0.092ms
[36.602s][info   ][gc,cpu        ] GC(277) User=0.00s Sys=0.00s Real=0.00s
[36.603s][info   ][gc,marking    ] GC(277) Concurrent Cleanup for Next Mark
[36.603s][info   ][gc,marking    ] GC(277) Concurrent Cleanup for Next Mark 0.353ms
[36.603s][info   ][gc            ] GC(277) Concurrent Cycle 5.229ms
[36.648s][info   ][gc,start      ] GC(278) Pause Young (Concurrent Start) (G1 Humongous Allocation)
[36.648s][info   ][gc,task       ] GC(278) Using 6 workers of 9 for evacuation
[36.649s][info   ][gc,phases     ] GC(278)   Pre Evacuate Collection Set: 0.1ms
[36.649s][info   ][gc,phases     ] GC(278)   Evacuate Collection Set: 0.3ms
[36.649s][info   ][gc,phases     ] GC(278)   Post Evacuate Collection Set: 0.1ms
[36.649s][info   ][gc,phases     ] GC(278)   Other: 0.3ms
[36.649s][info   ][gc,heap       ] GC(278) Eden regions: 0->0(13)
[36.649s][info   ][gc,heap       ] GC(278) Survivor regions: 0->0(2)
[36.649s][info   ][gc,heap       ] GC(278) Old regions: 1->1
[36.649s][info   ][gc,heap       ] GC(278) Archive regions: 0->0
[36.649s][info   ][gc,heap       ] GC(278) Humongous regions: 137->136
[36.649s][info   ][gc,metaspace  ] GC(278) Metaspace: 3424K(4864K)->3424K(4864K) NonClass: 3120K(4352K)->3120K(4352K) Class: 304K(512K)->304K(512K)
[36.649s][info   ][gc            ] GC(278) Pause Young (Concurrent Start) (G1 Humongous Allocation) 137M->136M(256M) 0.802ms
[36.649s][info   ][gc,cpu        ] GC(278) User=0.00s Sys=0.00s Real=0.01s
[36.649s][info   ][gc            ] GC(279) Concurrent Cycle
[36.649s][info   ][gc,marking    ] GC(279) Concurrent Clear Claimed Marks
[36.649s][info   ][gc,marking    ] GC(279) Concurrent Clear Claimed Marks 0.011ms
[36.649s][info   ][gc,marking    ] GC(279) Concurrent Scan Root Regions
[36.649s][info   ][gc,marking    ] GC(279) Concurrent Scan Root Regions 0.008ms
[36.649s][info   ][gc,marking    ] GC(279) Concurrent Mark (36.649s)
[36.649s][info   ][gc,marking    ] GC(279) Concurrent Mark From Roots
[36.649s][info   ][gc,task       ] GC(279) Using 2 workers of 2 for marking
[36.650s][info   ][gc,marking    ] GC(279) Concurrent Mark From Roots 1.299ms
[36.650s][info   ][gc,marking    ] GC(279) Concurrent Preclean
[36.650s][info   ][gc,marking    ] GC(279) Concurrent Preclean 0.039ms
[36.651s][info   ][gc,marking    ] GC(279) Concurrent Mark (36.649s, 36.651s) 1.372ms
[36.651s][info   ][gc,start      ] GC(279) Pause Remark
[36.651s][info   ][gc,stringtable] GC(279) Cleaned string and symbol table, strings: 1384 processed, 0 removed, symbols: 16327 processed, 0 removed
[36.652s][info   ][gc            ] GC(279) Pause Remark 137M->137M(256M) 1.102ms
[36.652s][info   ][gc,cpu        ] GC(279) User=0.00s Sys=0.00s Real=0.00s
[36.652s][info   ][gc,marking    ] GC(279) Concurrent Rebuild Remembered Sets
[36.653s][info   ][gc,marking    ] GC(279) Concurrent Rebuild Remembered Sets 1.004ms
[36.653s][info   ][gc,start      ] GC(279) Pause Cleanup
[36.653s][info   ][gc            ] GC(279) Pause Cleanup 137M->137M(256M) 0.110ms
[36.653s][info   ][gc,cpu        ] GC(279) User=0.00s Sys=0.00s Real=0.00s
[36.653s][info   ][gc,marking    ] GC(279) Concurrent Cleanup for Next Mark
[36.653s][info   ][gc,marking    ] GC(279) Concurrent Cleanup for Next Mark 0.325ms
[36.653s][info   ][gc            ] GC(279) Concurrent Cycle 4.277ms
[36.704s][info   ][gc,start      ] GC(280) Pause Young (Concurrent Start) (G1 Humongous Allocation)
[36.704s][info   ][gc,task       ] GC(280) Using 6 workers of 9 for evacuation
[36.706s][info   ][gc,phases     ] GC(280)   Pre Evacuate Collection Set: 0.2ms
[36.706s][info   ][gc,phases     ] GC(280)   Evacuate Collection Set: 1.2ms
[36.706s][info   ][gc,phases     ] GC(280)   Post Evacuate Collection Set: 0.1ms
[36.706s][info   ][gc,phases     ] GC(280)   Other: 0.5ms
[36.706s][info   ][gc,heap       ] GC(280) Eden regions: 0->0(13)
[36.706s][info   ][gc,heap       ] GC(280) Survivor regions: 0->0(2)
[36.706s][info   ][gc,heap       ] GC(280) Old regions: 1->1
[36.706s][info   ][gc,heap       ] GC(280) Archive regions: 0->0
[36.706s][info   ][gc,heap       ] GC(280) Humongous regions: 137->136
[36.706s][info   ][gc,metaspace  ] GC(280) Metaspace: 3424K(4864K)->3424K(4864K) NonClass: 3120K(4352K)->3120K(4352K) Class: 304K(512K)->304K(512K)
[36.706s][info   ][gc            ] GC(280) Pause Young (Concurrent Start) (G1 Humongous Allocation) 137M->136M(256M) 2.351ms
[36.706s][info   ][gc,cpu        ] GC(280) User=0.00s Sys=0.00s Real=0.00s
[36.706s][info   ][gc            ] GC(281) Concurrent Cycle
[36.706s][info   ][gc,marking    ] GC(281) Concurrent Clear Claimed Marks
[36.707s][info   ][gc,marking    ] GC(281) Concurrent Clear Claimed Marks 0.022ms
[36.707s][info   ][gc,marking    ] GC(281) Concurrent Scan Root Regions
[36.707s][info   ][gc,marking    ] GC(281) Concurrent Scan Root Regions 0.015ms
[36.707s][info   ][gc,marking    ] GC(281) Concurrent Mark (36.707s)
[36.707s][info   ][gc,marking    ] GC(281) Concurrent Mark From Roots
[36.707s][info   ][gc,task       ] GC(281) Using 2 workers of 2 for marking
[36.709s][info   ][gc,marking    ] GC(281) Concurrent Mark From Roots 2.051ms
[36.709s][info   ][gc,marking    ] GC(281) Concurrent Preclean
[36.709s][info   ][gc,marking    ] GC(281) Concurrent Preclean 0.046ms
[36.709s][info   ][gc,marking    ] GC(281) Concurrent Mark (36.707s, 36.709s) 2.145ms
[36.709s][info   ][gc,start      ] GC(281) Pause Remark
[36.709s][info   ][gc,stringtable] GC(281) Cleaned string and symbol table, strings: 1384 processed, 0 removed, symbols: 16327 processed, 0 removed
[36.709s][info   ][gc            ] GC(281) Pause Remark 137M->137M(256M) 0.577ms
[36.709s][info   ][gc,cpu        ] GC(281) User=0.00s Sys=0.00s Real=0.01s
[36.709s][info   ][gc,marking    ] GC(281) Concurrent Rebuild Remembered Sets
[36.710s][info   ][gc,marking    ] GC(281) Concurrent Rebuild Remembered Sets 1.005ms
[36.711s][info   ][gc,start      ] GC(281) Pause Cleanup
[36.711s][info   ][gc            ] GC(281) Pause Cleanup 137M->137M(256M) 0.087ms
[36.711s][info   ][gc,cpu        ] GC(281) User=0.00s Sys=0.00s Real=0.00s
[36.711s][info   ][gc,marking    ] GC(281) Concurrent Cleanup for Next Mark
[36.711s][info   ][gc,marking    ] GC(281) Concurrent Cleanup for Next Mark 0.337ms
[36.711s][info   ][gc            ] GC(281) Concurrent Cycle 4.574ms
[36.761s][info   ][gc,start      ] GC(282) Pause Young (Concurrent Start) (G1 Humongous Allocation)
[36.761s][info   ][gc,task       ] GC(282) Using 6 workers of 9 for evacuation
[36.762s][info   ][gc,phases     ] GC(282)   Pre Evacuate Collection Set: 0.1ms
[36.762s][info   ][gc,phases     ] GC(282)   Evacuate Collection Set: 0.4ms
[36.762s][info   ][gc,phases     ] GC(282)   Post Evacuate Collection Set: 0.1ms
[36.762s][info   ][gc,phases     ] GC(282)   Other: 0.4ms
[36.762s][info   ][gc,heap       ] GC(282) Eden regions: 0->0(13)
[36.762s][info   ][gc,heap       ] GC(282) Survivor regions: 0->0(2)
[36.762s][info   ][gc,heap       ] GC(282) Old regions: 1->1
[36.762s][info   ][gc,heap       ] GC(282) Archive regions: 0->0
[36.762s][info   ][gc,heap       ] GC(282) Humongous regions: 137->136
[36.762s][info   ][gc,metaspace  ] GC(282) Metaspace: 3424K(4864K)->3424K(4864K) NonClass: 3120K(4352K)->3120K(4352K) Class: 304K(512K)->304K(512K)
[36.762s][info   ][gc            ] GC(282) Pause Young (Concurrent Start) (G1 Humongous Allocation) 137M->136M(256M) 1.314ms
[36.762s][info   ][gc,cpu        ] GC(282) User=0.00s Sys=0.00s Real=0.00s
[36.762s][info   ][gc            ] GC(283) Concurrent Cycle
[36.762s][info   ][gc,marking    ] GC(283) Concurrent Clear Claimed Marks
[36.762s][info   ][gc,marking    ] GC(283) Concurrent Clear Claimed Marks 0.023ms
[36.762s][info   ][gc,marking    ] GC(283) Concurrent Scan Root Regions
[36.762s][info   ][gc,marking    ] GC(283) Concurrent Scan Root Regions 0.019ms
[36.762s][info   ][gc,marking    ] GC(283) Concurrent Mark (36.762s)
[36.762s][info   ][gc,marking    ] GC(283) Concurrent Mark From Roots
[36.762s][info   ][gc,task       ] GC(283) Using 2 workers of 2 for marking
[36.764s][info   ][gc,marking    ] GC(283) Concurrent Mark From Roots 2.253ms
[36.764s][info   ][gc,marking    ] GC(283) Concurrent Preclean
[36.764s][info   ][gc,marking    ] GC(283) Concurrent Preclean 0.038ms
[36.764s][info   ][gc,marking    ] GC(283) Concurrent Mark (36.762s, 36.764s) 2.344ms
[36.765s][info   ][gc,start      ] GC(283) Pause Remark
[36.765s][info   ][gc,stringtable] GC(283) Cleaned string and symbol table, strings: 1384 processed, 0 removed, symbols: 16327 processed, 0 removed
[36.765s][info   ][gc            ] GC(283) Pause Remark 137M->137M(256M) 0.510ms
[36.765s][info   ][gc,cpu        ] GC(283) User=0.00s Sys=0.00s Real=0.00s
[36.765s][info   ][gc,marking    ] GC(283) Concurrent Rebuild Remembered Sets
[36.766s][info   ][gc,marking    ] GC(283) Concurrent Rebuild Remembered Sets 0.908ms
[36.766s][info   ][gc,start      ] GC(283) Pause Cleanup
[36.766s][info   ][gc            ] GC(283) Pause Cleanup 137M->137M(256M) 0.092ms
[36.766s][info   ][gc,cpu        ] GC(283) User=0.00s Sys=0.00s Real=0.00s
[36.766s][info   ][gc,marking    ] GC(283) Concurrent Cleanup for Next Mark
[36.766s][info   ][gc,marking    ] GC(283) Concurrent Cleanup for Next Mark 0.269ms
[36.766s][info   ][gc            ] GC(283) Concurrent Cycle 4.528ms
[36.815s][info   ][gc,start      ] GC(284) Pause Young (Concurrent Start) (G1 Humongous Allocation)
[36.815s][info   ][gc,task       ] GC(284) Using 6 workers of 9 for evacuation
[36.816s][info   ][gc,phases     ] GC(284)   Pre Evacuate Collection Set: 0.1ms
[36.816s][info   ][gc,phases     ] GC(284)   Evacuate Collection Set: 0.5ms
[36.816s][info   ][gc,phases     ] GC(284)   Post Evacuate Collection Set: 0.1ms
[36.816s][info   ][gc,phases     ] GC(284)   Other: 0.5ms
[36.816s][info   ][gc,heap       ] GC(284) Eden regions: 0->0(13)
[36.816s][info   ][gc,heap       ] GC(284) Survivor regions: 0->0(2)
[36.816s][info   ][gc,heap       ] GC(284) Old regions: 1->1
[36.816s][info   ][gc,heap       ] GC(284) Archive regions: 0->0
[36.816s][info   ][gc,heap       ] GC(284) Humongous regions: 137->136
[36.816s][info   ][gc,metaspace  ] GC(284) Metaspace: 3424K(4864K)->3424K(4864K) NonClass: 3120K(4352K)->3120K(4352K) Class: 304K(512K)->304K(512K)
[36.816s][info   ][gc            ] GC(284) Pause Young (Concurrent Start) (G1 Humongous Allocation) 137M->136M(256M) 1.448ms
[36.816s][info   ][gc,cpu        ] GC(284) User=0.00s Sys=0.00s Real=0.00s
[36.816s][info   ][gc            ] GC(285) Concurrent Cycle
[36.816s][info   ][gc,marking    ] GC(285) Concurrent Clear Claimed Marks
[36.816s][info   ][gc,marking    ] GC(285) Concurrent Clear Claimed Marks 0.023ms
[36.816s][info   ][gc,marking    ] GC(285) Concurrent Scan Root Regions
[36.816s][info   ][gc,marking    ] GC(285) Concurrent Scan Root Regions 0.017ms
[36.816s][info   ][gc,marking    ] GC(285) Concurrent Mark (36.816s)
[36.816s][info   ][gc,marking    ] GC(285) Concurrent Mark From Roots
[36.816s][info   ][gc,task       ] GC(285) Using 2 workers of 2 for marking
[36.819s][info   ][gc,marking    ] GC(285) Concurrent Mark From Roots 2.329ms
[36.819s][info   ][gc,marking    ] GC(285) Concurrent Preclean
[36.819s][info   ][gc,marking    ] GC(285) Concurrent Preclean 0.040ms
[36.819s][info   ][gc,marking    ] GC(285) Concurrent Mark (36.816s, 36.819s) 2.430ms
[36.819s][info   ][gc,start      ] GC(285) Pause Remark
[36.820s][info   ][gc,stringtable] GC(285) Cleaned string and symbol table, strings: 1384 processed, 0 removed, symbols: 16327 processed, 0 removed
[36.820s][info   ][gc            ] GC(285) Pause Remark 137M->137M(256M) 1.060ms
[36.820s][info   ][gc,cpu        ] GC(285) User=0.00s Sys=0.00s Real=0.01s
[36.820s][info   ][gc,marking    ] GC(285) Concurrent Rebuild Remembered Sets
[36.821s][info   ][gc,marking    ] GC(285) Concurrent Rebuild Remembered Sets 0.948ms
[36.821s][info   ][gc,start      ] GC(285) Pause Cleanup
[36.821s][info   ][gc            ] GC(285) Pause Cleanup 137M->137M(256M) 0.077ms
[36.821s][info   ][gc,cpu        ] GC(285) User=0.00s Sys=0.00s Real=0.00s
[36.821s][info   ][gc,marking    ] GC(285) Concurrent Cleanup for Next Mark
[36.821s][info   ][gc,marking    ] GC(285) Concurrent Cleanup for Next Mark 0.287ms
[36.821s][info   ][gc            ] GC(285) Concurrent Cycle 5.145ms
[36.869s][info   ][gc,start      ] GC(286) Pause Young (Concurrent Start) (G1 Humongous Allocation)
[36.869s][info   ][gc,task       ] GC(286) Using 6 workers of 9 for evacuation
[36.870s][info   ][gc,phases     ] GC(286)   Pre Evacuate Collection Set: 0.2ms
[36.870s][info   ][gc,phases     ] GC(286)   Evacuate Collection Set: 0.5ms
[36.870s][info   ][gc,phases     ] GC(286)   Post Evacuate Collection Set: 0.1ms
[36.870s][info   ][gc,phases     ] GC(286)   Other: 0.6ms
[36.870s][info   ][gc,heap       ] GC(286) Eden regions: 0->0(13)
[36.870s][info   ][gc,heap       ] GC(286) Survivor regions: 0->0(2)
[36.870s][info   ][gc,heap       ] GC(286) Old regions: 1->1
[36.870s][info   ][gc,heap       ] GC(286) Archive regions: 0->0
[36.870s][info   ][gc,heap       ] GC(286) Humongous regions: 137->136
[36.870s][info   ][gc,metaspace  ] GC(286) Metaspace: 3424K(4864K)->3424K(4864K) NonClass: 3120K(4352K)->3120K(4352K) Class: 304K(512K)->304K(512K)
[36.870s][info   ][gc            ] GC(286) Pause Young (Concurrent Start) (G1 Humongous Allocation) 137M->136M(256M) 1.553ms
[36.870s][info   ][gc,cpu        ] GC(286) User=0.00s Sys=0.00s Real=0.01s
[36.870s][info   ][gc            ] GC(287) Concurrent Cycle
[36.870s][info   ][gc,marking    ] GC(287) Concurrent Clear Claimed Marks
[36.870s][info   ][gc,marking    ] GC(287) Concurrent Clear Claimed Marks 0.030ms
[36.870s][info   ][gc,marking    ] GC(287) Concurrent Scan Root Regions
[36.871s][info   ][gc,marking    ] GC(287) Concurrent Scan Root Regions 0.017ms
[36.871s][info   ][gc,marking    ] GC(287) Concurrent Mark (36.871s)
[36.871s][info   ][gc,marking    ] GC(287) Concurrent Mark From Roots
[36.871s][info   ][gc,task       ] GC(287) Using 2 workers of 2 for marking
[36.873s][info   ][gc,marking    ] GC(287) Concurrent Mark From Roots 2.441ms
[36.873s][info   ][gc,marking    ] GC(287) Concurrent Preclean
[36.873s][info   ][gc,marking    ] GC(287) Concurrent Preclean 0.035ms
[36.873s][info   ][gc,marking    ] GC(287) Concurrent Mark (36.871s, 36.873s) 2.530ms
[36.873s][info   ][gc,start      ] GC(287) Pause Remark
[36.873s][info   ][gc,stringtable] GC(287) Cleaned string and symbol table, strings: 1384 processed, 0 removed, symbols: 16327 processed, 0 removed
[36.874s][info   ][gc            ] GC(287) Pause Remark 139M->139M(256M) 0.509ms
[36.874s][info   ][gc,cpu        ] GC(287) User=0.01s Sys=0.00s Real=0.00s
[36.874s][info   ][gc,marking    ] GC(287) Concurrent Rebuild Remembered Sets
[36.875s][info   ][gc,marking    ] GC(287) Concurrent Rebuild Remembered Sets 0.995ms
[36.875s][info   ][gc,start      ] GC(287) Pause Cleanup
[36.875s][info   ][gc            ] GC(287) Pause Cleanup 139M->139M(256M) 0.087ms
[36.875s][info   ][gc,cpu        ] GC(287) User=0.00s Sys=0.00s Real=0.00s
[36.875s][info   ][gc,marking    ] GC(287) Concurrent Cleanup for Next Mark
[36.875s][info   ][gc,marking    ] GC(287) Concurrent Cleanup for Next Mark 0.310ms
[36.875s][info   ][gc            ] GC(287) Concurrent Cycle 4.873ms
[36.926s][info   ][gc,start      ] GC(288) Pause Young (Concurrent Start) (G1 Humongous Allocation)
[36.926s][info   ][gc,task       ] GC(288) Using 6 workers of 9 for evacuation
[36.927s][info   ][gc,phases     ] GC(288)   Pre Evacuate Collection Set: 0.1ms
[36.927s][info   ][gc,phases     ] GC(288)   Evacuate Collection Set: 0.4ms
[36.927s][info   ][gc,phases     ] GC(288)   Post Evacuate Collection Set: 0.1ms
[36.927s][info   ][gc,phases     ] GC(288)   Other: 0.5ms
[36.927s][info   ][gc,heap       ] GC(288) Eden regions: 0->0(13)
[36.927s][info   ][gc,heap       ] GC(288) Survivor regions: 0->0(2)
[36.927s][info   ][gc,heap       ] GC(288) Old regions: 1->1
[36.927s][info   ][gc,heap       ] GC(288) Archive regions: 0->0
[36.927s][info   ][gc,heap       ] GC(288) Humongous regions: 139->138
[36.927s][info   ][gc,metaspace  ] GC(288) Metaspace: 3424K(4864K)->3424K(4864K) NonClass: 3120K(4352K)->3120K(4352K) Class: 304K(512K)->304K(512K)
[36.927s][info   ][gc            ] GC(288) Pause Young (Concurrent Start) (G1 Humongous Allocation) 139M->138M(256M) 1.378ms
[36.927s][info   ][gc,cpu        ] GC(288) User=0.00s Sys=0.00s Real=0.00s
[36.927s][info   ][gc            ] GC(289) Concurrent Cycle
[36.927s][info   ][gc,marking    ] GC(289) Concurrent Clear Claimed Marks
[36.928s][info   ][gc,marking    ] GC(289) Concurrent Clear Claimed Marks 0.026ms
[36.928s][info   ][gc,marking    ] GC(289) Concurrent Scan Root Regions
[36.928s][info   ][gc,marking    ] GC(289) Concurrent Scan Root Regions 0.016ms
[36.928s][info   ][gc,marking    ] GC(289) Concurrent Mark (36.928s)
[36.928s][info   ][gc,marking    ] GC(289) Concurrent Mark From Roots
[36.928s][info   ][gc,task       ] GC(289) Using 2 workers of 2 for marking
[36.929s][info   ][gc,marking    ] GC(289) Concurrent Mark From Roots 1.762ms
[36.929s][info   ][gc,marking    ] GC(289) Concurrent Preclean
[36.929s][info   ][gc,marking    ] GC(289) Concurrent Preclean 0.035ms
[36.929s][info   ][gc,marking    ] GC(289) Concurrent Mark (36.928s, 36.929s) 1.850ms
[36.929s][info   ][gc,start      ] GC(289) Pause Remark
[36.930s][info   ][gc,stringtable] GC(289) Cleaned string and symbol table, strings: 1384 processed, 0 removed, symbols: 16327 processed, 0 removed
[36.930s][info   ][gc            ] GC(289) Pause Remark 139M->139M(256M) 0.504ms
[36.930s][info   ][gc,cpu        ] GC(289) User=0.00s Sys=0.00s Real=0.00s
[36.930s][info   ][gc,marking    ] GC(289) Concurrent Rebuild Remembered Sets
[36.931s][info   ][gc,marking    ] GC(289) Concurrent Rebuild Remembered Sets 0.981ms
[36.931s][info   ][gc,start      ] GC(289) Pause Cleanup
[36.931s][info   ][gc            ] GC(289) Pause Cleanup 139M->139M(256M) 0.104ms
[36.931s][info   ][gc,cpu        ] GC(289) User=0.00s Sys=0.00s Real=0.00s
[36.931s][info   ][gc,marking    ] GC(289) Concurrent Cleanup for Next Mark
[36.932s][info   ][gc,marking    ] GC(289) Concurrent Cleanup for Next Mark 0.287ms
[36.932s][info   ][gc            ] GC(289) Concurrent Cycle 4.130ms
[36.979s][info   ][gc,start      ] GC(290) Pause Young (Concurrent Start) (G1 Humongous Allocation)
[36.980s][info   ][gc,task       ] GC(290) Using 6 workers of 9 for evacuation
[36.981s][info   ][gc,phases     ] GC(290)   Pre Evacuate Collection Set: 0.2ms
[36.981s][info   ][gc,phases     ] GC(290)   Evacuate Collection Set: 0.5ms
[36.981s][info   ][gc,phases     ] GC(290)   Post Evacuate Collection Set: 0.1ms
[36.981s][info   ][gc,phases     ] GC(290)   Other: 0.5ms
[36.981s][info   ][gc,heap       ] GC(290) Eden regions: 0->0(13)
[36.981s][info   ][gc,heap       ] GC(290) Survivor regions: 0->0(2)
[36.981s][info   ][gc,heap       ] GC(290) Old regions: 1->1
[36.981s][info   ][gc,heap       ] GC(290) Archive regions: 0->0
[36.981s][info   ][gc,heap       ] GC(290) Humongous regions: 139->138
[36.981s][info   ][gc,metaspace  ] GC(290) Metaspace: 3424K(4864K)->3424K(4864K) NonClass: 3120K(4352K)->3120K(4352K) Class: 304K(512K)->304K(512K)
[36.981s][info   ][gc            ] GC(290) Pause Young (Concurrent Start) (G1 Humongous Allocation) 139M->138M(256M) 1.518ms
[36.981s][info   ][gc,cpu        ] GC(290) User=0.00s Sys=0.00s Real=0.00s
[36.981s][info   ][gc            ] GC(291) Concurrent Cycle
[36.981s][info   ][gc,marking    ] GC(291) Concurrent Clear Claimed Marks
[36.981s][info   ][gc,marking    ] GC(291) Concurrent Clear Claimed Marks 0.017ms
[36.981s][info   ][gc,marking    ] GC(291) Concurrent Scan Root Regions
[36.981s][info   ][gc,marking    ] GC(291) Concurrent Scan Root Regions 0.011ms
[36.981s][info   ][gc,marking    ] GC(291) Concurrent Mark (36.981s)
[36.981s][info   ][gc,marking    ] GC(291) Concurrent Mark From Roots
[36.981s][info   ][gc,task       ] GC(291) Using 2 workers of 2 for marking
[36.983s][info   ][gc,marking    ] GC(291) Concurrent Mark From Roots 1.932ms
[36.983s][info   ][gc,marking    ] GC(291) Concurrent Preclean
[36.983s][info   ][gc,marking    ] GC(291) Concurrent Preclean 0.120ms
[36.983s][info   ][gc,marking    ] GC(291) Concurrent Mark (36.981s, 36.983s) 2.101ms
[36.983s][info   ][gc,start      ] GC(291) Pause Remark
[36.984s][info   ][gc,stringtable] GC(291) Cleaned string and symbol table, strings: 1384 processed, 0 removed, symbols: 16327 processed, 0 removed
[36.984s][info   ][gc            ] GC(291) Pause Remark 139M->139M(256M) 0.497ms
[36.984s][info   ][gc,cpu        ] GC(291) User=0.00s Sys=0.00s Real=0.00s
[36.984s][info   ][gc,marking    ] GC(291) Concurrent Rebuild Remembered Sets
[36.985s][info   ][gc,marking    ] GC(291) Concurrent Rebuild Remembered Sets 0.993ms
[36.985s][info   ][gc,start      ] GC(291) Pause Cleanup
[36.985s][info   ][gc            ] GC(291) Pause Cleanup 139M->139M(256M) 0.095ms
[36.985s][info   ][gc,cpu        ] GC(291) User=0.00s Sys=0.00s Real=0.00s
[36.985s][info   ][gc,marking    ] GC(291) Concurrent Cleanup for Next Mark
[36.985s][info   ][gc,marking    ] GC(291) Concurrent Cleanup for Next Mark 0.307ms
[36.985s][info   ][gc            ] GC(291) Concurrent Cycle 4.421ms
[37.032s][info   ][gc,start      ] GC(292) Pause Young (Concurrent Start) (G1 Humongous Allocation)
[37.032s][info   ][gc,task       ] GC(292) Using 6 workers of 9 for evacuation
[37.033s][info   ][gc,phases     ] GC(292)   Pre Evacuate Collection Set: 0.1ms
[37.033s][info   ][gc,phases     ] GC(292)   Evacuate Collection Set: 0.3ms
[37.033s][info   ][gc,phases     ] GC(292)   Post Evacuate Collection Set: 0.1ms
[37.033s][info   ][gc,phases     ] GC(292)   Other: 0.4ms
[37.033s][info   ][gc,heap       ] GC(292) Eden regions: 0->0(13)
[37.033s][info   ][gc,heap       ] GC(292) Survivor regions: 0->0(2)
[37.033s][info   ][gc,heap       ] GC(292) Old regions: 1->1
[37.033s][info   ][gc,heap       ] GC(292) Archive regions: 0->0
[37.033s][info   ][gc,heap       ] GC(292) Humongous regions: 139->138
[37.033s][info   ][gc,metaspace  ] GC(292) Metaspace: 3424K(4864K)->3424K(4864K) NonClass: 3120K(4352K)->3120K(4352K) Class: 304K(512K)->304K(512K)
[37.033s][info   ][gc            ] GC(292) Pause Young (Concurrent Start) (G1 Humongous Allocation) 139M->138M(256M) 1.013ms
[37.033s][info   ][gc,cpu        ] GC(292) User=0.01s Sys=0.00s Real=0.00s
[37.033s][info   ][gc            ] GC(293) Concurrent Cycle
[37.033s][info   ][gc,marking    ] GC(293) Concurrent Clear Claimed Marks
[37.033s][info   ][gc,marking    ] GC(293) Concurrent Clear Claimed Marks 0.011ms
[37.033s][info   ][gc,marking    ] GC(293) Concurrent Scan Root Regions
[37.033s][info   ][gc,marking    ] GC(293) Concurrent Scan Root Regions 0.009ms
[37.033s][info   ][gc,marking    ] GC(293) Concurrent Mark (37.033s)
[37.033s][info   ][gc,marking    ] GC(293) Concurrent Mark From Roots
[37.033s][info   ][gc,task       ] GC(293) Using 2 workers of 2 for marking
[37.035s][info   ][gc,marking    ] GC(293) Concurrent Mark From Roots 1.916ms
[37.035s][info   ][gc,marking    ] GC(293) Concurrent Preclean
[37.035s][info   ][gc,marking    ] GC(293) Concurrent Preclean 0.044ms
[37.035s][info   ][gc,marking    ] GC(293) Concurrent Mark (37.033s, 37.035s) 2.007ms
[37.035s][info   ][gc,start      ] GC(293) Pause Remark
[37.036s][info   ][gc,stringtable] GC(293) Cleaned string and symbol table, strings: 1384 processed, 0 removed, symbols: 16327 processed, 0 removed
[37.036s][info   ][gc            ] GC(293) Pause Remark 139M->139M(256M) 1.034ms
[37.036s][info   ][gc,cpu        ] GC(293) User=0.00s Sys=0.00s Real=0.00s
[37.036s][info   ][gc,marking    ] GC(293) Concurrent Rebuild Remembered Sets
[37.037s][info   ][gc,marking    ] GC(293) Concurrent Rebuild Remembered Sets 1.009ms
[37.037s][info   ][gc,start      ] GC(293) Pause Cleanup
[37.037s][info   ][gc            ] GC(293) Pause Cleanup 139M->139M(256M) 0.091ms
[37.037s][info   ][gc,cpu        ] GC(293) User=0.00s Sys=0.00s Real=0.00s
[37.037s][info   ][gc,marking    ] GC(293) Concurrent Cleanup for Next Mark
[37.038s][info   ][gc,marking    ] GC(293) Concurrent Cleanup for Next Mark 0.292ms
[37.038s][info   ][gc            ] GC(293) Concurrent Cycle 4.785ms
[37.088s][info   ][gc,start      ] GC(294) Pause Young (Concurrent Start) (G1 Humongous Allocation)
[37.088s][info   ][gc,task       ] GC(294) Using 6 workers of 9 for evacuation
[37.091s][info   ][gc,phases     ] GC(294)   Pre Evacuate Collection Set: 0.3ms
[37.091s][info   ][gc,phases     ] GC(294)   Evacuate Collection Set: 2.0ms
[37.091s][info   ][gc,phases     ] GC(294)   Post Evacuate Collection Set: 0.1ms
[37.091s][info   ][gc,phases     ] GC(294)   Other: 0.8ms
[37.091s][info   ][gc,heap       ] GC(294) Eden regions: 0->0(13)
[37.091s][info   ][gc,heap       ] GC(294) Survivor regions: 0->0(2)
[37.091s][info   ][gc,heap       ] GC(294) Old regions: 1->1
[37.091s][info   ][gc,heap       ] GC(294) Archive regions: 0->0
[37.091s][info   ][gc,heap       ] GC(294) Humongous regions: 139->138
[37.091s][info   ][gc,metaspace  ] GC(294) Metaspace: 3424K(4864K)->3424K(4864K) NonClass: 3120K(4352K)->3120K(4352K) Class: 304K(512K)->304K(512K)
[37.091s][info   ][gc            ] GC(294) Pause Young (Concurrent Start) (G1 Humongous Allocation) 139M->138M(256M) 3.084ms
[37.091s][info   ][gc,cpu        ] GC(294) User=0.00s Sys=0.00s Real=0.01s
[37.091s][info   ][gc            ] GC(295) Concurrent Cycle
[37.091s][info   ][gc,marking    ] GC(295) Concurrent Clear Claimed Marks
[37.091s][info   ][gc,marking    ] GC(295) Concurrent Clear Claimed Marks 0.011ms
[37.091s][info   ][gc,marking    ] GC(295) Concurrent Scan Root Regions
[37.091s][info   ][gc,marking    ] GC(295) Concurrent Scan Root Regions 0.009ms
[37.091s][info   ][gc,marking    ] GC(295) Concurrent Mark (37.091s)
[37.091s][info   ][gc,marking    ] GC(295) Concurrent Mark From Roots
[37.091s][info   ][gc,task       ] GC(295) Using 2 workers of 2 for marking
[37.093s][info   ][gc,marking    ] GC(295) Concurrent Mark From Roots 1.470ms
[37.093s][info   ][gc,marking    ] GC(295) Concurrent Preclean
[37.093s][info   ][gc,marking    ] GC(295) Concurrent Preclean 0.037ms
[37.093s][info   ][gc,marking    ] GC(295) Concurrent Mark (37.091s, 37.093s) 1.535ms
[37.093s][info   ][gc,start      ] GC(295) Pause Remark
[37.093s][info   ][gc,stringtable] GC(295) Cleaned string and symbol table, strings: 1384 processed, 0 removed, symbols: 16327 processed, 0 removed
[37.093s][info   ][gc            ] GC(295) Pause Remark 139M->139M(256M) 0.518ms
[37.093s][info   ][gc,cpu        ] GC(295) User=0.00s Sys=0.00s Real=0.00s
[37.093s][info   ][gc,marking    ] GC(295) Concurrent Rebuild Remembered Sets
[37.094s][info   ][gc,marking    ] GC(295) Concurrent Rebuild Remembered Sets 0.952ms
[37.094s][info   ][gc,start      ] GC(295) Pause Cleanup
[37.094s][info   ][gc            ] GC(295) Pause Cleanup 139M->139M(256M) 0.098ms
[37.094s][info   ][gc,cpu        ] GC(295) User=0.00s Sys=0.00s Real=0.00s
[37.094s][info   ][gc,marking    ] GC(295) Concurrent Cleanup for Next Mark
[37.095s][info   ][gc,marking    ] GC(295) Concurrent Cleanup for Next Mark 0.316ms
[37.095s][info   ][gc            ] GC(295) Concurrent Cycle 3.768ms
[37.146s][info   ][gc,start      ] GC(296) Pause Young (Concurrent Start) (G1 Humongous Allocation)
[37.147s][info   ][gc,task       ] GC(296) Using 6 workers of 9 for evacuation
[37.147s][info   ][gc,phases     ] GC(296)   Pre Evacuate Collection Set: 0.1ms
[37.147s][info   ][gc,phases     ] GC(296)   Evacuate Collection Set: 0.3ms
[37.147s][info   ][gc,phases     ] GC(296)   Post Evacuate Collection Set: 0.1ms
[37.147s][info   ][gc,phases     ] GC(296)   Other: 0.3ms
[37.147s][info   ][gc,heap       ] GC(296) Eden regions: 0->0(13)
[37.147s][info   ][gc,heap       ] GC(296) Survivor regions: 0->0(2)
[37.147s][info   ][gc,heap       ] GC(296) Old regions: 1->1
[37.147s][info   ][gc,heap       ] GC(296) Archive regions: 0->0
[37.147s][info   ][gc,heap       ] GC(296) Humongous regions: 139->138
[37.147s][info   ][gc,metaspace  ] GC(296) Metaspace: 3424K(4864K)->3424K(4864K) NonClass: 3120K(4352K)->3120K(4352K) Class: 304K(512K)->304K(512K)
[37.147s][info   ][gc            ] GC(296) Pause Young (Concurrent Start) (G1 Humongous Allocation) 139M->138M(256M) 0.858ms
[37.147s][info   ][gc,cpu        ] GC(296) User=0.00s Sys=0.01s Real=0.00s
[37.147s][info   ][gc            ] GC(297) Concurrent Cycle
[37.147s][info   ][gc,marking    ] GC(297) Concurrent Clear Claimed Marks
[37.147s][info   ][gc,marking    ] GC(297) Concurrent Clear Claimed Marks 0.019ms
[37.147s][info   ][gc,marking    ] GC(297) Concurrent Scan Root Regions
[37.147s][info   ][gc,marking    ] GC(297) Concurrent Scan Root Regions 0.010ms
[37.147s][info   ][gc,marking    ] GC(297) Concurrent Mark (37.147s)
[37.147s][info   ][gc,marking    ] GC(297) Concurrent Mark From Roots
[37.147s][info   ][gc,task       ] GC(297) Using 2 workers of 2 for marking
[37.149s][info   ][gc,marking    ] GC(297) Concurrent Mark From Roots 1.575ms
[37.149s][info   ][gc,marking    ] GC(297) Concurrent Preclean
[37.149s][info   ][gc,marking    ] GC(297) Concurrent Preclean 0.040ms
[37.149s][info   ][gc,marking    ] GC(297) Concurrent Mark (37.147s, 37.149s) 1.657ms
[37.149s][info   ][gc,start      ] GC(297) Pause Remark
[37.150s][info   ][gc,stringtable] GC(297) Cleaned string and symbol table, strings: 1384 processed, 0 removed, symbols: 16327 processed, 0 removed
[37.150s][info   ][gc            ] GC(297) Pause Remark 139M->139M(256M) 1.181ms
[37.150s][info   ][gc,cpu        ] GC(297) User=0.01s Sys=0.00s Real=0.00s
[37.150s][info   ][gc,marking    ] GC(297) Concurrent Rebuild Remembered Sets
[37.151s][info   ][gc,marking    ] GC(297) Concurrent Rebuild Remembered Sets 0.965ms
[37.151s][info   ][gc,start      ] GC(297) Pause Cleanup
[37.152s][info   ][gc            ] GC(297) Pause Cleanup 139M->139M(256M) 0.095ms
[37.152s][info   ][gc,cpu        ] GC(297) User=0.00s Sys=0.00s Real=0.00s
[37.152s][info   ][gc,marking    ] GC(297) Concurrent Cleanup for Next Mark
[37.152s][info   ][gc,marking    ] GC(297) Concurrent Cleanup for Next Mark 0.356ms
[37.152s][info   ][gc            ] GC(297) Concurrent Cycle 4.620ms
[37.201s][info   ][gc,start      ] GC(298) Pause Young (Concurrent Start) (G1 Humongous Allocation)
[37.201s][info   ][gc,task       ] GC(298) Using 6 workers of 9 for evacuation
[37.202s][info   ][gc,phases     ] GC(298)   Pre Evacuate Collection Set: 0.1ms
[37.202s][info   ][gc,phases     ] GC(298)   Evacuate Collection Set: 0.6ms
[37.202s][info   ][gc,phases     ] GC(298)   Post Evacuate Collection Set: 0.1ms
[37.202s][info   ][gc,phases     ] GC(298)   Other: 0.6ms
[37.202s][info   ][gc,heap       ] GC(298) Eden regions: 0->0(13)
[37.202s][info   ][gc,heap       ] GC(298) Survivor regions: 0->0(2)
[37.202s][info   ][gc,heap       ] GC(298) Old regions: 1->1
[37.202s][info   ][gc,heap       ] GC(298) Archive regions: 0->0
[37.202s][info   ][gc,heap       ] GC(298) Humongous regions: 139->138
[37.202s][info   ][gc,metaspace  ] GC(298) Metaspace: 3424K(4864K)->3424K(4864K) NonClass: 3120K(4352K)->3120K(4352K) Class: 304K(512K)->304K(512K)
[37.202s][info   ][gc            ] GC(298) Pause Young (Concurrent Start) (G1 Humongous Allocation) 139M->138M(256M) 1.689ms
[37.202s][info   ][gc,cpu        ] GC(298) User=0.00s Sys=0.00s Real=0.00s
[37.202s][info   ][gc            ] GC(299) Concurrent Cycle
[37.202s][info   ][gc,marking    ] GC(299) Concurrent Clear Claimed Marks
[37.202s][info   ][gc,marking    ] GC(299) Concurrent Clear Claimed Marks 0.028ms
[37.202s][info   ][gc,marking    ] GC(299) Concurrent Scan Root Regions
[37.202s][info   ][gc,marking    ] GC(299) Concurrent Scan Root Regions 0.016ms
[37.202s][info   ][gc,marking    ] GC(299) Concurrent Mark (37.202s)
[37.202s][info   ][gc,marking    ] GC(299) Concurrent Mark From Roots
[37.202s][info   ][gc,task       ] GC(299) Using 2 workers of 2 for marking
[37.204s][info   ][gc,marking    ] GC(299) Concurrent Mark From Roots 2.032ms
[37.204s][info   ][gc,marking    ] GC(299) Concurrent Preclean
[37.205s][info   ][gc,marking    ] GC(299) Concurrent Preclean 0.034ms
[37.205s][info   ][gc,marking    ] GC(299) Concurrent Mark (37.202s, 37.205s) 2.111ms
[37.205s][info   ][gc,start      ] GC(299) Pause Remark
[37.206s][info   ][gc,stringtable] GC(299) Cleaned string and symbol table, strings: 1384 processed, 0 removed, symbols: 16327 processed, 0 removed
[37.206s][info   ][gc            ] GC(299) Pause Remark 139M->139M(256M) 1.474ms
[37.206s][info   ][gc,cpu        ] GC(299) User=0.00s Sys=0.00s Real=0.00s
[37.206s][info   ][gc,marking    ] GC(299) Concurrent Rebuild Remembered Sets
[37.207s][info   ][gc,marking    ] GC(299) Concurrent Rebuild Remembered Sets 1.012ms
[37.207s][info   ][gc,start      ] GC(299) Pause Cleanup
[37.207s][info   ][gc            ] GC(299) Pause Cleanup 139M->139M(256M) 0.101ms
[37.207s][info   ][gc,cpu        ] GC(299) User=0.00s Sys=0.00s Real=0.00s
[37.207s][info   ][gc,marking    ] GC(299) Concurrent Cleanup for Next Mark
[37.208s][info   ][gc,marking    ] GC(299) Concurrent Cleanup for Next Mark 0.327ms
[37.208s][info   ][gc            ] GC(299) Concurrent Cycle 5.436ms
[37.256s][info   ][gc,start      ] GC(300) Pause Young (Concurrent Start) (G1 Humongous Allocation)
[37.257s][info   ][gc,task       ] GC(300) Using 6 workers of 9 for evacuation
[37.258s][info   ][gc,phases     ] GC(300)   Pre Evacuate Collection Set: 0.2ms
[37.258s][info   ][gc,phases     ] GC(300)   Evacuate Collection Set: 0.9ms
[37.258s][info   ][gc,phases     ] GC(300)   Post Evacuate Collection Set: 0.2ms
[37.258s][info   ][gc,phases     ] GC(300)   Other: 0.5ms
[37.258s][info   ][gc,heap       ] GC(300) Eden regions: 0->0(13)
[37.258s][info   ][gc,heap       ] GC(300) Survivor regions: 0->0(2)
[37.258s][info   ][gc,heap       ] GC(300) Old regions: 1->1
[37.258s][info   ][gc,heap       ] GC(300) Archive regions: 0->0
[37.258s][info   ][gc,heap       ] GC(300) Humongous regions: 139->138
[37.259s][info   ][gc,metaspace  ] GC(300) Metaspace: 3424K(4864K)->3424K(4864K) NonClass: 3120K(4352K)->3120K(4352K) Class: 304K(512K)->304K(512K)
[37.259s][info   ][gc            ] GC(300) Pause Young (Concurrent Start) (G1 Humongous Allocation) 139M->138M(256M) 2.393ms
[37.259s][info   ][gc,cpu        ] GC(300) User=0.00s Sys=0.00s Real=0.00s
[37.259s][info   ][gc            ] GC(301) Concurrent Cycle
[37.259s][info   ][gc,marking    ] GC(301) Concurrent Clear Claimed Marks
[37.259s][info   ][gc,marking    ] GC(301) Concurrent Clear Claimed Marks 0.013ms
[37.259s][info   ][gc,marking    ] GC(301) Concurrent Scan Root Regions
[37.259s][info   ][gc,marking    ] GC(301) Concurrent Scan Root Regions 0.009ms
[37.259s][info   ][gc,marking    ] GC(301) Concurrent Mark (37.259s)
[37.259s][info   ][gc,marking    ] GC(301) Concurrent Mark From Roots
[37.259s][info   ][gc,task       ] GC(301) Using 2 workers of 2 for marking
[37.261s][info   ][gc,marking    ] GC(301) Concurrent Mark From Roots 1.933ms
[37.261s][info   ][gc,marking    ] GC(301) Concurrent Preclean
[37.261s][info   ][gc,marking    ] GC(301) Concurrent Preclean 0.056ms
[37.261s][info   ][gc,marking    ] GC(301) Concurrent Mark (37.259s, 37.261s) 2.105ms
[37.261s][info   ][gc,start      ] GC(301) Pause Remark
[37.262s][info   ][gc,stringtable] GC(301) Cleaned string and symbol table, strings: 1384 processed, 0 removed, symbols: 16327 processed, 0 removed
[37.262s][info   ][gc            ] GC(301) Pause Remark 139M->139M(256M) 0.490ms
[37.262s][info   ][gc,cpu        ] GC(301) User=0.00s Sys=0.00s Real=0.00s
[37.262s][info   ][gc,marking    ] GC(301) Concurrent Rebuild Remembered Sets
[37.263s][info   ][gc,marking    ] GC(301) Concurrent Rebuild Remembered Sets 0.985ms
[37.263s][info   ][gc,start      ] GC(301) Pause Cleanup
[37.263s][info   ][gc            ] GC(301) Pause Cleanup 139M->139M(256M) 0.073ms
[37.263s][info   ][gc,cpu        ] GC(301) User=0.00s Sys=0.00s Real=0.00s
[37.263s][info   ][gc,marking    ] GC(301) Concurrent Cleanup for Next Mark
[37.263s][info   ][gc,marking    ] GC(301) Concurrent Cleanup for Next Mark 0.263ms
[37.263s][info   ][gc            ] GC(301) Concurrent Cycle 4.273ms
[37.311s][info   ][gc,start      ] GC(302) Pause Young (Concurrent Start) (G1 Humongous Allocation)
[37.311s][info   ][gc,task       ] GC(302) Using 6 workers of 9 for evacuation
[37.312s][info   ][gc,phases     ] GC(302)   Pre Evacuate Collection Set: 0.1ms
[37.312s][info   ][gc,phases     ] GC(302)   Evacuate Collection Set: 0.5ms
[37.312s][info   ][gc,phases     ] GC(302)   Post Evacuate Collection Set: 0.1ms
[37.313s][info   ][gc,phases     ] GC(302)   Other: 0.5ms
[37.313s][info   ][gc,heap       ] GC(302) Eden regions: 0->0(13)
[37.313s][info   ][gc,heap       ] GC(302) Survivor regions: 0->0(2)
[37.313s][info   ][gc,heap       ] GC(302) Old regions: 1->1
[37.313s][info   ][gc,heap       ] GC(302) Archive regions: 0->0
[37.313s][info   ][gc,heap       ] GC(302) Humongous regions: 139->138
[37.313s][info   ][gc,metaspace  ] GC(302) Metaspace: 3424K(4864K)->3424K(4864K) NonClass: 3120K(4352K)->3120K(4352K) Class: 304K(512K)->304K(512K)
[37.313s][info   ][gc            ] GC(302) Pause Young (Concurrent Start) (G1 Humongous Allocation) 139M->138M(256M) 1.429ms
[37.313s][info   ][gc,cpu        ] GC(302) User=0.00s Sys=0.00s Real=0.00s
[37.313s][info   ][gc            ] GC(303) Concurrent Cycle
[37.313s][info   ][gc,marking    ] GC(303) Concurrent Clear Claimed Marks
[37.313s][info   ][gc,marking    ] GC(303) Concurrent Clear Claimed Marks 0.028ms
[37.313s][info   ][gc,marking    ] GC(303) Concurrent Scan Root Regions
[37.313s][info   ][gc,marking    ] GC(303) Concurrent Scan Root Regions 0.017ms
[37.313s][info   ][gc,marking    ] GC(303) Concurrent Mark (37.313s)
[37.313s][info   ][gc,marking    ] GC(303) Concurrent Mark From Roots
[37.313s][info   ][gc,task       ] GC(303) Using 2 workers of 2 for marking
[37.315s][info   ][gc,marking    ] GC(303) Concurrent Mark From Roots 1.859ms
[37.315s][info   ][gc,marking    ] GC(303) Concurrent Preclean
[37.315s][info   ][gc,marking    ] GC(303) Concurrent Preclean 0.040ms
[37.315s][info   ][gc,marking    ] GC(303) Concurrent Mark (37.313s, 37.315s) 1.947ms
[37.315s][info   ][gc,start      ] GC(303) Pause Remark
[37.315s][info   ][gc,stringtable] GC(303) Cleaned string and symbol table, strings: 1384 processed, 0 removed, symbols: 16327 processed, 0 removed
[37.316s][info   ][gc            ] GC(303) Pause Remark 139M->139M(256M) 0.614ms
[37.316s][info   ][gc,cpu        ] GC(303) User=0.00s Sys=0.00s Real=0.00s
[37.316s][info   ][gc,marking    ] GC(303) Concurrent Rebuild Remembered Sets
[37.317s][info   ][gc,marking    ] GC(303) Concurrent Rebuild Remembered Sets 0.979ms
[37.317s][info   ][gc,start      ] GC(303) Pause Cleanup
[37.317s][info   ][gc            ] GC(303) Pause Cleanup 139M->139M(256M) 0.105ms
[37.317s][info   ][gc,cpu        ] GC(303) User=0.00s Sys=0.00s Real=0.00s
[37.317s][info   ][gc,marking    ] GC(303) Concurrent Cleanup for Next Mark
[37.317s][info   ][gc,marking    ] GC(303) Concurrent Cleanup for Next Mark 0.281ms
[37.317s][info   ][gc            ] GC(303) Concurrent Cycle 4.344ms
[37.367s][info   ][gc,start      ] GC(304) Pause Young (Concurrent Start) (G1 Humongous Allocation)
[37.367s][info   ][gc,task       ] GC(304) Using 6 workers of 9 for evacuation
[37.368s][info   ][gc,phases     ] GC(304)   Pre Evacuate Collection Set: 0.1ms
[37.368s][info   ][gc,phases     ] GC(304)   Evacuate Collection Set: 0.3ms
[37.368s][info   ][gc,phases     ] GC(304)   Post Evacuate Collection Set: 0.1ms
[37.368s][info   ][gc,phases     ] GC(304)   Other: 0.5ms
[37.368s][info   ][gc,heap       ] GC(304) Eden regions: 0->0(13)
[37.368s][info   ][gc,heap       ] GC(304) Survivor regions: 0->0(2)
[37.368s][info   ][gc,heap       ] GC(304) Old regions: 1->1
[37.368s][info   ][gc,heap       ] GC(304) Archive regions: 0->0
[37.368s][info   ][gc,heap       ] GC(304) Humongous regions: 139->138
[37.368s][info   ][gc,metaspace  ] GC(304) Metaspace: 3424K(4864K)->3424K(4864K) NonClass: 3120K(4352K)->3120K(4352K) Class: 304K(512K)->304K(512K)
[37.368s][info   ][gc            ] GC(304) Pause Young (Concurrent Start) (G1 Humongous Allocation) 139M->138M(256M) 1.175ms
[37.368s][info   ][gc,cpu        ] GC(304) User=0.00s Sys=0.00s Real=0.00s
[37.368s][info   ][gc            ] GC(305) Concurrent Cycle
[37.368s][info   ][gc,marking    ] GC(305) Concurrent Clear Claimed Marks
[37.368s][info   ][gc,marking    ] GC(305) Concurrent Clear Claimed Marks 0.017ms
[37.368s][info   ][gc,marking    ] GC(305) Concurrent Scan Root Regions
[37.368s][info   ][gc,marking    ] GC(305) Concurrent Scan Root Regions 0.011ms
[37.369s][info   ][gc,marking    ] GC(305) Concurrent Mark (37.369s)
[37.369s][info   ][gc,marking    ] GC(305) Concurrent Mark From Roots
[37.369s][info   ][gc,task       ] GC(305) Using 2 workers of 2 for marking
[37.372s][info   ][gc,marking    ] GC(305) Concurrent Mark From Roots 2.986ms
[37.372s][info   ][gc,marking    ] GC(305) Concurrent Preclean
[37.372s][info   ][gc,marking    ] GC(305) Concurrent Preclean 0.038ms
[37.372s][info   ][gc,marking    ] GC(305) Concurrent Mark (37.369s, 37.372s) 3.065ms
[37.372s][info   ][gc,start      ] GC(305) Pause Remark
[37.372s][info   ][gc,stringtable] GC(305) Cleaned string and symbol table, strings: 1384 processed, 0 removed, symbols: 16327 processed, 0 removed
[37.372s][info   ][gc            ] GC(305) Pause Remark 139M->139M(256M) 0.510ms
[37.372s][info   ][gc,cpu        ] GC(305) User=0.00s Sys=0.00s Real=0.00s
[37.372s][info   ][gc,marking    ] GC(305) Concurrent Rebuild Remembered Sets
[37.373s][info   ][gc,marking    ] GC(305) Concurrent Rebuild Remembered Sets 0.983ms
[37.373s][info   ][gc,start      ] GC(305) Pause Cleanup
[37.373s][info   ][gc            ] GC(305) Pause Cleanup 139M->139M(256M) 0.098ms
[37.373s][info   ][gc,cpu        ] GC(305) User=0.00s Sys=0.00s Real=0.00s
[37.373s][info   ][gc,marking    ] GC(305) Concurrent Cleanup for Next Mark
[37.374s][info   ][gc,marking    ] GC(305) Concurrent Cleanup for Next Mark 0.312ms
[37.374s][info   ][gc            ] GC(305) Concurrent Cycle 5.356ms
[37.421s][info   ][gc,start      ] GC(306) Pause Young (Concurrent Start) (G1 Humongous Allocation)
[37.423s][info   ][gc,task       ] GC(306) Using 6 workers of 9 for evacuation
[37.424s][info   ][gc,phases     ] GC(306)   Pre Evacuate Collection Set: 0.1ms
[37.425s][info   ][gc,phases     ] GC(306)   Evacuate Collection Set: 1.0ms
[37.425s][info   ][gc,phases     ] GC(306)   Post Evacuate Collection Set: 0.1ms
[37.425s][info   ][gc,phases     ] GC(306)   Other: 2.1ms
[37.425s][info   ][gc,heap       ] GC(306) Eden regions: 0->0(13)
[37.425s][info   ][gc,heap       ] GC(306) Survivor regions: 0->0(2)
[37.425s][info   ][gc,heap       ] GC(306) Old regions: 1->1
[37.425s][info   ][gc,heap       ] GC(306) Archive regions: 0->0
[37.425s][info   ][gc,heap       ] GC(306) Humongous regions: 139->138
[37.425s][info   ][gc,metaspace  ] GC(306) Metaspace: 3424K(4864K)->3424K(4864K) NonClass: 3120K(4352K)->3120K(4352K) Class: 304K(512K)->304K(512K)
[37.425s][info   ][gc            ] GC(306) Pause Young (Concurrent Start) (G1 Humongous Allocation) 139M->138M(256M) 3.441ms
[37.425s][info   ][gc,cpu        ] GC(306) User=0.00s Sys=0.00s Real=0.00s
[37.425s][info   ][gc            ] GC(307) Concurrent Cycle
[37.425s][info   ][gc,marking    ] GC(307) Concurrent Clear Claimed Marks
[37.425s][info   ][gc,marking    ] GC(307) Concurrent Clear Claimed Marks 0.013ms
[37.425s][info   ][gc,marking    ] GC(307) Concurrent Scan Root Regions
[37.425s][info   ][gc,marking    ] GC(307) Concurrent Scan Root Regions 0.008ms
[37.425s][info   ][gc,marking    ] GC(307) Concurrent Mark (37.425s)
[37.425s][info   ][gc,marking    ] GC(307) Concurrent Mark From Roots
[37.425s][info   ][gc,task       ] GC(307) Using 2 workers of 2 for marking
[37.427s][info   ][gc,marking    ] GC(307) Concurrent Mark From Roots 2.005ms
[37.427s][info   ][gc,marking    ] GC(307) Concurrent Preclean
[37.427s][info   ][gc,marking    ] GC(307) Concurrent Preclean 0.092ms
[37.427s][info   ][gc,marking    ] GC(307) Concurrent Mark (37.425s, 37.427s) 2.181ms
[37.427s][info   ][gc,start      ] GC(307) Pause Remark
[37.428s][info   ][gc,stringtable] GC(307) Cleaned string and symbol table, strings: 1384 processed, 0 removed, symbols: 16327 processed, 0 removed
[37.428s][info   ][gc            ] GC(307) Pause Remark 141M->141M(256M) 0.542ms
[37.428s][info   ][gc,cpu        ] GC(307) User=0.00s Sys=0.00s Real=0.00s
[37.428s][info   ][gc,marking    ] GC(307) Concurrent Rebuild Remembered Sets
[37.429s][info   ][gc,marking    ] GC(307) Concurrent Rebuild Remembered Sets 1.019ms
[37.429s][info   ][gc,start      ] GC(307) Pause Cleanup
[37.429s][info   ][gc            ] GC(307) Pause Cleanup 141M->141M(256M) 0.074ms
[37.429s][info   ][gc,cpu        ] GC(307) User=0.00s Sys=0.00s Real=0.00s
[37.429s][info   ][gc,marking    ] GC(307) Concurrent Cleanup for Next Mark
[37.429s][info   ][gc,marking    ] GC(307) Concurrent Cleanup for Next Mark 0.295ms
[37.429s][info   ][gc            ] GC(307) Concurrent Cycle 4.526ms
[37.483s][info   ][gc,start      ] GC(308) Pause Young (Concurrent Start) (G1 Humongous Allocation)
[37.483s][info   ][gc,task       ] GC(308) Using 6 workers of 9 for evacuation
[37.485s][info   ][gc,phases     ] GC(308)   Pre Evacuate Collection Set: 0.6ms
[37.485s][info   ][gc,phases     ] GC(308)   Evacuate Collection Set: 0.5ms
[37.485s][info   ][gc,phases     ] GC(308)   Post Evacuate Collection Set: 0.1ms
[37.485s][info   ][gc,phases     ] GC(308)   Other: 0.4ms
[37.485s][info   ][gc,heap       ] GC(308) Eden regions: 0->0(13)
[37.485s][info   ][gc,heap       ] GC(308) Survivor regions: 0->0(2)
[37.485s][info   ][gc,heap       ] GC(308) Old regions: 1->1
[37.485s][info   ][gc,heap       ] GC(308) Archive regions: 0->0
[37.485s][info   ][gc,heap       ] GC(308) Humongous regions: 141->140
[37.485s][info   ][gc,metaspace  ] GC(308) Metaspace: 3424K(4864K)->3424K(4864K) NonClass: 3120K(4352K)->3120K(4352K) Class: 304K(512K)->304K(512K)
[37.485s][info   ][gc            ] GC(308) Pause Young (Concurrent Start) (G1 Humongous Allocation) 141M->140M(256M) 1.834ms
[37.485s][info   ][gc,cpu        ] GC(308) User=0.00s Sys=0.00s Real=0.00s
[37.485s][info   ][gc            ] GC(309) Concurrent Cycle
[37.485s][info   ][gc,marking    ] GC(309) Concurrent Clear Claimed Marks
[37.485s][info   ][gc,marking    ] GC(309) Concurrent Clear Claimed Marks 0.024ms
[37.485s][info   ][gc,marking    ] GC(309) Concurrent Scan Root Regions
[37.485s][info   ][gc,marking    ] GC(309) Concurrent Scan Root Regions 0.017ms
[37.485s][info   ][gc,marking    ] GC(309) Concurrent Mark (37.485s)
[37.485s][info   ][gc,marking    ] GC(309) Concurrent Mark From Roots
[37.485s][info   ][gc,task       ] GC(309) Using 2 workers of 2 for marking
[37.487s][info   ][gc,marking    ] GC(309) Concurrent Mark From Roots 1.608ms
[37.487s][info   ][gc,marking    ] GC(309) Concurrent Preclean
[37.487s][info   ][gc,marking    ] GC(309) Concurrent Preclean 0.037ms
[37.487s][info   ][gc,marking    ] GC(309) Concurrent Mark (37.485s, 37.487s) 1.680ms
[37.487s][info   ][gc,start      ] GC(309) Pause Remark
[37.488s][info   ][gc,stringtable] GC(309) Cleaned string and symbol table, strings: 1384 processed, 0 removed, symbols: 16327 processed, 0 removed
[37.488s][info   ][gc            ] GC(309) Pause Remark 141M->141M(256M) 0.698ms
[37.488s][info   ][gc,cpu        ] GC(309) User=0.00s Sys=0.00s Real=0.00s
[37.488s][info   ][gc,marking    ] GC(309) Concurrent Rebuild Remembered Sets
[37.489s][info   ][gc,marking    ] GC(309) Concurrent Rebuild Remembered Sets 0.984ms
[37.489s][info   ][gc,start      ] GC(309) Pause Cleanup
[37.489s][info   ][gc            ] GC(309) Pause Cleanup 141M->141M(256M) 0.122ms
[37.489s][info   ][gc,cpu        ] GC(309) User=0.00s Sys=0.00s Real=0.00s
[37.489s][info   ][gc,marking    ] GC(309) Concurrent Cleanup for Next Mark
[37.489s][info   ][gc,marking    ] GC(309) Concurrent Cleanup for Next Mark 0.301ms
[37.489s][info   ][gc            ] GC(309) Concurrent Cycle 4.170ms
[37.540s][info   ][gc,start      ] GC(310) Pause Young (Concurrent Start) (G1 Humongous Allocation)
[37.540s][info   ][gc,task       ] GC(310) Using 6 workers of 9 for evacuation
[37.541s][info   ][gc,phases     ] GC(310)   Pre Evacuate Collection Set: 0.2ms
[37.541s][info   ][gc,phases     ] GC(310)   Evacuate Collection Set: 0.5ms
[37.541s][info   ][gc,phases     ] GC(310)   Post Evacuate Collection Set: 0.1ms
[37.541s][info   ][gc,phases     ] GC(310)   Other: 0.5ms
[37.541s][info   ][gc,heap       ] GC(310) Eden regions: 0->0(13)
[37.541s][info   ][gc,heap       ] GC(310) Survivor regions: 0->0(2)
[37.541s][info   ][gc,heap       ] GC(310) Old regions: 1->1
[37.541s][info   ][gc,heap       ] GC(310) Archive regions: 0->0
[37.541s][info   ][gc,heap       ] GC(310) Humongous regions: 141->140
[37.541s][info   ][gc,metaspace  ] GC(310) Metaspace: 3424K(4864K)->3424K(4864K) NonClass: 3120K(4352K)->3120K(4352K) Class: 304K(512K)->304K(512K)
[37.541s][info   ][gc            ] GC(310) Pause Young (Concurrent Start) (G1 Humongous Allocation) 141M->140M(256M) 1.381ms
[37.541s][info   ][gc,cpu        ] GC(310) User=0.00s Sys=0.00s Real=0.00s
[37.541s][info   ][gc            ] GC(311) Concurrent Cycle
[37.541s][info   ][gc,marking    ] GC(311) Concurrent Clear Claimed Marks
[37.541s][info   ][gc,marking    ] GC(311) Concurrent Clear Claimed Marks 0.013ms
[37.541s][info   ][gc,marking    ] GC(311) Concurrent Scan Root Regions
[37.541s][info   ][gc,marking    ] GC(311) Concurrent Scan Root Regions 0.010ms
[37.541s][info   ][gc,marking    ] GC(311) Concurrent Mark (37.541s)
[37.541s][info   ][gc,marking    ] GC(311) Concurrent Mark From Roots
[37.541s][info   ][gc,task       ] GC(311) Using 2 workers of 2 for marking
[37.543s][info   ][gc,marking    ] GC(311) Concurrent Mark From Roots 1.792ms
[37.543s][info   ][gc,marking    ] GC(311) Concurrent Preclean
[37.543s][info   ][gc,marking    ] GC(311) Concurrent Preclean 0.037ms
[37.543s][info   ][gc,marking    ] GC(311) Concurrent Mark (37.541s, 37.543s) 1.865ms
[37.543s][info   ][gc,start      ] GC(311) Pause Remark
[37.545s][info   ][gc,stringtable] GC(311) Cleaned string and symbol table, strings: 1384 processed, 0 removed, symbols: 16327 processed, 0 removed
[37.545s][info   ][gc            ] GC(311) Pause Remark 141M->141M(256M) 1.491ms
[37.545s][info   ][gc,cpu        ] GC(311) User=0.00s Sys=0.00s Real=0.00s
[37.545s][info   ][gc,marking    ] GC(311) Concurrent Rebuild Remembered Sets
[37.546s][info   ][gc,marking    ] GC(311) Concurrent Rebuild Remembered Sets 1.025ms
[37.546s][info   ][gc,start      ] GC(311) Pause Cleanup
[37.546s][info   ][gc            ] GC(311) Pause Cleanup 141M->141M(256M) 0.112ms
[37.546s][info   ][gc,cpu        ] GC(311) User=0.00s Sys=0.00s Real=0.00s
[37.546s][info   ][gc,marking    ] GC(311) Concurrent Cleanup for Next Mark
[37.547s][info   ][gc,marking    ] GC(311) Concurrent Cleanup for Next Mark 0.351ms
[37.547s][info   ][gc            ] GC(311) Concurrent Cycle 5.253ms
[37.594s][info   ][gc,start      ] GC(312) Pause Young (Concurrent Start) (G1 Humongous Allocation)
[37.595s][info   ][gc,task       ] GC(312) Using 6 workers of 9 for evacuation
[37.595s][info   ][gc,phases     ] GC(312)   Pre Evacuate Collection Set: 0.1ms
[37.595s][info   ][gc,phases     ] GC(312)   Evacuate Collection Set: 0.3ms
[37.596s][info   ][gc,phases     ] GC(312)   Post Evacuate Collection Set: 0.1ms
[37.596s][info   ][gc,phases     ] GC(312)   Other: 0.5ms
[37.596s][info   ][gc,heap       ] GC(312) Eden regions: 0->0(13)
[37.596s][info   ][gc,heap       ] GC(312) Survivor regions: 0->0(2)
[37.596s][info   ][gc,heap       ] GC(312) Old regions: 1->1
[37.596s][info   ][gc,heap       ] GC(312) Archive regions: 0->0
[37.596s][info   ][gc,heap       ] GC(312) Humongous regions: 141->140
[37.596s][info   ][gc,metaspace  ] GC(312) Metaspace: 3424K(4864K)->3424K(4864K) NonClass: 3120K(4352K)->3120K(4352K) Class: 304K(512K)->304K(512K)
[37.596s][info   ][gc            ] GC(312) Pause Young (Concurrent Start) (G1 Humongous Allocation) 141M->140M(256M) 1.220ms
[37.596s][info   ][gc,cpu        ] GC(312) User=0.00s Sys=0.00s Real=0.00s
[37.596s][info   ][gc            ] GC(313) Concurrent Cycle
[37.596s][info   ][gc,marking    ] GC(313) Concurrent Clear Claimed Marks
[37.596s][info   ][gc,marking    ] GC(313) Concurrent Clear Claimed Marks 0.017ms
[37.596s][info   ][gc,marking    ] GC(313) Concurrent Scan Root Regions
[37.596s][info   ][gc,marking    ] GC(313) Concurrent Scan Root Regions 0.012ms
[37.596s][info   ][gc,marking    ] GC(313) Concurrent Mark (37.596s)
[37.596s][info   ][gc,marking    ] GC(313) Concurrent Mark From Roots
[37.596s][info   ][gc,task       ] GC(313) Using 2 workers of 2 for marking
[37.598s][info   ][gc,marking    ] GC(313) Concurrent Mark From Roots 1.709ms
[37.598s][info   ][gc,marking    ] GC(313) Concurrent Preclean
[37.598s][info   ][gc,marking    ] GC(313) Concurrent Preclean 0.038ms
[37.598s][info   ][gc,marking    ] GC(313) Concurrent Mark (37.596s, 37.598s) 1.789ms
[37.598s][info   ][gc,start      ] GC(313) Pause Remark
[37.598s][info   ][gc,stringtable] GC(313) Cleaned string and symbol table, strings: 1384 processed, 0 removed, symbols: 16327 processed, 0 removed
[37.598s][info   ][gc            ] GC(313) Pause Remark 141M->141M(256M) 0.599ms
[37.598s][info   ][gc,cpu        ] GC(313) User=0.00s Sys=0.00s Real=0.00s
[37.598s][info   ][gc,marking    ] GC(313) Concurrent Rebuild Remembered Sets
[37.599s][info   ][gc,marking    ] GC(313) Concurrent Rebuild Remembered Sets 1.001ms
[37.599s][info   ][gc,start      ] GC(313) Pause Cleanup
[37.600s][info   ][gc            ] GC(313) Pause Cleanup 141M->141M(256M) 0.099ms
[37.600s][info   ][gc,cpu        ] GC(313) User=0.00s Sys=0.00s Real=0.00s
[37.600s][info   ][gc,marking    ] GC(313) Concurrent Cleanup for Next Mark
[37.600s][info   ][gc,marking    ] GC(313) Concurrent Cleanup for Next Mark 0.334ms
[37.600s][info   ][gc            ] GC(313) Concurrent Cycle 4.225ms
[37.647s][info   ][gc,start      ] GC(314) Pause Young (Concurrent Start) (G1 Humongous Allocation)
[37.647s][info   ][gc,task       ] GC(314) Using 6 workers of 9 for evacuation
[37.648s][info   ][gc,phases     ] GC(314)   Pre Evacuate Collection Set: 0.1ms
[37.648s][info   ][gc,phases     ] GC(314)   Evacuate Collection Set: 0.4ms
[37.648s][info   ][gc,phases     ] GC(314)   Post Evacuate Collection Set: 0.1ms
[37.648s][info   ][gc,phases     ] GC(314)   Other: 0.4ms
[37.648s][info   ][gc,heap       ] GC(314) Eden regions: 0->0(13)
[37.648s][info   ][gc,heap       ] GC(314) Survivor regions: 0->0(2)
[37.648s][info   ][gc,heap       ] GC(314) Old regions: 1->1
[37.648s][info   ][gc,heap       ] GC(314) Archive regions: 0->0
[37.648s][info   ][gc,heap       ] GC(314) Humongous regions: 141->140
[37.648s][info   ][gc,metaspace  ] GC(314) Metaspace: 3424K(4864K)->3424K(4864K) NonClass: 3120K(4352K)->3120K(4352K) Class: 304K(512K)->304K(512K)
[37.648s][info   ][gc            ] GC(314) Pause Young (Concurrent Start) (G1 Humongous Allocation) 141M->140M(256M) 1.240ms
[37.649s][info   ][gc,cpu        ] GC(314) User=0.00s Sys=0.00s Real=0.00s
[37.649s][info   ][gc            ] GC(315) Concurrent Cycle
[37.649s][info   ][gc,marking    ] GC(315) Concurrent Clear Claimed Marks
[37.649s][info   ][gc,marking    ] GC(315) Concurrent Clear Claimed Marks 0.022ms
[37.649s][info   ][gc,marking    ] GC(315) Concurrent Scan Root Regions
[37.649s][info   ][gc,marking    ] GC(315) Concurrent Scan Root Regions 0.016ms
[37.649s][info   ][gc,marking    ] GC(315) Concurrent Mark (37.649s)
[37.649s][info   ][gc,marking    ] GC(315) Concurrent Mark From Roots
[37.649s][info   ][gc,task       ] GC(315) Using 2 workers of 2 for marking
[37.651s][info   ][gc,marking    ] GC(315) Concurrent Mark From Roots 2.730ms
[37.651s][info   ][gc,marking    ] GC(315) Concurrent Preclean
[37.652s][info   ][gc,marking    ] GC(315) Concurrent Preclean 0.040ms
[37.652s][info   ][gc,marking    ] GC(315) Concurrent Mark (37.649s, 37.652s) 2.825ms
[37.652s][info   ][gc,start      ] GC(315) Pause Remark
[37.652s][info   ][gc,stringtable] GC(315) Cleaned string and symbol table, strings: 1384 processed, 0 removed, symbols: 16327 processed, 0 removed
[37.652s][info   ][gc            ] GC(315) Pause Remark 141M->141M(256M) 0.521ms
[37.652s][info   ][gc,cpu        ] GC(315) User=0.00s Sys=0.00s Real=0.00s
[37.652s][info   ][gc,marking    ] GC(315) Concurrent Rebuild Remembered Sets
[37.653s][info   ][gc,marking    ] GC(315) Concurrent Rebuild Remembered Sets 1.014ms
[37.653s][info   ][gc,start      ] GC(315) Pause Cleanup
[37.653s][info   ][gc            ] GC(315) Pause Cleanup 141M->141M(256M) 0.097ms
[37.653s][info   ][gc,cpu        ] GC(315) User=0.00s Sys=0.00s Real=0.00s
[37.653s][info   ][gc,marking    ] GC(315) Concurrent Cleanup for Next Mark
[37.654s][info   ][gc,marking    ] GC(315) Concurrent Cleanup for Next Mark 0.362ms
[37.654s][info   ][gc            ] GC(315) Concurrent Cycle 5.232ms
[37.704s][info   ][gc,start      ] GC(316) Pause Young (Concurrent Start) (G1 Humongous Allocation)
[37.704s][info   ][gc,task       ] GC(316) Using 6 workers of 9 for evacuation
[37.705s][info   ][gc,phases     ] GC(316)   Pre Evacuate Collection Set: 0.1ms
[37.705s][info   ][gc,phases     ] GC(316)   Evacuate Collection Set: 0.9ms
[37.705s][info   ][gc,phases     ] GC(316)   Post Evacuate Collection Set: 0.1ms
[37.705s][info   ][gc,phases     ] GC(316)   Other: 0.5ms
[37.705s][info   ][gc,heap       ] GC(316) Eden regions: 0->0(13)
[37.705s][info   ][gc,heap       ] GC(316) Survivor regions: 0->0(2)
[37.705s][info   ][gc,heap       ] GC(316) Old regions: 1->1
[37.705s][info   ][gc,heap       ] GC(316) Archive regions: 0->0
[37.705s][info   ][gc,heap       ] GC(316) Humongous regions: 141->140
[37.705s][info   ][gc,metaspace  ] GC(316) Metaspace: 3424K(4864K)->3424K(4864K) NonClass: 3120K(4352K)->3120K(4352K) Class: 304K(512K)->304K(512K)
[37.705s][info   ][gc            ] GC(316) Pause Young (Concurrent Start) (G1 Humongous Allocation) 141M->140M(256M) 1.964ms
[37.706s][info   ][gc,cpu        ] GC(316) User=0.00s Sys=0.00s Real=0.00s
[37.706s][info   ][gc            ] GC(317) Concurrent Cycle
[37.706s][info   ][gc,marking    ] GC(317) Concurrent Clear Claimed Marks
[37.706s][info   ][gc,marking    ] GC(317) Concurrent Clear Claimed Marks 0.015ms
[37.706s][info   ][gc,marking    ] GC(317) Concurrent Scan Root Regions
[37.706s][info   ][gc,marking    ] GC(317) Concurrent Scan Root Regions 0.009ms
[37.706s][info   ][gc,marking    ] GC(317) Concurrent Mark (37.706s)
[37.706s][info   ][gc,marking    ] GC(317) Concurrent Mark From Roots
[37.706s][info   ][gc,task       ] GC(317) Using 2 workers of 2 for marking
[37.707s][info   ][gc,marking    ] GC(317) Concurrent Mark From Roots 1.678ms
[37.707s][info   ][gc,marking    ] GC(317) Concurrent Preclean
[37.707s][info   ][gc,marking    ] GC(317) Concurrent Preclean 0.035ms
[37.707s][info   ][gc,marking    ] GC(317) Concurrent Mark (37.706s, 37.707s) 1.757ms
[37.707s][info   ][gc,start      ] GC(317) Pause Remark
[37.708s][info   ][gc,stringtable] GC(317) Cleaned string and symbol table, strings: 1384 processed, 0 removed, symbols: 16327 processed, 0 removed
[37.708s][info   ][gc            ] GC(317) Pause Remark 141M->141M(256M) 0.509ms
[37.708s][info   ][gc,cpu        ] GC(317) User=0.00s Sys=0.00s Real=0.00s
[37.708s][info   ][gc,marking    ] GC(317) Concurrent Rebuild Remembered Sets
[37.709s][info   ][gc,marking    ] GC(317) Concurrent Rebuild Remembered Sets 0.999ms
[37.709s][info   ][gc,start      ] GC(317) Pause Cleanup
[37.709s][info   ][gc            ] GC(317) Pause Cleanup 141M->141M(256M) 0.073ms
[37.709s][info   ][gc,cpu        ] GC(317) User=0.00s Sys=0.00s Real=0.00s
[37.709s][info   ][gc,marking    ] GC(317) Concurrent Cleanup for Next Mark
[37.709s][info   ][gc,marking    ] GC(317) Concurrent Cleanup for Next Mark 0.229ms
[37.710s][info   ][gc            ] GC(317) Concurrent Cycle 3.979ms
[37.760s][info   ][gc,start      ] GC(318) Pause Young (Concurrent Start) (G1 Humongous Allocation)
[37.760s][info   ][gc,task       ] GC(318) Using 6 workers of 9 for evacuation
[37.761s][info   ][gc,phases     ] GC(318)   Pre Evacuate Collection Set: 0.1ms
[37.761s][info   ][gc,phases     ] GC(318)   Evacuate Collection Set: 0.2ms
[37.761s][info   ][gc,phases     ] GC(318)   Post Evacuate Collection Set: 0.1ms
[37.761s][info   ][gc,phases     ] GC(318)   Other: 0.3ms
[37.761s][info   ][gc,heap       ] GC(318) Eden regions: 0->0(13)
[37.761s][info   ][gc,heap       ] GC(318) Survivor regions: 0->0(2)
[37.761s][info   ][gc,heap       ] GC(318) Old regions: 1->1
[37.761s][info   ][gc,heap       ] GC(318) Archive regions: 0->0
[37.761s][info   ][gc,heap       ] GC(318) Humongous regions: 141->140
[37.761s][info   ][gc,metaspace  ] GC(318) Metaspace: 3424K(4864K)->3424K(4864K) NonClass: 3120K(4352K)->3120K(4352K) Class: 304K(512K)->304K(512K)
[37.761s][info   ][gc            ] GC(318) Pause Young (Concurrent Start) (G1 Humongous Allocation) 141M->140M(256M) 0.793ms
[37.761s][info   ][gc,cpu        ] GC(318) User=0.00s Sys=0.00s Real=0.00s
[37.761s][info   ][gc            ] GC(319) Concurrent Cycle
[37.761s][info   ][gc,marking    ] GC(319) Concurrent Clear Claimed Marks
[37.761s][info   ][gc,marking    ] GC(319) Concurrent Clear Claimed Marks 0.013ms
[37.761s][info   ][gc,marking    ] GC(319) Concurrent Scan Root Regions
[37.761s][info   ][gc,marking    ] GC(319) Concurrent Scan Root Regions 0.012ms
[37.761s][info   ][gc,marking    ] GC(319) Concurrent Mark (37.761s)
[37.761s][info   ][gc,marking    ] GC(319) Concurrent Mark From Roots
[37.761s][info   ][gc,task       ] GC(319) Using 2 workers of 2 for marking
[37.763s][info   ][gc,marking    ] GC(319) Concurrent Mark From Roots 2.175ms
[37.763s][info   ][gc,marking    ] GC(319) Concurrent Preclean
[37.763s][info   ][gc,marking    ] GC(319) Concurrent Preclean 0.039ms
[37.763s][info   ][gc,marking    ] GC(319) Concurrent Mark (37.761s, 37.763s) 2.353ms
[37.763s][info   ][gc,start      ] GC(319) Pause Remark
[37.764s][info   ][gc,stringtable] GC(319) Cleaned string and symbol table, strings: 1384 processed, 0 removed, symbols: 16327 processed, 0 removed
[37.764s][info   ][gc            ] GC(319) Pause Remark 141M->141M(256M) 0.941ms
[37.764s][info   ][gc,cpu        ] GC(319) User=0.00s Sys=0.00s Real=0.00s
[37.764s][info   ][gc,marking    ] GC(319) Concurrent Rebuild Remembered Sets
[37.765s][info   ][gc,marking    ] GC(319) Concurrent Rebuild Remembered Sets 0.997ms
[37.765s][info   ][gc,start      ] GC(319) Pause Cleanup
[37.766s][info   ][gc            ] GC(319) Pause Cleanup 141M->141M(256M) 0.091ms
[37.766s][info   ][gc,cpu        ] GC(319) User=0.00s Sys=0.01s Real=0.00s
[37.766s][info   ][gc,marking    ] GC(319) Concurrent Cleanup for Next Mark
[37.766s][info   ][gc,marking    ] GC(319) Concurrent Cleanup for Next Mark 0.276ms
[37.766s][info   ][gc            ] GC(319) Concurrent Cycle 5.082ms
[37.812s][info   ][gc,start      ] GC(320) Pause Young (Concurrent Start) (G1 Humongous Allocation)
[37.812s][info   ][gc,task       ] GC(320) Using 6 workers of 9 for evacuation
[37.812s][info   ][gc,phases     ] GC(320)   Pre Evacuate Collection Set: 0.1ms
[37.812s][info   ][gc,phases     ] GC(320)   Evacuate Collection Set: 0.4ms
[37.812s][info   ][gc,phases     ] GC(320)   Post Evacuate Collection Set: 0.1ms
[37.813s][info   ][gc,phases     ] GC(320)   Other: 0.3ms
[37.813s][info   ][gc,heap       ] GC(320) Eden regions: 0->0(13)
[37.813s][info   ][gc,heap       ] GC(320) Survivor regions: 0->0(2)
[37.813s][info   ][gc,heap       ] GC(320) Old regions: 1->1
[37.813s][info   ][gc,heap       ] GC(320) Archive regions: 0->0
[37.813s][info   ][gc,heap       ] GC(320) Humongous regions: 141->140
[37.813s][info   ][gc,metaspace  ] GC(320) Metaspace: 3424K(4864K)->3424K(4864K) NonClass: 3120K(4352K)->3120K(4352K) Class: 304K(512K)->304K(512K)
[37.813s][info   ][gc            ] GC(320) Pause Young (Concurrent Start) (G1 Humongous Allocation) 141M->140M(256M) 1.019ms
[37.813s][info   ][gc,cpu        ] GC(320) User=0.00s Sys=0.00s Real=0.00s
[37.813s][info   ][gc            ] GC(321) Concurrent Cycle
[37.813s][info   ][gc,marking    ] GC(321) Concurrent Clear Claimed Marks
[37.813s][info   ][gc,marking    ] GC(321) Concurrent Clear Claimed Marks 0.017ms
[37.813s][info   ][gc,marking    ] GC(321) Concurrent Scan Root Regions
[37.813s][info   ][gc,marking    ] GC(321) Concurrent Scan Root Regions 0.008ms
[37.813s][info   ][gc,marking    ] GC(321) Concurrent Mark (37.813s)
[37.813s][info   ][gc,marking    ] GC(321) Concurrent Mark From Roots
[37.813s][info   ][gc,task       ] GC(321) Using 2 workers of 2 for marking
[37.814s][info   ][gc,marking    ] GC(321) Concurrent Mark From Roots 1.291ms
[37.814s][info   ][gc,marking    ] GC(321) Concurrent Preclean
[37.814s][info   ][gc,marking    ] GC(321) Concurrent Preclean 0.032ms
[37.814s][info   ][gc,marking    ] GC(321) Concurrent Mark (37.813s, 37.814s) 1.358ms
[37.814s][info   ][gc,start      ] GC(321) Pause Remark
[37.815s][info   ][gc,stringtable] GC(321) Cleaned string and symbol table, strings: 1384 processed, 0 removed, symbols: 16327 processed, 0 removed
[37.815s][info   ][gc            ] GC(321) Pause Remark 141M->141M(256M) 0.844ms
[37.815s][info   ][gc,cpu        ] GC(321) User=0.00s Sys=0.00s Real=0.00s
[37.815s][info   ][gc,marking    ] GC(321) Concurrent Rebuild Remembered Sets
[37.816s][info   ][gc,marking    ] GC(321) Concurrent Rebuild Remembered Sets 0.909ms
[37.816s][info   ][gc,start      ] GC(321) Pause Cleanup
[37.816s][info   ][gc            ] GC(321) Pause Cleanup 141M->141M(256M) 0.117ms
[37.816s][info   ][gc,cpu        ] GC(321) User=0.00s Sys=0.00s Real=0.00s
[37.816s][info   ][gc,marking    ] GC(321) Concurrent Cleanup for Next Mark
[37.816s][info   ][gc,marking    ] GC(321) Concurrent Cleanup for Next Mark 0.232ms
[37.816s][info   ][gc            ] GC(321) Concurrent Cycle 3.837ms
[37.868s][info   ][gc,start      ] GC(322) Pause Young (Concurrent Start) (G1 Humongous Allocation)
[37.868s][info   ][gc,task       ] GC(322) Using 6 workers of 9 for evacuation
[37.869s][info   ][gc,phases     ] GC(322)   Pre Evacuate Collection Set: 0.2ms
[37.869s][info   ][gc,phases     ] GC(322)   Evacuate Collection Set: 0.5ms
[37.869s][info   ][gc,phases     ] GC(322)   Post Evacuate Collection Set: 0.1ms
[37.869s][info   ][gc,phases     ] GC(322)   Other: 0.5ms
[37.869s][info   ][gc,heap       ] GC(322) Eden regions: 0->0(13)
[37.869s][info   ][gc,heap       ] GC(322) Survivor regions: 0->0(2)
[37.869s][info   ][gc,heap       ] GC(322) Old regions: 1->1
[37.869s][info   ][gc,heap       ] GC(322) Archive regions: 0->0
[37.869s][info   ][gc,heap       ] GC(322) Humongous regions: 141->140
[37.869s][info   ][gc,metaspace  ] GC(322) Metaspace: 3424K(4864K)->3424K(4864K) NonClass: 3120K(4352K)->3120K(4352K) Class: 304K(512K)->304K(512K)
[37.870s][info   ][gc            ] GC(322) Pause Young (Concurrent Start) (G1 Humongous Allocation) 141M->140M(256M) 1.479ms
[37.870s][info   ][gc,cpu        ] GC(322) User=0.00s Sys=0.00s Real=0.01s
[37.870s][info   ][gc            ] GC(323) Concurrent Cycle
[37.870s][info   ][gc,marking    ] GC(323) Concurrent Clear Claimed Marks
[37.870s][info   ][gc,marking    ] GC(323) Concurrent Clear Claimed Marks 0.016ms
[37.870s][info   ][gc,marking    ] GC(323) Concurrent Scan Root Regions
[37.870s][info   ][gc,marking    ] GC(323) Concurrent Scan Root Regions 0.012ms
[37.870s][info   ][gc,marking    ] GC(323) Concurrent Mark (37.870s)
[37.870s][info   ][gc,marking    ] GC(323) Concurrent Mark From Roots
[37.870s][info   ][gc,task       ] GC(323) Using 2 workers of 2 for marking
[37.873s][info   ][gc,marking    ] GC(323) Concurrent Mark From Roots 2.777ms
[37.873s][info   ][gc,marking    ] GC(323) Concurrent Preclean
[37.873s][info   ][gc,marking    ] GC(323) Concurrent Preclean 0.041ms
[37.873s][info   ][gc,marking    ] GC(323) Concurrent Mark (37.870s, 37.873s) 3.023ms
[37.873s][info   ][gc,start      ] GC(323) Pause Remark
[37.874s][info   ][gc,stringtable] GC(323) Cleaned string and symbol table, strings: 1384 processed, 0 removed, symbols: 16327 processed, 0 removed
[37.874s][info   ][gc            ] GC(323) Pause Remark 141M->141M(256M) 1.158ms
[37.874s][info   ][gc,cpu        ] GC(323) User=0.00s Sys=0.00s Real=0.00s
[37.874s][info   ][gc,marking    ] GC(323) Concurrent Rebuild Remembered Sets
[37.875s][info   ][gc,marking    ] GC(323) Concurrent Rebuild Remembered Sets 0.985ms
[37.875s][info   ][gc,start      ] GC(323) Pause Cleanup
[37.875s][info   ][gc            ] GC(323) Pause Cleanup 141M->141M(256M) 0.088ms
[37.875s][info   ][gc,cpu        ] GC(323) User=0.00s Sys=0.00s Real=0.00s
[37.875s][info   ][gc,marking    ] GC(323) Concurrent Cleanup for Next Mark
[37.876s][info   ][gc,marking    ] GC(323) Concurrent Cleanup for Next Mark 0.285ms
[37.876s][info   ][gc            ] GC(323) Concurrent Cycle 6.013ms
[37.921s][info   ][gc,start      ] GC(324) Pause Young (Concurrent Start) (G1 Humongous Allocation)
[37.921s][info   ][gc,task       ] GC(324) Using 6 workers of 9 for evacuation
[37.922s][info   ][gc,phases     ] GC(324)   Pre Evacuate Collection Set: 0.3ms
[37.922s][info   ][gc,phases     ] GC(324)   Evacuate Collection Set: 0.5ms
[37.923s][info   ][gc,phases     ] GC(324)   Post Evacuate Collection Set: 0.1ms
[37.923s][info   ][gc,phases     ] GC(324)   Other: 0.5ms
[37.923s][info   ][gc,heap       ] GC(324) Eden regions: 0->0(13)
[37.923s][info   ][gc,heap       ] GC(324) Survivor regions: 0->0(2)
[37.923s][info   ][gc,heap       ] GC(324) Old regions: 1->1
[37.923s][info   ][gc,heap       ] GC(324) Archive regions: 0->0
[37.923s][info   ][gc,heap       ] GC(324) Humongous regions: 141->140
[37.923s][info   ][gc,metaspace  ] GC(324) Metaspace: 3424K(4864K)->3424K(4864K) NonClass: 3120K(4352K)->3120K(4352K) Class: 304K(512K)->304K(512K)
[37.923s][info   ][gc            ] GC(324) Pause Young (Concurrent Start) (G1 Humongous Allocation) 141M->140M(256M) 1.687ms
[37.923s][info   ][gc,cpu        ] GC(324) User=0.00s Sys=0.00s Real=0.00s
[37.923s][info   ][gc            ] GC(325) Concurrent Cycle
[37.923s][info   ][gc,marking    ] GC(325) Concurrent Clear Claimed Marks
[37.923s][info   ][gc,marking    ] GC(325) Concurrent Clear Claimed Marks 0.025ms
[37.923s][info   ][gc,marking    ] GC(325) Concurrent Scan Root Regions
[37.923s][info   ][gc,marking    ] GC(325) Concurrent Scan Root Regions 0.016ms
[37.923s][info   ][gc,marking    ] GC(325) Concurrent Mark (37.923s)
[37.923s][info   ][gc,marking    ] GC(325) Concurrent Mark From Roots
[37.923s][info   ][gc,task       ] GC(325) Using 2 workers of 2 for marking
[37.925s][info   ][gc,marking    ] GC(325) Concurrent Mark From Roots 2.255ms
[37.925s][info   ][gc,marking    ] GC(325) Concurrent Preclean
[37.925s][info   ][gc,marking    ] GC(325) Concurrent Preclean 0.035ms
[37.925s][info   ][gc,marking    ] GC(325) Concurrent Mark (37.923s, 37.925s) 2.341ms
[37.925s][info   ][gc,start      ] GC(325) Pause Remark
[37.926s][info   ][gc,stringtable] GC(325) Cleaned string and symbol table, strings: 1384 processed, 0 removed, symbols: 16327 processed, 0 removed
[37.926s][info   ][gc            ] GC(325) Pause Remark 141M->141M(256M) 0.532ms
[37.926s][info   ][gc,cpu        ] GC(325) User=0.00s Sys=0.00s Real=0.00s
[37.926s][info   ][gc,marking    ] GC(325) Concurrent Rebuild Remembered Sets
[37.927s][info   ][gc,marking    ] GC(325) Concurrent Rebuild Remembered Sets 1.003ms
[37.927s][info   ][gc,start      ] GC(325) Pause Cleanup
[37.927s][info   ][gc            ] GC(325) Pause Cleanup 141M->141M(256M) 0.102ms
[37.927s][info   ][gc,cpu        ] GC(325) User=0.00s Sys=0.00s Real=0.00s
[37.927s][info   ][gc,marking    ] GC(325) Concurrent Cleanup for Next Mark
[37.928s][info   ][gc,marking    ] GC(325) Concurrent Cleanup for Next Mark 0.300ms
[37.928s][info   ][gc            ] GC(325) Concurrent Cycle 4.712ms
[37.978s][info   ][gc,start      ] GC(326) Pause Young (Concurrent Start) (G1 Humongous Allocation)
[37.978s][info   ][gc,task       ] GC(326) Using 6 workers of 9 for evacuation
[37.980s][info   ][gc,phases     ] GC(326)   Pre Evacuate Collection Set: 0.1ms
[37.980s][info   ][gc,phases     ] GC(326)   Evacuate Collection Set: 0.6ms
[37.980s][info   ][gc,phases     ] GC(326)   Post Evacuate Collection Set: 0.1ms
[37.980s][info   ][gc,phases     ] GC(326)   Other: 0.5ms
[37.980s][info   ][gc,heap       ] GC(326) Eden regions: 0->0(13)
[37.980s][info   ][gc,heap       ] GC(326) Survivor regions: 0->0(2)
[37.980s][info   ][gc,heap       ] GC(326) Old regions: 1->1
[37.980s][info   ][gc,heap       ] GC(326) Archive regions: 0->0
[37.980s][info   ][gc,heap       ] GC(326) Humongous regions: 141->140
[37.980s][info   ][gc,metaspace  ] GC(326) Metaspace: 3424K(4864K)->3424K(4864K) NonClass: 3120K(4352K)->3120K(4352K) Class: 304K(512K)->304K(512K)
[37.980s][info   ][gc            ] GC(326) Pause Young (Concurrent Start) (G1 Humongous Allocation) 141M->140M(256M) 1.586ms
[37.980s][info   ][gc,cpu        ] GC(326) User=0.00s Sys=0.00s Real=0.01s
[37.980s][info   ][gc            ] GC(327) Concurrent Cycle
[37.980s][info   ][gc,marking    ] GC(327) Concurrent Clear Claimed Marks
[37.980s][info   ][gc,marking    ] GC(327) Concurrent Clear Claimed Marks 0.022ms
[37.980s][info   ][gc,marking    ] GC(327) Concurrent Scan Root Regions
[37.980s][info   ][gc,marking    ] GC(327) Concurrent Scan Root Regions 0.011ms
[37.980s][info   ][gc,marking    ] GC(327) Concurrent Mark (37.980s)
[37.980s][info   ][gc,marking    ] GC(327) Concurrent Mark From Roots
[37.980s][info   ][gc,task       ] GC(327) Using 2 workers of 2 for marking
[37.982s][info   ][gc,marking    ] GC(327) Concurrent Mark From Roots 1.975ms
[37.982s][info   ][gc,marking    ] GC(327) Concurrent Preclean
[37.982s][info   ][gc,marking    ] GC(327) Concurrent Preclean 0.033ms
[37.982s][info   ][gc,marking    ] GC(327) Concurrent Mark (37.980s, 37.982s) 2.058ms
[37.982s][info   ][gc,start      ] GC(327) Pause Remark
[37.983s][info   ][gc,stringtable] GC(327) Cleaned string and symbol table, strings: 1384 processed, 0 removed, symbols: 16327 processed, 0 removed
[37.983s][info   ][gc            ] GC(327) Pause Remark 143M->143M(256M) 0.523ms
[37.983s][info   ][gc,cpu        ] GC(327) User=0.00s Sys=0.00s Real=0.00s
[37.983s][info   ][gc,marking    ] GC(327) Concurrent Rebuild Remembered Sets
[37.984s][info   ][gc,marking    ] GC(327) Concurrent Rebuild Remembered Sets 1.008ms
[37.984s][info   ][gc,start      ] GC(327) Pause Cleanup
[37.984s][info   ][gc            ] GC(327) Pause Cleanup 143M->143M(256M) 0.095ms
[37.984s][info   ][gc,cpu        ] GC(327) User=0.00s Sys=0.00s Real=0.00s
[37.984s][info   ][gc,marking    ] GC(327) Concurrent Cleanup for Next Mark
[37.984s][info   ][gc,marking    ] GC(327) Concurrent Cleanup for Next Mark 0.298ms
[37.984s][info   ][gc            ] GC(327) Concurrent Cycle 4.411ms
[38.036s][info   ][gc,start      ] GC(328) Pause Young (Concurrent Start) (G1 Humongous Allocation)
[38.036s][info   ][gc,task       ] GC(328) Using 6 workers of 9 for evacuation
[38.037s][info   ][gc,phases     ] GC(328)   Pre Evacuate Collection Set: 0.1ms
[38.037s][info   ][gc,phases     ] GC(328)   Evacuate Collection Set: 0.5ms
[38.037s][info   ][gc,phases     ] GC(328)   Post Evacuate Collection Set: 0.1ms
[38.037s][info   ][gc,phases     ] GC(328)   Other: 0.5ms
[38.037s][info   ][gc,heap       ] GC(328) Eden regions: 0->0(13)
[38.037s][info   ][gc,heap       ] GC(328) Survivor regions: 0->0(2)
[38.037s][info   ][gc,heap       ] GC(328) Old regions: 1->1
[38.037s][info   ][gc,heap       ] GC(328) Archive regions: 0->0
[38.037s][info   ][gc,heap       ] GC(328) Humongous regions: 143->142
[38.037s][info   ][gc,metaspace  ] GC(328) Metaspace: 3424K(4864K)->3424K(4864K) NonClass: 3120K(4352K)->3120K(4352K) Class: 304K(512K)->304K(512K)
[38.037s][info   ][gc            ] GC(328) Pause Young (Concurrent Start) (G1 Humongous Allocation) 143M->142M(256M) 1.423ms
[38.037s][info   ][gc,cpu        ] GC(328) User=0.01s Sys=0.00s Real=0.00s
[38.038s][info   ][gc            ] GC(329) Concurrent Cycle
[38.038s][info   ][gc,marking    ] GC(329) Concurrent Clear Claimed Marks
[38.038s][info   ][gc,marking    ] GC(329) Concurrent Clear Claimed Marks 0.258ms
[38.038s][info   ][gc,marking    ] GC(329) Concurrent Scan Root Regions
[38.038s][info   ][gc,marking    ] GC(329) Concurrent Scan Root Regions 0.022ms
[38.038s][info   ][gc,marking    ] GC(329) Concurrent Mark (38.038s)
[38.038s][info   ][gc,marking    ] GC(329) Concurrent Mark From Roots
[38.038s][info   ][gc,task       ] GC(329) Using 2 workers of 2 for marking
[38.041s][info   ][gc,marking    ] GC(329) Concurrent Mark From Roots 2.628ms
[38.041s][info   ][gc,marking    ] GC(329) Concurrent Preclean
[38.041s][info   ][gc,marking    ] GC(329) Concurrent Preclean 0.112ms
[38.041s][info   ][gc,marking    ] GC(329) Concurrent Mark (38.038s, 38.041s) 2.828ms
[38.041s][info   ][gc,start      ] GC(329) Pause Remark
[38.041s][info   ][gc,stringtable] GC(329) Cleaned string and symbol table, strings: 1384 processed, 0 removed, symbols: 16327 processed, 0 removed
[38.041s][info   ][gc            ] GC(329) Pause Remark 143M->143M(256M) 0.513ms
[38.041s][info   ][gc,cpu        ] GC(329) User=0.00s Sys=0.00s Real=0.00s
[38.041s][info   ][gc,marking    ] GC(329) Concurrent Rebuild Remembered Sets
[38.042s][info   ][gc,marking    ] GC(329) Concurrent Rebuild Remembered Sets 0.974ms
[38.043s][info   ][gc,start      ] GC(329) Pause Cleanup
[38.043s][info   ][gc            ] GC(329) Pause Cleanup 143M->143M(256M) 0.090ms
[38.043s][info   ][gc,cpu        ] GC(329) User=0.00s Sys=0.00s Real=0.00s
[38.043s][info   ][gc,marking    ] GC(329) Concurrent Cleanup for Next Mark
[38.043s][info   ][gc,marking    ] GC(329) Concurrent Cleanup for Next Mark 0.272ms
[38.043s][info   ][gc            ] GC(329) Concurrent Cycle 5.353ms
[38.091s][info   ][gc,start      ] GC(330) Pause Young (Concurrent Start) (G1 Humongous Allocation)
[38.091s][info   ][gc,task       ] GC(330) Using 6 workers of 9 for evacuation
[38.092s][info   ][gc,phases     ] GC(330)   Pre Evacuate Collection Set: 0.1ms
[38.092s][info   ][gc,phases     ] GC(330)   Evacuate Collection Set: 0.3ms
[38.092s][info   ][gc,phases     ] GC(330)   Post Evacuate Collection Set: 0.1ms
[38.092s][info   ][gc,phases     ] GC(330)   Other: 0.4ms
[38.092s][info   ][gc,heap       ] GC(330) Eden regions: 0->0(13)
[38.092s][info   ][gc,heap       ] GC(330) Survivor regions: 0->0(2)
[38.092s][info   ][gc,heap       ] GC(330) Old regions: 1->1
[38.092s][info   ][gc,heap       ] GC(330) Archive regions: 0->0
[38.092s][info   ][gc,heap       ] GC(330) Humongous regions: 143->142
[38.092s][info   ][gc,metaspace  ] GC(330) Metaspace: 3424K(4864K)->3424K(4864K) NonClass: 3120K(4352K)->3120K(4352K) Class: 304K(512K)->304K(512K)
[38.092s][info   ][gc            ] GC(330) Pause Young (Concurrent Start) (G1 Humongous Allocation) 143M->142M(256M) 1.106ms
[38.092s][info   ][gc,cpu        ] GC(330) User=0.01s Sys=0.01s Real=0.00s
[38.092s][info   ][gc            ] GC(331) Concurrent Cycle
[38.092s][info   ][gc,marking    ] GC(331) Concurrent Clear Claimed Marks
[38.092s][info   ][gc,marking    ] GC(331) Concurrent Clear Claimed Marks 0.019ms
[38.092s][info   ][gc,marking    ] GC(331) Concurrent Scan Root Regions
[38.092s][info   ][gc,marking    ] GC(331) Concurrent Scan Root Regions 0.009ms
[38.092s][info   ][gc,marking    ] GC(331) Concurrent Mark (38.092s)
[38.092s][info   ][gc,marking    ] GC(331) Concurrent Mark From Roots
[38.092s][info   ][gc,task       ] GC(331) Using 2 workers of 2 for marking
[38.094s][info   ][gc,marking    ] GC(331) Concurrent Mark From Roots 1.338ms
[38.094s][info   ][gc,marking    ] GC(331) Concurrent Preclean
[38.094s][info   ][gc,marking    ] GC(331) Concurrent Preclean 0.027ms
[38.094s][info   ][gc,marking    ] GC(331) Concurrent Mark (38.092s, 38.094s) 1.426ms
[38.094s][info   ][gc,start      ] GC(331) Pause Remark
[38.094s][info   ][gc,stringtable] GC(331) Cleaned string and symbol table, strings: 1384 processed, 0 removed, symbols: 16327 processed, 0 removed
[38.094s][info   ][gc            ] GC(331) Pause Remark 143M->143M(256M) 0.570ms
[38.094s][info   ][gc,cpu        ] GC(331) User=0.00s Sys=0.00s Real=0.00s
[38.095s][info   ][gc,marking    ] GC(331) Concurrent Rebuild Remembered Sets
[38.095s][info   ][gc,marking    ] GC(331) Concurrent Rebuild Remembered Sets 0.705ms
[38.095s][info   ][gc,start      ] GC(331) Pause Cleanup
[38.095s][info   ][gc            ] GC(331) Pause Cleanup 143M->143M(256M) 0.090ms
[38.095s][info   ][gc,cpu        ] GC(331) User=0.00s Sys=0.00s Real=0.00s
[38.095s][info   ][gc,marking    ] GC(331) Concurrent Cleanup for Next Mark
[38.096s][info   ][gc,marking    ] GC(331) Concurrent Cleanup for Next Mark 0.299ms
[38.096s][info   ][gc            ] GC(331) Concurrent Cycle 3.479ms
[38.147s][info   ][gc,start      ] GC(332) Pause Young (Concurrent Start) (G1 Humongous Allocation)
[38.147s][info   ][gc,task       ] GC(332) Using 6 workers of 9 for evacuation
[38.148s][info   ][gc,phases     ] GC(332)   Pre Evacuate Collection Set: 0.1ms
[38.148s][info   ][gc,phases     ] GC(332)   Evacuate Collection Set: 0.2ms
[38.148s][info   ][gc,phases     ] GC(332)   Post Evacuate Collection Set: 0.1ms
[38.148s][info   ][gc,phases     ] GC(332)   Other: 0.3ms
[38.148s][info   ][gc,heap       ] GC(332) Eden regions: 0->0(13)
[38.148s][info   ][gc,heap       ] GC(332) Survivor regions: 0->0(2)
[38.148s][info   ][gc,heap       ] GC(332) Old regions: 1->1
[38.148s][info   ][gc,heap       ] GC(332) Archive regions: 0->0
[38.148s][info   ][gc,heap       ] GC(332) Humongous regions: 143->142
[38.148s][info   ][gc,metaspace  ] GC(332) Metaspace: 3424K(4864K)->3424K(4864K) NonClass: 3120K(4352K)->3120K(4352K) Class: 304K(512K)->304K(512K)
[38.148s][info   ][gc            ] GC(332) Pause Young (Concurrent Start) (G1 Humongous Allocation) 143M->142M(256M) 0.827ms
[38.148s][info   ][gc,cpu        ] GC(332) User=0.00s Sys=0.00s Real=0.00s
[38.148s][info   ][gc            ] GC(333) Concurrent Cycle
[38.148s][info   ][gc,marking    ] GC(333) Concurrent Clear Claimed Marks
[38.148s][info   ][gc,marking    ] GC(333) Concurrent Clear Claimed Marks 0.014ms
[38.148s][info   ][gc,marking    ] GC(333) Concurrent Scan Root Regions
[38.148s][info   ][gc,marking    ] GC(333) Concurrent Scan Root Regions 0.011ms
[38.148s][info   ][gc,marking    ] GC(333) Concurrent Mark (38.148s)
[38.148s][info   ][gc,marking    ] GC(333) Concurrent Mark From Roots
[38.148s][info   ][gc,task       ] GC(333) Using 2 workers of 2 for marking
[38.150s][info   ][gc,marking    ] GC(333) Concurrent Mark From Roots 1.688ms
[38.150s][info   ][gc,marking    ] GC(333) Concurrent Preclean
[38.150s][info   ][gc,marking    ] GC(333) Concurrent Preclean 0.038ms
[38.150s][info   ][gc,marking    ] GC(333) Concurrent Mark (38.148s, 38.150s) 1.767ms
[38.150s][info   ][gc,start      ] GC(333) Pause Remark
[38.151s][info   ][gc,stringtable] GC(333) Cleaned string and symbol table, strings: 1384 processed, 0 removed, symbols: 16327 processed, 0 removed
[38.151s][info   ][gc            ] GC(333) Pause Remark 143M->143M(256M) 1.141ms
[38.151s][info   ][gc,cpu        ] GC(333) User=0.01s Sys=0.00s Real=0.00s
[38.151s][info   ][gc,marking    ] GC(333) Concurrent Rebuild Remembered Sets
[38.152s][info   ][gc,marking    ] GC(333) Concurrent Rebuild Remembered Sets 1.027ms
[38.152s][info   ][gc,start      ] GC(333) Pause Cleanup
[38.152s][info   ][gc            ] GC(333) Pause Cleanup 143M->143M(256M) 0.079ms
[38.152s][info   ][gc,cpu        ] GC(333) User=0.00s Sys=0.00s Real=0.00s
[38.152s][info   ][gc,marking    ] GC(333) Concurrent Cleanup for Next Mark
[38.153s][info   ][gc,marking    ] GC(333) Concurrent Cleanup for Next Mark 0.340ms
[38.153s][info   ][gc            ] GC(333) Concurrent Cycle 4.728ms
[38.203s][info   ][gc,start      ] GC(334) Pause Young (Concurrent Start) (G1 Humongous Allocation)
[38.204s][info   ][gc,task       ] GC(334) Using 6 workers of 9 for evacuation
[38.206s][info   ][gc,phases     ] GC(334)   Pre Evacuate Collection Set: 0.2ms
[38.206s][info   ][gc,phases     ] GC(334)   Evacuate Collection Set: 0.5ms
[38.206s][info   ][gc,phases     ] GC(334)   Post Evacuate Collection Set: 0.1ms
[38.206s][info   ][gc,phases     ] GC(334)   Other: 2.2ms
[38.206s][info   ][gc,heap       ] GC(334) Eden regions: 0->0(13)
[38.206s][info   ][gc,heap       ] GC(334) Survivor regions: 0->0(2)
[38.206s][info   ][gc,heap       ] GC(334) Old regions: 1->1
[38.206s][info   ][gc,heap       ] GC(334) Archive regions: 0->0
[38.206s][info   ][gc,heap       ] GC(334) Humongous regions: 143->142
[38.206s][info   ][gc,metaspace  ] GC(334) Metaspace: 3424K(4864K)->3424K(4864K) NonClass: 3120K(4352K)->3120K(4352K) Class: 304K(512K)->304K(512K)
[38.206s][info   ][gc            ] GC(334) Pause Young (Concurrent Start) (G1 Humongous Allocation) 143M->142M(256M) 3.224ms
[38.207s][info   ][gc,cpu        ] GC(334) User=0.00s Sys=0.00s Real=0.00s
[38.207s][info   ][gc            ] GC(335) Concurrent Cycle
[38.207s][info   ][gc,marking    ] GC(335) Concurrent Clear Claimed Marks
[38.207s][info   ][gc,marking    ] GC(335) Concurrent Clear Claimed Marks 0.014ms
[38.207s][info   ][gc,marking    ] GC(335) Concurrent Scan Root Regions
[38.207s][info   ][gc,marking    ] GC(335) Concurrent Scan Root Regions 0.009ms
[38.207s][info   ][gc,marking    ] GC(335) Concurrent Mark (38.207s)
[38.207s][info   ][gc,marking    ] GC(335) Concurrent Mark From Roots
[38.207s][info   ][gc,task       ] GC(335) Using 2 workers of 2 for marking
[38.208s][info   ][gc,marking    ] GC(335) Concurrent Mark From Roots 1.614ms
[38.208s][info   ][gc,marking    ] GC(335) Concurrent Preclean
[38.208s][info   ][gc,marking    ] GC(335) Concurrent Preclean 0.034ms
[38.208s][info   ][gc,marking    ] GC(335) Concurrent Mark (38.207s, 38.208s) 1.748ms
[38.209s][info   ][gc,start      ] GC(335) Pause Remark
[38.209s][info   ][gc,stringtable] GC(335) Cleaned string and symbol table, strings: 1384 processed, 0 removed, symbols: 16327 processed, 0 removed
[38.209s][info   ][gc            ] GC(335) Pause Remark 143M->143M(256M) 0.549ms
[38.209s][info   ][gc,cpu        ] GC(335) User=0.00s Sys=0.00s Real=0.01s
[38.209s][info   ][gc,marking    ] GC(335) Concurrent Rebuild Remembered Sets
[38.210s][info   ][gc,marking    ] GC(335) Concurrent Rebuild Remembered Sets 0.952ms
[38.210s][info   ][gc,start      ] GC(335) Pause Cleanup
[38.210s][info   ][gc            ] GC(335) Pause Cleanup 143M->143M(256M) 0.102ms
[38.210s][info   ][gc,cpu        ] GC(335) User=0.00s Sys=0.00s Real=0.00s
[38.210s][info   ][gc,marking    ] GC(335) Concurrent Cleanup for Next Mark
[38.211s][info   ][gc,marking    ] GC(335) Concurrent Cleanup for Next Mark 0.265ms
[38.211s][info   ][gc            ] GC(335) Concurrent Cycle 3.995ms
[38.260s][info   ][gc,start      ] GC(336) Pause Young (Concurrent Start) (G1 Humongous Allocation)
[38.260s][info   ][gc,task       ] GC(336) Using 6 workers of 9 for evacuation
[38.261s][info   ][gc,phases     ] GC(336)   Pre Evacuate Collection Set: 0.1ms
[38.261s][info   ][gc,phases     ] GC(336)   Evacuate Collection Set: 0.2ms
[38.261s][info   ][gc,phases     ] GC(336)   Post Evacuate Collection Set: 0.1ms
[38.261s][info   ][gc,phases     ] GC(336)   Other: 0.3ms
[38.261s][info   ][gc,heap       ] GC(336) Eden regions: 0->0(13)
[38.261s][info   ][gc,heap       ] GC(336) Survivor regions: 0->0(2)
[38.261s][info   ][gc,heap       ] GC(336) Old regions: 1->1
[38.261s][info   ][gc,heap       ] GC(336) Archive regions: 0->0
[38.261s][info   ][gc,heap       ] GC(336) Humongous regions: 143->142
[38.261s][info   ][gc,metaspace  ] GC(336) Metaspace: 3424K(4864K)->3424K(4864K) NonClass: 3120K(4352K)->3120K(4352K) Class: 304K(512K)->304K(512K)
[38.261s][info   ][gc            ] GC(336) Pause Young (Concurrent Start) (G1 Humongous Allocation) 143M->142M(256M) 0.824ms
[38.261s][info   ][gc,cpu        ] GC(336) User=0.00s Sys=0.00s Real=0.00s
[38.261s][info   ][gc            ] GC(337) Concurrent Cycle
[38.261s][info   ][gc,marking    ] GC(337) Concurrent Clear Claimed Marks
[38.261s][info   ][gc,marking    ] GC(337) Concurrent Clear Claimed Marks 0.010ms
[38.261s][info   ][gc,marking    ] GC(337) Concurrent Scan Root Regions
[38.261s][info   ][gc,marking    ] GC(337) Concurrent Scan Root Regions 0.008ms
[38.261s][info   ][gc,marking    ] GC(337) Concurrent Mark (38.261s)
[38.261s][info   ][gc,marking    ] GC(337) Concurrent Mark From Roots
[38.261s][info   ][gc,task       ] GC(337) Using 2 workers of 2 for marking
[38.263s][info   ][gc,marking    ] GC(337) Concurrent Mark From Roots 1.636ms
[38.263s][info   ][gc,marking    ] GC(337) Concurrent Preclean
[38.263s][info   ][gc,marking    ] GC(337) Concurrent Preclean 0.033ms
[38.263s][info   ][gc,marking    ] GC(337) Concurrent Mark (38.261s, 38.263s) 1.711ms
[38.263s][info   ][gc,start      ] GC(337) Pause Remark
[38.264s][info   ][gc,stringtable] GC(337) Cleaned string and symbol table, strings: 1384 processed, 0 removed, symbols: 16327 processed, 0 removed
[38.264s][info   ][gc            ] GC(337) Pause Remark 143M->143M(256M) 1.200ms
[38.264s][info   ][gc,cpu        ] GC(337) User=0.00s Sys=0.00s Real=0.00s
[38.264s][info   ][gc,marking    ] GC(337) Concurrent Rebuild Remembered Sets
[38.265s][info   ][gc,marking    ] GC(337) Concurrent Rebuild Remembered Sets 0.841ms
[38.265s][info   ][gc,start      ] GC(337) Pause Cleanup
[38.265s][info   ][gc            ] GC(337) Pause Cleanup 143M->143M(256M) 0.087ms
[38.265s][info   ][gc,cpu        ] GC(337) User=0.00s Sys=0.00s Real=0.00s
[38.265s][info   ][gc,marking    ] GC(337) Concurrent Cleanup for Next Mark
[38.265s][info   ][gc,marking    ] GC(337) Concurrent Cleanup for Next Mark 0.279ms
[38.266s][info   ][gc            ] GC(337) Concurrent Cycle 4.480ms
[38.315s][info   ][gc,start      ] GC(338) Pause Young (Concurrent Start) (G1 Humongous Allocation)
[38.315s][info   ][gc,task       ] GC(338) Using 6 workers of 9 for evacuation
[38.316s][info   ][gc,phases     ] GC(338)   Pre Evacuate Collection Set: 0.1ms
[38.316s][info   ][gc,phases     ] GC(338)   Evacuate Collection Set: 0.5ms
[38.316s][info   ][gc,phases     ] GC(338)   Post Evacuate Collection Set: 0.1ms
[38.316s][info   ][gc,phases     ] GC(338)   Other: 0.5ms
[38.316s][info   ][gc,heap       ] GC(338) Eden regions: 0->0(13)
[38.316s][info   ][gc,heap       ] GC(338) Survivor regions: 0->0(2)
[38.316s][info   ][gc,heap       ] GC(338) Old regions: 1->1
[38.316s][info   ][gc,heap       ] GC(338) Archive regions: 0->0
[38.316s][info   ][gc,heap       ] GC(338) Humongous regions: 143->142
[38.316s][info   ][gc,metaspace  ] GC(338) Metaspace: 3424K(4864K)->3424K(4864K) NonClass: 3120K(4352K)->3120K(4352K) Class: 304K(512K)->304K(512K)
[38.316s][info   ][gc            ] GC(338) Pause Young (Concurrent Start) (G1 Humongous Allocation) 143M->142M(256M) 1.422ms
[38.316s][info   ][gc,cpu        ] GC(338) User=0.00s Sys=0.00s Real=0.00s
[38.316s][info   ][gc            ] GC(339) Concurrent Cycle
[38.316s][info   ][gc,marking    ] GC(339) Concurrent Clear Claimed Marks
[38.316s][info   ][gc,marking    ] GC(339) Concurrent Clear Claimed Marks 0.024ms
[38.316s][info   ][gc,marking    ] GC(339) Concurrent Scan Root Regions
[38.316s][info   ][gc,marking    ] GC(339) Concurrent Scan Root Regions 0.015ms
[38.316s][info   ][gc,marking    ] GC(339) Concurrent Mark (38.316s)
[38.316s][info   ][gc,marking    ] GC(339) Concurrent Mark From Roots
[38.316s][info   ][gc,task       ] GC(339) Using 2 workers of 2 for marking
[38.319s][info   ][gc,marking    ] GC(339) Concurrent Mark From Roots 2.492ms
[38.319s][info   ][gc,marking    ] GC(339) Concurrent Preclean
[38.319s][info   ][gc,marking    ] GC(339) Concurrent Preclean 0.035ms
[38.319s][info   ][gc,marking    ] GC(339) Concurrent Mark (38.316s, 38.319s) 2.579ms
[38.319s][info   ][gc,start      ] GC(339) Pause Remark
[38.319s][info   ][gc,stringtable] GC(339) Cleaned string and symbol table, strings: 1384 processed, 0 removed, symbols: 16327 processed, 0 removed
[38.320s][info   ][gc            ] GC(339) Pause Remark 143M->143M(256M) 0.513ms
[38.320s][info   ][gc,cpu        ] GC(339) User=0.00s Sys=0.00s Real=0.01s
[38.320s][info   ][gc,marking    ] GC(339) Concurrent Rebuild Remembered Sets
[38.321s][info   ][gc,marking    ] GC(339) Concurrent Rebuild Remembered Sets 0.971ms
[38.321s][info   ][gc,start      ] GC(339) Pause Cleanup
[38.321s][info   ][gc            ] GC(339) Pause Cleanup 143M->143M(256M) 0.122ms
[38.321s][info   ][gc,cpu        ] GC(339) User=0.00s Sys=0.00s Real=0.00s
[38.321s][info   ][gc,marking    ] GC(339) Concurrent Cleanup for Next Mark
[38.321s][info   ][gc,marking    ] GC(339) Concurrent Cleanup for Next Mark 0.268ms
[38.321s][info   ][gc            ] GC(339) Concurrent Cycle 4.901ms
[38.373s][info   ][gc,start      ] GC(340) Pause Young (Concurrent Start) (G1 Humongous Allocation)
[38.373s][info   ][gc,task       ] GC(340) Using 6 workers of 9 for evacuation
[38.376s][info   ][gc,phases     ] GC(340)   Pre Evacuate Collection Set: 0.2ms
[38.376s][info   ][gc,phases     ] GC(340)   Evacuate Collection Set: 1.8ms
[38.376s][info   ][gc,phases     ] GC(340)   Post Evacuate Collection Set: 0.2ms
[38.376s][info   ][gc,phases     ] GC(340)   Other: 0.7ms
[38.376s][info   ][gc,heap       ] GC(340) Eden regions: 0->0(13)
[38.376s][info   ][gc,heap       ] GC(340) Survivor regions: 0->0(2)
[38.376s][info   ][gc,heap       ] GC(340) Old regions: 1->1
[38.376s][info   ][gc,heap       ] GC(340) Archive regions: 0->0
[38.376s][info   ][gc,heap       ] GC(340) Humongous regions: 143->142
[38.376s][info   ][gc,metaspace  ] GC(340) Metaspace: 3424K(4864K)->3424K(4864K) NonClass: 3120K(4352K)->3120K(4352K) Class: 304K(512K)->304K(512K)
[38.376s][info   ][gc            ] GC(340) Pause Young (Concurrent Start) (G1 Humongous Allocation) 143M->142M(256M) 2.894ms
[38.376s][info   ][gc,cpu        ] GC(340) User=0.00s Sys=0.00s Real=0.00s
[38.376s][info   ][gc            ] GC(341) Concurrent Cycle
[38.376s][info   ][gc,marking    ] GC(341) Concurrent Clear Claimed Marks
[38.376s][info   ][gc,marking    ] GC(341) Concurrent Clear Claimed Marks 0.009ms
[38.376s][info   ][gc,marking    ] GC(341) Concurrent Scan Root Regions
[38.376s][info   ][gc,marking    ] GC(341) Concurrent Scan Root Regions 0.008ms
[38.376s][info   ][gc,marking    ] GC(341) Concurrent Mark (38.376s)
[38.376s][info   ][gc,marking    ] GC(341) Concurrent Mark From Roots
[38.376s][info   ][gc,task       ] GC(341) Using 2 workers of 2 for marking
[38.377s][info   ][gc,marking    ] GC(341) Concurrent Mark From Roots 1.239ms
[38.377s][info   ][gc,marking    ] GC(341) Concurrent Preclean
[38.377s][info   ][gc,marking    ] GC(341) Concurrent Preclean 0.033ms
[38.377s][info   ][gc,marking    ] GC(341) Concurrent Mark (38.376s, 38.377s) 1.301ms
[38.377s][info   ][gc,start      ] GC(341) Pause Remark
[38.378s][info   ][gc,stringtable] GC(341) Cleaned string and symbol table, strings: 1384 processed, 0 removed, symbols: 16327 processed, 0 removed
[38.378s][info   ][gc            ] GC(341) Pause Remark 143M->143M(256M) 0.503ms
[38.378s][info   ][gc,cpu        ] GC(341) User=0.00s Sys=0.00s Real=0.00s
[38.378s][info   ][gc,marking    ] GC(341) Concurrent Rebuild Remembered Sets
[38.379s][info   ][gc,marking    ] GC(341) Concurrent Rebuild Remembered Sets 1.008ms
[38.379s][info   ][gc,start      ] GC(341) Pause Cleanup
[38.379s][info   ][gc            ] GC(341) Pause Cleanup 143M->143M(256M) 0.091ms
[38.379s][info   ][gc,cpu        ] GC(341) User=0.00s Sys=0.00s Real=0.00s
[38.379s][info   ][gc,marking    ] GC(341) Concurrent Cleanup for Next Mark
[38.379s][info   ][gc,marking    ] GC(341) Concurrent Cleanup for Next Mark 0.285ms
[38.379s][info   ][gc            ] GC(341) Concurrent Cycle 3.512ms
[38.431s][info   ][gc,start      ] GC(342) Pause Young (Concurrent Start) (G1 Humongous Allocation)
[38.431s][info   ][gc,task       ] GC(342) Using 6 workers of 9 for evacuation
[38.432s][info   ][gc,phases     ] GC(342)   Pre Evacuate Collection Set: 0.2ms
[38.433s][info   ][gc,phases     ] GC(342)   Evacuate Collection Set: 0.5ms
[38.433s][info   ][gc,phases     ] GC(342)   Post Evacuate Collection Set: 0.1ms
[38.433s][info   ][gc,phases     ] GC(342)   Other: 0.5ms
[38.433s][info   ][gc,heap       ] GC(342) Eden regions: 0->0(13)
[38.433s][info   ][gc,heap       ] GC(342) Survivor regions: 0->0(2)
[38.433s][info   ][gc,heap       ] GC(342) Old regions: 1->1
[38.433s][info   ][gc,heap       ] GC(342) Archive regions: 0->0
[38.433s][info   ][gc,heap       ] GC(342) Humongous regions: 143->142
[38.433s][info   ][gc,metaspace  ] GC(342) Metaspace: 3424K(4864K)->3424K(4864K) NonClass: 3120K(4352K)->3120K(4352K) Class: 304K(512K)->304K(512K)
[38.433s][info   ][gc            ] GC(342) Pause Young (Concurrent Start) (G1 Humongous Allocation) 143M->142M(256M) 1.547ms
[38.433s][info   ][gc,cpu        ] GC(342) User=0.00s Sys=0.00s Real=0.00s
[38.433s][info   ][gc            ] GC(343) Concurrent Cycle
[38.433s][info   ][gc,marking    ] GC(343) Concurrent Clear Claimed Marks
[38.433s][info   ][gc,marking    ] GC(343) Concurrent Clear Claimed Marks 0.022ms
[38.433s][info   ][gc,marking    ] GC(343) Concurrent Scan Root Regions
[38.433s][info   ][gc,marking    ] GC(343) Concurrent Scan Root Regions 0.017ms
[38.433s][info   ][gc,marking    ] GC(343) Concurrent Mark (38.433s)
[38.433s][info   ][gc,marking    ] GC(343) Concurrent Mark From Roots
[38.433s][info   ][gc,task       ] GC(343) Using 2 workers of 2 for marking
[38.435s][info   ][gc,marking    ] GC(343) Concurrent Mark From Roots 1.874ms
[38.435s][info   ][gc,marking    ] GC(343) Concurrent Preclean
[38.435s][info   ][gc,marking    ] GC(343) Concurrent Preclean 0.087ms
[38.435s][info   ][gc,marking    ] GC(343) Concurrent Mark (38.433s, 38.435s) 2.020ms
[38.435s][info   ][gc,start      ] GC(343) Pause Remark
[38.435s][info   ][gc,stringtable] GC(343) Cleaned string and symbol table, strings: 1384 processed, 0 removed, symbols: 16327 processed, 0 removed
[38.436s][info   ][gc            ] GC(343) Pause Remark 143M->143M(256M) 0.490ms
[38.436s][info   ][gc,cpu        ] GC(343) User=0.01s Sys=0.00s Real=0.00s
[38.436s][info   ][gc,marking    ] GC(343) Concurrent Rebuild Remembered Sets
[38.437s][info   ][gc,marking    ] GC(343) Concurrent Rebuild Remembered Sets 0.980ms
[38.437s][info   ][gc,start      ] GC(343) Pause Cleanup
[38.437s][info   ][gc            ] GC(343) Pause Cleanup 143M->143M(256M) 0.075ms
[38.437s][info   ][gc,cpu        ] GC(343) User=0.00s Sys=0.00s Real=0.00s
[38.437s][info   ][gc,marking    ] GC(343) Concurrent Cleanup for Next Mark
[38.437s][info   ][gc,marking    ] GC(343) Concurrent Cleanup for Next Mark 0.284ms
[38.437s][info   ][gc            ] GC(343) Concurrent Cycle 4.259ms
[38.485s][info   ][gc,start      ] GC(344) Pause Young (Concurrent Start) (G1 Humongous Allocation)
[38.485s][info   ][gc,task       ] GC(344) Using 6 workers of 9 for evacuation
[38.486s][info   ][gc,phases     ] GC(344)   Pre Evacuate Collection Set: 0.2ms
[38.486s][info   ][gc,phases     ] GC(344)   Evacuate Collection Set: 0.5ms
[38.486s][info   ][gc,phases     ] GC(344)   Post Evacuate Collection Set: 0.1ms
[38.486s][info   ][gc,phases     ] GC(344)   Other: 0.5ms
[38.486s][info   ][gc,heap       ] GC(344) Eden regions: 0->0(13)
[38.486s][info   ][gc,heap       ] GC(344) Survivor regions: 0->0(2)
[38.486s][info   ][gc,heap       ] GC(344) Old regions: 1->1
[38.486s][info   ][gc,heap       ] GC(344) Archive regions: 0->0
[38.486s][info   ][gc,heap       ] GC(344) Humongous regions: 143->142
[38.486s][info   ][gc,metaspace  ] GC(344) Metaspace: 3424K(4864K)->3424K(4864K) NonClass: 3120K(4352K)->3120K(4352K) Class: 304K(512K)->304K(512K)
[38.486s][info   ][gc            ] GC(344) Pause Young (Concurrent Start) (G1 Humongous Allocation) 143M->142M(256M) 1.486ms
[38.486s][info   ][gc,cpu        ] GC(344) User=0.00s Sys=0.00s Real=0.00s
[38.486s][info   ][gc            ] GC(345) Concurrent Cycle
[38.486s][info   ][gc,marking    ] GC(345) Concurrent Clear Claimed Marks
[38.486s][info   ][gc,marking    ] GC(345) Concurrent Clear Claimed Marks 0.027ms
[38.486s][info   ][gc,marking    ] GC(345) Concurrent Scan Root Regions
[38.486s][info   ][gc,marking    ] GC(345) Concurrent Scan Root Regions 0.029ms
[38.486s][info   ][gc,marking    ] GC(345) Concurrent Mark (38.486s)
[38.486s][info   ][gc,marking    ] GC(345) Concurrent Mark From Roots
[38.486s][info   ][gc,task       ] GC(345) Using 2 workers of 2 for marking
[38.489s][info   ][gc,marking    ] GC(345) Concurrent Mark From Roots 2.174ms
[38.489s][info   ][gc,marking    ] GC(345) Concurrent Preclean
[38.489s][info   ][gc,marking    ] GC(345) Concurrent Preclean 0.040ms
[38.489s][info   ][gc,marking    ] GC(345) Concurrent Mark (38.486s, 38.489s) 2.290ms
[38.489s][info   ][gc,start      ] GC(345) Pause Remark
[38.489s][info   ][gc,stringtable] GC(345) Cleaned string and symbol table, strings: 1384 processed, 0 removed, symbols: 16327 processed, 0 removed
[38.489s][info   ][gc            ] GC(345) Pause Remark 143M->143M(256M) 0.641ms
[38.489s][info   ][gc,cpu        ] GC(345) User=0.00s Sys=0.00s Real=0.01s
[38.489s][info   ][gc,marking    ] GC(345) Concurrent Rebuild Remembered Sets
[38.490s][info   ][gc,marking    ] GC(345) Concurrent Rebuild Remembered Sets 1.000ms
[38.491s][info   ][gc,start      ] GC(345) Pause Cleanup
[38.491s][info   ][gc            ] GC(345) Pause Cleanup 143M->143M(256M) 0.097ms
[38.491s][info   ][gc,cpu        ] GC(345) User=0.00s Sys=0.00s Real=0.00s
[38.491s][info   ][gc,marking    ] GC(345) Concurrent Cleanup for Next Mark
[38.491s][info   ][gc,marking    ] GC(345) Concurrent Cleanup for Next Mark 0.305ms
[38.491s][info   ][gc            ] GC(345) Concurrent Cycle 4.849ms
[38.541s][info   ][gc,start      ] GC(346) Pause Young (Concurrent Start) (G1 Humongous Allocation)
[38.541s][info   ][gc,task       ] GC(346) Using 6 workers of 9 for evacuation
[38.543s][info   ][gc,phases     ] GC(346)   Pre Evacuate Collection Set: 0.1ms
[38.543s][info   ][gc,phases     ] GC(346)   Evacuate Collection Set: 0.8ms
[38.543s][info   ][gc,phases     ] GC(346)   Post Evacuate Collection Set: 0.3ms
[38.543s][info   ][gc,phases     ] GC(346)   Other: 0.4ms
[38.543s][info   ][gc,heap       ] GC(346) Eden regions: 0->0(13)
[38.543s][info   ][gc,heap       ] GC(346) Survivor regions: 0->0(2)
[38.543s][info   ][gc,heap       ] GC(346) Old regions: 1->1
[38.543s][info   ][gc,heap       ] GC(346) Archive regions: 0->0
[38.543s][info   ][gc,heap       ] GC(346) Humongous regions: 143->142
[38.543s][info   ][gc,metaspace  ] GC(346) Metaspace: 3424K(4864K)->3424K(4864K) NonClass: 3120K(4352K)->3120K(4352K) Class: 304K(512K)->304K(512K)
[38.543s][info   ][gc            ] GC(346) Pause Young (Concurrent Start) (G1 Humongous Allocation) 143M->142M(256M) 2.131ms
[38.543s][info   ][gc,cpu        ] GC(346) User=0.00s Sys=0.00s Real=0.00s
[38.543s][info   ][gc            ] GC(347) Concurrent Cycle
[38.543s][info   ][gc,marking    ] GC(347) Concurrent Clear Claimed Marks
[38.543s][info   ][gc,marking    ] GC(347) Concurrent Clear Claimed Marks 0.011ms
[38.543s][info   ][gc,marking    ] GC(347) Concurrent Scan Root Regions
[38.543s][info   ][gc,marking    ] GC(347) Concurrent Scan Root Regions 0.008ms
[38.543s][info   ][gc,marking    ] GC(347) Concurrent Mark (38.543s)
[38.543s][info   ][gc,marking    ] GC(347) Concurrent Mark From Roots
[38.543s][info   ][gc,task       ] GC(347) Using 2 workers of 2 for marking
[38.546s][info   ][gc,marking    ] GC(347) Concurrent Mark From Roots 2.264ms
[38.546s][info   ][gc,marking    ] GC(347) Concurrent Preclean
[38.546s][info   ][gc,marking    ] GC(347) Concurrent Preclean 0.036ms
[38.546s][info   ][gc,marking    ] GC(347) Concurrent Mark (38.543s, 38.546s) 2.339ms
[38.546s][info   ][gc,start      ] GC(347) Pause Remark
[38.546s][info   ][gc,stringtable] GC(347) Cleaned string and symbol table, strings: 1384 processed, 0 removed, symbols: 16327 processed, 0 removed
[38.546s][info   ][gc            ] GC(347) Pause Remark 145M->145M(256M) 0.474ms
[38.546s][info   ][gc,cpu        ] GC(347) User=0.00s Sys=0.00s Real=0.00s
[38.546s][info   ][gc,marking    ] GC(347) Concurrent Rebuild Remembered Sets
[38.547s][info   ][gc,marking    ] GC(347) Concurrent Rebuild Remembered Sets 0.988ms
[38.547s][info   ][gc,start      ] GC(347) Pause Cleanup
[38.547s][info   ][gc            ] GC(347) Pause Cleanup 145M->145M(256M) 0.091ms
[38.547s][info   ][gc,cpu        ] GC(347) User=0.00s Sys=0.00s Real=0.00s
[38.547s][info   ][gc,marking    ] GC(347) Concurrent Cleanup for Next Mark
[38.548s][info   ][gc,marking    ] GC(347) Concurrent Cleanup for Next Mark 0.282ms
[38.548s][info   ][gc            ] GC(347) Concurrent Cycle 4.514ms
[38.597s][info   ][gc,start      ] GC(348) Pause Young (Concurrent Start) (G1 Humongous Allocation)
[38.598s][info   ][gc,task       ] GC(348) Using 6 workers of 9 for evacuation
[38.599s][info   ][gc,phases     ] GC(348)   Pre Evacuate Collection Set: 0.2ms
[38.599s][info   ][gc,phases     ] GC(348)   Evacuate Collection Set: 0.4ms
[38.599s][info   ][gc,phases     ] GC(348)   Post Evacuate Collection Set: 0.1ms
[38.599s][info   ][gc,phases     ] GC(348)   Other: 0.5ms
[38.599s][info   ][gc,heap       ] GC(348) Eden regions: 0->0(13)
[38.599s][info   ][gc,heap       ] GC(348) Survivor regions: 0->0(2)
[38.599s][info   ][gc,heap       ] GC(348) Old regions: 1->1
[38.599s][info   ][gc,heap       ] GC(348) Archive regions: 0->0
[38.599s][info   ][gc,heap       ] GC(348) Humongous regions: 145->144
[38.599s][info   ][gc,metaspace  ] GC(348) Metaspace: 3424K(4864K)->3424K(4864K) NonClass: 3120K(4352K)->3120K(4352K) Class: 304K(512K)->304K(512K)
[38.599s][info   ][gc            ] GC(348) Pause Young (Concurrent Start) (G1 Humongous Allocation) 145M->144M(256M) 1.407ms
[38.599s][info   ][gc,cpu        ] GC(348) User=0.00s Sys=0.00s Real=0.00s
[38.599s][info   ][gc            ] GC(349) Concurrent Cycle
[38.599s][info   ][gc,marking    ] GC(349) Concurrent Clear Claimed Marks
[38.599s][info   ][gc,marking    ] GC(349) Concurrent Clear Claimed Marks 0.023ms
[38.599s][info   ][gc,marking    ] GC(349) Concurrent Scan Root Regions
[38.599s][info   ][gc,marking    ] GC(349) Concurrent Scan Root Regions 0.013ms
[38.599s][info   ][gc,marking    ] GC(349) Concurrent Mark (38.599s)
[38.599s][info   ][gc,marking    ] GC(349) Concurrent Mark From Roots
[38.599s][info   ][gc,task       ] GC(349) Using 2 workers of 2 for marking
[38.601s][info   ][gc,marking    ] GC(349) Concurrent Mark From Roots 2.084ms
[38.601s][info   ][gc,marking    ] GC(349) Concurrent Preclean
[38.601s][info   ][gc,marking    ] GC(349) Concurrent Preclean 0.041ms
[38.601s][info   ][gc,marking    ] GC(349) Concurrent Mark (38.599s, 38.601s) 2.168ms
[38.601s][info   ][gc,start      ] GC(349) Pause Remark
[38.602s][info   ][gc,stringtable] GC(349) Cleaned string and symbol table, strings: 1384 processed, 0 removed, symbols: 16327 processed, 0 removed
[38.603s][info   ][gc            ] GC(349) Pause Remark 145M->145M(256M) 1.338ms
[38.603s][info   ][gc,cpu        ] GC(349) User=0.00s Sys=0.00s Real=0.00s
[38.603s][info   ][gc,marking    ] GC(349) Concurrent Rebuild Remembered Sets
[38.604s][info   ][gc,marking    ] GC(349) Concurrent Rebuild Remembered Sets 1.044ms
[38.604s][info   ][gc,start      ] GC(349) Pause Cleanup
[38.604s][info   ][gc            ] GC(349) Pause Cleanup 145M->145M(256M) 0.080ms
[38.604s][info   ][gc,cpu        ] GC(349) User=0.00s Sys=0.00s Real=0.00s
[38.604s][info   ][gc,marking    ] GC(349) Concurrent Cleanup for Next Mark
[38.604s][info   ][gc,marking    ] GC(349) Concurrent Cleanup for Next Mark 0.326ms
[38.604s][info   ][gc            ] GC(349) Concurrent Cycle 5.379ms
[38.651s][info   ][gc,start      ] GC(350) Pause Young (Concurrent Start) (G1 Humongous Allocation)
[38.651s][info   ][gc,task       ] GC(350) Using 6 workers of 9 for evacuation
[38.652s][info   ][gc,phases     ] GC(350)   Pre Evacuate Collection Set: 0.1ms
[38.652s][info   ][gc,phases     ] GC(350)   Evacuate Collection Set: 0.5ms
[38.652s][info   ][gc,phases     ] GC(350)   Post Evacuate Collection Set: 0.1ms
[38.652s][info   ][gc,phases     ] GC(350)   Other: 0.4ms
[38.652s][info   ][gc,heap       ] GC(350) Eden regions: 0->0(13)
[38.652s][info   ][gc,heap       ] GC(350) Survivor regions: 0->0(2)
[38.652s][info   ][gc,heap       ] GC(350) Old regions: 1->1
[38.652s][info   ][gc,heap       ] GC(350) Archive regions: 0->0
[38.652s][info   ][gc,heap       ] GC(350) Humongous regions: 145->144
[38.652s][info   ][gc,metaspace  ] GC(350) Metaspace: 3424K(4864K)->3424K(4864K) NonClass: 3120K(4352K)->3120K(4352K) Class: 304K(512K)->304K(512K)
[38.652s][info   ][gc            ] GC(350) Pause Young (Concurrent Start) (G1 Humongous Allocation) 145M->144M(256M) 1.355ms
[38.652s][info   ][gc,cpu        ] GC(350) User=0.00s Sys=0.00s Real=0.00s
[38.652s][info   ][gc            ] GC(351) Concurrent Cycle
[38.652s][info   ][gc,marking    ] GC(351) Concurrent Clear Claimed Marks
[38.652s][info   ][gc,marking    ] GC(351) Concurrent Clear Claimed Marks 0.022ms
[38.652s][info   ][gc,marking    ] GC(351) Concurrent Scan Root Regions
[38.652s][info   ][gc,marking    ] GC(351) Concurrent Scan Root Regions 0.015ms
[38.652s][info   ][gc,marking    ] GC(351) Concurrent Mark (38.652s)
[38.652s][info   ][gc,marking    ] GC(351) Concurrent Mark From Roots
[38.652s][info   ][gc,task       ] GC(351) Using 2 workers of 2 for marking
[38.654s][info   ][gc,marking    ] GC(351) Concurrent Mark From Roots 1.445ms
[38.654s][info   ][gc,marking    ] GC(351) Concurrent Preclean
[38.654s][info   ][gc,marking    ] GC(351) Concurrent Preclean 0.030ms
[38.654s][info   ][gc,marking    ] GC(351) Concurrent Mark (38.652s, 38.654s) 1.519ms
[38.654s][info   ][gc,start      ] GC(351) Pause Remark
[38.655s][info   ][gc,stringtable] GC(351) Cleaned string and symbol table, strings: 1384 processed, 0 removed, symbols: 16327 processed, 0 removed
[38.655s][info   ][gc            ] GC(351) Pause Remark 145M->145M(256M) 1.219ms
[38.655s][info   ][gc,cpu        ] GC(351) User=0.00s Sys=0.00s Real=0.00s
[38.655s][info   ][gc,marking    ] GC(351) Concurrent Rebuild Remembered Sets
[38.656s][info   ][gc,marking    ] GC(351) Concurrent Rebuild Remembered Sets 1.035ms
[38.656s][info   ][gc,start      ] GC(351) Pause Cleanup
[38.656s][info   ][gc            ] GC(351) Pause Cleanup 145M->145M(256M) 0.089ms
[38.657s][info   ][gc,cpu        ] GC(351) User=0.00s Sys=0.00s Real=0.00s
[38.657s][info   ][gc,marking    ] GC(351) Concurrent Cleanup for Next Mark
[38.657s][info   ][gc,marking    ] GC(351) Concurrent Cleanup for Next Mark 0.327ms
[38.657s][info   ][gc            ] GC(351) Concurrent Cycle 4.624ms
[38.706s][info   ][gc,start      ] GC(352) Pause Young (Concurrent Start) (G1 Humongous Allocation)
[38.706s][info   ][gc,task       ] GC(352) Using 6 workers of 9 for evacuation
[38.707s][info   ][gc,phases     ] GC(352)   Pre Evacuate Collection Set: 0.1ms
[38.707s][info   ][gc,phases     ] GC(352)   Evacuate Collection Set: 0.4ms
[38.707s][info   ][gc,phases     ] GC(352)   Post Evacuate Collection Set: 0.1ms
[38.707s][info   ][gc,phases     ] GC(352)   Other: 0.4ms
[38.707s][info   ][gc,heap       ] GC(352) Eden regions: 0->0(13)
[38.707s][info   ][gc,heap       ] GC(352) Survivor regions: 0->0(2)
[38.707s][info   ][gc,heap       ] GC(352) Old regions: 1->1
[38.707s][info   ][gc,heap       ] GC(352) Archive regions: 0->0
[38.707s][info   ][gc,heap       ] GC(352) Humongous regions: 145->144
[38.707s][info   ][gc,metaspace  ] GC(352) Metaspace: 3424K(4864K)->3424K(4864K) NonClass: 3120K(4352K)->3120K(4352K) Class: 304K(512K)->304K(512K)
[38.707s][info   ][gc            ] GC(352) Pause Young (Concurrent Start) (G1 Humongous Allocation) 145M->144M(256M) 1.222ms
[38.707s][info   ][gc,cpu        ] GC(352) User=0.00s Sys=0.00s Real=0.00s
[38.707s][info   ][gc            ] GC(353) Concurrent Cycle
[38.707s][info   ][gc,marking    ] GC(353) Concurrent Clear Claimed Marks
[38.707s][info   ][gc,marking    ] GC(353) Concurrent Clear Claimed Marks 0.020ms
[38.707s][info   ][gc,marking    ] GC(353) Concurrent Scan Root Regions
[38.707s][info   ][gc,marking    ] GC(353) Concurrent Scan Root Regions 0.013ms
[38.707s][info   ][gc,marking    ] GC(353) Concurrent Mark (38.707s)
[38.707s][info   ][gc,marking    ] GC(353) Concurrent Mark From Roots
[38.707s][info   ][gc,task       ] GC(353) Using 2 workers of 2 for marking
[38.709s][info   ][gc,marking    ] GC(353) Concurrent Mark From Roots 2.155ms
[38.709s][info   ][gc,marking    ] GC(353) Concurrent Preclean
[38.709s][info   ][gc,marking    ] GC(353) Concurrent Preclean 0.042ms
[38.709s][info   ][gc,marking    ] GC(353) Concurrent Mark (38.707s, 38.709s) 2.251ms
[38.709s][info   ][gc,start      ] GC(353) Pause Remark
[38.710s][info   ][gc,stringtable] GC(353) Cleaned string and symbol table, strings: 1384 processed, 0 removed, symbols: 16327 processed, 0 removed
[38.710s][info   ][gc            ] GC(353) Pause Remark 145M->145M(256M) 0.571ms
[38.710s][info   ][gc,cpu        ] GC(353) User=0.00s Sys=0.00s Real=0.00s
[38.710s][info   ][gc,marking    ] GC(353) Concurrent Rebuild Remembered Sets
[38.711s][info   ][gc,marking    ] GC(353) Concurrent Rebuild Remembered Sets 0.985ms
[38.711s][info   ][gc,start      ] GC(353) Pause Cleanup
[38.711s][info   ][gc            ] GC(353) Pause Cleanup 145M->145M(256M) 0.075ms
[38.711s][info   ][gc,cpu        ] GC(353) User=0.00s Sys=0.00s Real=0.00s
[38.711s][info   ][gc,marking    ] GC(353) Concurrent Cleanup for Next Mark
[38.712s][info   ][gc,marking    ] GC(353) Concurrent Cleanup for Next Mark 0.353ms
[38.712s][info   ][gc            ] GC(353) Concurrent Cycle 4.642ms
[38.761s][info   ][gc,start      ] GC(354) Pause Young (Concurrent Start) (G1 Humongous Allocation)
[38.762s][info   ][gc,task       ] GC(354) Using 6 workers of 9 for evacuation
[38.763s][info   ][gc,phases     ] GC(354)   Pre Evacuate Collection Set: 0.1ms
[38.763s][info   ][gc,phases     ] GC(354)   Evacuate Collection Set: 0.5ms
[38.763s][info   ][gc,phases     ] GC(354)   Post Evacuate Collection Set: 0.1ms
[38.763s][info   ][gc,phases     ] GC(354)   Other: 0.4ms
[38.763s][info   ][gc,heap       ] GC(354) Eden regions: 0->0(13)
[38.763s][info   ][gc,heap       ] GC(354) Survivor regions: 0->0(2)
[38.763s][info   ][gc,heap       ] GC(354) Old regions: 1->1
[38.763s][info   ][gc,heap       ] GC(354) Archive regions: 0->0
[38.763s][info   ][gc,heap       ] GC(354) Humongous regions: 145->144
[38.763s][info   ][gc,metaspace  ] GC(354) Metaspace: 3424K(4864K)->3424K(4864K) NonClass: 3120K(4352K)->3120K(4352K) Class: 304K(512K)->304K(512K)
[38.763s][info   ][gc            ] GC(354) Pause Young (Concurrent Start) (G1 Humongous Allocation) 145M->144M(256M) 1.377ms
[38.763s][info   ][gc,cpu        ] GC(354) User=0.00s Sys=0.01s Real=0.00s
[38.763s][info   ][gc            ] GC(355) Concurrent Cycle
[38.763s][info   ][gc,marking    ] GC(355) Concurrent Clear Claimed Marks
[38.763s][info   ][gc,marking    ] GC(355) Concurrent Clear Claimed Marks 0.028ms
[38.763s][info   ][gc,marking    ] GC(355) Concurrent Scan Root Regions
[38.763s][info   ][gc,marking    ] GC(355) Concurrent Scan Root Regions 0.017ms
[38.763s][info   ][gc,marking    ] GC(355) Concurrent Mark (38.763s)
[38.763s][info   ][gc,marking    ] GC(355) Concurrent Mark From Roots
[38.763s][info   ][gc,task       ] GC(355) Using 2 workers of 2 for marking
[38.765s][info   ][gc,marking    ] GC(355) Concurrent Mark From Roots 2.047ms
[38.765s][info   ][gc,marking    ] GC(355) Concurrent Preclean
[38.765s][info   ][gc,marking    ] GC(355) Concurrent Preclean 0.035ms
[38.765s][info   ][gc,marking    ] GC(355) Concurrent Mark (38.763s, 38.765s) 2.134ms
[38.765s][info   ][gc,start      ] GC(355) Pause Remark
[38.766s][info   ][gc,stringtable] GC(355) Cleaned string and symbol table, strings: 1384 processed, 0 removed, symbols: 16327 processed, 0 removed
[38.766s][info   ][gc            ] GC(355) Pause Remark 145M->145M(256M) 0.449ms
[38.766s][info   ][gc,cpu        ] GC(355) User=0.01s Sys=0.00s Real=0.00s
[38.766s][info   ][gc,marking    ] GC(355) Concurrent Rebuild Remembered Sets
[38.767s][info   ][gc,marking    ] GC(355) Concurrent Rebuild Remembered Sets 0.978ms
[38.767s][info   ][gc,start      ] GC(355) Pause Cleanup
[38.767s][info   ][gc            ] GC(355) Pause Cleanup 145M->145M(256M) 0.113ms
[38.767s][info   ][gc,cpu        ] GC(355) User=0.00s Sys=0.00s Real=0.00s
[38.767s][info   ][gc,marking    ] GC(355) Concurrent Cleanup for Next Mark
[38.767s][info   ][gc,marking    ] GC(355) Concurrent Cleanup for Next Mark 0.290ms
[38.767s][info   ][gc            ] GC(355) Concurrent Cycle 4.385ms
[38.817s][info   ][gc,start      ] GC(356) Pause Young (Concurrent Start) (G1 Humongous Allocation)
[38.817s][info   ][gc,task       ] GC(356) Using 6 workers of 9 for evacuation
[38.818s][info   ][gc,phases     ] GC(356)   Pre Evacuate Collection Set: 0.2ms
[38.818s][info   ][gc,phases     ] GC(356)   Evacuate Collection Set: 0.4ms
[38.818s][info   ][gc,phases     ] GC(356)   Post Evacuate Collection Set: 0.1ms
[38.818s][info   ][gc,phases     ] GC(356)   Other: 0.5ms
[38.818s][info   ][gc,heap       ] GC(356) Eden regions: 0->0(13)
[38.818s][info   ][gc,heap       ] GC(356) Survivor regions: 0->0(2)
[38.818s][info   ][gc,heap       ] GC(356) Old regions: 1->1
[38.818s][info   ][gc,heap       ] GC(356) Archive regions: 0->0
[38.818s][info   ][gc,heap       ] GC(356) Humongous regions: 145->144
[38.818s][info   ][gc,metaspace  ] GC(356) Metaspace: 3424K(4864K)->3424K(4864K) NonClass: 3120K(4352K)->3120K(4352K) Class: 304K(512K)->304K(512K)
[38.818s][info   ][gc            ] GC(356) Pause Young (Concurrent Start) (G1 Humongous Allocation) 145M->144M(256M) 1.446ms
[38.818s][info   ][gc,cpu        ] GC(356) User=0.00s Sys=0.00s Real=0.00s
[38.818s][info   ][gc            ] GC(357) Concurrent Cycle
[38.818s][info   ][gc,marking    ] GC(357) Concurrent Clear Claimed Marks
[38.818s][info   ][gc,marking    ] GC(357) Concurrent Clear Claimed Marks 0.026ms
[38.818s][info   ][gc,marking    ] GC(357) Concurrent Scan Root Regions
[38.818s][info   ][gc,marking    ] GC(357) Concurrent Scan Root Regions 0.016ms
[38.818s][info   ][gc,marking    ] GC(357) Concurrent Mark (38.818s)
[38.818s][info   ][gc,marking    ] GC(357) Concurrent Mark From Roots
[38.818s][info   ][gc,task       ] GC(357) Using 2 workers of 2 for marking
[38.820s][info   ][gc,marking    ] GC(357) Concurrent Mark From Roots 1.919ms
[38.820s][info   ][gc,marking    ] GC(357) Concurrent Preclean
[38.820s][info   ][gc,marking    ] GC(357) Concurrent Preclean 0.039ms
[38.820s][info   ][gc,marking    ] GC(357) Concurrent Mark (38.818s, 38.820s) 2.004ms
[38.820s][info   ][gc,start      ] GC(357) Pause Remark
[38.821s][info   ][gc,stringtable] GC(357) Cleaned string and symbol table, strings: 1384 processed, 0 removed, symbols: 16327 processed, 0 removed
[38.821s][info   ][gc            ] GC(357) Pause Remark 145M->145M(256M) 0.515ms
[38.821s][info   ][gc,cpu        ] GC(357) User=0.00s Sys=0.00s Real=0.00s
[38.821s][info   ][gc,marking    ] GC(357) Concurrent Rebuild Remembered Sets
[38.822s][info   ][gc,marking    ] GC(357) Concurrent Rebuild Remembered Sets 0.970ms
[38.822s][info   ][gc,start      ] GC(357) Pause Cleanup
[38.822s][info   ][gc            ] GC(357) Pause Cleanup 145M->145M(256M) 0.083ms
[38.822s][info   ][gc,cpu        ] GC(357) User=0.00s Sys=0.00s Real=0.00s
[38.822s][info   ][gc,marking    ] GC(357) Concurrent Cleanup for Next Mark
[38.822s][info   ][gc,marking    ] GC(357) Concurrent Cleanup for Next Mark 0.297ms
[38.822s][info   ][gc            ] GC(357) Concurrent Cycle 4.359ms
[38.873s][info   ][gc,start      ] GC(358) Pause Young (Concurrent Start) (G1 Humongous Allocation)
[38.873s][info   ][gc,task       ] GC(358) Using 6 workers of 9 for evacuation
[38.874s][info   ][gc,phases     ] GC(358)   Pre Evacuate Collection Set: 0.2ms
[38.874s][info   ][gc,phases     ] GC(358)   Evacuate Collection Set: 0.5ms
[38.874s][info   ][gc,phases     ] GC(358)   Post Evacuate Collection Set: 0.1ms
[38.874s][info   ][gc,phases     ] GC(358)   Other: 0.6ms
[38.874s][info   ][gc,heap       ] GC(358) Eden regions: 0->0(13)
[38.874s][info   ][gc,heap       ] GC(358) Survivor regions: 0->0(2)
[38.874s][info   ][gc,heap       ] GC(358) Old regions: 1->1
[38.874s][info   ][gc,heap       ] GC(358) Archive regions: 0->0
[38.874s][info   ][gc,heap       ] GC(358) Humongous regions: 145->144
[38.874s][info   ][gc,metaspace  ] GC(358) Metaspace: 3424K(4864K)->3424K(4864K) NonClass: 3120K(4352K)->3120K(4352K) Class: 304K(512K)->304K(512K)
[38.874s][info   ][gc            ] GC(358) Pause Young (Concurrent Start) (G1 Humongous Allocation) 145M->144M(256M) 1.755ms
[38.874s][info   ][gc,cpu        ] GC(358) User=0.00s Sys=0.00s Real=0.00s
[38.874s][info   ][gc            ] GC(359) Concurrent Cycle
[38.874s][info   ][gc,marking    ] GC(359) Concurrent Clear Claimed Marks
[38.874s][info   ][gc,marking    ] GC(359) Concurrent Clear Claimed Marks 0.022ms
[38.874s][info   ][gc,marking    ] GC(359) Concurrent Scan Root Regions
[38.874s][info   ][gc,marking    ] GC(359) Concurrent Scan Root Regions 0.016ms
[38.874s][info   ][gc,marking    ] GC(359) Concurrent Mark (38.874s)
[38.874s][info   ][gc,marking    ] GC(359) Concurrent Mark From Roots
[38.874s][info   ][gc,task       ] GC(359) Using 2 workers of 2 for marking
[38.877s][info   ][gc,marking    ] GC(359) Concurrent Mark From Roots 2.881ms
[38.877s][info   ][gc,marking    ] GC(359) Concurrent Preclean
[38.877s][info   ][gc,marking    ] GC(359) Concurrent Preclean 0.039ms
[38.877s][info   ][gc,marking    ] GC(359) Concurrent Mark (38.874s, 38.877s) 2.969ms
[38.878s][info   ][gc,start      ] GC(359) Pause Remark
[38.878s][info   ][gc,stringtable] GC(359) Cleaned string and symbol table, strings: 1384 processed, 0 removed, symbols: 16327 processed, 0 removed
[38.878s][info   ][gc            ] GC(359) Pause Remark 145M->145M(256M) 0.490ms
[38.878s][info   ][gc,cpu        ] GC(359) User=0.00s Sys=0.00s Real=0.00s
[38.878s][info   ][gc,marking    ] GC(359) Concurrent Rebuild Remembered Sets
[38.879s][info   ][gc,marking    ] GC(359) Concurrent Rebuild Remembered Sets 0.942ms
[38.879s][info   ][gc,start      ] GC(359) Pause Cleanup
[38.879s][info   ][gc            ] GC(359) Pause Cleanup 145M->145M(256M) 0.082ms
[38.879s][info   ][gc,cpu        ] GC(359) User=0.00s Sys=0.00s Real=0.00s
[38.879s][info   ][gc,marking    ] GC(359) Concurrent Cleanup for Next Mark
[38.879s][info   ][gc,marking    ] GC(359) Concurrent Cleanup for Next Mark 0.288ms
[38.880s][info   ][gc            ] GC(359) Concurrent Cycle 5.150ms
[38.929s][info   ][gc,start      ] GC(360) Pause Young (Concurrent Start) (G1 Humongous Allocation)
[38.929s][info   ][gc,task       ] GC(360) Using 6 workers of 9 for evacuation
[38.930s][info   ][gc,phases     ] GC(360)   Pre Evacuate Collection Set: 0.1ms
[38.930s][info   ][gc,phases     ] GC(360)   Evacuate Collection Set: 0.3ms
[38.930s][info   ][gc,phases     ] GC(360)   Post Evacuate Collection Set: 0.1ms
[38.930s][info   ][gc,phases     ] GC(360)   Other: 0.5ms
[38.930s][info   ][gc,heap       ] GC(360) Eden regions: 0->0(13)
[38.930s][info   ][gc,heap       ] GC(360) Survivor regions: 0->0(2)
[38.930s][info   ][gc,heap       ] GC(360) Old regions: 1->1
[38.930s][info   ][gc,heap       ] GC(360) Archive regions: 0->0
[38.930s][info   ][gc,heap       ] GC(360) Humongous regions: 145->144
[38.930s][info   ][gc,metaspace  ] GC(360) Metaspace: 3424K(4864K)->3424K(4864K) NonClass: 3120K(4352K)->3120K(4352K) Class: 304K(512K)->304K(512K)
[38.930s][info   ][gc            ] GC(360) Pause Young (Concurrent Start) (G1 Humongous Allocation) 145M->144M(256M) 1.148ms
[38.930s][info   ][gc,cpu        ] GC(360) User=0.00s Sys=0.00s Real=0.01s
[38.930s][info   ][gc            ] GC(361) Concurrent Cycle
[38.930s][info   ][gc,marking    ] GC(361) Concurrent Clear Claimed Marks
[38.930s][info   ][gc,marking    ] GC(361) Concurrent Clear Claimed Marks 0.018ms
[38.930s][info   ][gc,marking    ] GC(361) Concurrent Scan Root Regions
[38.930s][info   ][gc,marking    ] GC(361) Concurrent Scan Root Regions 0.009ms
[38.930s][info   ][gc,marking    ] GC(361) Concurrent Mark (38.930s)
[38.930s][info   ][gc,marking    ] GC(361) Concurrent Mark From Roots
[38.930s][info   ][gc,task       ] GC(361) Using 2 workers of 2 for marking
[38.932s][info   ][gc,marking    ] GC(361) Concurrent Mark From Roots 1.677ms
[38.932s][info   ][gc,marking    ] GC(361) Concurrent Preclean
[38.932s][info   ][gc,marking    ] GC(361) Concurrent Preclean 0.033ms
[38.932s][info   ][gc,marking    ] GC(361) Concurrent Mark (38.930s, 38.932s) 1.747ms
[38.932s][info   ][gc,start      ] GC(361) Pause Remark
[38.933s][info   ][gc,stringtable] GC(361) Cleaned string and symbol table, strings: 1384 processed, 0 removed, symbols: 16327 processed, 0 removed
[38.933s][info   ][gc            ] GC(361) Pause Remark 145M->145M(256M) 1.202ms
[38.933s][info   ][gc,cpu        ] GC(361) User=0.00s Sys=0.00s Real=0.00s
[38.933s][info   ][gc,marking    ] GC(361) Concurrent Rebuild Remembered Sets
[38.934s][info   ][gc,marking    ] GC(361) Concurrent Rebuild Remembered Sets 1.089ms
[38.934s][info   ][gc,start      ] GC(361) Pause Cleanup
[38.935s][info   ][gc            ] GC(361) Pause Cleanup 145M->145M(256M) 0.108ms
[38.935s][info   ][gc,cpu        ] GC(361) User=0.00s Sys=0.00s Real=0.00s
[38.935s][info   ][gc,marking    ] GC(361) Concurrent Cleanup for Next Mark
[38.935s][info   ][gc,marking    ] GC(361) Concurrent Cleanup for Next Mark 0.309ms
[38.935s][info   ][gc            ] GC(361) Concurrent Cycle 4.817ms
[38.985s][info   ][gc,start      ] GC(362) Pause Young (Concurrent Start) (G1 Humongous Allocation)
[38.985s][info   ][gc,task       ] GC(362) Using 6 workers of 9 for evacuation
[38.986s][info   ][gc,phases     ] GC(362)   Pre Evacuate Collection Set: 0.2ms
[38.986s][info   ][gc,phases     ] GC(362)   Evacuate Collection Set: 0.5ms
[38.986s][info   ][gc,phases     ] GC(362)   Post Evacuate Collection Set: 0.2ms
[38.986s][info   ][gc,phases     ] GC(362)   Other: 0.5ms
[38.986s][info   ][gc,heap       ] GC(362) Eden regions: 0->0(13)
[38.986s][info   ][gc,heap       ] GC(362) Survivor regions: 0->0(2)
[38.986s][info   ][gc,heap       ] GC(362) Old regions: 1->1
[38.986s][info   ][gc,heap       ] GC(362) Archive regions: 0->0
[38.986s][info   ][gc,heap       ] GC(362) Humongous regions: 145->144
[38.986s][info   ][gc,metaspace  ] GC(362) Metaspace: 3424K(4864K)->3424K(4864K) NonClass: 3120K(4352K)->3120K(4352K) Class: 304K(512K)->304K(512K)
[38.986s][info   ][gc            ] GC(362) Pause Young (Concurrent Start) (G1 Humongous Allocation) 145M->144M(256M) 1.463ms
[38.986s][info   ][gc,cpu        ] GC(362) User=0.00s Sys=0.00s Real=0.00s
[38.986s][info   ][gc            ] GC(363) Concurrent Cycle
[38.986s][info   ][gc,marking    ] GC(363) Concurrent Clear Claimed Marks
[38.986s][info   ][gc,marking    ] GC(363) Concurrent Clear Claimed Marks 0.021ms
[38.986s][info   ][gc,marking    ] GC(363) Concurrent Scan Root Regions
[38.986s][info   ][gc,marking    ] GC(363) Concurrent Scan Root Regions 0.014ms
[38.986s][info   ][gc,marking    ] GC(363) Concurrent Mark (38.986s)
[38.986s][info   ][gc,marking    ] GC(363) Concurrent Mark From Roots
[38.986s][info   ][gc,task       ] GC(363) Using 2 workers of 2 for marking
[38.989s][info   ][gc,marking    ] GC(363) Concurrent Mark From Roots 2.460ms
[38.989s][info   ][gc,marking    ] GC(363) Concurrent Preclean
[38.989s][info   ][gc,marking    ] GC(363) Concurrent Preclean 0.084ms
[38.989s][info   ][gc,marking    ] GC(363) Concurrent Mark (38.986s, 38.989s) 2.611ms
[38.989s][info   ][gc,start      ] GC(363) Pause Remark
[38.989s][info   ][gc,stringtable] GC(363) Cleaned string and symbol table, strings: 1384 processed, 0 removed, symbols: 16327 processed, 0 removed
[38.990s][info   ][gc            ] GC(363) Pause Remark 145M->145M(256M) 0.485ms
[38.990s][info   ][gc,cpu        ] GC(363) User=0.00s Sys=0.00s Real=0.01s
[38.990s][info   ][gc,marking    ] GC(363) Concurrent Rebuild Remembered Sets
[38.991s][info   ][gc,marking    ] GC(363) Concurrent Rebuild Remembered Sets 0.977ms
[38.991s][info   ][gc,start      ] GC(363) Pause Cleanup
[38.991s][info   ][gc            ] GC(363) Pause Cleanup 145M->145M(256M) 0.070ms
[38.991s][info   ][gc,cpu        ] GC(363) User=0.00s Sys=0.00s Real=0.00s
[38.991s][info   ][gc,marking    ] GC(363) Concurrent Cleanup for Next Mark
[38.991s][info   ][gc,marking    ] GC(363) Concurrent Cleanup for Next Mark 0.283ms
[38.991s][info   ][gc            ] GC(363) Concurrent Cycle 4.811ms
[39.042s][info   ][gc,start      ] GC(364) Pause Young (Concurrent Start) (G1 Humongous Allocation)
[39.042s][info   ][gc,task       ] GC(364) Using 6 workers of 9 for evacuation
[39.043s][info   ][gc,phases     ] GC(364)   Pre Evacuate Collection Set: 0.1ms
[39.043s][info   ][gc,phases     ] GC(364)   Evacuate Collection Set: 0.4ms
[39.043s][info   ][gc,phases     ] GC(364)   Post Evacuate Collection Set: 0.1ms
[39.043s][info   ][gc,phases     ] GC(364)   Other: 0.5ms
[39.043s][info   ][gc,heap       ] GC(364) Eden regions: 0->0(13)
[39.043s][info   ][gc,heap       ] GC(364) Survivor regions: 0->0(2)
[39.043s][info   ][gc,heap       ] GC(364) Old regions: 1->1
[39.043s][info   ][gc,heap       ] GC(364) Archive regions: 0->0
[39.043s][info   ][gc,heap       ] GC(364) Humongous regions: 145->144
[39.043s][info   ][gc,metaspace  ] GC(364) Metaspace: 3424K(4864K)->3424K(4864K) NonClass: 3120K(4352K)->3120K(4352K) Class: 304K(512K)->304K(512K)
[39.043s][info   ][gc            ] GC(364) Pause Young (Concurrent Start) (G1 Humongous Allocation) 145M->144M(256M) 1.365ms
[39.043s][info   ][gc,cpu        ] GC(364) User=0.00s Sys=0.00s Real=0.00s
[39.043s][info   ][gc            ] GC(365) Concurrent Cycle
[39.043s][info   ][gc,marking    ] GC(365) Concurrent Clear Claimed Marks
[39.043s][info   ][gc,marking    ] GC(365) Concurrent Clear Claimed Marks 0.021ms
[39.043s][info   ][gc,marking    ] GC(365) Concurrent Scan Root Regions
[39.043s][info   ][gc,marking    ] GC(365) Concurrent Scan Root Regions 0.017ms
[39.043s][info   ][gc,marking    ] GC(365) Concurrent Mark (39.043s)
[39.043s][info   ][gc,marking    ] GC(365) Concurrent Mark From Roots
[39.043s][info   ][gc,task       ] GC(365) Using 2 workers of 2 for marking
[39.045s][info   ][gc,marking    ] GC(365) Concurrent Mark From Roots 1.638ms
[39.045s][info   ][gc,marking    ] GC(365) Concurrent Preclean
[39.045s][info   ][gc,marking    ] GC(365) Concurrent Preclean 0.033ms
[39.045s][info   ][gc,marking    ] GC(365) Concurrent Mark (39.043s, 39.045s) 1.709ms
[39.045s][info   ][gc,start      ] GC(365) Pause Remark
[39.046s][info   ][gc,stringtable] GC(365) Cleaned string and symbol table, strings: 1384 processed, 0 removed, symbols: 16327 processed, 0 removed
[39.046s][info   ][gc            ] GC(365) Pause Remark 145M->145M(256M) 1.456ms
[39.046s][info   ][gc,cpu        ] GC(365) User=0.00s Sys=0.00s Real=0.00s
[39.046s][info   ][gc,marking    ] GC(365) Concurrent Rebuild Remembered Sets
[39.047s][info   ][gc,marking    ] GC(365) Concurrent Rebuild Remembered Sets 0.990ms
[39.048s][info   ][gc,start      ] GC(365) Pause Cleanup
[39.048s][info   ][gc            ] GC(365) Pause Cleanup 145M->145M(256M) 0.122ms
[39.048s][info   ][gc,cpu        ] GC(365) User=0.00s Sys=0.00s Real=0.00s
[39.048s][info   ][gc,marking    ] GC(365) Concurrent Cleanup for Next Mark
[39.048s][info   ][gc,marking    ] GC(365) Concurrent Cleanup for Next Mark 0.269ms
[39.048s][info   ][gc            ] GC(365) Concurrent Cycle 4.930ms
[39.096s][info   ][gc,start      ] GC(366) Pause Young (Concurrent Start) (G1 Humongous Allocation)
[39.097s][info   ][gc,task       ] GC(366) Using 6 workers of 9 for evacuation
[39.098s][info   ][gc,phases     ] GC(366)   Pre Evacuate Collection Set: 0.2ms
[39.098s][info   ][gc,phases     ] GC(366)   Evacuate Collection Set: 0.7ms
[39.098s][info   ][gc,phases     ] GC(366)   Post Evacuate Collection Set: 0.1ms
[39.098s][info   ][gc,phases     ] GC(366)   Other: 0.5ms
[39.098s][info   ][gc,heap       ] GC(366) Eden regions: 0->0(13)
[39.098s][info   ][gc,heap       ] GC(366) Survivor regions: 0->0(2)
[39.098s][info   ][gc,heap       ] GC(366) Old regions: 1->1
[39.098s][info   ][gc,heap       ] GC(366) Archive regions: 0->0
[39.098s][info   ][gc,heap       ] GC(366) Humongous regions: 145->144
[39.098s][info   ][gc,metaspace  ] GC(366) Metaspace: 3424K(4864K)->3424K(4864K) NonClass: 3120K(4352K)->3120K(4352K) Class: 304K(512K)->304K(512K)
[39.098s][info   ][gc            ] GC(366) Pause Young (Concurrent Start) (G1 Humongous Allocation) 145M->144M(256M) 1.639ms
[39.098s][info   ][gc,cpu        ] GC(366) User=0.00s Sys=0.01s Real=0.00s
[39.098s][info   ][gc            ] GC(367) Concurrent Cycle
[39.098s][info   ][gc,marking    ] GC(367) Concurrent Clear Claimed Marks
[39.098s][info   ][gc,marking    ] GC(367) Concurrent Clear Claimed Marks 0.013ms
[39.098s][info   ][gc,marking    ] GC(367) Concurrent Scan Root Regions
[39.098s][info   ][gc,marking    ] GC(367) Concurrent Scan Root Regions 0.012ms
[39.098s][info   ][gc,marking    ] GC(367) Concurrent Mark (39.098s)
[39.098s][info   ][gc,marking    ] GC(367) Concurrent Mark From Roots
[39.098s][info   ][gc,task       ] GC(367) Using 2 workers of 2 for marking
[39.100s][info   ][gc,marking    ] GC(367) Concurrent Mark From Roots 1.687ms
[39.100s][info   ][gc,marking    ] GC(367) Concurrent Preclean
[39.100s][info   ][gc,marking    ] GC(367) Concurrent Preclean 0.036ms
[39.100s][info   ][gc,marking    ] GC(367) Concurrent Mark (39.098s, 39.100s) 1.758ms
[39.100s][info   ][gc,start      ] GC(367) Pause Remark
[39.101s][info   ][gc,stringtable] GC(367) Cleaned string and symbol table, strings: 1384 processed, 0 removed, symbols: 16327 processed, 0 removed
[39.101s][info   ][gc            ] GC(367) Pause Remark 147M->147M(256M) 0.652ms
[39.101s][info   ][gc,cpu        ] GC(367) User=0.01s Sys=0.00s Real=0.00s
[39.101s][info   ][gc,marking    ] GC(367) Concurrent Rebuild Remembered Sets
[39.102s][info   ][gc,marking    ] GC(367) Concurrent Rebuild Remembered Sets 1.087ms
[39.102s][info   ][gc,start      ] GC(367) Pause Cleanup
[39.102s][info   ][gc            ] GC(367) Pause Cleanup 147M->147M(256M) 0.082ms
[39.102s][info   ][gc,cpu        ] GC(367) User=0.00s Sys=0.00s Real=0.00s
[39.102s][info   ][gc,marking    ] GC(367) Concurrent Cleanup for Next Mark
[39.102s][info   ][gc,marking    ] GC(367) Concurrent Cleanup for Next Mark 0.372ms
[39.102s][info   ][gc            ] GC(367) Concurrent Cycle 4.443ms
[39.151s][info   ][gc,start      ] GC(368) Pause Young (Concurrent Start) (G1 Humongous Allocation)
[39.152s][info   ][gc,task       ] GC(368) Using 6 workers of 9 for evacuation
[39.152s][info   ][gc,phases     ] GC(368)   Pre Evacuate Collection Set: 0.1ms
[39.152s][info   ][gc,phases     ] GC(368)   Evacuate Collection Set: 0.3ms
[39.152s][info   ][gc,phases     ] GC(368)   Post Evacuate Collection Set: 0.1ms
[39.152s][info   ][gc,phases     ] GC(368)   Other: 0.3ms
[39.152s][info   ][gc,heap       ] GC(368) Eden regions: 0->0(13)
[39.152s][info   ][gc,heap       ] GC(368) Survivor regions: 0->0(2)
[39.152s][info   ][gc,heap       ] GC(368) Old regions: 1->1
[39.152s][info   ][gc,heap       ] GC(368) Archive regions: 0->0
[39.152s][info   ][gc,heap       ] GC(368) Humongous regions: 147->146
[39.152s][info   ][gc,metaspace  ] GC(368) Metaspace: 3424K(4864K)->3424K(4864K) NonClass: 3120K(4352K)->3120K(4352K) Class: 304K(512K)->304K(512K)
[39.152s][info   ][gc            ] GC(368) Pause Young (Concurrent Start) (G1 Humongous Allocation) 147M->146M(256M) 0.883ms
[39.152s][info   ][gc,cpu        ] GC(368) User=0.00s Sys=0.00s Real=0.00s
[39.152s][info   ][gc            ] GC(369) Concurrent Cycle
[39.152s][info   ][gc,marking    ] GC(369) Concurrent Clear Claimed Marks
[39.152s][info   ][gc,marking    ] GC(369) Concurrent Clear Claimed Marks 0.014ms
[39.152s][info   ][gc,marking    ] GC(369) Concurrent Scan Root Regions
[39.152s][info   ][gc,marking    ] GC(369) Concurrent Scan Root Regions 0.010ms
[39.152s][info   ][gc,marking    ] GC(369) Concurrent Mark (39.152s)
[39.152s][info   ][gc,marking    ] GC(369) Concurrent Mark From Roots
[39.152s][info   ][gc,task       ] GC(369) Using 2 workers of 2 for marking
[39.154s][info   ][gc,marking    ] GC(369) Concurrent Mark From Roots 1.686ms
[39.154s][info   ][gc,marking    ] GC(369) Concurrent Preclean
[39.154s][info   ][gc,marking    ] GC(369) Concurrent Preclean 0.040ms
[39.154s][info   ][gc,marking    ] GC(369) Concurrent Mark (39.152s, 39.154s) 1.790ms
[39.154s][info   ][gc,start      ] GC(369) Pause Remark
[39.158s][info   ][gc,stringtable] GC(369) Cleaned string and symbol table, strings: 1384 processed, 0 removed, symbols: 16327 processed, 0 removed
[39.158s][info   ][gc            ] GC(369) Pause Remark 147M->147M(256M) 3.517ms
[39.158s][info   ][gc,cpu        ] GC(369) User=0.00s Sys=0.00s Real=0.00s
[39.158s][info   ][gc,marking    ] GC(369) Concurrent Rebuild Remembered Sets
[39.159s][info   ][gc,marking    ] GC(369) Concurrent Rebuild Remembered Sets 1.007ms
[39.159s][info   ][gc,start      ] GC(369) Pause Cleanup
[39.159s][info   ][gc            ] GC(369) Pause Cleanup 147M->147M(256M) 0.089ms
[39.159s][info   ][gc,cpu        ] GC(369) User=0.00s Sys=0.00s Real=0.01s
[39.159s][info   ][gc,marking    ] GC(369) Concurrent Cleanup for Next Mark
[39.159s][info   ][gc,marking    ] GC(369) Concurrent Cleanup for Next Mark 0.339ms
[39.159s][info   ][gc            ] GC(369) Concurrent Cycle 7.108ms
[39.206s][info   ][gc,start      ] GC(370) Pause Young (Concurrent Start) (G1 Humongous Allocation)
[39.207s][info   ][gc,task       ] GC(370) Using 6 workers of 9 for evacuation
[39.209s][info   ][gc,phases     ] GC(370)   Pre Evacuate Collection Set: 0.1ms
[39.209s][info   ][gc,phases     ] GC(370)   Evacuate Collection Set: 1.0ms
[39.209s][info   ][gc,phases     ] GC(370)   Post Evacuate Collection Set: 0.1ms
[39.209s][info   ][gc,phases     ] GC(370)   Other: 1.9ms
[39.209s][info   ][gc,heap       ] GC(370) Eden regions: 0->0(13)
[39.209s][info   ][gc,heap       ] GC(370) Survivor regions: 0->0(2)
[39.209s][info   ][gc,heap       ] GC(370) Old regions: 1->1
[39.209s][info   ][gc,heap       ] GC(370) Archive regions: 0->0
[39.209s][info   ][gc,heap       ] GC(370) Humongous regions: 147->146
[39.209s][info   ][gc,metaspace  ] GC(370) Metaspace: 3424K(4864K)->3424K(4864K) NonClass: 3120K(4352K)->3120K(4352K) Class: 304K(512K)->304K(512K)
[39.209s][info   ][gc            ] GC(370) Pause Young (Concurrent Start) (G1 Humongous Allocation) 147M->146M(256M) 3.270ms
[39.209s][info   ][gc,cpu        ] GC(370) User=0.00s Sys=0.00s Real=0.01s
[39.209s][info   ][gc            ] GC(371) Concurrent Cycle
[39.209s][info   ][gc,marking    ] GC(371) Concurrent Clear Claimed Marks
[39.209s][info   ][gc,marking    ] GC(371) Concurrent Clear Claimed Marks 0.012ms
[39.209s][info   ][gc,marking    ] GC(371) Concurrent Scan Root Regions
[39.209s][info   ][gc,marking    ] GC(371) Concurrent Scan Root Regions 0.008ms
[39.209s][info   ][gc,marking    ] GC(371) Concurrent Mark (39.209s)
[39.209s][info   ][gc,marking    ] GC(371) Concurrent Mark From Roots
[39.209s][info   ][gc,task       ] GC(371) Using 2 workers of 2 for marking
[39.211s][info   ][gc,marking    ] GC(371) Concurrent Mark From Roots 2.175ms
[39.211s][info   ][gc,marking    ] GC(371) Concurrent Preclean
[39.212s][info   ][gc,marking    ] GC(371) Concurrent Preclean 0.041ms
[39.212s][info   ][gc,marking    ] GC(371) Concurrent Mark (39.209s, 39.212s) 2.269ms
[39.212s][info   ][gc,start      ] GC(371) Pause Remark
[39.212s][info   ][gc,stringtable] GC(371) Cleaned string and symbol table, strings: 1384 processed, 0 removed, symbols: 16327 processed, 0 removed
[39.212s][info   ][gc            ] GC(371) Pause Remark 147M->147M(256M) 0.514ms
[39.212s][info   ][gc,cpu        ] GC(371) User=0.00s Sys=0.00s Real=0.00s
[39.212s][info   ][gc,marking    ] GC(371) Concurrent Rebuild Remembered Sets
[39.213s][info   ][gc,marking    ] GC(371) Concurrent Rebuild Remembered Sets 0.982ms
[39.213s][info   ][gc,start      ] GC(371) Pause Cleanup
[39.213s][info   ][gc            ] GC(371) Pause Cleanup 147M->147M(256M) 0.090ms
[39.213s][info   ][gc,cpu        ] GC(371) User=0.00s Sys=0.00s Real=0.00s
[39.213s][info   ][gc,marking    ] GC(371) Concurrent Cleanup for Next Mark
[39.214s][info   ][gc,marking    ] GC(371) Concurrent Cleanup for Next Mark 0.283ms
[39.214s][info   ][gc            ] GC(371) Concurrent Cycle 4.495ms
[39.264s][info   ][gc,start      ] GC(372) Pause Young (Concurrent Start) (G1 Humongous Allocation)
[39.264s][info   ][gc,task       ] GC(372) Using 6 workers of 9 for evacuation
[39.265s][info   ][gc,phases     ] GC(372)   Pre Evacuate Collection Set: 0.1ms
[39.265s][info   ][gc,phases     ] GC(372)   Evacuate Collection Set: 0.3ms
[39.265s][info   ][gc,phases     ] GC(372)   Post Evacuate Collection Set: 0.1ms
[39.265s][info   ][gc,phases     ] GC(372)   Other: 0.4ms
[39.265s][info   ][gc,heap       ] GC(372) Eden regions: 0->0(13)
[39.265s][info   ][gc,heap       ] GC(372) Survivor regions: 0->0(2)
[39.265s][info   ][gc,heap       ] GC(372) Old regions: 1->1
[39.265s][info   ][gc,heap       ] GC(372) Archive regions: 0->0
[39.265s][info   ][gc,heap       ] GC(372) Humongous regions: 147->146
[39.265s][info   ][gc,metaspace  ] GC(372) Metaspace: 3424K(4864K)->3424K(4864K) NonClass: 3120K(4352K)->3120K(4352K) Class: 304K(512K)->304K(512K)
[39.265s][info   ][gc            ] GC(372) Pause Young (Concurrent Start) (G1 Humongous Allocation) 147M->146M(256M) 1.030ms
[39.265s][info   ][gc,cpu        ] GC(372) User=0.00s Sys=0.00s Real=0.00s
[39.265s][info   ][gc            ] GC(373) Concurrent Cycle
[39.265s][info   ][gc,marking    ] GC(373) Concurrent Clear Claimed Marks
[39.265s][info   ][gc,marking    ] GC(373) Concurrent Clear Claimed Marks 0.014ms
[39.265s][info   ][gc,marking    ] GC(373) Concurrent Scan Root Regions
[39.265s][info   ][gc,marking    ] GC(373) Concurrent Scan Root Regions 0.009ms
[39.265s][info   ][gc,marking    ] GC(373) Concurrent Mark (39.265s)
[39.265s][info   ][gc,marking    ] GC(373) Concurrent Mark From Roots
[39.265s][info   ][gc,task       ] GC(373) Using 2 workers of 2 for marking
[39.268s][info   ][gc,marking    ] GC(373) Concurrent Mark From Roots 2.266ms
[39.268s][info   ][gc,marking    ] GC(373) Concurrent Preclean
[39.268s][info   ][gc,marking    ] GC(373) Concurrent Preclean 0.043ms
[39.268s][info   ][gc,marking    ] GC(373) Concurrent Mark (39.265s, 39.268s) 2.359ms
[39.268s][info   ][gc,start      ] GC(373) Pause Remark
[39.269s][info   ][gc,stringtable] GC(373) Cleaned string and symbol table, strings: 1384 processed, 0 removed, symbols: 16327 processed, 0 removed
[39.269s][info   ][gc            ] GC(373) Pause Remark 147M->147M(256M) 1.506ms
[39.269s][info   ][gc,cpu        ] GC(373) User=0.00s Sys=0.00s Real=0.01s
[39.269s][info   ][gc,marking    ] GC(373) Concurrent Rebuild Remembered Sets
[39.270s][info   ][gc,marking    ] GC(373) Concurrent Rebuild Remembered Sets 0.978ms
[39.271s][info   ][gc,start      ] GC(373) Pause Cleanup
[39.271s][info   ][gc            ] GC(373) Pause Cleanup 147M->147M(256M) 0.094ms
[39.271s][info   ][gc,cpu        ] GC(373) User=0.00s Sys=0.00s Real=0.00s
[39.271s][info   ][gc,marking    ] GC(373) Concurrent Cleanup for Next Mark
[39.271s][info   ][gc,marking    ] GC(373) Concurrent Cleanup for Next Mark 0.267ms
[39.271s][info   ][gc            ] GC(373) Concurrent Cycle 5.584ms
[39.319s][info   ][gc,start      ] GC(374) Pause Young (Concurrent Start) (G1 Humongous Allocation)
[39.319s][info   ][gc,task       ] GC(374) Using 6 workers of 9 for evacuation
[39.320s][info   ][gc,phases     ] GC(374)   Pre Evacuate Collection Set: 0.2ms
[39.320s][info   ][gc,phases     ] GC(374)   Evacuate Collection Set: 0.4ms
[39.320s][info   ][gc,phases     ] GC(374)   Post Evacuate Collection Set: 0.1ms
[39.320s][info   ][gc,phases     ] GC(374)   Other: 0.5ms
[39.320s][info   ][gc,heap       ] GC(374) Eden regions: 0->0(13)
[39.320s][info   ][gc,heap       ] GC(374) Survivor regions: 0->0(2)
[39.320s][info   ][gc,heap       ] GC(374) Old regions: 1->1
[39.320s][info   ][gc,heap       ] GC(374) Archive regions: 0->0
[39.320s][info   ][gc,heap       ] GC(374) Humongous regions: 147->146
[39.320s][info   ][gc,metaspace  ] GC(374) Metaspace: 3424K(4864K)->3424K(4864K) NonClass: 3120K(4352K)->3120K(4352K) Class: 304K(512K)->304K(512K)
[39.320s][info   ][gc            ] GC(374) Pause Young (Concurrent Start) (G1 Humongous Allocation) 147M->146M(256M) 1.488ms
[39.320s][info   ][gc,cpu        ] GC(374) User=0.00s Sys=0.00s Real=0.01s
[39.320s][info   ][gc            ] GC(375) Concurrent Cycle
[39.320s][info   ][gc,marking    ] GC(375) Concurrent Clear Claimed Marks
[39.320s][info   ][gc,marking    ] GC(375) Concurrent Clear Claimed Marks 0.025ms
[39.320s][info   ][gc,marking    ] GC(375) Concurrent Scan Root Regions
[39.320s][info   ][gc,marking    ] GC(375) Concurrent Scan Root Regions 0.020ms
[39.320s][info   ][gc,marking    ] GC(375) Concurrent Mark (39.320s)
[39.320s][info   ][gc,marking    ] GC(375) Concurrent Mark From Roots
[39.320s][info   ][gc,task       ] GC(375) Using 2 workers of 2 for marking
[39.322s][info   ][gc,marking    ] GC(375) Concurrent Mark From Roots 1.998ms
[39.322s][info   ][gc,marking    ] GC(375) Concurrent Preclean
[39.322s][info   ][gc,marking    ] GC(375) Concurrent Preclean 0.044ms
[39.322s][info   ][gc,marking    ] GC(375) Concurrent Mark (39.320s, 39.322s) 2.093ms
[39.323s][info   ][gc,start      ] GC(375) Pause Remark
[39.323s][info   ][gc,stringtable] GC(375) Cleaned string and symbol table, strings: 1384 processed, 0 removed, symbols: 16327 processed, 0 removed
[39.323s][info   ][gc            ] GC(375) Pause Remark 147M->147M(256M) 0.521ms
[39.323s][info   ][gc,cpu        ] GC(375) User=0.00s Sys=0.00s Real=0.00s
[39.323s][info   ][gc,marking    ] GC(375) Concurrent Rebuild Remembered Sets
[39.324s][info   ][gc,marking    ] GC(375) Concurrent Rebuild Remembered Sets 0.999ms
[39.324s][info   ][gc,start      ] GC(375) Pause Cleanup
[39.324s][info   ][gc            ] GC(375) Pause Cleanup 147M->147M(256M) 0.073ms
[39.324s][info   ][gc,cpu        ] GC(375) User=0.00s Sys=0.00s Real=0.00s
[39.324s][info   ][gc,marking    ] GC(375) Concurrent Cleanup for Next Mark
[39.325s][info   ][gc,marking    ] GC(375) Concurrent Cleanup for Next Mark 0.272ms
[39.325s][info   ][gc            ] GC(375) Concurrent Cycle 4.415ms
[39.375s][info   ][gc,start      ] GC(376) Pause Young (Concurrent Start) (G1 Humongous Allocation)
[39.376s][info   ][gc,task       ] GC(376) Using 6 workers of 9 for evacuation
[39.376s][info   ][gc,phases     ] GC(376)   Pre Evacuate Collection Set: 0.2ms
[39.377s][info   ][gc,phases     ] GC(376)   Evacuate Collection Set: 0.5ms
[39.377s][info   ][gc,phases     ] GC(376)   Post Evacuate Collection Set: 0.1ms
[39.377s][info   ][gc,phases     ] GC(376)   Other: 0.5ms
[39.377s][info   ][gc,heap       ] GC(376) Eden regions: 0->0(13)
[39.377s][info   ][gc,heap       ] GC(376) Survivor regions: 0->0(2)
[39.377s][info   ][gc,heap       ] GC(376) Old regions: 1->1
[39.377s][info   ][gc,heap       ] GC(376) Archive regions: 0->0
[39.377s][info   ][gc,heap       ] GC(376) Humongous regions: 147->146
[39.377s][info   ][gc,metaspace  ] GC(376) Metaspace: 3424K(4864K)->3424K(4864K) NonClass: 3120K(4352K)->3120K(4352K) Class: 304K(512K)->304K(512K)
[39.377s][info   ][gc            ] GC(376) Pause Young (Concurrent Start) (G1 Humongous Allocation) 147M->146M(256M) 1.456ms
[39.377s][info   ][gc,cpu        ] GC(376) User=0.00s Sys=0.00s Real=0.00s
[39.377s][info   ][gc            ] GC(377) Concurrent Cycle
[39.377s][info   ][gc,marking    ] GC(377) Concurrent Clear Claimed Marks
[39.377s][info   ][gc,marking    ] GC(377) Concurrent Clear Claimed Marks 0.028ms
[39.377s][info   ][gc,marking    ] GC(377) Concurrent Scan Root Regions
[39.377s][info   ][gc,marking    ] GC(377) Concurrent Scan Root Regions 0.018ms
[39.377s][info   ][gc,marking    ] GC(377) Concurrent Mark (39.377s)
[39.377s][info   ][gc,marking    ] GC(377) Concurrent Mark From Roots
[39.377s][info   ][gc,task       ] GC(377) Using 2 workers of 2 for marking
[39.380s][info   ][gc,marking    ] GC(377) Concurrent Mark From Roots 2.972ms
[39.380s][info   ][gc,marking    ] GC(377) Concurrent Preclean
[39.380s][info   ][gc,marking    ] GC(377) Concurrent Preclean 0.042ms
[39.380s][info   ][gc,marking    ] GC(377) Concurrent Mark (39.377s, 39.380s) 3.118ms
[39.380s][info   ][gc,start      ] GC(377) Pause Remark
[39.382s][info   ][gc,stringtable] GC(377) Cleaned string and symbol table, strings: 1384 processed, 0 removed, symbols: 16327 processed, 0 removed
[39.382s][info   ][gc            ] GC(377) Pause Remark 147M->147M(256M) 1.568ms
[39.382s][info   ][gc,cpu        ] GC(377) User=0.01s Sys=0.00s Real=0.00s
[39.382s][info   ][gc,marking    ] GC(377) Concurrent Rebuild Remembered Sets
[39.383s][info   ][gc,marking    ] GC(377) Concurrent Rebuild Remembered Sets 1.011ms
[39.383s][info   ][gc,start      ] GC(377) Pause Cleanup
[39.383s][info   ][gc            ] GC(377) Pause Cleanup 147M->147M(256M) 0.072ms
[39.383s][info   ][gc,cpu        ] GC(377) User=0.00s Sys=0.01s Real=0.00s
[39.383s][info   ][gc,marking    ] GC(377) Concurrent Cleanup for Next Mark
[39.383s][info   ][gc,marking    ] GC(377) Concurrent Cleanup for Next Mark 0.295ms
[39.383s][info   ][gc            ] GC(377) Concurrent Cycle 6.522ms
[39.430s][info   ][gc,start      ] GC(378) Pause Young (Concurrent Start) (G1 Humongous Allocation)
[39.430s][info   ][gc,task       ] GC(378) Using 6 workers of 9 for evacuation
[39.431s][info   ][gc,phases     ] GC(378)   Pre Evacuate Collection Set: 0.1ms
[39.431s][info   ][gc,phases     ] GC(378)   Evacuate Collection Set: 0.3ms
[39.431s][info   ][gc,phases     ] GC(378)   Post Evacuate Collection Set: 0.1ms
[39.431s][info   ][gc,phases     ] GC(378)   Other: 0.5ms
[39.431s][info   ][gc,heap       ] GC(378) Eden regions: 0->0(13)
[39.431s][info   ][gc,heap       ] GC(378) Survivor regions: 0->0(2)
[39.431s][info   ][gc,heap       ] GC(378) Old regions: 1->1
[39.431s][info   ][gc,heap       ] GC(378) Archive regions: 0->0
[39.431s][info   ][gc,heap       ] GC(378) Humongous regions: 147->146
[39.431s][info   ][gc,metaspace  ] GC(378) Metaspace: 3424K(4864K)->3424K(4864K) NonClass: 3120K(4352K)->3120K(4352K) Class: 304K(512K)->304K(512K)
[39.431s][info   ][gc            ] GC(378) Pause Young (Concurrent Start) (G1 Humongous Allocation) 147M->146M(256M) 1.091ms
[39.431s][info   ][gc,cpu        ] GC(378) User=0.00s Sys=0.00s Real=0.00s
[39.431s][info   ][gc            ] GC(379) Concurrent Cycle
[39.431s][info   ][gc,marking    ] GC(379) Concurrent Clear Claimed Marks
[39.431s][info   ][gc,marking    ] GC(379) Concurrent Clear Claimed Marks 0.014ms
[39.431s][info   ][gc,marking    ] GC(379) Concurrent Scan Root Regions
[39.431s][info   ][gc,marking    ] GC(379) Concurrent Scan Root Regions 0.014ms
[39.431s][info   ][gc,marking    ] GC(379) Concurrent Mark (39.431s)
[39.431s][info   ][gc,marking    ] GC(379) Concurrent Mark From Roots
[39.431s][info   ][gc,task       ] GC(379) Using 2 workers of 2 for marking
[39.433s][info   ][gc,marking    ] GC(379) Concurrent Mark From Roots 1.876ms
[39.433s][info   ][gc,marking    ] GC(379) Concurrent Preclean
[39.433s][info   ][gc,marking    ] GC(379) Concurrent Preclean 0.044ms
[39.433s][info   ][gc,marking    ] GC(379) Concurrent Mark (39.431s, 39.433s) 1.960ms
[39.433s][info   ][gc,start      ] GC(379) Pause Remark
[39.434s][info   ][gc,stringtable] GC(379) Cleaned string and symbol table, strings: 1384 processed, 0 removed, symbols: 16327 processed, 0 removed
[39.434s][info   ][gc            ] GC(379) Pause Remark 147M->147M(256M) 0.946ms
[39.434s][info   ][gc,cpu        ] GC(379) User=0.01s Sys=0.00s Real=0.00s
[39.434s][info   ][gc,marking    ] GC(379) Concurrent Rebuild Remembered Sets
[39.435s][info   ][gc,marking    ] GC(379) Concurrent Rebuild Remembered Sets 0.959ms
[39.435s][info   ][gc,start      ] GC(379) Pause Cleanup
[39.435s][info   ][gc            ] GC(379) Pause Cleanup 147M->147M(256M) 0.085ms
[39.435s][info   ][gc,cpu        ] GC(379) User=0.00s Sys=0.00s Real=0.00s
[39.435s][info   ][gc,marking    ] GC(379) Concurrent Cleanup for Next Mark
[39.435s][info   ][gc,marking    ] GC(379) Concurrent Cleanup for Next Mark 0.297ms
[39.435s][info   ][gc            ] GC(379) Concurrent Cycle 4.566ms
[39.484s][info   ][gc,start      ] GC(380) Pause Young (Concurrent Start) (G1 Humongous Allocation)
[39.484s][info   ][gc,task       ] GC(380) Using 6 workers of 9 for evacuation
[39.486s][info   ][gc,phases     ] GC(380)   Pre Evacuate Collection Set: 0.1ms
[39.486s][info   ][gc,phases     ] GC(380)   Evacuate Collection Set: 1.0ms
[39.486s][info   ][gc,phases     ] GC(380)   Post Evacuate Collection Set: 0.1ms
[39.486s][info   ][gc,phases     ] GC(380)   Other: 0.5ms
[39.486s][info   ][gc,heap       ] GC(380) Eden regions: 0->0(13)
[39.486s][info   ][gc,heap       ] GC(380) Survivor regions: 0->0(2)
[39.486s][info   ][gc,heap       ] GC(380) Old regions: 1->1
[39.486s][info   ][gc,heap       ] GC(380) Archive regions: 0->0
[39.486s][info   ][gc,heap       ] GC(380) Humongous regions: 147->146
[39.486s][info   ][gc,metaspace  ] GC(380) Metaspace: 3424K(4864K)->3424K(4864K) NonClass: 3120K(4352K)->3120K(4352K) Class: 304K(512K)->304K(512K)
[39.486s][info   ][gc            ] GC(380) Pause Young (Concurrent Start) (G1 Humongous Allocation) 147M->146M(256M) 1.835ms
[39.486s][info   ][gc,cpu        ] GC(380) User=0.00s Sys=0.00s Real=0.00s
[39.486s][info   ][gc            ] GC(381) Concurrent Cycle
[39.486s][info   ][gc,marking    ] GC(381) Concurrent Clear Claimed Marks
[39.486s][info   ][gc,marking    ] GC(381) Concurrent Clear Claimed Marks 0.013ms
[39.486s][info   ][gc,marking    ] GC(381) Concurrent Scan Root Regions
[39.486s][info   ][gc,marking    ] GC(381) Concurrent Scan Root Regions 0.009ms
[39.486s][info   ][gc,marking    ] GC(381) Concurrent Mark (39.486s)
[39.486s][info   ][gc,marking    ] GC(381) Concurrent Mark From Roots
[39.486s][info   ][gc,task       ] GC(381) Using 2 workers of 2 for marking
[39.488s][info   ][gc,marking    ] GC(381) Concurrent Mark From Roots 1.905ms
[39.488s][info   ][gc,marking    ] GC(381) Concurrent Preclean
[39.488s][info   ][gc,marking    ] GC(381) Concurrent Preclean 0.034ms
[39.488s][info   ][gc,marking    ] GC(381) Concurrent Mark (39.486s, 39.488s) 1.987ms
[39.488s][info   ][gc,start      ] GC(381) Pause Remark
[39.489s][info   ][gc,stringtable] GC(381) Cleaned string and symbol table, strings: 1384 processed, 0 removed, symbols: 16327 processed, 0 removed
[39.489s][info   ][gc            ] GC(381) Pause Remark 147M->147M(256M) 0.506ms
[39.489s][info   ][gc,cpu        ] GC(381) User=0.00s Sys=0.00s Real=0.00s
[39.489s][info   ][gc,marking    ] GC(381) Concurrent Rebuild Remembered Sets
[39.490s][info   ][gc,marking    ] GC(381) Concurrent Rebuild Remembered Sets 1.033ms
[39.490s][info   ][gc,start      ] GC(381) Pause Cleanup
[39.490s][info   ][gc            ] GC(381) Pause Cleanup 147M->147M(256M) 0.076ms
[39.490s][info   ][gc,cpu        ] GC(381) User=0.00s Sys=0.00s Real=0.00s
[39.490s][info   ][gc,marking    ] GC(381) Concurrent Cleanup for Next Mark
[39.490s][info   ][gc,marking    ] GC(381) Concurrent Cleanup for Next Mark 0.295ms
[39.490s][info   ][gc            ] GC(381) Concurrent Cycle 4.281ms
[39.541s][info   ][gc,start      ] GC(382) Pause Young (Concurrent Start) (G1 Humongous Allocation)
[39.541s][info   ][gc,task       ] GC(382) Using 6 workers of 9 for evacuation
[39.543s][info   ][gc,phases     ] GC(382)   Pre Evacuate Collection Set: 0.1ms
[39.543s][info   ][gc,phases     ] GC(382)   Evacuate Collection Set: 1.3ms
[39.543s][info   ][gc,phases     ] GC(382)   Post Evacuate Collection Set: 0.1ms
[39.543s][info   ][gc,phases     ] GC(382)   Other: 0.4ms
[39.543s][info   ][gc,heap       ] GC(382) Eden regions: 0->0(13)
[39.543s][info   ][gc,heap       ] GC(382) Survivor regions: 0->0(2)
[39.543s][info   ][gc,heap       ] GC(382) Old regions: 1->1
[39.543s][info   ][gc,heap       ] GC(382) Archive regions: 0->0
[39.543s][info   ][gc,heap       ] GC(382) Humongous regions: 147->146
[39.543s][info   ][gc,metaspace  ] GC(382) Metaspace: 3424K(4864K)->3424K(4864K) NonClass: 3120K(4352K)->3120K(4352K) Class: 304K(512K)->304K(512K)
[39.543s][info   ][gc            ] GC(382) Pause Young (Concurrent Start) (G1 Humongous Allocation) 147M->146M(256M) 1.990ms
[39.543s][info   ][gc,cpu        ] GC(382) User=0.00s Sys=0.00s Real=0.00s
[39.543s][info   ][gc            ] GC(383) Concurrent Cycle
[39.543s][info   ][gc,marking    ] GC(383) Concurrent Clear Claimed Marks
[39.543s][info   ][gc,marking    ] GC(383) Concurrent Clear Claimed Marks 0.012ms
[39.543s][info   ][gc,marking    ] GC(383) Concurrent Scan Root Regions
[39.543s][info   ][gc,marking    ] GC(383) Concurrent Scan Root Regions 0.007ms
[39.543s][info   ][gc,marking    ] GC(383) Concurrent Mark (39.543s)
[39.543s][info   ][gc,marking    ] GC(383) Concurrent Mark From Roots
[39.543s][info   ][gc,task       ] GC(383) Using 2 workers of 2 for marking
[39.545s][info   ][gc,marking    ] GC(383) Concurrent Mark From Roots 1.700ms
[39.545s][info   ][gc,marking    ] GC(383) Concurrent Preclean
[39.545s][info   ][gc,marking    ] GC(383) Concurrent Preclean 0.034ms
[39.545s][info   ][gc,marking    ] GC(383) Concurrent Mark (39.543s, 39.545s) 1.777ms
[39.545s][info   ][gc,start      ] GC(383) Pause Remark
[39.547s][info   ][gc,stringtable] GC(383) Cleaned string and symbol table, strings: 1384 processed, 0 removed, symbols: 16327 processed, 0 removed
[39.547s][info   ][gc            ] GC(383) Pause Remark 147M->147M(256M) 1.980ms
[39.547s][info   ][gc,cpu        ] GC(383) User=0.00s Sys=0.00s Real=0.00s
[39.547s][info   ][gc,marking    ] GC(383) Concurrent Rebuild Remembered Sets
[39.548s][info   ][gc,marking    ] GC(383) Concurrent Rebuild Remembered Sets 0.929ms
[39.548s][info   ][gc,start      ] GC(383) Pause Cleanup
[39.548s][info   ][gc            ] GC(383) Pause Cleanup 147M->147M(256M) 0.098ms
[39.548s][info   ][gc,cpu        ] GC(383) User=0.00s Sys=0.00s Real=0.00s
[39.548s][info   ][gc,marking    ] GC(383) Concurrent Cleanup for Next Mark
[39.549s][info   ][gc,marking    ] GC(383) Concurrent Cleanup for Next Mark 0.283ms
[39.549s][info   ][gc            ] GC(383) Concurrent Cycle 5.400ms
[39.596s][info   ][gc,start      ] GC(384) Pause Young (Concurrent Start) (G1 Humongous Allocation)
[39.596s][info   ][gc,task       ] GC(384) Using 6 workers of 9 for evacuation
[39.597s][info   ][gc,phases     ] GC(384)   Pre Evacuate Collection Set: 0.2ms
[39.597s][info   ][gc,phases     ] GC(384)   Evacuate Collection Set: 0.3ms
[39.597s][info   ][gc,phases     ] GC(384)   Post Evacuate Collection Set: 0.1ms
[39.597s][info   ][gc,phases     ] GC(384)   Other: 0.5ms
[39.597s][info   ][gc,heap       ] GC(384) Eden regions: 0->0(13)
[39.597s][info   ][gc,heap       ] GC(384) Survivor regions: 0->0(2)
[39.597s][info   ][gc,heap       ] GC(384) Old regions: 1->1
[39.597s][info   ][gc,heap       ] GC(384) Archive regions: 0->0
[39.597s][info   ][gc,heap       ] GC(384) Humongous regions: 147->146
[39.597s][info   ][gc,metaspace  ] GC(384) Metaspace: 3424K(4864K)->3424K(4864K) NonClass: 3120K(4352K)->3120K(4352K) Class: 304K(512K)->304K(512K)
[39.597s][info   ][gc            ] GC(384) Pause Young (Concurrent Start) (G1 Humongous Allocation) 147M->146M(256M) 1.385ms
[39.597s][info   ][gc,cpu        ] GC(384) User=0.00s Sys=0.00s Real=0.00s
[39.597s][info   ][gc            ] GC(385) Concurrent Cycle
[39.597s][info   ][gc,marking    ] GC(385) Concurrent Clear Claimed Marks
[39.597s][info   ][gc,marking    ] GC(385) Concurrent Clear Claimed Marks 0.014ms
[39.597s][info   ][gc,marking    ] GC(385) Concurrent Scan Root Regions
[39.597s][info   ][gc,marking    ] GC(385) Concurrent Scan Root Regions 0.015ms
[39.598s][info   ][gc,marking    ] GC(385) Concurrent Mark (39.598s)
[39.598s][info   ][gc,marking    ] GC(385) Concurrent Mark From Roots
[39.598s][info   ][gc,task       ] GC(385) Using 2 workers of 2 for marking
[39.599s][info   ][gc,marking    ] GC(385) Concurrent Mark From Roots 1.953ms
[39.600s][info   ][gc,marking    ] GC(385) Concurrent Preclean
[39.600s][info   ][gc,marking    ] GC(385) Concurrent Preclean 0.038ms
[39.600s][info   ][gc,marking    ] GC(385) Concurrent Mark (39.598s, 39.600s) 2.065ms
[39.600s][info   ][gc,start      ] GC(385) Pause Remark
[39.600s][info   ][gc,stringtable] GC(385) Cleaned string and symbol table, strings: 1384 processed, 0 removed, symbols: 16327 processed, 0 removed
[39.600s][info   ][gc            ] GC(385) Pause Remark 147M->147M(256M) 0.564ms
[39.600s][info   ][gc,cpu        ] GC(385) User=0.00s Sys=0.00s Real=0.00s
[39.600s][info   ][gc,marking    ] GC(385) Concurrent Rebuild Remembered Sets
[39.601s][info   ][gc,marking    ] GC(385) Concurrent Rebuild Remembered Sets 0.985ms
[39.601s][info   ][gc,start      ] GC(385) Pause Cleanup
[39.601s][info   ][gc            ] GC(385) Pause Cleanup 147M->147M(256M) 0.086ms
[39.602s][info   ][gc,cpu        ] GC(385) User=0.00s Sys=0.00s Real=0.00s
[39.602s][info   ][gc,marking    ] GC(385) Concurrent Cleanup for Next Mark
[39.602s][info   ][gc,marking    ] GC(385) Concurrent Cleanup for Next Mark 0.314ms
[39.602s][info   ][gc            ] GC(385) Concurrent Cycle 4.565ms
[39.653s][info   ][gc,start      ] GC(386) Pause Young (Concurrent Start) (G1 Humongous Allocation)
[39.653s][info   ][gc,task       ] GC(386) Using 6 workers of 9 for evacuation
[39.654s][info   ][gc,phases     ] GC(386)   Pre Evacuate Collection Set: 0.1ms
[39.654s][info   ][gc,phases     ] GC(386)   Evacuate Collection Set: 0.4ms
[39.654s][info   ][gc,phases     ] GC(386)   Post Evacuate Collection Set: 0.1ms
[39.654s][info   ][gc,phases     ] GC(386)   Other: 0.4ms
[39.654s][info   ][gc,heap       ] GC(386) Eden regions: 0->0(13)
[39.654s][info   ][gc,heap       ] GC(386) Survivor regions: 0->0(2)
[39.654s][info   ][gc,heap       ] GC(386) Old regions: 1->1
[39.654s][info   ][gc,heap       ] GC(386) Archive regions: 0->0
[39.654s][info   ][gc,heap       ] GC(386) Humongous regions: 147->146
[39.654s][info   ][gc,metaspace  ] GC(386) Metaspace: 3424K(4864K)->3424K(4864K) NonClass: 3120K(4352K)->3120K(4352K) Class: 304K(512K)->304K(512K)
[39.654s][info   ][gc            ] GC(386) Pause Young (Concurrent Start) (G1 Humongous Allocation) 147M->146M(256M) 1.592ms
[39.654s][info   ][gc,cpu        ] GC(386) User=0.00s Sys=0.00s Real=0.00s
[39.656s][info   ][gc            ] GC(387) Concurrent Cycle
[39.656s][info   ][gc,marking    ] GC(387) Concurrent Clear Claimed Marks
[39.656s][info   ][gc,marking    ] GC(387) Concurrent Clear Claimed Marks 0.393ms
[39.656s][info   ][gc,marking    ] GC(387) Concurrent Scan Root Regions
[39.656s][info   ][gc,marking    ] GC(387) Concurrent Scan Root Regions 0.010ms
[39.656s][info   ][gc,marking    ] GC(387) Concurrent Mark (39.656s)
[39.656s][info   ][gc,marking    ] GC(387) Concurrent Mark From Roots
[39.656s][info   ][gc,task       ] GC(387) Using 2 workers of 2 for marking
[39.659s][info   ][gc,marking    ] GC(387) Concurrent Mark From Roots 3.032ms
[39.659s][info   ][gc,marking    ] GC(387) Concurrent Preclean
[39.659s][info   ][gc,marking    ] GC(387) Concurrent Preclean 0.036ms
[39.660s][info   ][gc,marking    ] GC(387) Concurrent Mark (39.656s, 39.660s) 3.248ms
[39.660s][info   ][gc,start      ] GC(387) Pause Remark
[39.661s][info   ][gc,stringtable] GC(387) Cleaned string and symbol table, strings: 1384 processed, 0 removed, symbols: 16327 processed, 0 removed
[39.661s][info   ][gc            ] GC(387) Pause Remark 149M->149M(256M) 1.169ms
[39.661s][info   ][gc,cpu        ] GC(387) User=0.01s Sys=0.00s Real=0.00s
[39.661s][info   ][gc,marking    ] GC(387) Concurrent Rebuild Remembered Sets
[39.662s][info   ][gc,marking    ] GC(387) Concurrent Rebuild Remembered Sets 1.019ms
[39.662s][info   ][gc,start      ] GC(387) Pause Cleanup
[39.662s][info   ][gc            ] GC(387) Pause Cleanup 149M->149M(256M) 0.101ms
[39.662s][info   ][gc,cpu        ] GC(387) User=0.00s Sys=0.00s Real=0.00s
[39.662s][info   ][gc,marking    ] GC(387) Concurrent Cleanup for Next Mark
[39.662s][info   ][gc,marking    ] GC(387) Concurrent Cleanup for Next Mark 0.360ms
[39.663s][info   ][gc            ] GC(387) Concurrent Cycle 6.715ms
[39.711s][info   ][gc,start      ] GC(388) Pause Young (Concurrent Start) (G1 Humongous Allocation)
[39.711s][info   ][gc,task       ] GC(388) Using 6 workers of 9 for evacuation
[39.712s][info   ][gc,phases     ] GC(388)   Pre Evacuate Collection Set: 0.2ms
[39.712s][info   ][gc,phases     ] GC(388)   Evacuate Collection Set: 0.6ms
[39.713s][info   ][gc,phases     ] GC(388)   Post Evacuate Collection Set: 0.1ms
[39.713s][info   ][gc,phases     ] GC(388)   Other: 0.6ms
[39.713s][info   ][gc,heap       ] GC(388) Eden regions: 1->0(16)
[39.713s][info   ][gc,heap       ] GC(388) Survivor regions: 0->1(2)
[39.713s][info   ][gc,heap       ] GC(388) Old regions: 1->1
[39.713s][info   ][gc,heap       ] GC(388) Archive regions: 0->0
[39.713s][info   ][gc,heap       ] GC(388) Humongous regions: 149->148
[39.713s][info   ][gc,metaspace  ] GC(388) Metaspace: 3424K(4864K)->3424K(4864K) NonClass: 3120K(4352K)->3120K(4352K) Class: 304K(512K)->304K(512K)
[39.713s][info   ][gc            ] GC(388) Pause Young (Concurrent Start) (G1 Humongous Allocation) 149M->148M(256M) 1.668ms
[39.713s][info   ][gc,cpu        ] GC(388) User=0.00s Sys=0.00s Real=0.00s
[39.713s][info   ][gc            ] GC(389) Concurrent Cycle
[39.713s][info   ][gc,marking    ] GC(389) Concurrent Clear Claimed Marks
[39.713s][info   ][gc,marking    ] GC(389) Concurrent Clear Claimed Marks 0.023ms
[39.713s][info   ][gc,marking    ] GC(389) Concurrent Scan Root Regions
[39.713s][info   ][gc,marking    ] GC(389) Concurrent Scan Root Regions 0.082ms
[39.713s][info   ][gc,marking    ] GC(389) Concurrent Mark (39.713s)
[39.713s][info   ][gc,marking    ] GC(389) Concurrent Mark From Roots
[39.713s][info   ][gc,task       ] GC(389) Using 2 workers of 2 for marking
[39.715s][info   ][gc,marking    ] GC(389) Concurrent Mark From Roots 1.847ms
[39.715s][info   ][gc,marking    ] GC(389) Concurrent Preclean
[39.715s][info   ][gc,marking    ] GC(389) Concurrent Preclean 0.048ms
[39.715s][info   ][gc,marking    ] GC(389) Concurrent Mark (39.713s, 39.715s) 1.951ms
[39.715s][info   ][gc,start      ] GC(389) Pause Remark
[39.715s][info   ][gc,stringtable] GC(389) Cleaned string and symbol table, strings: 1384 processed, 0 removed, symbols: 16327 processed, 0 removed
[39.716s][info   ][gc            ] GC(389) Pause Remark 149M->149M(256M) 0.517ms
[39.716s][info   ][gc,cpu        ] GC(389) User=0.01s Sys=0.01s Real=0.00s
[39.716s][info   ][gc,marking    ] GC(389) Concurrent Rebuild Remembered Sets
[39.717s][info   ][gc,marking    ] GC(389) Concurrent Rebuild Remembered Sets 1.008ms
[39.717s][info   ][gc,start      ] GC(389) Pause Cleanup
[39.717s][info   ][gc            ] GC(389) Pause Cleanup 149M->149M(256M) 0.088ms
[39.717s][info   ][gc,cpu        ] GC(389) User=0.00s Sys=0.00s Real=0.00s
[39.717s][info   ][gc,marking    ] GC(389) Concurrent Cleanup for Next Mark
[39.717s][info   ][gc,marking    ] GC(389) Concurrent Cleanup for Next Mark 0.227ms
[39.717s][info   ][gc            ] GC(389) Concurrent Cycle 4.297ms
[39.767s][info   ][gc,start      ] GC(390) Pause Young (Concurrent Start) (G1 Humongous Allocation)
[39.767s][info   ][gc,task       ] GC(390) Using 6 workers of 9 for evacuation
[39.768s][info   ][gc,phases     ] GC(390)   Pre Evacuate Collection Set: 0.1ms
[39.768s][info   ][gc,phases     ] GC(390)   Evacuate Collection Set: 0.4ms
[39.768s][info   ][gc,phases     ] GC(390)   Post Evacuate Collection Set: 0.1ms
[39.768s][info   ][gc,phases     ] GC(390)   Other: 0.5ms
[39.768s][info   ][gc,heap       ] GC(390) Eden regions: 0->0(16)
[39.768s][info   ][gc,heap       ] GC(390) Survivor regions: 1->1(3)
[39.768s][info   ][gc,heap       ] GC(390) Old regions: 1->1
[39.768s][info   ][gc,heap       ] GC(390) Archive regions: 0->0
[39.768s][info   ][gc,heap       ] GC(390) Humongous regions: 149->148
[39.768s][info   ][gc,metaspace  ] GC(390) Metaspace: 3424K(4864K)->3424K(4864K) NonClass: 3120K(4352K)->3120K(4352K) Class: 304K(512K)->304K(512K)
[39.768s][info   ][gc            ] GC(390) Pause Young (Concurrent Start) (G1 Humongous Allocation) 149M->148M(256M) 1.202ms
[39.768s][info   ][gc,cpu        ] GC(390) User=0.00s Sys=0.00s Real=0.00s
[39.768s][info   ][gc            ] GC(391) Concurrent Cycle
[39.768s][info   ][gc,marking    ] GC(391) Concurrent Clear Claimed Marks
[39.768s][info   ][gc,marking    ] GC(391) Concurrent Clear Claimed Marks 0.023ms
[39.769s][info   ][gc,marking    ] GC(391) Concurrent Scan Root Regions
[39.769s][info   ][gc,marking    ] GC(391) Concurrent Scan Root Regions 0.083ms
[39.769s][info   ][gc,marking    ] GC(391) Concurrent Mark (39.769s)
[39.769s][info   ][gc,marking    ] GC(391) Concurrent Mark From Roots
[39.769s][info   ][gc,task       ] GC(391) Using 2 workers of 2 for marking
[39.770s][info   ][gc,marking    ] GC(391) Concurrent Mark From Roots 1.844ms
[39.770s][info   ][gc,marking    ] GC(391) Concurrent Preclean
[39.771s][info   ][gc,marking    ] GC(391) Concurrent Preclean 0.080ms
[39.771s][info   ][gc,marking    ] GC(391) Concurrent Mark (39.769s, 39.771s) 1.979ms
[39.771s][info   ][gc,start      ] GC(391) Pause Remark
[39.771s][info   ][gc,stringtable] GC(391) Cleaned string and symbol table, strings: 1384 processed, 0 removed, symbols: 16327 processed, 0 removed
[39.771s][info   ][gc            ] GC(391) Pause Remark 149M->149M(256M) 0.480ms
[39.771s][info   ][gc,cpu        ] GC(391) User=0.00s Sys=0.00s Real=0.00s
[39.771s][info   ][gc,marking    ] GC(391) Concurrent Rebuild Remembered Sets
[39.772s][info   ][gc,marking    ] GC(391) Concurrent Rebuild Remembered Sets 0.960ms
[39.772s][info   ][gc,start      ] GC(391) Pause Cleanup
[39.772s][info   ][gc            ] GC(391) Pause Cleanup 149M->149M(256M) 0.082ms
[39.772s][info   ][gc,cpu        ] GC(391) User=0.00s Sys=0.00s Real=0.00s
[39.772s][info   ][gc,marking    ] GC(391) Concurrent Cleanup for Next Mark
[39.773s][info   ][gc,marking    ] GC(391) Concurrent Cleanup for Next Mark 0.291ms
[39.773s][info   ][gc            ] GC(391) Concurrent Cycle 4.260ms
[39.821s][info   ][gc,start      ] GC(392) Pause Young (Concurrent Start) (G1 Humongous Allocation)
[39.821s][info   ][gc,task       ] GC(392) Using 6 workers of 9 for evacuation
[39.822s][info   ][gc,phases     ] GC(392)   Pre Evacuate Collection Set: 0.1ms
[39.822s][info   ][gc,phases     ] GC(392)   Evacuate Collection Set: 0.4ms
[39.822s][info   ][gc,phases     ] GC(392)   Post Evacuate Collection Set: 0.1ms
[39.822s][info   ][gc,phases     ] GC(392)   Other: 0.5ms
[39.822s][info   ][gc,heap       ] GC(392) Eden regions: 0->0(16)
[39.822s][info   ][gc,heap       ] GC(392) Survivor regions: 1->1(3)
[39.822s][info   ][gc,heap       ] GC(392) Old regions: 1->1
[39.822s][info   ][gc,heap       ] GC(392) Archive regions: 0->0
[39.822s][info   ][gc,heap       ] GC(392) Humongous regions: 149->148
[39.822s][info   ][gc,metaspace  ] GC(392) Metaspace: 3424K(4864K)->3424K(4864K) NonClass: 3120K(4352K)->3120K(4352K) Class: 304K(512K)->304K(512K)
[39.822s][info   ][gc            ] GC(392) Pause Young (Concurrent Start) (G1 Humongous Allocation) 149M->148M(256M) 1.192ms
[39.822s][info   ][gc,cpu        ] GC(392) User=0.00s Sys=0.00s Real=0.00s
[39.822s][info   ][gc            ] GC(393) Concurrent Cycle
[39.823s][info   ][gc,marking    ] GC(393) Concurrent Clear Claimed Marks
[39.823s][info   ][gc,marking    ] GC(393) Concurrent Clear Claimed Marks 0.021ms
[39.823s][info   ][gc,marking    ] GC(393) Concurrent Scan Root Regions
[39.823s][info   ][gc,marking    ] GC(393) Concurrent Scan Root Regions 0.089ms
[39.823s][info   ][gc,marking    ] GC(393) Concurrent Mark (39.823s)
[39.823s][info   ][gc,marking    ] GC(393) Concurrent Mark From Roots
[39.823s][info   ][gc,task       ] GC(393) Using 2 workers of 2 for marking
[39.824s][info   ][gc,marking    ] GC(393) Concurrent Mark From Roots 1.758ms
[39.825s][info   ][gc,marking    ] GC(393) Concurrent Preclean
[39.825s][info   ][gc,marking    ] GC(393) Concurrent Preclean 0.124ms
[39.825s][info   ][gc,marking    ] GC(393) Concurrent Mark (39.823s, 39.825s) 1.926ms
[39.825s][info   ][gc,start      ] GC(393) Pause Remark
[39.825s][info   ][gc,stringtable] GC(393) Cleaned string and symbol table, strings: 1384 processed, 0 removed, symbols: 16327 processed, 0 removed
[39.825s][info   ][gc            ] GC(393) Pause Remark 149M->149M(256M) 0.683ms
[39.825s][info   ][gc,cpu        ] GC(393) User=0.00s Sys=0.00s Real=0.00s
[39.825s][info   ][gc,marking    ] GC(393) Concurrent Rebuild Remembered Sets
[39.826s][info   ][gc,marking    ] GC(393) Concurrent Rebuild Remembered Sets 1.004ms
[39.826s][info   ][gc,start      ] GC(393) Pause Cleanup
[39.827s][info   ][gc            ] GC(393) Pause Cleanup 149M->149M(256M) 0.082ms
[39.827s][info   ][gc,cpu        ] GC(393) User=0.00s Sys=0.00s Real=0.00s
[39.827s][info   ][gc,marking    ] GC(393) Concurrent Cleanup for Next Mark
[39.827s][info   ][gc,marking    ] GC(393) Concurrent Cleanup for Next Mark 0.310ms
[39.827s][info   ][gc            ] GC(393) Concurrent Cycle 4.453ms
[39.873s][info   ][gc,start      ] GC(394) Pause Young (Concurrent Start) (G1 Humongous Allocation)
[39.874s][info   ][gc,task       ] GC(394) Using 6 workers of 9 for evacuation
[39.875s][info   ][gc,phases     ] GC(394)   Pre Evacuate Collection Set: 0.1ms
[39.876s][info   ][gc,phases     ] GC(394)   Evacuate Collection Set: 1.3ms
[39.876s][info   ][gc,phases     ] GC(394)   Post Evacuate Collection Set: 0.1ms
[39.876s][info   ][gc,phases     ] GC(394)   Other: 0.6ms
[39.876s][info   ][gc,heap       ] GC(394) Eden regions: 0->0(16)
[39.876s][info   ][gc,heap       ] GC(394) Survivor regions: 1->1(3)
[39.876s][info   ][gc,heap       ] GC(394) Old regions: 1->1
[39.876s][info   ][gc,heap       ] GC(394) Archive regions: 0->0
[39.876s][info   ][gc,heap       ] GC(394) Humongous regions: 149->148
[39.876s][info   ][gc,metaspace  ] GC(394) Metaspace: 3424K(4864K)->3424K(4864K) NonClass: 3120K(4352K)->3120K(4352K) Class: 304K(512K)->304K(512K)
[39.876s][info   ][gc            ] GC(394) Pause Young (Concurrent Start) (G1 Humongous Allocation) 149M->148M(256M) 2.224ms
[39.876s][info   ][gc,cpu        ] GC(394) User=0.00s Sys=0.00s Real=0.00s
[39.876s][info   ][gc            ] GC(395) Concurrent Cycle
[39.876s][info   ][gc,marking    ] GC(395) Concurrent Clear Claimed Marks
[39.876s][info   ][gc,marking    ] GC(395) Concurrent Clear Claimed Marks 0.012ms
[39.876s][info   ][gc,marking    ] GC(395) Concurrent Scan Root Regions
[39.876s][info   ][gc,marking    ] GC(395) Concurrent Scan Root Regions 0.076ms
[39.876s][info   ][gc,marking    ] GC(395) Concurrent Mark (39.876s)
[39.876s][info   ][gc,marking    ] GC(395) Concurrent Mark From Roots
[39.876s][info   ][gc,task       ] GC(395) Using 2 workers of 2 for marking
[39.877s][info   ][gc,marking    ] GC(395) Concurrent Mark From Roots 1.418ms
[39.877s][info   ][gc,marking    ] GC(395) Concurrent Preclean
[39.877s][info   ][gc,marking    ] GC(395) Concurrent Preclean 0.036ms
[39.877s][info   ][gc,marking    ] GC(395) Concurrent Mark (39.876s, 39.877s) 1.487ms
[39.877s][info   ][gc,start      ] GC(395) Pause Remark
[39.879s][info   ][gc,stringtable] GC(395) Cleaned string and symbol table, strings: 1384 processed, 0 removed, symbols: 16327 processed, 0 removed
[39.879s][info   ][gc            ] GC(395) Pause Remark 149M->149M(256M) 1.357ms
[39.879s][info   ][gc,cpu        ] GC(395) User=0.00s Sys=0.00s Real=0.00s
[39.879s][info   ][gc,marking    ] GC(395) Concurrent Rebuild Remembered Sets
[39.880s][info   ][gc,marking    ] GC(395) Concurrent Rebuild Remembered Sets 0.952ms
[39.880s][info   ][gc,start      ] GC(395) Pause Cleanup
[39.880s][info   ][gc            ] GC(395) Pause Cleanup 149M->149M(256M) 0.077ms
[39.880s][info   ][gc,cpu        ] GC(395) User=0.00s Sys=0.00s Real=0.00s
[39.880s][info   ][gc,marking    ] GC(395) Concurrent Cleanup for Next Mark
[39.880s][info   ][gc,marking    ] GC(395) Concurrent Cleanup for Next Mark 0.252ms
[39.880s][info   ][gc            ] GC(395) Concurrent Cycle 4.529ms
[39.928s][info   ][gc,start      ] GC(396) Pause Young (Concurrent Start) (G1 Humongous Allocation)
[39.929s][info   ][gc,task       ] GC(396) Using 6 workers of 9 for evacuation
[39.930s][info   ][gc,phases     ] GC(396)   Pre Evacuate Collection Set: 0.1ms
[39.930s][info   ][gc,phases     ] GC(396)   Evacuate Collection Set: 0.6ms
[39.930s][info   ][gc,phases     ] GC(396)   Post Evacuate Collection Set: 0.1ms
[39.930s][info   ][gc,phases     ] GC(396)   Other: 0.5ms
[39.930s][info   ][gc,heap       ] GC(396) Eden regions: 0->0(16)
[39.930s][info   ][gc,heap       ] GC(396) Survivor regions: 1->1(3)
[39.930s][info   ][gc,heap       ] GC(396) Old regions: 1->1
[39.930s][info   ][gc,heap       ] GC(396) Archive regions: 0->0
[39.930s][info   ][gc,heap       ] GC(396) Humongous regions: 149->148
[39.930s][info   ][gc,metaspace  ] GC(396) Metaspace: 3424K(4864K)->3424K(4864K) NonClass: 3120K(4352K)->3120K(4352K) Class: 304K(512K)->304K(512K)
[39.930s][info   ][gc            ] GC(396) Pause Young (Concurrent Start) (G1 Humongous Allocation) 149M->148M(256M) 1.424ms
[39.930s][info   ][gc,cpu        ] GC(396) User=0.00s Sys=0.00s Real=0.01s
[39.930s][info   ][gc            ] GC(397) Concurrent Cycle
[39.930s][info   ][gc,marking    ] GC(397) Concurrent Clear Claimed Marks
[39.930s][info   ][gc,marking    ] GC(397) Concurrent Clear Claimed Marks 0.020ms
[39.930s][info   ][gc,marking    ] GC(397) Concurrent Scan Root Regions
[39.930s][info   ][gc,marking    ] GC(397) Concurrent Scan Root Regions 0.109ms
[39.930s][info   ][gc,marking    ] GC(397) Concurrent Mark (39.930s)
[39.930s][info   ][gc,marking    ] GC(397) Concurrent Mark From Roots
[39.930s][info   ][gc,task       ] GC(397) Using 2 workers of 2 for marking
[39.932s][info   ][gc,marking    ] GC(397) Concurrent Mark From Roots 1.679ms
[39.932s][info   ][gc,marking    ] GC(397) Concurrent Preclean
[39.932s][info   ][gc,marking    ] GC(397) Concurrent Preclean 0.040ms
[39.932s][info   ][gc,marking    ] GC(397) Concurrent Mark (39.930s, 39.932s) 1.768ms
[39.932s][info   ][gc,start      ] GC(397) Pause Remark
[39.932s][info   ][gc,stringtable] GC(397) Cleaned string and symbol table, strings: 1384 processed, 0 removed, symbols: 16327 processed, 0 removed
[39.933s][info   ][gc            ] GC(397) Pause Remark 149M->149M(256M) 0.641ms
[39.933s][info   ][gc,cpu        ] GC(397) User=0.00s Sys=0.00s Real=0.00s
[39.933s][info   ][gc,marking    ] GC(397) Concurrent Rebuild Remembered Sets
[39.934s][info   ][gc,marking    ] GC(397) Concurrent Rebuild Remembered Sets 0.961ms
[39.934s][info   ][gc,start      ] GC(397) Pause Cleanup
[39.934s][info   ][gc            ] GC(397) Pause Cleanup 149M->149M(256M) 0.100ms
[39.934s][info   ][gc,cpu        ] GC(397) User=0.00s Sys=0.00s Real=0.00s
[39.934s][info   ][gc,marking    ] GC(397) Concurrent Cleanup for Next Mark
[39.934s][info   ][gc,marking    ] GC(397) Concurrent Cleanup for Next Mark 0.240ms
[39.934s][info   ][gc            ] GC(397) Concurrent Cycle 4.193ms
[39.984s][info   ][gc,start      ] GC(398) Pause Young (Concurrent Start) (G1 Humongous Allocation)
[39.984s][info   ][gc,task       ] GC(398) Using 6 workers of 9 for evacuation
[39.985s][info   ][gc,phases     ] GC(398)   Pre Evacuate Collection Set: 0.1ms
[39.985s][info   ][gc,phases     ] GC(398)   Evacuate Collection Set: 0.6ms
[39.985s][info   ][gc,phases     ] GC(398)   Post Evacuate Collection Set: 0.1ms
[39.985s][info   ][gc,phases     ] GC(398)   Other: 0.5ms
[39.985s][info   ][gc,heap       ] GC(398) Eden regions: 0->0(16)
[39.986s][info   ][gc,heap       ] GC(398) Survivor regions: 1->1(3)
[39.986s][info   ][gc,heap       ] GC(398) Old regions: 1->1
[39.986s][info   ][gc,heap       ] GC(398) Archive regions: 0->0
[39.986s][info   ][gc,heap       ] GC(398) Humongous regions: 149->148
[39.986s][info   ][gc,metaspace  ] GC(398) Metaspace: 3424K(4864K)->3424K(4864K) NonClass: 3120K(4352K)->3120K(4352K) Class: 304K(512K)->304K(512K)
[39.986s][info   ][gc            ] GC(398) Pause Young (Concurrent Start) (G1 Humongous Allocation) 149M->148M(256M) 1.579ms
[39.986s][info   ][gc,cpu        ] GC(398) User=0.00s Sys=0.00s Real=0.00s
[39.986s][info   ][gc            ] GC(399) Concurrent Cycle
[39.986s][info   ][gc,marking    ] GC(399) Concurrent Clear Claimed Marks
[39.986s][info   ][gc,marking    ] GC(399) Concurrent Clear Claimed Marks 0.026ms
[39.986s][info   ][gc,marking    ] GC(399) Concurrent Scan Root Regions
[39.986s][info   ][gc,marking    ] GC(399) Concurrent Scan Root Regions 0.110ms
[39.986s][info   ][gc,marking    ] GC(399) Concurrent Mark (39.986s)
[39.986s][info   ][gc,marking    ] GC(399) Concurrent Mark From Roots
[39.986s][info   ][gc,task       ] GC(399) Using 2 workers of 2 for marking
[39.988s][info   ][gc,marking    ] GC(399) Concurrent Mark From Roots 2.374ms
[39.988s][info   ][gc,marking    ] GC(399) Concurrent Preclean
[39.988s][info   ][gc,marking    ] GC(399) Concurrent Preclean 0.039ms
[39.988s][info   ][gc,marking    ] GC(399) Concurrent Mark (39.986s, 39.988s) 2.466ms
[39.988s][info   ][gc,start      ] GC(399) Pause Remark
[39.990s][info   ][gc,stringtable] GC(399) Cleaned string and symbol table, strings: 1384 processed, 0 removed, symbols: 16327 processed, 0 removed
[39.990s][info   ][gc            ] GC(399) Pause Remark 149M->149M(256M) 1.575ms
[39.990s][info   ][gc,cpu        ] GC(399) User=0.01s Sys=0.00s Real=0.01s
[39.990s][info   ][gc,marking    ] GC(399) Concurrent Rebuild Remembered Sets
[39.991s][info   ][gc,marking    ] GC(399) Concurrent Rebuild Remembered Sets 0.972ms
[39.991s][info   ][gc,start      ] GC(399) Pause Cleanup
[39.991s][info   ][gc            ] GC(399) Pause Cleanup 149M->149M(256M) 0.115ms
[39.991s][info   ][gc,cpu        ] GC(399) User=0.00s Sys=0.00s Real=0.00s
[39.991s][info   ][gc,marking    ] GC(399) Concurrent Cleanup for Next Mark
[39.992s][info   ][gc,marking    ] GC(399) Concurrent Cleanup for Next Mark 0.284ms
[39.992s][info   ][gc            ] GC(399) Concurrent Cycle 5.920ms
[40.040s][info   ][gc,start      ] GC(400) Pause Young (Concurrent Start) (G1 Humongous Allocation)
[40.040s][info   ][gc,task       ] GC(400) Using 6 workers of 9 for evacuation
[40.043s][info   ][gc,phases     ] GC(400)   Pre Evacuate Collection Set: 0.1ms
[40.043s][info   ][gc,phases     ] GC(400)   Evacuate Collection Set: 1.3ms
[40.043s][info   ][gc,phases     ] GC(400)   Post Evacuate Collection Set: 0.1ms
[40.043s][info   ][gc,phases     ] GC(400)   Other: 1.4ms
[40.043s][info   ][gc,heap       ] GC(400) Eden regions: 0->0(16)
[40.043s][info   ][gc,heap       ] GC(400) Survivor regions: 1->1(3)
[40.043s][info   ][gc,heap       ] GC(400) Old regions: 1->1
[40.043s][info   ][gc,heap       ] GC(400) Archive regions: 0->0
[40.043s][info   ][gc,heap       ] GC(400) Humongous regions: 149->148
[40.043s][info   ][gc,metaspace  ] GC(400) Metaspace: 3424K(4864K)->3424K(4864K) NonClass: 3120K(4352K)->3120K(4352K) Class: 304K(512K)->304K(512K)
[40.043s][info   ][gc            ] GC(400) Pause Young (Concurrent Start) (G1 Humongous Allocation) 149M->148M(256M) 3.058ms
[40.043s][info   ][gc,cpu        ] GC(400) User=0.00s Sys=0.00s Real=0.00s
[40.043s][info   ][gc            ] GC(401) Concurrent Cycle
[40.043s][info   ][gc,marking    ] GC(401) Concurrent Clear Claimed Marks
[40.043s][info   ][gc,marking    ] GC(401) Concurrent Clear Claimed Marks 0.013ms
[40.043s][info   ][gc,marking    ] GC(401) Concurrent Scan Root Regions
[40.043s][info   ][gc,marking    ] GC(401) Concurrent Scan Root Regions 0.080ms
[40.043s][info   ][gc,marking    ] GC(401) Concurrent Mark (40.043s)
[40.043s][info   ][gc,marking    ] GC(401) Concurrent Mark From Roots
[40.043s][info   ][gc,task       ] GC(401) Using 2 workers of 2 for marking
[40.045s][info   ][gc,marking    ] GC(401) Concurrent Mark From Roots 1.697ms
[40.045s][info   ][gc,marking    ] GC(401) Concurrent Preclean
[40.045s][info   ][gc,marking    ] GC(401) Concurrent Preclean 0.033ms
[40.045s][info   ][gc,marking    ] GC(401) Concurrent Mark (40.043s, 40.045s) 1.777ms
[40.045s][info   ][gc,start      ] GC(401) Pause Remark
[40.045s][info   ][gc,stringtable] GC(401) Cleaned string and symbol table, strings: 1384 processed, 0 removed, symbols: 16327 processed, 0 removed
[40.046s][info   ][gc            ] GC(401) Pause Remark 149M->149M(256M) 0.518ms
[40.046s][info   ][gc,cpu        ] GC(401) User=0.00s Sys=0.00s Real=0.00s
[40.046s][info   ][gc,marking    ] GC(401) Concurrent Rebuild Remembered Sets
[40.047s][info   ][gc,marking    ] GC(401) Concurrent Rebuild Remembered Sets 0.977ms
[40.047s][info   ][gc,start      ] GC(401) Pause Cleanup
[40.047s][info   ][gc            ] GC(401) Pause Cleanup 149M->149M(256M) 0.103ms
[40.047s][info   ][gc,cpu        ] GC(401) User=0.00s Sys=0.00s Real=0.00s
[40.047s][info   ][gc,marking    ] GC(401) Concurrent Cleanup for Next Mark
[40.047s][info   ][gc,marking    ] GC(401) Concurrent Cleanup for Next Mark 0.304ms
[40.047s][info   ][gc            ] GC(401) Concurrent Cycle 4.133ms
[40.098s][info   ][gc,start      ] GC(402) Pause Young (Concurrent Start) (G1 Humongous Allocation)
[40.099s][info   ][gc,task       ] GC(402) Using 6 workers of 9 for evacuation
[40.099s][info   ][gc,phases     ] GC(402)   Pre Evacuate Collection Set: 0.1ms
[40.099s][info   ][gc,phases     ] GC(402)   Evacuate Collection Set: 0.4ms
[40.099s][info   ][gc,phases     ] GC(402)   Post Evacuate Collection Set: 0.1ms
[40.099s][info   ][gc,phases     ] GC(402)   Other: 0.5ms
[40.099s][info   ][gc,heap       ] GC(402) Eden regions: 0->0(16)
[40.099s][info   ][gc,heap       ] GC(402) Survivor regions: 1->1(3)
[40.099s][info   ][gc,heap       ] GC(402) Old regions: 1->1
[40.099s][info   ][gc,heap       ] GC(402) Archive regions: 0->0
[40.099s][info   ][gc,heap       ] GC(402) Humongous regions: 149->148
[40.099s][info   ][gc,metaspace  ] GC(402) Metaspace: 3424K(4864K)->3424K(4864K) NonClass: 3120K(4352K)->3120K(4352K) Class: 304K(512K)->304K(512K)
[40.100s][info   ][gc            ] GC(402) Pause Young (Concurrent Start) (G1 Humongous Allocation) 149M->148M(256M) 1.207ms
[40.100s][info   ][gc,cpu        ] GC(402) User=0.00s Sys=0.00s Real=0.01s
[40.100s][info   ][gc            ] GC(403) Concurrent Cycle
[40.100s][info   ][gc,marking    ] GC(403) Concurrent Clear Claimed Marks
[40.100s][info   ][gc,marking    ] GC(403) Concurrent Clear Claimed Marks 0.015ms
[40.100s][info   ][gc,marking    ] GC(403) Concurrent Scan Root Regions
[40.100s][info   ][gc,marking    ] GC(403) Concurrent Scan Root Regions 0.077ms
[40.100s][info   ][gc,marking    ] GC(403) Concurrent Mark (40.100s)
[40.100s][info   ][gc,marking    ] GC(403) Concurrent Mark From Roots
[40.100s][info   ][gc,task       ] GC(403) Using 2 workers of 2 for marking
[40.101s][info   ][gc,marking    ] GC(403) Concurrent Mark From Roots 1.680ms
[40.101s][info   ][gc,marking    ] GC(403) Concurrent Preclean
[40.101s][info   ][gc,marking    ] GC(403) Concurrent Preclean 0.033ms
[40.101s][info   ][gc,marking    ] GC(403) Concurrent Mark (40.100s, 40.101s) 1.747ms
[40.102s][info   ][gc,start      ] GC(403) Pause Remark
[40.102s][info   ][gc,stringtable] GC(403) Cleaned string and symbol table, strings: 1384 processed, 0 removed, symbols: 16327 processed, 0 removed
[40.103s][info   ][gc            ] GC(403) Pause Remark 149M->149M(256M) 0.979ms
[40.103s][info   ][gc,cpu        ] GC(403) User=0.00s Sys=0.00s Real=0.00s
[40.103s][info   ][gc,marking    ] GC(403) Concurrent Rebuild Remembered Sets
[40.104s][info   ][gc,marking    ] GC(403) Concurrent Rebuild Remembered Sets 1.091ms
[40.104s][info   ][gc,start      ] GC(403) Pause Cleanup
[40.104s][info   ][gc            ] GC(403) Pause Cleanup 149M->149M(256M) 0.088ms
[40.104s][info   ][gc,cpu        ] GC(403) User=0.00s Sys=0.00s Real=0.00s
[40.104s][info   ][gc,marking    ] GC(403) Concurrent Cleanup for Next Mark
[40.104s][info   ][gc,marking    ] GC(403) Concurrent Cleanup for Next Mark 0.356ms
[40.104s][info   ][gc            ] GC(403) Concurrent Cycle 4.720ms
[40.154s][info   ][gc,start      ] GC(404) Pause Young (Concurrent Start) (G1 Humongous Allocation)
[40.154s][info   ][gc,task       ] GC(404) Using 6 workers of 9 for evacuation
[40.155s][info   ][gc,phases     ] GC(404)   Pre Evacuate Collection Set: 0.1ms
[40.155s][info   ][gc,phases     ] GC(404)   Evacuate Collection Set: 0.4ms
[40.155s][info   ][gc,phases     ] GC(404)   Post Evacuate Collection Set: 0.1ms
[40.155s][info   ][gc,phases     ] GC(404)   Other: 0.4ms
[40.155s][info   ][gc,heap       ] GC(404) Eden regions: 0->0(16)
[40.155s][info   ][gc,heap       ] GC(404) Survivor regions: 1->1(3)
[40.155s][info   ][gc,heap       ] GC(404) Old regions: 1->1
[40.155s][info   ][gc,heap       ] GC(404) Archive regions: 0->0
[40.155s][info   ][gc,heap       ] GC(404) Humongous regions: 149->148
[40.155s][info   ][gc,metaspace  ] GC(404) Metaspace: 3424K(4864K)->3424K(4864K) NonClass: 3120K(4352K)->3120K(4352K) Class: 304K(512K)->304K(512K)
[40.155s][info   ][gc            ] GC(404) Pause Young (Concurrent Start) (G1 Humongous Allocation) 149M->148M(256M) 1.108ms
[40.155s][info   ][gc,cpu        ] GC(404) User=0.00s Sys=0.00s Real=0.00s
[40.155s][info   ][gc            ] GC(405) Concurrent Cycle
[40.155s][info   ][gc,marking    ] GC(405) Concurrent Clear Claimed Marks
[40.155s][info   ][gc,marking    ] GC(405) Concurrent Clear Claimed Marks 0.015ms
[40.155s][info   ][gc,marking    ] GC(405) Concurrent Scan Root Regions
[40.155s][info   ][gc,marking    ] GC(405) Concurrent Scan Root Regions 0.086ms
[40.155s][info   ][gc,marking    ] GC(405) Concurrent Mark (40.155s)
[40.155s][info   ][gc,marking    ] GC(405) Concurrent Mark From Roots
[40.155s][info   ][gc,task       ] GC(405) Using 2 workers of 2 for marking
[40.157s][info   ][gc,marking    ] GC(405) Concurrent Mark From Roots 1.683ms
[40.157s][info   ][gc,marking    ] GC(405) Concurrent Preclean
[40.157s][info   ][gc,marking    ] GC(405) Concurrent Preclean 0.042ms
[40.157s][info   ][gc,marking    ] GC(405) Concurrent Mark (40.155s, 40.157s) 1.790ms
[40.157s][info   ][gc,start      ] GC(405) Pause Remark
[40.158s][info   ][gc,stringtable] GC(405) Cleaned string and symbol table, strings: 1384 processed, 0 removed, symbols: 16327 processed, 0 removed
[40.158s][info   ][gc            ] GC(405) Pause Remark 149M->149M(256M) 0.727ms
[40.158s][info   ][gc,cpu        ] GC(405) User=0.00s Sys=0.00s Real=0.00s
[40.158s][info   ][gc,marking    ] GC(405) Concurrent Rebuild Remembered Sets
[40.159s][info   ][gc,marking    ] GC(405) Concurrent Rebuild Remembered Sets 0.945ms
[40.159s][info   ][gc,start      ] GC(405) Pause Cleanup
[40.159s][info   ][gc            ] GC(405) Pause Cleanup 149M->149M(256M) 0.092ms
[40.159s][info   ][gc,cpu        ] GC(405) User=0.00s Sys=0.00s Real=0.00s
[40.159s][info   ][gc,marking    ] GC(405) Concurrent Cleanup for Next Mark
[40.160s][info   ][gc,marking    ] GC(405) Concurrent Cleanup for Next Mark 0.321ms
[40.160s][info   ][gc            ] GC(405) Concurrent Cycle 4.325ms
[40.211s][info   ][gc,start      ] GC(406) Pause Young (Concurrent Start) (G1 Humongous Allocation)
[40.211s][info   ][gc,task       ] GC(406) Using 6 workers of 9 for evacuation
[40.212s][info   ][gc,phases     ] GC(406)   Pre Evacuate Collection Set: 0.1ms
[40.212s][info   ][gc,phases     ] GC(406)   Evacuate Collection Set: 0.6ms
[40.212s][info   ][gc,phases     ] GC(406)   Post Evacuate Collection Set: 0.1ms
[40.212s][info   ][gc,phases     ] GC(406)   Other: 0.5ms
[40.212s][info   ][gc,heap       ] GC(406) Eden regions: 0->0(16)
[40.212s][info   ][gc,heap       ] GC(406) Survivor regions: 1->1(3)
[40.212s][info   ][gc,heap       ] GC(406) Old regions: 1->1
[40.212s][info   ][gc,heap       ] GC(406) Archive regions: 0->0
[40.212s][info   ][gc,heap       ] GC(406) Humongous regions: 149->148
[40.212s][info   ][gc,metaspace  ] GC(406) Metaspace: 3424K(4864K)->3424K(4864K) NonClass: 3120K(4352K)->3120K(4352K) Class: 304K(512K)->304K(512K)
[40.212s][info   ][gc            ] GC(406) Pause Young (Concurrent Start) (G1 Humongous Allocation) 149M->148M(256M) 1.529ms
[40.212s][info   ][gc,cpu        ] GC(406) User=0.00s Sys=0.00s Real=0.00s
[40.212s][info   ][gc            ] GC(407) Concurrent Cycle
[40.212s][info   ][gc,marking    ] GC(407) Concurrent Clear Claimed Marks
[40.212s][info   ][gc,marking    ] GC(407) Concurrent Clear Claimed Marks 0.019ms
[40.212s][info   ][gc,marking    ] GC(407) Concurrent Scan Root Regions
[40.212s][info   ][gc,marking    ] GC(407) Concurrent Scan Root Regions 0.095ms
[40.212s][info   ][gc,marking    ] GC(407) Concurrent Mark (40.212s)
[40.212s][info   ][gc,marking    ] GC(407) Concurrent Mark From Roots
[40.212s][info   ][gc,task       ] GC(407) Using 2 workers of 2 for marking
[40.214s][info   ][gc,marking    ] GC(407) Concurrent Mark From Roots 1.837ms
[40.214s][info   ][gc,marking    ] GC(407) Concurrent Preclean
[40.214s][info   ][gc,marking    ] GC(407) Concurrent Preclean 0.036ms
[40.214s][info   ][gc,marking    ] GC(407) Concurrent Mark (40.212s, 40.214s) 1.923ms
[40.214s][info   ][gc,start      ] GC(407) Pause Remark
[40.215s][info   ][gc,stringtable] GC(407) Cleaned string and symbol table, strings: 1384 processed, 0 removed, symbols: 16327 processed, 0 removed
[40.215s][info   ][gc            ] GC(407) Pause Remark 151M->151M(256M) 0.489ms
[40.215s][info   ][gc,cpu        ] GC(407) User=0.00s Sys=0.00s Real=0.00s
[40.215s][info   ][gc,marking    ] GC(407) Concurrent Rebuild Remembered Sets
[40.216s][info   ][gc,marking    ] GC(407) Concurrent Rebuild Remembered Sets 0.978ms
[40.216s][info   ][gc,start      ] GC(407) Pause Cleanup
[40.216s][info   ][gc            ] GC(407) Pause Cleanup 151M->151M(256M) 0.069ms
[40.216s][info   ][gc,cpu        ] GC(407) User=0.00s Sys=0.00s Real=0.00s
[40.216s][info   ][gc,marking    ] GC(407) Concurrent Cleanup for Next Mark
[40.216s][info   ][gc,marking    ] GC(407) Concurrent Cleanup for Next Mark 0.251ms
[40.216s][info   ][gc            ] GC(407) Concurrent Cycle 4.183ms
[40.266s][info   ][gc,start      ] GC(408) Pause Young (Concurrent Start) (G1 Humongous Allocation)
[40.266s][info   ][gc,task       ] GC(408) Using 6 workers of 9 for evacuation
[40.267s][info   ][gc,phases     ] GC(408)   Pre Evacuate Collection Set: 0.1ms
[40.267s][info   ][gc,phases     ] GC(408)   Evacuate Collection Set: 0.3ms
[40.267s][info   ][gc,phases     ] GC(408)   Post Evacuate Collection Set: 0.1ms
[40.267s][info   ][gc,phases     ] GC(408)   Other: 0.4ms
[40.267s][info   ][gc,heap       ] GC(408) Eden regions: 0->0(16)
[40.267s][info   ][gc,heap       ] GC(408) Survivor regions: 1->1(3)
[40.267s][info   ][gc,heap       ] GC(408) Old regions: 1->1
[40.267s][info   ][gc,heap       ] GC(408) Archive regions: 0->0
[40.267s][info   ][gc,heap       ] GC(408) Humongous regions: 151->150
[40.267s][info   ][gc,metaspace  ] GC(408) Metaspace: 3424K(4864K)->3424K(4864K) NonClass: 3120K(4352K)->3120K(4352K) Class: 304K(512K)->304K(512K)
[40.267s][info   ][gc            ] GC(408) Pause Young (Concurrent Start) (G1 Humongous Allocation) 151M->150M(256M) 1.014ms
[40.267s][info   ][gc,cpu        ] GC(408) User=0.00s Sys=0.00s Real=0.00s
[40.267s][info   ][gc            ] GC(409) Concurrent Cycle
[40.267s][info   ][gc,marking    ] GC(409) Concurrent Clear Claimed Marks
[40.267s][info   ][gc,marking    ] GC(409) Concurrent Clear Claimed Marks 0.014ms
[40.267s][info   ][gc,marking    ] GC(409) Concurrent Scan Root Regions
[40.267s][info   ][gc,marking    ] GC(409) Concurrent Scan Root Regions 0.107ms
[40.267s][info   ][gc,marking    ] GC(409) Concurrent Mark (40.267s)
[40.267s][info   ][gc,marking    ] GC(409) Concurrent Mark From Roots
[40.267s][info   ][gc,task       ] GC(409) Using 2 workers of 2 for marking
[40.269s][info   ][gc,marking    ] GC(409) Concurrent Mark From Roots 1.699ms
[40.269s][info   ][gc,marking    ] GC(409) Concurrent Preclean
[40.269s][info   ][gc,marking    ] GC(409) Concurrent Preclean 0.038ms
[40.269s][info   ][gc,marking    ] GC(409) Concurrent Mark (40.267s, 40.269s) 1.786ms
[40.269s][info   ][gc,start      ] GC(409) Pause Remark
[40.269s][info   ][gc,stringtable] GC(409) Cleaned string and symbol table, strings: 1384 processed, 0 removed, symbols: 16327 processed, 0 removed
[40.269s][info   ][gc            ] GC(409) Pause Remark 151M->151M(256M) 0.503ms
[40.269s][info   ][gc,cpu        ] GC(409) User=0.00s Sys=0.00s Real=0.01s
[40.269s][info   ][gc,marking    ] GC(409) Concurrent Rebuild Remembered Sets
[40.270s][info   ][gc,marking    ] GC(409) Concurrent Rebuild Remembered Sets 0.954ms
[40.270s][info   ][gc,start      ] GC(409) Pause Cleanup
[40.271s][info   ][gc            ] GC(409) Pause Cleanup 151M->151M(256M) 0.112ms
[40.271s][info   ][gc,cpu        ] GC(409) User=0.00s Sys=0.00s Real=0.00s
[40.271s][info   ][gc,marking    ] GC(409) Concurrent Cleanup for Next Mark
[40.271s][info   ][gc,marking    ] GC(409) Concurrent Cleanup for Next Mark 0.230ms
[40.271s][info   ][gc            ] GC(409) Concurrent Cycle 4.104ms
[40.322s][info   ][gc,start      ] GC(410) Pause Young (Concurrent Start) (G1 Humongous Allocation)
[40.322s][info   ][gc,task       ] GC(410) Using 6 workers of 9 for evacuation
[40.323s][info   ][gc,phases     ] GC(410)   Pre Evacuate Collection Set: 0.1ms
[40.323s][info   ][gc,phases     ] GC(410)   Evacuate Collection Set: 0.5ms
[40.323s][info   ][gc,phases     ] GC(410)   Post Evacuate Collection Set: 0.1ms
[40.323s][info   ][gc,phases     ] GC(410)   Other: 0.5ms
[40.323s][info   ][gc,heap       ] GC(410) Eden regions: 0->0(16)
[40.323s][info   ][gc,heap       ] GC(410) Survivor regions: 1->1(3)
[40.323s][info   ][gc,heap       ] GC(410) Old regions: 1->1
[40.323s][info   ][gc,heap       ] GC(410) Archive regions: 0->0
[40.323s][info   ][gc,heap       ] GC(410) Humongous regions: 151->150
[40.323s][info   ][gc,metaspace  ] GC(410) Metaspace: 3424K(4864K)->3424K(4864K) NonClass: 3120K(4352K)->3120K(4352K) Class: 304K(512K)->304K(512K)
[40.323s][info   ][gc            ] GC(410) Pause Young (Concurrent Start) (G1 Humongous Allocation) 151M->150M(256M) 1.427ms
[40.323s][info   ][gc,cpu        ] GC(410) User=0.00s Sys=0.00s Real=0.00s
[40.323s][info   ][gc            ] GC(411) Concurrent Cycle
[40.323s][info   ][gc,marking    ] GC(411) Concurrent Clear Claimed Marks
[40.323s][info   ][gc,marking    ] GC(411) Concurrent Clear Claimed Marks 0.024ms
[40.323s][info   ][gc,marking    ] GC(411) Concurrent Scan Root Regions
[40.324s][info   ][gc,marking    ] GC(411) Concurrent Scan Root Regions 0.111ms
[40.324s][info   ][gc,marking    ] GC(411) Concurrent Mark (40.324s)
[40.324s][info   ][gc,marking    ] GC(411) Concurrent Mark From Roots
[40.324s][info   ][gc,task       ] GC(411) Using 2 workers of 2 for marking
[40.326s][info   ][gc,marking    ] GC(411) Concurrent Mark From Roots 2.733ms
[40.326s][info   ][gc,marking    ] GC(411) Concurrent Preclean
[40.326s][info   ][gc,marking    ] GC(411) Concurrent Preclean 0.107ms
[40.326s][info   ][gc,marking    ] GC(411) Concurrent Mark (40.324s, 40.326s) 2.902ms
[40.327s][info   ][gc,start      ] GC(411) Pause Remark
[40.327s][info   ][gc,stringtable] GC(411) Cleaned string and symbol table, strings: 1384 processed, 0 removed, symbols: 16327 processed, 0 removed
[40.327s][info   ][gc            ] GC(411) Pause Remark 151M->151M(256M) 0.492ms
[40.327s][info   ][gc,cpu        ] GC(411) User=0.00s Sys=0.00s Real=0.00s
[40.327s][info   ][gc,marking    ] GC(411) Concurrent Rebuild Remembered Sets
[40.328s][info   ][gc,marking    ] GC(411) Concurrent Rebuild Remembered Sets 0.963ms
[40.328s][info   ][gc,start      ] GC(411) Pause Cleanup
[40.328s][info   ][gc            ] GC(411) Pause Cleanup 151M->151M(256M) 0.087ms
[40.328s][info   ][gc,cpu        ] GC(411) User=0.00s Sys=0.01s Real=0.00s
[40.328s][info   ][gc,marking    ] GC(411) Concurrent Cleanup for Next Mark
[40.329s][info   ][gc,marking    ] GC(411) Concurrent Cleanup for Next Mark 0.261ms
[40.329s][info   ][gc            ] GC(411) Concurrent Cycle 5.232ms
[40.377s][info   ][gc,start      ] GC(412) Pause Young (Concurrent Start) (G1 Humongous Allocation)
[40.377s][info   ][gc,task       ] GC(412) Using 6 workers of 9 for evacuation
[40.378s][info   ][gc,phases     ] GC(412)   Pre Evacuate Collection Set: 0.1ms
[40.378s][info   ][gc,phases     ] GC(412)   Evacuate Collection Set: 0.3ms
[40.378s][info   ][gc,phases     ] GC(412)   Post Evacuate Collection Set: 0.1ms
[40.378s][info   ][gc,phases     ] GC(412)   Other: 0.5ms
[40.378s][info   ][gc,heap       ] GC(412) Eden regions: 0->0(16)
[40.378s][info   ][gc,heap       ] GC(412) Survivor regions: 1->1(3)
[40.378s][info   ][gc,heap       ] GC(412) Old regions: 1->1
[40.378s][info   ][gc,heap       ] GC(412) Archive regions: 0->0
[40.378s][info   ][gc,heap       ] GC(412) Humongous regions: 151->150
[40.378s][info   ][gc,metaspace  ] GC(412) Metaspace: 3424K(4864K)->3424K(4864K) NonClass: 3120K(4352K)->3120K(4352K) Class: 304K(512K)->304K(512K)
[40.378s][info   ][gc            ] GC(412) Pause Young (Concurrent Start) (G1 Humongous Allocation) 151M->150M(256M) 1.049ms
[40.378s][info   ][gc,cpu        ] GC(412) User=0.00s Sys=0.00s Real=0.00s
[40.378s][info   ][gc            ] GC(413) Concurrent Cycle
[40.378s][info   ][gc,marking    ] GC(413) Concurrent Clear Claimed Marks
[40.378s][info   ][gc,marking    ] GC(413) Concurrent Clear Claimed Marks 0.014ms
[40.378s][info   ][gc,marking    ] GC(413) Concurrent Scan Root Regions
[40.378s][info   ][gc,marking    ] GC(413) Concurrent Scan Root Regions 0.080ms
[40.378s][info   ][gc,marking    ] GC(413) Concurrent Mark (40.378s)
[40.378s][info   ][gc,marking    ] GC(413) Concurrent Mark From Roots
[40.378s][info   ][gc,task       ] GC(413) Using 2 workers of 2 for marking
[40.380s][info   ][gc,marking    ] GC(413) Concurrent Mark From Roots 2.019ms
[40.381s][info   ][gc,marking    ] GC(413) Concurrent Preclean
[40.381s][info   ][gc,marking    ] GC(413) Concurrent Preclean 0.035ms
[40.381s][info   ][gc,marking    ] GC(413) Concurrent Mark (40.378s, 40.381s) 2.135ms
[40.381s][info   ][gc,start      ] GC(413) Pause Remark
[40.382s][info   ][gc,stringtable] GC(413) Cleaned string and symbol table, strings: 1384 processed, 0 removed, symbols: 16327 processed, 0 removed
[40.382s][info   ][gc            ] GC(413) Pause Remark 151M->151M(256M) 1.338ms
[40.382s][info   ][gc,cpu        ] GC(413) User=0.00s Sys=0.00s Real=0.00s
[40.382s][info   ][gc,marking    ] GC(413) Concurrent Rebuild Remembered Sets
[40.383s][info   ][gc,marking    ] GC(413) Concurrent Rebuild Remembered Sets 0.683ms
[40.383s][info   ][gc,start      ] GC(413) Pause Cleanup
[40.383s][info   ][gc            ] GC(413) Pause Cleanup 151M->151M(256M) 0.122ms
[40.383s][info   ][gc,cpu        ] GC(413) User=0.00s Sys=0.00s Real=0.00s
[40.383s][info   ][gc,marking    ] GC(413) Concurrent Cleanup for Next Mark
[40.383s][info   ][gc,marking    ] GC(413) Concurrent Cleanup for Next Mark 0.305ms
[40.383s][info   ][gc            ] GC(413) Concurrent Cycle 5.005ms
[40.433s][info   ][gc,start      ] GC(414) Pause Young (Concurrent Start) (G1 Humongous Allocation)
[40.433s][info   ][gc,task       ] GC(414) Using 6 workers of 9 for evacuation
[40.434s][info   ][gc,phases     ] GC(414)   Pre Evacuate Collection Set: 0.0ms
[40.434s][info   ][gc,phases     ] GC(414)   Evacuate Collection Set: 0.4ms
[40.434s][info   ][gc,phases     ] GC(414)   Post Evacuate Collection Set: 0.1ms
[40.434s][info   ][gc,phases     ] GC(414)   Other: 0.3ms
[40.434s][info   ][gc,heap       ] GC(414) Eden regions: 0->0(16)
[40.434s][info   ][gc,heap       ] GC(414) Survivor regions: 1->1(3)
[40.434s][info   ][gc,heap       ] GC(414) Old regions: 1->1
[40.434s][info   ][gc,heap       ] GC(414) Archive regions: 0->0
[40.434s][info   ][gc,heap       ] GC(414) Humongous regions: 151->150
[40.434s][info   ][gc,metaspace  ] GC(414) Metaspace: 3424K(4864K)->3424K(4864K) NonClass: 3120K(4352K)->3120K(4352K) Class: 304K(512K)->304K(512K)
[40.434s][info   ][gc            ] GC(414) Pause Young (Concurrent Start) (G1 Humongous Allocation) 151M->150M(256M) 0.986ms
[40.434s][info   ][gc,cpu        ] GC(414) User=0.00s Sys=0.00s Real=0.00s
[40.434s][info   ][gc            ] GC(415) Concurrent Cycle
[40.434s][info   ][gc,marking    ] GC(415) Concurrent Clear Claimed Marks
[40.434s][info   ][gc,marking    ] GC(415) Concurrent Clear Claimed Marks 0.023ms
[40.434s][info   ][gc,marking    ] GC(415) Concurrent Scan Root Regions
[40.434s][info   ][gc,marking    ] GC(415) Concurrent Scan Root Regions 0.074ms
[40.434s][info   ][gc,marking    ] GC(415) Concurrent Mark (40.434s)
[40.434s][info   ][gc,marking    ] GC(415) Concurrent Mark From Roots
[40.434s][info   ][gc,task       ] GC(415) Using 2 workers of 2 for marking
[40.436s][info   ][gc,marking    ] GC(415) Concurrent Mark From Roots 1.667ms
[40.436s][info   ][gc,marking    ] GC(415) Concurrent Preclean
[40.436s][info   ][gc,marking    ] GC(415) Concurrent Preclean 0.035ms
[40.436s][info   ][gc,marking    ] GC(415) Concurrent Mark (40.434s, 40.436s) 1.746ms
[40.436s][info   ][gc,start      ] GC(415) Pause Remark
[40.437s][info   ][gc,stringtable] GC(415) Cleaned string and symbol table, strings: 1384 processed, 0 removed, symbols: 16327 processed, 0 removed
[40.437s][info   ][gc            ] GC(415) Pause Remark 151M->151M(256M) 0.880ms
[40.437s][info   ][gc,cpu        ] GC(415) User=0.00s Sys=0.00s Real=0.00s
[40.437s][info   ][gc,marking    ] GC(415) Concurrent Rebuild Remembered Sets
[40.438s][info   ][gc,marking    ] GC(415) Concurrent Rebuild Remembered Sets 0.651ms
[40.438s][info   ][gc,start      ] GC(415) Pause Cleanup
[40.438s][info   ][gc            ] GC(415) Pause Cleanup 151M->151M(256M) 0.061ms
[40.438s][info   ][gc,cpu        ] GC(415) User=0.00s Sys=0.00s Real=0.00s
[40.438s][info   ][gc,marking    ] GC(415) Concurrent Cleanup for Next Mark
[40.438s][info   ][gc,marking    ] GC(415) Concurrent Cleanup for Next Mark 0.200ms
[40.438s][info   ][gc            ] GC(415) Concurrent Cycle 3.967ms
[40.489s][info   ][gc,start      ] GC(416) Pause Young (Concurrent Start) (G1 Humongous Allocation)
[40.489s][info   ][gc,task       ] GC(416) Using 6 workers of 9 for evacuation
[40.490s][info   ][gc,phases     ] GC(416)   Pre Evacuate Collection Set: 0.0ms
[40.490s][info   ][gc,phases     ] GC(416)   Evacuate Collection Set: 1.1ms
[40.490s][info   ][gc,phases     ] GC(416)   Post Evacuate Collection Set: 0.1ms
[40.490s][info   ][gc,phases     ] GC(416)   Other: 0.5ms
[40.490s][info   ][gc,heap       ] GC(416) Eden regions: 0->0(16)
[40.490s][info   ][gc,heap       ] GC(416) Survivor regions: 1->1(3)
[40.490s][info   ][gc,heap       ] GC(416) Old regions: 1->1
[40.490s][info   ][gc,heap       ] GC(416) Archive regions: 0->0
[40.490s][info   ][gc,heap       ] GC(416) Humongous regions: 151->150
[40.491s][info   ][gc,metaspace  ] GC(416) Metaspace: 3424K(4864K)->3424K(4864K) NonClass: 3120K(4352K)->3120K(4352K) Class: 304K(512K)->304K(512K)
[40.491s][info   ][gc            ] GC(416) Pause Young (Concurrent Start) (G1 Humongous Allocation) 151M->150M(256M) 1.832ms
[40.491s][info   ][gc,cpu        ] GC(416) User=0.00s Sys=0.00s Real=0.01s
[40.491s][info   ][gc            ] GC(417) Concurrent Cycle
[40.491s][info   ][gc,marking    ] GC(417) Concurrent Clear Claimed Marks
[40.491s][info   ][gc,marking    ] GC(417) Concurrent Clear Claimed Marks 0.317ms
[40.491s][info   ][gc,marking    ] GC(417) Concurrent Scan Root Regions
[40.491s][info   ][gc,marking    ] GC(417) Concurrent Scan Root Regions 0.056ms
[40.491s][info   ][gc,marking    ] GC(417) Concurrent Mark (40.491s)
[40.491s][info   ][gc,marking    ] GC(417) Concurrent Mark From Roots
[40.491s][info   ][gc,task       ] GC(417) Using 2 workers of 2 for marking
[40.493s][info   ][gc,marking    ] GC(417) Concurrent Mark From Roots 1.410ms
[40.493s][info   ][gc,marking    ] GC(417) Concurrent Preclean
[40.493s][info   ][gc,marking    ] GC(417) Concurrent Preclean 0.014ms
[40.493s][info   ][gc,marking    ] GC(417) Concurrent Mark (40.491s, 40.493s) 1.464ms
[40.493s][info   ][gc,start      ] GC(417) Pause Remark
[40.493s][info   ][gc,stringtable] GC(417) Cleaned string and symbol table, strings: 1384 processed, 0 removed, symbols: 16327 processed, 0 removed
[40.493s][info   ][gc            ] GC(417) Pause Remark 151M->151M(256M) 0.434ms
[40.493s][info   ][gc,cpu        ] GC(417) User=0.00s Sys=0.00s Real=0.00s
[40.493s][info   ][gc,marking    ] GC(417) Concurrent Rebuild Remembered Sets
[40.494s][info   ][gc,marking    ] GC(417) Concurrent Rebuild Remembered Sets 0.362ms
[40.494s][info   ][gc,start      ] GC(417) Pause Cleanup
[40.494s][info   ][gc            ] GC(417) Pause Cleanup 151M->151M(256M) 0.070ms
[40.494s][info   ][gc,cpu        ] GC(417) User=0.00s Sys=0.00s Real=0.00s
[40.494s][info   ][gc,marking    ] GC(417) Concurrent Cleanup for Next Mark
[40.494s][info   ][gc,marking    ] GC(417) Concurrent Cleanup for Next Mark 0.126ms
[40.494s][info   ][gc            ] GC(417) Concurrent Cycle 3.056ms
[40.546s][info   ][gc,start      ] GC(418) Pause Young (Concurrent Start) (G1 Humongous Allocation)
[40.546s][info   ][gc,task       ] GC(418) Using 6 workers of 9 for evacuation
[40.547s][info   ][gc,phases     ] GC(418)   Pre Evacuate Collection Set: 0.0ms
[40.547s][info   ][gc,phases     ] GC(418)   Evacuate Collection Set: 0.4ms
[40.547s][info   ][gc,phases     ] GC(418)   Post Evacuate Collection Set: 0.1ms
[40.547s][info   ][gc,phases     ] GC(418)   Other: 0.2ms
[40.547s][info   ][gc,heap       ] GC(418) Eden regions: 0->0(16)
[40.547s][info   ][gc,heap       ] GC(418) Survivor regions: 1->0(3)
[40.547s][info   ][gc,heap       ] GC(418) Old regions: 1->1
[40.547s][info   ][gc,heap       ] GC(418) Archive regions: 0->0
[40.547s][info   ][gc,heap       ] GC(418) Humongous regions: 151->150
[40.547s][info   ][gc,metaspace  ] GC(418) Metaspace: 3424K(4864K)->3424K(4864K) NonClass: 3120K(4352K)->3120K(4352K) Class: 304K(512K)->304K(512K)
[40.547s][info   ][gc            ] GC(418) Pause Young (Concurrent Start) (G1 Humongous Allocation) 151M->150M(256M) 0.905ms
[40.547s][info   ][gc,cpu        ] GC(418) User=0.00s Sys=0.00s Real=0.00s
[40.547s][info   ][gc            ] GC(419) Concurrent Cycle
[40.547s][info   ][gc,marking    ] GC(419) Concurrent Clear Claimed Marks
[40.547s][info   ][gc,marking    ] GC(419) Concurrent Clear Claimed Marks 0.017ms
[40.547s][info   ][gc,marking    ] GC(419) Concurrent Scan Root Regions
[40.547s][info   ][gc,marking    ] GC(419) Concurrent Scan Root Regions 0.012ms
[40.547s][info   ][gc,marking    ] GC(419) Concurrent Mark (40.547s)
[40.547s][info   ][gc,marking    ] GC(419) Concurrent Mark From Roots
[40.547s][info   ][gc,task       ] GC(419) Using 2 workers of 2 for marking
[40.548s][info   ][gc,marking    ] GC(419) Concurrent Mark From Roots 1.523ms
[40.548s][info   ][gc,marking    ] GC(419) Concurrent Preclean
[40.548s][info   ][gc,marking    ] GC(419) Concurrent Preclean 0.035ms
[40.549s][info   ][gc,marking    ] GC(419) Concurrent Mark (40.547s, 40.549s) 1.597ms
[40.549s][info   ][gc,start      ] GC(419) Pause Remark
[40.549s][info   ][gc,stringtable] GC(419) Cleaned string and symbol table, strings: 1384 processed, 0 removed, symbols: 16327 processed, 0 removed
[40.549s][info   ][gc            ] GC(419) Pause Remark 151M->151M(256M) 0.815ms
[40.549s][info   ][gc,cpu        ] GC(419) User=0.00s Sys=0.00s Real=0.01s
[40.549s][info   ][gc,marking    ] GC(419) Concurrent Rebuild Remembered Sets
[40.550s][info   ][gc,marking    ] GC(419) Concurrent Rebuild Remembered Sets 0.709ms
[40.550s][info   ][gc,start      ] GC(419) Pause Cleanup
[40.550s][info   ][gc            ] GC(419) Pause Cleanup 151M->151M(256M) 0.060ms
[40.550s][info   ][gc,cpu        ] GC(419) User=0.00s Sys=0.00s Real=0.00s
[40.550s][info   ][gc,marking    ] GC(419) Concurrent Cleanup for Next Mark
[40.550s][info   ][gc,marking    ] GC(419) Concurrent Cleanup for Next Mark 0.176ms
[40.551s][info   ][gc            ] GC(419) Concurrent Cycle 3.715ms
[40.603s][info   ][gc,start      ] GC(420) Pause Young (Concurrent Start) (G1 Humongous Allocation)
[40.603s][info   ][gc,task       ] GC(420) Using 6 workers of 9 for evacuation
[40.611s][info   ][gc,phases     ] GC(420)   Pre Evacuate Collection Set: 0.1ms
[40.611s][info   ][gc,phases     ] GC(420)   Evacuate Collection Set: 1.7ms
[40.611s][info   ][gc,phases     ] GC(420)   Post Evacuate Collection Set: 6.0ms
[40.611s][info   ][gc,phases     ] GC(420)   Other: 0.2ms
[40.611s][info   ][gc,heap       ] GC(420) Eden regions: 0->0(16)
[40.611s][info   ][gc,heap       ] GC(420) Survivor regions: 0->0(2)
[40.611s][info   ][gc,heap       ] GC(420) Old regions: 1->1
[40.611s][info   ][gc,heap       ] GC(420) Archive regions: 0->0
[40.611s][info   ][gc,heap       ] GC(420) Humongous regions: 151->150
[40.611s][info   ][gc,metaspace  ] GC(420) Metaspace: 3424K(4864K)->3424K(4864K) NonClass: 3120K(4352K)->3120K(4352K) Class: 304K(512K)->304K(512K)
[40.611s][info   ][gc            ] GC(420) Pause Young (Concurrent Start) (G1 Humongous Allocation) 151M->150M(256M) 8.002ms
[40.611s][info   ][gc,cpu        ] GC(420) User=0.00s Sys=0.00s Real=0.01s
[40.611s][info   ][gc            ] GC(421) Concurrent Cycle
[40.611s][info   ][gc,marking    ] GC(421) Concurrent Clear Claimed Marks
[40.611s][info   ][gc,marking    ] GC(421) Concurrent Clear Claimed Marks 0.004ms
[40.611s][info   ][gc,marking    ] GC(421) Concurrent Scan Root Regions
[40.611s][info   ][gc,marking    ] GC(421) Concurrent Scan Root Regions 0.002ms
[40.611s][info   ][gc,marking    ] GC(421) Concurrent Mark (40.611s)
[40.611s][info   ][gc,marking    ] GC(421) Concurrent Mark From Roots
[40.611s][info   ][gc,task       ] GC(421) Using 2 workers of 2 for marking
[40.612s][info   ][gc,marking    ] GC(421) Concurrent Mark From Roots 1.441ms
[40.612s][info   ][gc,marking    ] GC(421) Concurrent Preclean
[40.612s][info   ][gc,marking    ] GC(421) Concurrent Preclean 0.015ms
[40.612s][info   ][gc,marking    ] GC(421) Concurrent Mark (40.611s, 40.612s) 1.497ms
[40.612s][info   ][gc,start      ] GC(421) Pause Remark
[40.629s][info   ][gc,stringtable] GC(421) Cleaned string and symbol table, strings: 1384 processed, 0 removed, symbols: 16327 processed, 0 removed
[40.629s][info   ][gc            ] GC(421) Pause Remark 151M->151M(256M) 16.356ms
[40.629s][info   ][gc,cpu        ] GC(421) User=0.00s Sys=0.00s Real=0.01s
[40.629s][info   ][gc,marking    ] GC(421) Concurrent Rebuild Remembered Sets
[40.630s][info   ][gc,marking    ] GC(421) Concurrent Rebuild Remembered Sets 0.778ms
[40.630s][info   ][gc,start      ] GC(421) Pause Cleanup
[40.630s][info   ][gc            ] GC(421) Pause Cleanup 151M->151M(256M) 0.062ms
[40.630s][info   ][gc,cpu        ] GC(421) User=0.00s Sys=0.00s Real=0.00s
[40.630s][info   ][gc,marking    ] GC(421) Concurrent Cleanup for Next Mark
[40.630s][info   ][gc,marking    ] GC(421) Concurrent Cleanup for Next Mark 0.250ms
[40.630s][info   ][gc            ] GC(421) Concurrent Cycle 19.300ms
[40.666s][info   ][gc,start      ] GC(422) Pause Young (Concurrent Start) (G1 Humongous Allocation)
[40.666s][info   ][gc,task       ] GC(422) Using 6 workers of 9 for evacuation
[40.667s][info   ][gc,phases     ] GC(422)   Pre Evacuate Collection Set: 0.0ms
[40.667s][info   ][gc,phases     ] GC(422)   Evacuate Collection Set: 0.3ms
[40.667s][info   ][gc,phases     ] GC(422)   Post Evacuate Collection Set: 0.0ms
[40.667s][info   ][gc,phases     ] GC(422)   Other: 0.1ms
[40.667s][info   ][gc,heap       ] GC(422) Eden regions: 0->0(16)
[40.667s][info   ][gc,heap       ] GC(422) Survivor regions: 0->0(2)
[40.667s][info   ][gc,heap       ] GC(422) Old regions: 1->1
[40.667s][info   ][gc,heap       ] GC(422) Archive regions: 0->0
[40.667s][info   ][gc,heap       ] GC(422) Humongous regions: 151->150
[40.667s][info   ][gc,metaspace  ] GC(422) Metaspace: 3424K(4864K)->3424K(4864K) NonClass: 3120K(4352K)->3120K(4352K) Class: 304K(512K)->304K(512K)
[40.667s][info   ][gc            ] GC(422) Pause Young (Concurrent Start) (G1 Humongous Allocation) 151M->150M(256M) 0.462ms
[40.667s][info   ][gc,cpu        ] GC(422) User=0.00s Sys=0.00s Real=0.00s
[40.667s][info   ][gc            ] GC(423) Concurrent Cycle
[40.667s][info   ][gc,marking    ] GC(423) Concurrent Clear Claimed Marks
[40.667s][info   ][gc,marking    ] GC(423) Concurrent Clear Claimed Marks 0.003ms
[40.667s][info   ][gc,marking    ] GC(423) Concurrent Scan Root Regions
[40.667s][info   ][gc,marking    ] GC(423) Concurrent Scan Root Regions 0.002ms
[40.667s][info   ][gc,marking    ] GC(423) Concurrent Mark (40.667s)
[40.667s][info   ][gc,marking    ] GC(423) Concurrent Mark From Roots
[40.667s][info   ][gc,task       ] GC(423) Using 2 workers of 2 for marking
[40.667s][info   ][gc,marking    ] GC(423) Concurrent Mark From Roots 0.535ms
[40.667s][info   ][gc,marking    ] GC(423) Concurrent Preclean
[40.667s][info   ][gc,marking    ] GC(423) Concurrent Preclean 0.012ms
[40.667s][info   ][gc,marking    ] GC(423) Concurrent Mark (40.667s, 40.667s) 0.557ms
[40.667s][info   ][gc,start      ] GC(423) Pause Remark
[40.668s][info   ][gc,stringtable] GC(423) Cleaned string and symbol table, strings: 1384 processed, 0 removed, symbols: 16327 processed, 0 removed
[40.668s][info   ][gc            ] GC(423) Pause Remark 151M->151M(256M) 1.028ms
[40.668s][info   ][gc,cpu        ] GC(423) User=0.00s Sys=0.00s Real=0.00s
[40.668s][info   ][gc,marking    ] GC(423) Concurrent Rebuild Remembered Sets
[40.669s][info   ][gc,marking    ] GC(423) Concurrent Rebuild Remembered Sets 0.436ms
[40.669s][info   ][gc,start      ] GC(423) Pause Cleanup
[40.669s][info   ][gc            ] GC(423) Pause Cleanup 151M->151M(256M) 0.086ms
[40.669s][info   ][gc,cpu        ] GC(423) User=0.00s Sys=0.00s Real=0.00s
[40.669s][info   ][gc,marking    ] GC(423) Concurrent Cleanup for Next Mark
[40.669s][info   ][gc,marking    ] GC(423) Concurrent Cleanup for Next Mark 0.211ms
[40.669s][info   ][gc            ] GC(423) Concurrent Cycle 2.638ms
[40.722s][info   ][gc,start      ] GC(424) Pause Young (Concurrent Start) (G1 Humongous Allocation)
[40.722s][info   ][gc,task       ] GC(424) Using 6 workers of 9 for evacuation
[40.722s][info   ][gc,phases     ] GC(424)   Pre Evacuate Collection Set: 0.1ms
[40.722s][info   ][gc,phases     ] GC(424)   Evacuate Collection Set: 0.4ms
[40.722s][info   ][gc,phases     ] GC(424)   Post Evacuate Collection Set: 0.1ms
[40.723s][info   ][gc,phases     ] GC(424)   Other: 0.3ms
[40.723s][info   ][gc,heap       ] GC(424) Eden regions: 0->0(16)
[40.723s][info   ][gc,heap       ] GC(424) Survivor regions: 0->0(2)
[40.723s][info   ][gc,heap       ] GC(424) Old regions: 1->1
[40.723s][info   ][gc,heap       ] GC(424) Archive regions: 0->0
[40.723s][info   ][gc,heap       ] GC(424) Humongous regions: 151->150
[40.723s][info   ][gc,metaspace  ] GC(424) Metaspace: 3424K(4864K)->3424K(4864K) NonClass: 3120K(4352K)->3120K(4352K) Class: 304K(512K)->304K(512K)
[40.723s][info   ][gc            ] GC(424) Pause Young (Concurrent Start) (G1 Humongous Allocation) 151M->150M(256M) 1.036ms
[40.723s][info   ][gc,cpu        ] GC(424) User=0.01s Sys=0.00s Real=0.00s
[40.723s][info   ][gc            ] GC(425) Concurrent Cycle
[40.723s][info   ][gc,marking    ] GC(425) Concurrent Clear Claimed Marks
[40.723s][info   ][gc,marking    ] GC(425) Concurrent Clear Claimed Marks 0.026ms
[40.723s][info   ][gc,marking    ] GC(425) Concurrent Scan Root Regions
[40.723s][info   ][gc,marking    ] GC(425) Concurrent Scan Root Regions 0.017ms
[40.723s][info   ][gc,marking    ] GC(425) Concurrent Mark (40.723s)
[40.723s][info   ][gc,marking    ] GC(425) Concurrent Mark From Roots
[40.723s][info   ][gc,task       ] GC(425) Using 2 workers of 2 for marking
[40.725s][info   ][gc,marking    ] GC(425) Concurrent Mark From Roots 2.164ms
[40.725s][info   ][gc,marking    ] GC(425) Concurrent Preclean
[40.725s][info   ][gc,marking    ] GC(425) Concurrent Preclean 0.036ms
[40.725s][info   ][gc,marking    ] GC(425) Concurrent Mark (40.723s, 40.725s) 2.242ms
[40.725s][info   ][gc,start      ] GC(425) Pause Remark
[40.726s][info   ][gc,stringtable] GC(425) Cleaned string and symbol table, strings: 1384 processed, 0 removed, symbols: 16327 processed, 0 removed
[40.726s][info   ][gc            ] GC(425) Pause Remark 151M->151M(256M) 0.794ms
[40.726s][info   ][gc,cpu        ] GC(425) User=0.00s Sys=0.00s Real=0.00s
[40.726s][info   ][gc,marking    ] GC(425) Concurrent Rebuild Remembered Sets
[40.727s][info   ][gc,marking    ] GC(425) Concurrent Rebuild Remembered Sets 0.851ms
[40.727s][info   ][gc,start      ] GC(425) Pause Cleanup
[40.727s][info   ][gc            ] GC(425) Pause Cleanup 151M->151M(256M) 0.116ms
[40.727s][info   ][gc,cpu        ] GC(425) User=0.00s Sys=0.00s Real=0.00s
[40.727s][info   ][gc,marking    ] GC(425) Concurrent Cleanup for Next Mark
[40.727s][info   ][gc,marking    ] GC(425) Concurrent Cleanup for Next Mark 0.308ms
[40.727s][info   ][gc            ] GC(425) Concurrent Cycle 4.708ms
[40.776s][info   ][gc,start      ] GC(426) Pause Young (Concurrent Start) (G1 Humongous Allocation)
[40.776s][info   ][gc,task       ] GC(426) Using 6 workers of 9 for evacuation
[40.777s][info   ][gc,phases     ] GC(426)   Pre Evacuate Collection Set: 0.1ms
[40.777s][info   ][gc,phases     ] GC(426)   Evacuate Collection Set: 0.2ms
[40.777s][info   ][gc,phases     ] GC(426)   Post Evacuate Collection Set: 0.1ms
[40.777s][info   ][gc,phases     ] GC(426)   Other: 0.2ms
[40.777s][info   ][gc,heap       ] GC(426) Eden regions: 0->0(16)
[40.777s][info   ][gc,heap       ] GC(426) Survivor regions: 0->0(2)
[40.777s][info   ][gc,heap       ] GC(426) Old regions: 1->1
[40.777s][info   ][gc,heap       ] GC(426) Archive regions: 0->0
[40.777s][info   ][gc,heap       ] GC(426) Humongous regions: 151->150
[40.777s][info   ][gc,metaspace  ] GC(426) Metaspace: 3424K(4864K)->3424K(4864K) NonClass: 3120K(4352K)->3120K(4352K) Class: 304K(512K)->304K(512K)
[40.777s][info   ][gc            ] GC(426) Pause Young (Concurrent Start) (G1 Humongous Allocation) 151M->150M(256M) 0.585ms
[40.777s][info   ][gc,cpu        ] GC(426) User=0.00s Sys=0.00s Real=0.00s
[40.777s][info   ][gc            ] GC(427) Concurrent Cycle
[40.777s][info   ][gc,marking    ] GC(427) Concurrent Clear Claimed Marks
[40.777s][info   ][gc,marking    ] GC(427) Concurrent Clear Claimed Marks 0.011ms
[40.777s][info   ][gc,marking    ] GC(427) Concurrent Scan Root Regions
[40.777s][info   ][gc,marking    ] GC(427) Concurrent Scan Root Regions 0.008ms
[40.777s][info   ][gc,marking    ] GC(427) Concurrent Mark (40.777s)
[40.777s][info   ][gc,marking    ] GC(427) Concurrent Mark From Roots
[40.777s][info   ][gc,task       ] GC(427) Using 2 workers of 2 for marking
[40.778s][info   ][gc,marking    ] GC(427) Concurrent Mark From Roots 1.223ms
[40.778s][info   ][gc,marking    ] GC(427) Concurrent Preclean
[40.778s][info   ][gc,marking    ] GC(427) Concurrent Preclean 0.030ms
[40.778s][info   ][gc,marking    ] GC(427) Concurrent Mark (40.777s, 40.778s) 1.283ms
[40.778s][info   ][gc,start      ] GC(427) Pause Remark
[40.779s][info   ][gc,stringtable] GC(427) Cleaned string and symbol table, strings: 1384 processed, 0 removed, symbols: 16327 processed, 0 removed
[40.779s][info   ][gc            ] GC(427) Pause Remark 153M->153M(256M) 0.721ms
[40.779s][info   ][gc,cpu        ] GC(427) User=0.00s Sys=0.00s Real=0.00s
[40.779s][info   ][gc,marking    ] GC(427) Concurrent Rebuild Remembered Sets
[40.780s][info   ][gc,marking    ] GC(427) Concurrent Rebuild Remembered Sets 0.663ms
[40.780s][info   ][gc,start      ] GC(427) Pause Cleanup
[40.780s][info   ][gc            ] GC(427) Pause Cleanup 153M->153M(256M) 0.059ms
[40.780s][info   ][gc,cpu        ] GC(427) User=0.00s Sys=0.00s Real=0.00s
[40.780s][info   ][gc,marking    ] GC(427) Concurrent Cleanup for Next Mark
[40.780s][info   ][gc,marking    ] GC(427) Concurrent Cleanup for Next Mark 0.171ms
[40.780s][info   ][gc            ] GC(427) Concurrent Cycle 3.200ms
[40.827s][info   ][gc,start      ] GC(428) Pause Young (Concurrent Start) (G1 Humongous Allocation)
[40.827s][info   ][gc,task       ] GC(428) Using 6 workers of 9 for evacuation
[40.828s][info   ][gc,phases     ] GC(428)   Pre Evacuate Collection Set: 0.1ms
[40.828s][info   ][gc,phases     ] GC(428)   Evacuate Collection Set: 0.3ms
[40.828s][info   ][gc,phases     ] GC(428)   Post Evacuate Collection Set: 0.1ms
[40.828s][info   ][gc,phases     ] GC(428)   Other: 0.2ms
[40.828s][info   ][gc,heap       ] GC(428) Eden regions: 0->0(16)
[40.828s][info   ][gc,heap       ] GC(428) Survivor regions: 0->0(2)
[40.828s][info   ][gc,heap       ] GC(428) Old regions: 1->1
[40.828s][info   ][gc,heap       ] GC(428) Archive regions: 0->0
[40.828s][info   ][gc,heap       ] GC(428) Humongous regions: 153->152
[40.828s][info   ][gc,metaspace  ] GC(428) Metaspace: 3424K(4864K)->3424K(4864K) NonClass: 3120K(4352K)->3120K(4352K) Class: 304K(512K)->304K(512K)
[40.828s][info   ][gc            ] GC(428) Pause Young (Concurrent Start) (G1 Humongous Allocation) 153M->152M(256M) 0.810ms
[40.828s][info   ][gc,cpu        ] GC(428) User=0.00s Sys=0.00s Real=0.00s
[40.828s][info   ][gc            ] GC(429) Concurrent Cycle
[40.828s][info   ][gc,marking    ] GC(429) Concurrent Clear Claimed Marks
[40.828s][info   ][gc,marking    ] GC(429) Concurrent Clear Claimed Marks 0.014ms
[40.828s][info   ][gc,marking    ] GC(429) Concurrent Scan Root Regions
[40.828s][info   ][gc,marking    ] GC(429) Concurrent Scan Root Regions 0.011ms
[40.828s][info   ][gc,marking    ] GC(429) Concurrent Mark (40.828s)
[40.828s][info   ][gc,marking    ] GC(429) Concurrent Mark From Roots
[40.828s][info   ][gc,task       ] GC(429) Using 2 workers of 2 for marking
[40.830s][info   ][gc,marking    ] GC(429) Concurrent Mark From Roots 1.682ms
[40.830s][info   ][gc,marking    ] GC(429) Concurrent Preclean
[40.830s][info   ][gc,marking    ] GC(429) Concurrent Preclean 0.036ms
[40.830s][info   ][gc,marking    ] GC(429) Concurrent Mark (40.828s, 40.830s) 1.764ms
[40.830s][info   ][gc,start      ] GC(429) Pause Remark
[40.831s][info   ][gc,stringtable] GC(429) Cleaned string and symbol table, strings: 1384 processed, 0 removed, symbols: 16327 processed, 0 removed
[40.831s][info   ][gc            ] GC(429) Pause Remark 153M->153M(256M) 0.786ms
[40.831s][info   ][gc,cpu        ] GC(429) User=0.00s Sys=0.01s Real=0.00s
[40.831s][info   ][gc,marking    ] GC(429) Concurrent Rebuild Remembered Sets
[40.832s][info   ][gc,marking    ] GC(429) Concurrent Rebuild Remembered Sets 0.707ms
[40.832s][info   ][gc,start      ] GC(429) Pause Cleanup
[40.832s][info   ][gc            ] GC(429) Pause Cleanup 153M->153M(256M) 0.053ms
[40.832s][info   ][gc,cpu        ] GC(429) User=0.00s Sys=0.00s Real=0.00s
[40.832s][info   ][gc,marking    ] GC(429) Concurrent Cleanup for Next Mark
[40.832s][info   ][gc,marking    ] GC(429) Concurrent Cleanup for Next Mark 0.117ms
[40.832s][info   ][gc            ] GC(429) Concurrent Cycle 3.759ms
[40.883s][info   ][gc,start      ] GC(430) Pause Young (Concurrent Start) (G1 Humongous Allocation)
[40.883s][info   ][gc,task       ] GC(430) Using 6 workers of 9 for evacuation
[40.884s][info   ][gc,phases     ] GC(430)   Pre Evacuate Collection Set: 0.1ms
[40.884s][info   ][gc,phases     ] GC(430)   Evacuate Collection Set: 0.4ms
[40.884s][info   ][gc,phases     ] GC(430)   Post Evacuate Collection Set: 0.1ms
[40.884s][info   ][gc,phases     ] GC(430)   Other: 0.3ms
[40.884s][info   ][gc,heap       ] GC(430) Eden regions: 0->0(16)
[40.884s][info   ][gc,heap       ] GC(430) Survivor regions: 0->0(2)
[40.884s][info   ][gc,heap       ] GC(430) Old regions: 1->1
[40.884s][info   ][gc,heap       ] GC(430) Archive regions: 0->0
[40.884s][info   ][gc,heap       ] GC(430) Humongous regions: 153->152
[40.884s][info   ][gc,metaspace  ] GC(430) Metaspace: 3424K(4864K)->3424K(4864K) NonClass: 3120K(4352K)->3120K(4352K) Class: 304K(512K)->304K(512K)
[40.884s][info   ][gc            ] GC(430) Pause Young (Concurrent Start) (G1 Humongous Allocation) 153M->152M(256M) 1.051ms
[40.884s][info   ][gc,cpu        ] GC(430) User=0.00s Sys=0.00s Real=0.00s
[40.884s][info   ][gc            ] GC(431) Concurrent Cycle
[40.884s][info   ][gc,marking    ] GC(431) Concurrent Clear Claimed Marks
[40.884s][info   ][gc,marking    ] GC(431) Concurrent Clear Claimed Marks 0.018ms
[40.884s][info   ][gc,marking    ] GC(431) Concurrent Scan Root Regions
[40.884s][info   ][gc,marking    ] GC(431) Concurrent Scan Root Regions 0.015ms
[40.884s][info   ][gc,marking    ] GC(431) Concurrent Mark (40.884s)
[40.884s][info   ][gc,marking    ] GC(431) Concurrent Mark From Roots
[40.884s][info   ][gc,task       ] GC(431) Using 2 workers of 2 for marking
[40.886s][info   ][gc,marking    ] GC(431) Concurrent Mark From Roots 2.169ms
[40.887s][info   ][gc,marking    ] GC(431) Concurrent Preclean
[40.887s][info   ][gc,marking    ] GC(431) Concurrent Preclean 0.036ms
[40.887s][info   ][gc,marking    ] GC(431) Concurrent Mark (40.884s, 40.887s) 2.248ms
[40.887s][info   ][gc,start      ] GC(431) Pause Remark
[40.887s][info   ][gc,stringtable] GC(431) Cleaned string and symbol table, strings: 1384 processed, 0 removed, symbols: 16327 processed, 0 removed
[40.887s][info   ][gc            ] GC(431) Pause Remark 153M->153M(256M) 0.820ms
[40.887s][info   ][gc,cpu        ] GC(431) User=0.00s Sys=0.00s Real=0.00s
[40.887s][info   ][gc,marking    ] GC(431) Concurrent Rebuild Remembered Sets
[40.889s][info   ][gc,marking    ] GC(431) Concurrent Rebuild Remembered Sets 1.964ms
[40.890s][info   ][gc,start      ] GC(431) Pause Cleanup
[40.890s][info   ][gc            ] GC(431) Pause Cleanup 153M->153M(256M) 0.099ms
[40.890s][info   ][gc,cpu        ] GC(431) User=0.00s Sys=0.00s Real=0.00s
[40.890s][info   ][gc,marking    ] GC(431) Concurrent Cleanup for Next Mark
[40.891s][info   ][gc,marking    ] GC(431) Concurrent Cleanup for Next Mark 0.754ms
[40.891s][info   ][gc            ] GC(431) Concurrent Cycle 6.626ms
[40.938s][info   ][gc,start      ] GC(432) Pause Young (Concurrent Start) (G1 Humongous Allocation)
[40.938s][info   ][gc,task       ] GC(432) Using 6 workers of 9 for evacuation
[40.939s][info   ][gc,phases     ] GC(432)   Pre Evacuate Collection Set: 0.1ms
[40.939s][info   ][gc,phases     ] GC(432)   Evacuate Collection Set: 0.5ms
[40.939s][info   ][gc,phases     ] GC(432)   Post Evacuate Collection Set: 0.1ms
[40.939s][info   ][gc,phases     ] GC(432)   Other: 0.2ms
[40.939s][info   ][gc,heap       ] GC(432) Eden regions: 0->0(16)
[40.939s][info   ][gc,heap       ] GC(432) Survivor regions: 0->0(2)
[40.939s][info   ][gc,heap       ] GC(432) Old regions: 1->1
[40.939s][info   ][gc,heap       ] GC(432) Archive regions: 0->0
[40.939s][info   ][gc,heap       ] GC(432) Humongous regions: 153->152
[40.939s][info   ][gc,metaspace  ] GC(432) Metaspace: 3424K(4864K)->3424K(4864K) NonClass: 3120K(4352K)->3120K(4352K) Class: 304K(512K)->304K(512K)
[40.939s][info   ][gc            ] GC(432) Pause Young (Concurrent Start) (G1 Humongous Allocation) 153M->152M(256M) 0.864ms
[40.939s][info   ][gc,cpu        ] GC(432) User=0.00s Sys=0.00s Real=0.01s
[40.939s][info   ][gc            ] GC(433) Concurrent Cycle
[40.939s][info   ][gc,marking    ] GC(433) Concurrent Clear Claimed Marks
[40.939s][info   ][gc,marking    ] GC(433) Concurrent Clear Claimed Marks 0.009ms
[40.939s][info   ][gc,marking    ] GC(433) Concurrent Scan Root Regions
[40.939s][info   ][gc,marking    ] GC(433) Concurrent Scan Root Regions 0.007ms
[40.939s][info   ][gc,marking    ] GC(433) Concurrent Mark (40.939s)
[40.939s][info   ][gc,marking    ] GC(433) Concurrent Mark From Roots
[40.939s][info   ][gc,task       ] GC(433) Using 2 workers of 2 for marking
[40.941s][info   ][gc,marking    ] GC(433) Concurrent Mark From Roots 1.918ms
[40.941s][info   ][gc,marking    ] GC(433) Concurrent Preclean
[40.941s][info   ][gc,marking    ] GC(433) Concurrent Preclean 0.031ms
[40.941s][info   ][gc,marking    ] GC(433) Concurrent Mark (40.939s, 40.941s) 2.008ms
[40.942s][info   ][gc,start      ] GC(433) Pause Remark
[40.944s][info   ][gc,stringtable] GC(433) Cleaned string and symbol table, strings: 1384 processed, 0 removed, symbols: 16327 processed, 0 removed
[40.944s][info   ][gc            ] GC(433) Pause Remark 153M->153M(256M) 2.895ms
[40.944s][info   ][gc,cpu        ] GC(433) User=0.01s Sys=0.00s Real=0.00s
[40.944s][info   ][gc,marking    ] GC(433) Concurrent Rebuild Remembered Sets
[40.945s][info   ][gc,marking    ] GC(433) Concurrent Rebuild Remembered Sets 0.710ms
[40.945s][info   ][gc,start      ] GC(433) Pause Cleanup
[40.945s][info   ][gc            ] GC(433) Pause Cleanup 153M->153M(256M) 0.067ms
[40.945s][info   ][gc,cpu        ] GC(433) User=0.00s Sys=0.00s Real=0.00s
[40.945s][info   ][gc,marking    ] GC(433) Concurrent Cleanup for Next Mark
[40.946s][info   ][gc,marking    ] GC(433) Concurrent Cleanup for Next Mark 0.256ms
[40.946s][info   ][gc            ] GC(433) Concurrent Cycle 6.481ms
[40.992s][info   ][gc,start      ] GC(434) Pause Young (Concurrent Start) (G1 Humongous Allocation)
[40.992s][info   ][gc,task       ] GC(434) Using 6 workers of 9 for evacuation
[40.993s][info   ][gc,phases     ] GC(434)   Pre Evacuate Collection Set: 0.1ms
[40.993s][info   ][gc,phases     ] GC(434)   Evacuate Collection Set: 0.2ms
[40.993s][info   ][gc,phases     ] GC(434)   Post Evacuate Collection Set: 0.1ms
[40.993s][info   ][gc,phases     ] GC(434)   Other: 0.2ms
[40.993s][info   ][gc,heap       ] GC(434) Eden regions: 0->0(16)
[40.993s][info   ][gc,heap       ] GC(434) Survivor regions: 0->0(2)
[40.993s][info   ][gc,heap       ] GC(434) Old regions: 1->1
[40.993s][info   ][gc,heap       ] GC(434) Archive regions: 0->0
[40.993s][info   ][gc,heap       ] GC(434) Humongous regions: 153->152
[40.993s][info   ][gc,metaspace  ] GC(434) Metaspace: 3424K(4864K)->3424K(4864K) NonClass: 3120K(4352K)->3120K(4352K) Class: 304K(512K)->304K(512K)
[40.993s][info   ][gc            ] GC(434) Pause Young (Concurrent Start) (G1 Humongous Allocation) 153M->152M(256M) 0.603ms
[40.993s][info   ][gc,cpu        ] GC(434) User=0.00s Sys=0.00s Real=0.00s
[40.993s][info   ][gc            ] GC(435) Concurrent Cycle
[40.993s][info   ][gc,marking    ] GC(435) Concurrent Clear Claimed Marks
[40.993s][info   ][gc,marking    ] GC(435) Concurrent Clear Claimed Marks 0.011ms
[40.993s][info   ][gc,marking    ] GC(435) Concurrent Scan Root Regions
[40.993s][info   ][gc,marking    ] GC(435) Concurrent Scan Root Regions 0.008ms
[40.993s][info   ][gc,marking    ] GC(435) Concurrent Mark (40.993s)
[40.993s][info   ][gc,marking    ] GC(435) Concurrent Mark From Roots
[40.993s][info   ][gc,task       ] GC(435) Using 2 workers of 2 for marking
[40.994s][info   ][gc,marking    ] GC(435) Concurrent Mark From Roots 1.201ms
[40.994s][info   ][gc,marking    ] GC(435) Concurrent Preclean
[40.994s][info   ][gc,marking    ] GC(435) Concurrent Preclean 0.029ms
[40.994s][info   ][gc,marking    ] GC(435) Concurrent Mark (40.993s, 40.994s) 1.260ms
[40.994s][info   ][gc,start      ] GC(435) Pause Remark
[40.995s][info   ][gc,stringtable] GC(435) Cleaned string and symbol table, strings: 1384 processed, 0 removed, symbols: 16327 processed, 0 removed
[40.995s][info   ][gc            ] GC(435) Pause Remark 153M->153M(256M) 0.777ms
[40.995s][info   ][gc,cpu        ] GC(435) User=0.00s Sys=0.00s Real=0.00s
[40.995s][info   ][gc,marking    ] GC(435) Concurrent Rebuild Remembered Sets
[40.996s][info   ][gc,marking    ] GC(435) Concurrent Rebuild Remembered Sets 0.798ms
[40.996s][info   ][gc,start      ] GC(435) Pause Cleanup
[40.996s][info   ][gc            ] GC(435) Pause Cleanup 153M->153M(256M) 0.068ms
[40.996s][info   ][gc,cpu        ] GC(435) User=0.00s Sys=0.00s Real=0.00s
[40.996s][info   ][gc,marking    ] GC(435) Concurrent Cleanup for Next Mark
[40.996s][info   ][gc,marking    ] GC(435) Concurrent Cleanup for Next Mark 0.205ms
[40.996s][info   ][gc            ] GC(435) Concurrent Cycle 3.425ms
[41.046s][info   ][gc,start      ] GC(436) Pause Young (Concurrent Start) (G1 Humongous Allocation)
[41.046s][info   ][gc,task       ] GC(436) Using 6 workers of 9 for evacuation
[41.047s][info   ][gc,phases     ] GC(436)   Pre Evacuate Collection Set: 0.1ms
[41.047s][info   ][gc,phases     ] GC(436)   Evacuate Collection Set: 0.4ms
[41.047s][info   ][gc,phases     ] GC(436)   Post Evacuate Collection Set: 0.1ms
[41.047s][info   ][gc,phases     ] GC(436)   Other: 0.3ms
[41.047s][info   ][gc,heap       ] GC(436) Eden regions: 0->0(16)
[41.047s][info   ][gc,heap       ] GC(436) Survivor regions: 0->0(2)
[41.047s][info   ][gc,heap       ] GC(436) Old regions: 1->1
[41.047s][info   ][gc,heap       ] GC(436) Archive regions: 0->0
[41.047s][info   ][gc,heap       ] GC(436) Humongous regions: 153->152
[41.047s][info   ][gc,metaspace  ] GC(436) Metaspace: 3424K(4864K)->3424K(4864K) NonClass: 3120K(4352K)->3120K(4352K) Class: 304K(512K)->304K(512K)
[41.047s][info   ][gc            ] GC(436) Pause Young (Concurrent Start) (G1 Humongous Allocation) 153M->152M(256M) 1.009ms
[41.047s][info   ][gc,cpu        ] GC(436) User=0.00s Sys=0.00s Real=0.00s
[41.047s][info   ][gc            ] GC(437) Concurrent Cycle
[41.047s][info   ][gc,marking    ] GC(437) Concurrent Clear Claimed Marks
[41.047s][info   ][gc,marking    ] GC(437) Concurrent Clear Claimed Marks 0.022ms
[41.047s][info   ][gc,marking    ] GC(437) Concurrent Scan Root Regions
[41.047s][info   ][gc,marking    ] GC(437) Concurrent Scan Root Regions 0.016ms
[41.047s][info   ][gc,marking    ] GC(437) Concurrent Mark (41.047s)
[41.047s][info   ][gc,marking    ] GC(437) Concurrent Mark From Roots
[41.047s][info   ][gc,task       ] GC(437) Using 2 workers of 2 for marking
[41.049s][info   ][gc,marking    ] GC(437) Concurrent Mark From Roots 1.597ms
[41.049s][info   ][gc,marking    ] GC(437) Concurrent Preclean
[41.049s][info   ][gc,marking    ] GC(437) Concurrent Preclean 0.036ms
[41.049s][info   ][gc,marking    ] GC(437) Concurrent Mark (41.047s, 41.049s) 1.677ms
[41.049s][info   ][gc,start      ] GC(437) Pause Remark
[41.050s][info   ][gc,stringtable] GC(437) Cleaned string and symbol table, strings: 1384 processed, 0 removed, symbols: 16327 processed, 0 removed
[41.050s][info   ][gc            ] GC(437) Pause Remark 153M->153M(256M) 0.816ms
[41.050s][info   ][gc,cpu        ] GC(437) User=0.00s Sys=0.00s Real=0.00s
[41.050s][info   ][gc,marking    ] GC(437) Concurrent Rebuild Remembered Sets
[41.051s][info   ][gc,marking    ] GC(437) Concurrent Rebuild Remembered Sets 0.644ms
[41.051s][info   ][gc,start      ] GC(437) Pause Cleanup
[41.051s][info   ][gc            ] GC(437) Pause Cleanup 153M->153M(256M) 0.058ms
[41.051s][info   ][gc,cpu        ] GC(437) User=0.00s Sys=0.00s Real=0.00s
[41.051s][info   ][gc,marking    ] GC(437) Concurrent Cleanup for Next Mark
[41.051s][info   ][gc,marking    ] GC(437) Concurrent Cleanup for Next Mark 0.211ms
[41.051s][info   ][gc            ] GC(437) Concurrent Cycle 3.766ms
[41.101s][info   ][gc,start      ] GC(438) Pause Young (Concurrent Start) (G1 Humongous Allocation)
[41.102s][info   ][gc,task       ] GC(438) Using 6 workers of 9 for evacuation
[41.102s][info   ][gc,phases     ] GC(438)   Pre Evacuate Collection Set: 0.1ms
[41.102s][info   ][gc,phases     ] GC(438)   Evacuate Collection Set: 0.4ms
[41.102s][info   ][gc,phases     ] GC(438)   Post Evacuate Collection Set: 0.1ms
[41.102s][info   ][gc,phases     ] GC(438)   Other: 0.3ms
[41.102s][info   ][gc,heap       ] GC(438) Eden regions: 0->0(16)
[41.102s][info   ][gc,heap       ] GC(438) Survivor regions: 0->0(2)
[41.102s][info   ][gc,heap       ] GC(438) Old regions: 1->1
[41.102s][info   ][gc,heap       ] GC(438) Archive regions: 0->0
[41.102s][info   ][gc,heap       ] GC(438) Humongous regions: 153->152
[41.102s][info   ][gc,metaspace  ] GC(438) Metaspace: 3424K(4864K)->3424K(4864K) NonClass: 3120K(4352K)->3120K(4352K) Class: 304K(512K)->304K(512K)
[41.103s][info   ][gc            ] GC(438) Pause Young (Concurrent Start) (G1 Humongous Allocation) 153M->152M(256M) 1.021ms
[41.103s][info   ][gc,cpu        ] GC(438) User=0.00s Sys=0.00s Real=0.00s
[41.103s][info   ][gc            ] GC(439) Concurrent Cycle
[41.103s][info   ][gc,marking    ] GC(439) Concurrent Clear Claimed Marks
[41.103s][info   ][gc,marking    ] GC(439) Concurrent Clear Claimed Marks 0.023ms
[41.103s][info   ][gc,marking    ] GC(439) Concurrent Scan Root Regions
[41.103s][info   ][gc,marking    ] GC(439) Concurrent Scan Root Regions 0.017ms
[41.103s][info   ][gc,marking    ] GC(439) Concurrent Mark (41.103s)
[41.103s][info   ][gc,marking    ] GC(439) Concurrent Mark From Roots
[41.103s][info   ][gc,task       ] GC(439) Using 2 workers of 2 for marking
[41.104s][info   ][gc,marking    ] GC(439) Concurrent Mark From Roots 1.773ms
[41.105s][info   ][gc,marking    ] GC(439) Concurrent Preclean
[41.105s][info   ][gc,marking    ] GC(439) Concurrent Preclean 0.036ms
[41.105s][info   ][gc,marking    ] GC(439) Concurrent Mark (41.103s, 41.105s) 1.855ms
[41.105s][info   ][gc,start      ] GC(439) Pause Remark
[41.105s][info   ][gc,stringtable] GC(439) Cleaned string and symbol table, strings: 1384 processed, 0 removed, symbols: 16327 processed, 0 removed
[41.105s][info   ][gc            ] GC(439) Pause Remark 153M->153M(256M) 0.847ms
[41.106s][info   ][gc,cpu        ] GC(439) User=0.00s Sys=0.00s Real=0.00s
[41.106s][info   ][gc,marking    ] GC(439) Concurrent Rebuild Remembered Sets
[41.107s][info   ][gc,marking    ] GC(439) Concurrent Rebuild Remembered Sets 1.082ms
[41.107s][info   ][gc,start      ] GC(439) Pause Cleanup
[41.107s][info   ][gc            ] GC(439) Pause Cleanup 153M->153M(256M) 0.083ms
[41.107s][info   ][gc,cpu        ] GC(439) User=0.00s Sys=0.00s Real=0.00s
[41.107s][info   ][gc,marking    ] GC(439) Concurrent Cleanup for Next Mark
[41.107s][info   ][gc,marking    ] GC(439) Concurrent Cleanup for Next Mark 0.142ms
[41.107s][info   ][gc            ] GC(439) Concurrent Cycle 4.446ms
[41.158s][info   ][gc,start      ] GC(440) Pause Young (Concurrent Start) (G1 Humongous Allocation)
[41.158s][info   ][gc,task       ] GC(440) Using 6 workers of 9 for evacuation
[41.158s][info   ][gc,phases     ] GC(440)   Pre Evacuate Collection Set: 0.1ms
[41.158s][info   ][gc,phases     ] GC(440)   Evacuate Collection Set: 0.3ms
[41.158s][info   ][gc,phases     ] GC(440)   Post Evacuate Collection Set: 0.1ms
[41.158s][info   ][gc,phases     ] GC(440)   Other: 0.5ms
[41.158s][info   ][gc,heap       ] GC(440) Eden regions: 0->0(16)
[41.158s][info   ][gc,heap       ] GC(440) Survivor regions: 0->0(2)
[41.158s][info   ][gc,heap       ] GC(440) Old regions: 1->1
[41.158s][info   ][gc,heap       ] GC(440) Archive regions: 0->0
[41.158s][info   ][gc,heap       ] GC(440) Humongous regions: 153->152
[41.158s][info   ][gc,metaspace  ] GC(440) Metaspace: 3424K(4864K)->3424K(4864K) NonClass: 3120K(4352K)->3120K(4352K) Class: 304K(512K)->304K(512K)
[41.158s][info   ][gc            ] GC(440) Pause Young (Concurrent Start) (G1 Humongous Allocation) 153M->152M(256M) 0.766ms
[41.158s][info   ][gc,cpu        ] GC(440) User=0.00s Sys=0.00s Real=0.00s
[41.158s][info   ][gc            ] GC(441) Concurrent Cycle
[41.158s][info   ][gc,marking    ] GC(441) Concurrent Clear Claimed Marks
[41.158s][info   ][gc,marking    ] GC(441) Concurrent Clear Claimed Marks 0.018ms
[41.158s][info   ][gc,marking    ] GC(441) Concurrent Scan Root Regions
[41.158s][info   ][gc,marking    ] GC(441) Concurrent Scan Root Regions 0.009ms
[41.159s][info   ][gc,marking    ] GC(441) Concurrent Mark (41.159s)
[41.159s][info   ][gc,marking    ] GC(441) Concurrent Mark From Roots
[41.159s][info   ][gc,task       ] GC(441) Using 2 workers of 2 for marking
[41.160s][info   ][gc,marking    ] GC(441) Concurrent Mark From Roots 1.674ms
[41.160s][info   ][gc,marking    ] GC(441) Concurrent Preclean
[41.160s][info   ][gc,marking    ] GC(441) Concurrent Preclean 0.039ms
[41.160s][info   ][gc,marking    ] GC(441) Concurrent Mark (41.159s, 41.160s) 1.754ms
[41.160s][info   ][gc,start      ] GC(441) Pause Remark
[41.161s][info   ][gc,stringtable] GC(441) Cleaned string and symbol table, strings: 1384 processed, 0 removed, symbols: 16327 processed, 0 removed
[41.161s][info   ][gc            ] GC(441) Pause Remark 153M->153M(256M) 0.828ms
[41.161s][info   ][gc,cpu        ] GC(441) User=0.00s Sys=0.00s Real=0.00s
[41.161s][info   ][gc,marking    ] GC(441) Concurrent Rebuild Remembered Sets
[41.162s][info   ][gc,marking    ] GC(441) Concurrent Rebuild Remembered Sets 0.958ms
[41.162s][info   ][gc,start      ] GC(441) Pause Cleanup
[41.162s][info   ][gc            ] GC(441) Pause Cleanup 153M->153M(256M) 0.075ms
[41.162s][info   ][gc,cpu        ] GC(441) User=0.00s Sys=0.00s Real=0.00s
[41.162s][info   ][gc,marking    ] GC(441) Concurrent Cleanup for Next Mark
[41.163s][info   ][gc,marking    ] GC(441) Concurrent Cleanup for Next Mark 0.189ms
[41.163s][info   ][gc            ] GC(441) Concurrent Cycle 4.228ms
[41.210s][info   ][gc,start      ] GC(442) Pause Young (Concurrent Start) (G1 Humongous Allocation)
[41.211s][info   ][gc,task       ] GC(442) Using 6 workers of 9 for evacuation
[41.211s][info   ][gc,phases     ] GC(442)   Pre Evacuate Collection Set: 0.1ms
[41.211s][info   ][gc,phases     ] GC(442)   Evacuate Collection Set: 0.5ms
[41.211s][info   ][gc,phases     ] GC(442)   Post Evacuate Collection Set: 0.1ms
[41.211s][info   ][gc,phases     ] GC(442)   Other: 0.3ms
[41.211s][info   ][gc,heap       ] GC(442) Eden regions: 0->0(16)
[41.211s][info   ][gc,heap       ] GC(442) Survivor regions: 0->0(2)
[41.211s][info   ][gc,heap       ] GC(442) Old regions: 1->1
[41.211s][info   ][gc,heap       ] GC(442) Archive regions: 0->0
[41.211s][info   ][gc,heap       ] GC(442) Humongous regions: 153->152
[41.211s][info   ][gc,metaspace  ] GC(442) Metaspace: 3424K(4864K)->3424K(4864K) NonClass: 3120K(4352K)->3120K(4352K) Class: 304K(512K)->304K(512K)
[41.211s][info   ][gc            ] GC(442) Pause Young (Concurrent Start) (G1 Humongous Allocation) 153M->152M(256M) 1.066ms
[41.211s][info   ][gc,cpu        ] GC(442) User=0.00s Sys=0.00s Real=0.00s
[41.212s][info   ][gc            ] GC(443) Concurrent Cycle
[41.212s][info   ][gc,marking    ] GC(443) Concurrent Clear Claimed Marks
[41.212s][info   ][gc,marking    ] GC(443) Concurrent Clear Claimed Marks 0.012ms
[41.212s][info   ][gc,marking    ] GC(443) Concurrent Scan Root Regions
[41.212s][info   ][gc,marking    ] GC(443) Concurrent Scan Root Regions 0.010ms
[41.212s][info   ][gc,marking    ] GC(443) Concurrent Mark (41.212s)
[41.212s][info   ][gc,marking    ] GC(443) Concurrent Mark From Roots
[41.212s][info   ][gc,task       ] GC(443) Using 2 workers of 2 for marking
[41.213s][info   ][gc,marking    ] GC(443) Concurrent Mark From Roots 1.490ms
[41.213s][info   ][gc,marking    ] GC(443) Concurrent Preclean
[41.213s][info   ][gc,marking    ] GC(443) Concurrent Preclean 0.038ms
[41.213s][info   ][gc,marking    ] GC(443) Concurrent Mark (41.212s, 41.213s) 1.565ms
[41.213s][info   ][gc,start      ] GC(443) Pause Remark
[41.214s][info   ][gc,stringtable] GC(443) Cleaned string and symbol table, strings: 1384 processed, 0 removed, symbols: 16327 processed, 0 removed
[41.214s][info   ][gc            ] GC(443) Pause Remark 153M->153M(256M) 0.865ms
[41.214s][info   ][gc,cpu        ] GC(443) User=0.00s Sys=0.00s Real=0.00s
[41.214s][info   ][gc,marking    ] GC(443) Concurrent Rebuild Remembered Sets
[41.215s][info   ][gc,marking    ] GC(443) Concurrent Rebuild Remembered Sets 0.812ms
[41.215s][info   ][gc,start      ] GC(443) Pause Cleanup
[41.215s][info   ][gc            ] GC(443) Pause Cleanup 153M->153M(256M) 0.113ms
[41.215s][info   ][gc,cpu        ] GC(443) User=0.00s Sys=0.00s Real=0.00s
[41.215s][info   ][gc,marking    ] GC(443) Concurrent Cleanup for Next Mark
[41.215s][info   ][gc,marking    ] GC(443) Concurrent Cleanup for Next Mark 0.236ms
[41.215s][info   ][gc            ] GC(443) Concurrent Cycle 3.933ms
[41.262s][info   ][gc,start      ] GC(444) Pause Young (Concurrent Start) (G1 Humongous Allocation)
[41.263s][info   ][gc,task       ] GC(444) Using 6 workers of 9 for evacuation
[41.264s][info   ][gc,phases     ] GC(444)   Pre Evacuate Collection Set: 0.2ms
[41.264s][info   ][gc,phases     ] GC(444)   Evacuate Collection Set: 0.6ms
[41.264s][info   ][gc,phases     ] GC(444)   Post Evacuate Collection Set: 0.1ms
[41.264s][info   ][gc,phases     ] GC(444)   Other: 0.5ms
[41.264s][info   ][gc,heap       ] GC(444) Eden regions: 0->0(16)
[41.264s][info   ][gc,heap       ] GC(444) Survivor regions: 0->0(2)
[41.264s][info   ][gc,heap       ] GC(444) Old regions: 1->1
[41.264s][info   ][gc,heap       ] GC(444) Archive regions: 0->0
[41.264s][info   ][gc,heap       ] GC(444) Humongous regions: 153->152
[41.264s][info   ][gc,metaspace  ] GC(444) Metaspace: 3424K(4864K)->3424K(4864K) NonClass: 3120K(4352K)->3120K(4352K) Class: 304K(512K)->304K(512K)
[41.264s][info   ][gc            ] GC(444) Pause Young (Concurrent Start) (G1 Humongous Allocation) 153M->152M(256M) 1.633ms
[41.264s][info   ][gc,cpu        ] GC(444) User=0.00s Sys=0.00s Real=0.00s
[41.264s][info   ][gc            ] GC(445) Concurrent Cycle
[41.264s][info   ][gc,marking    ] GC(445) Concurrent Clear Claimed Marks
[41.264s][info   ][gc,marking    ] GC(445) Concurrent Clear Claimed Marks 0.026ms
[41.264s][info   ][gc,marking    ] GC(445) Concurrent Scan Root Regions
[41.264s][info   ][gc,marking    ] GC(445) Concurrent Scan Root Regions 0.019ms
[41.264s][info   ][gc,marking    ] GC(445) Concurrent Mark (41.264s)
[41.264s][info   ][gc,marking    ] GC(445) Concurrent Mark From Roots
[41.264s][info   ][gc,task       ] GC(445) Using 2 workers of 2 for marking
[41.267s][info   ][gc,marking    ] GC(445) Concurrent Mark From Roots 2.478ms
[41.267s][info   ][gc,marking    ] GC(445) Concurrent Preclean
[41.267s][info   ][gc,marking    ] GC(445) Concurrent Preclean 0.035ms
[41.267s][info   ][gc,marking    ] GC(445) Concurrent Mark (41.264s, 41.267s) 2.568ms
[41.267s][info   ][gc,start      ] GC(445) Pause Remark
[41.267s][info   ][gc,stringtable] GC(445) Cleaned string and symbol table, strings: 1384 processed, 0 removed, symbols: 16327 processed, 0 removed
[41.267s][info   ][gc            ] GC(445) Pause Remark 153M->153M(256M) 0.554ms
[41.268s][info   ][gc,cpu        ] GC(445) User=0.00s Sys=0.00s Real=0.00s
[41.268s][info   ][gc,marking    ] GC(445) Concurrent Rebuild Remembered Sets
[41.269s][info   ][gc,marking    ] GC(445) Concurrent Rebuild Remembered Sets 1.112ms
[41.269s][info   ][gc,start      ] GC(445) Pause Cleanup
[41.269s][info   ][gc            ] GC(445) Pause Cleanup 153M->153M(256M) 0.084ms
[41.269s][info   ][gc,cpu        ] GC(445) User=0.00s Sys=0.00s Real=0.00s
[41.269s][info   ][gc,marking    ] GC(445) Concurrent Cleanup for Next Mark
[41.269s][info   ][gc,marking    ] GC(445) Concurrent Cleanup for Next Mark 0.288ms
[41.269s][info   ][gc            ] GC(445) Concurrent Cycle 5.096ms
[41.316s][info   ][gc,start      ] GC(446) Pause Young (Concurrent Start) (G1 Humongous Allocation)
[41.317s][info   ][gc,task       ] GC(446) Using 6 workers of 9 for evacuation
[41.317s][info   ][gc,phases     ] GC(446)   Pre Evacuate Collection Set: 0.1ms
[41.318s][info   ][gc,phases     ] GC(446)   Evacuate Collection Set: 0.4ms
[41.318s][info   ][gc,phases     ] GC(446)   Post Evacuate Collection Set: 0.1ms
[41.318s][info   ][gc,phases     ] GC(446)   Other: 0.5ms
[41.318s][info   ][gc,heap       ] GC(446) Eden regions: 0->0(16)
[41.318s][info   ][gc,heap       ] GC(446) Survivor regions: 0->0(2)
[41.318s][info   ][gc,heap       ] GC(446) Old regions: 1->1
[41.318s][info   ][gc,heap       ] GC(446) Archive regions: 0->0
[41.318s][info   ][gc,heap       ] GC(446) Humongous regions: 153->152
[41.318s][info   ][gc,metaspace  ] GC(446) Metaspace: 3424K(4864K)->3424K(4864K) NonClass: 3120K(4352K)->3120K(4352K) Class: 304K(512K)->304K(512K)
[41.318s][info   ][gc            ] GC(446) Pause Young (Concurrent Start) (G1 Humongous Allocation) 153M->152M(256M) 1.382ms
[41.318s][info   ][gc,cpu        ] GC(446) User=0.00s Sys=0.00s Real=0.00s
[41.318s][info   ][gc            ] GC(447) Concurrent Cycle
[41.318s][info   ][gc,marking    ] GC(447) Concurrent Clear Claimed Marks
[41.318s][info   ][gc,marking    ] GC(447) Concurrent Clear Claimed Marks 0.028ms
[41.318s][info   ][gc,marking    ] GC(447) Concurrent Scan Root Regions
[41.318s][info   ][gc,marking    ] GC(447) Concurrent Scan Root Regions 0.017ms
[41.318s][info   ][gc,marking    ] GC(447) Concurrent Mark (41.318s)
[41.318s][info   ][gc,marking    ] GC(447) Concurrent Mark From Roots
[41.318s][info   ][gc,task       ] GC(447) Using 2 workers of 2 for marking
[41.322s][info   ][gc,marking    ] GC(447) Concurrent Mark From Roots 3.572ms
[41.322s][info   ][gc,marking    ] GC(447) Concurrent Preclean
[41.322s][info   ][gc,marking    ] GC(447) Concurrent Preclean 0.041ms
[41.322s][info   ][gc,marking    ] GC(447) Concurrent Mark (41.318s, 41.322s) 3.743ms
[41.322s][info   ][gc,start      ] GC(447) Pause Remark
[41.322s][info   ][gc,stringtable] GC(447) Cleaned string and symbol table, strings: 1384 processed, 0 removed, symbols: 16327 processed, 0 removed
[41.323s][info   ][gc            ] GC(447) Pause Remark 155M->155M(256M) 0.667ms
[41.323s][info   ][gc,cpu        ] GC(447) User=0.00s Sys=0.00s Real=0.00s
[41.323s][info   ][gc,marking    ] GC(447) Concurrent Rebuild Remembered Sets
[41.324s][info   ][gc,marking    ] GC(447) Concurrent Rebuild Remembered Sets 0.987ms
[41.324s][info   ][gc,start      ] GC(447) Pause Cleanup
[41.324s][info   ][gc            ] GC(447) Pause Cleanup 155M->155M(256M) 0.079ms
[41.324s][info   ][gc,cpu        ] GC(447) User=0.00s Sys=0.00s Real=0.00s
[41.324s][info   ][gc,marking    ] GC(447) Concurrent Cleanup for Next Mark
[41.324s][info   ][gc,marking    ] GC(447) Concurrent Cleanup for Next Mark 0.322ms
[41.324s][info   ][gc            ] GC(447) Concurrent Cycle 6.264ms
[41.372s][info   ][gc,start      ] GC(448) Pause Young (Concurrent Start) (G1 Humongous Allocation)
[41.372s][info   ][gc,task       ] GC(448) Using 6 workers of 9 for evacuation
[41.373s][info   ][gc,phases     ] GC(448)   Pre Evacuate Collection Set: 0.1ms
[41.373s][info   ][gc,phases     ] GC(448)   Evacuate Collection Set: 0.5ms
[41.373s][info   ][gc,phases     ] GC(448)   Post Evacuate Collection Set: 0.1ms
[41.373s][info   ][gc,phases     ] GC(448)   Other: 0.5ms
[41.373s][info   ][gc,heap       ] GC(448) Eden regions: 0->0(16)
[41.373s][info   ][gc,heap       ] GC(448) Survivor regions: 0->0(2)
[41.373s][info   ][gc,heap       ] GC(448) Old regions: 1->1
[41.374s][info   ][gc,heap       ] GC(448) Archive regions: 0->0
[41.374s][info   ][gc,heap       ] GC(448) Humongous regions: 155->154
[41.374s][info   ][gc,metaspace  ] GC(448) Metaspace: 3424K(4864K)->3424K(4864K) NonClass: 3120K(4352K)->3120K(4352K) Class: 304K(512K)->304K(512K)
[41.374s][info   ][gc            ] GC(448) Pause Young (Concurrent Start) (G1 Humongous Allocation) 155M->154M(256M) 1.498ms
[41.374s][info   ][gc,cpu        ] GC(448) User=0.00s Sys=0.00s Real=0.00s
[41.374s][info   ][gc            ] GC(449) Concurrent Cycle
[41.374s][info   ][gc,marking    ] GC(449) Concurrent Clear Claimed Marks
[41.374s][info   ][gc,marking    ] GC(449) Concurrent Clear Claimed Marks 0.028ms
[41.374s][info   ][gc,marking    ] GC(449) Concurrent Scan Root Regions
[41.374s][info   ][gc,marking    ] GC(449) Concurrent Scan Root Regions 0.038ms
[41.374s][info   ][gc,marking    ] GC(449) Concurrent Mark (41.374s)
[41.374s][info   ][gc,marking    ] GC(449) Concurrent Mark From Roots
[41.374s][info   ][gc,task       ] GC(449) Using 2 workers of 2 for marking
[41.376s][info   ][gc,marking    ] GC(449) Concurrent Mark From Roots 2.404ms
[41.376s][info   ][gc,marking    ] GC(449) Concurrent Preclean
[41.376s][info   ][gc,marking    ] GC(449) Concurrent Preclean 0.036ms
[41.376s][info   ][gc,marking    ] GC(449) Concurrent Mark (41.374s, 41.376s) 2.494ms
[41.377s][info   ][gc,start      ] GC(449) Pause Remark
[41.378s][info   ][gc,stringtable] GC(449) Cleaned string and symbol table, strings: 1384 processed, 0 removed, symbols: 16327 processed, 0 removed
[41.378s][info   ][gc            ] GC(449) Pause Remark 155M->155M(256M) 0.549ms
[41.378s][info   ][gc,cpu        ] GC(449) User=0.00s Sys=0.00s Real=0.00s
[41.378s][info   ][gc,marking    ] GC(449) Concurrent Rebuild Remembered Sets
[41.379s][info   ][gc,marking    ] GC(449) Concurrent Rebuild Remembered Sets 1.001ms
[41.379s][info   ][gc,start      ] GC(449) Pause Cleanup
[41.379s][info   ][gc            ] GC(449) Pause Cleanup 155M->155M(256M) 0.074ms
[41.379s][info   ][gc,cpu        ] GC(449) User=0.00s Sys=0.00s Real=0.00s
[41.379s][info   ][gc,marking    ] GC(449) Concurrent Cleanup for Next Mark
[41.379s][info   ][gc,marking    ] GC(449) Concurrent Cleanup for Next Mark 0.300ms
[41.379s][info   ][gc            ] GC(449) Concurrent Cycle 5.662ms
[41.427s][info   ][gc,start      ] GC(450) Pause Young (Concurrent Start) (G1 Humongous Allocation)
[41.427s][info   ][gc,task       ] GC(450) Using 6 workers of 9 for evacuation
[41.428s][info   ][gc,phases     ] GC(450)   Pre Evacuate Collection Set: 0.1ms
[41.428s][info   ][gc,phases     ] GC(450)   Evacuate Collection Set: 0.3ms
[41.428s][info   ][gc,phases     ] GC(450)   Post Evacuate Collection Set: 0.1ms
[41.428s][info   ][gc,phases     ] GC(450)   Other: 0.7ms
[41.428s][info   ][gc,heap       ] GC(450) Eden regions: 0->0(16)
[41.428s][info   ][gc,heap       ] GC(450) Survivor regions: 0->0(2)
[41.428s][info   ][gc,heap       ] GC(450) Old regions: 1->1
[41.428s][info   ][gc,heap       ] GC(450) Archive regions: 0->0
[41.428s][info   ][gc,heap       ] GC(450) Humongous regions: 155->154
[41.428s][info   ][gc,metaspace  ] GC(450) Metaspace: 3424K(4864K)->3424K(4864K) NonClass: 3120K(4352K)->3120K(4352K) Class: 304K(512K)->304K(512K)
[41.428s][info   ][gc            ] GC(450) Pause Young (Concurrent Start) (G1 Humongous Allocation) 155M->154M(256M) 1.186ms
[41.428s][info   ][gc,cpu        ] GC(450) User=0.00s Sys=0.00s Real=0.00s
[41.428s][info   ][gc            ] GC(451) Concurrent Cycle
[41.428s][info   ][gc,marking    ] GC(451) Concurrent Clear Claimed Marks
[41.428s][info   ][gc,marking    ] GC(451) Concurrent Clear Claimed Marks 0.013ms
[41.428s][info   ][gc,marking    ] GC(451) Concurrent Scan Root Regions
[41.428s][info   ][gc,marking    ] GC(451) Concurrent Scan Root Regions 0.007ms
[41.428s][info   ][gc,marking    ] GC(451) Concurrent Mark (41.428s)
[41.428s][info   ][gc,marking    ] GC(451) Concurrent Mark From Roots
[41.428s][info   ][gc,task       ] GC(451) Using 2 workers of 2 for marking
[41.430s][info   ][gc,marking    ] GC(451) Concurrent Mark From Roots 1.679ms
[41.430s][info   ][gc,marking    ] GC(451) Concurrent Preclean
[41.430s][info   ][gc,marking    ] GC(451) Concurrent Preclean 0.035ms
[41.430s][info   ][gc,marking    ] GC(451) Concurrent Mark (41.428s, 41.430s) 1.781ms
[41.430s][info   ][gc,start      ] GC(451) Pause Remark
[41.431s][info   ][gc,stringtable] GC(451) Cleaned string and symbol table, strings: 1384 processed, 0 removed, symbols: 16327 processed, 0 removed
[41.431s][info   ][gc            ] GC(451) Pause Remark 155M->155M(256M) 0.642ms
[41.431s][info   ][gc,cpu        ] GC(451) User=0.00s Sys=0.00s Real=0.00s
[41.431s][info   ][gc,marking    ] GC(451) Concurrent Rebuild Remembered Sets
[41.432s][info   ][gc,marking    ] GC(451) Concurrent Rebuild Remembered Sets 1.000ms
[41.432s][info   ][gc,start      ] GC(451) Pause Cleanup
[41.432s][info   ][gc            ] GC(451) Pause Cleanup 155M->155M(256M) 0.102ms
[41.432s][info   ][gc,cpu        ] GC(451) User=0.00s Sys=0.00s Real=0.00s
[41.432s][info   ][gc,marking    ] GC(451) Concurrent Cleanup for Next Mark
[41.432s][info   ][gc,marking    ] GC(451) Concurrent Cleanup for Next Mark 0.282ms
[41.432s][info   ][gc            ] GC(451) Concurrent Cycle 4.162ms
[41.481s][info   ][gc,start      ] GC(452) Pause Young (Concurrent Start) (G1 Humongous Allocation)
[41.482s][info   ][gc,task       ] GC(452) Using 6 workers of 9 for evacuation
[41.483s][info   ][gc,phases     ] GC(452)   Pre Evacuate Collection Set: 0.2ms
[41.483s][info   ][gc,phases     ] GC(452)   Evacuate Collection Set: 0.5ms
[41.483s][info   ][gc,phases     ] GC(452)   Post Evacuate Collection Set: 0.1ms
[41.483s][info   ][gc,phases     ] GC(452)   Other: 0.5ms
[41.483s][info   ][gc,heap       ] GC(452) Eden regions: 0->0(16)
[41.483s][info   ][gc,heap       ] GC(452) Survivor regions: 0->0(2)
[41.483s][info   ][gc,heap       ] GC(452) Old regions: 1->1
[41.483s][info   ][gc,heap       ] GC(452) Archive regions: 0->0
[41.483s][info   ][gc,heap       ] GC(452) Humongous regions: 155->154
[41.483s][info   ][gc,metaspace  ] GC(452) Metaspace: 3424K(4864K)->3424K(4864K) NonClass: 3120K(4352K)->3120K(4352K) Class: 304K(512K)->304K(512K)
[41.483s][info   ][gc            ] GC(452) Pause Young (Concurrent Start) (G1 Humongous Allocation) 155M->154M(256M) 1.498ms
[41.483s][info   ][gc,cpu        ] GC(452) User=0.00s Sys=0.00s Real=0.00s
[41.483s][info   ][gc            ] GC(453) Concurrent Cycle
[41.483s][info   ][gc,marking    ] GC(453) Concurrent Clear Claimed Marks
[41.483s][info   ][gc,marking    ] GC(453) Concurrent Clear Claimed Marks 0.024ms
[41.483s][info   ][gc,marking    ] GC(453) Concurrent Scan Root Regions
[41.483s][info   ][gc,marking    ] GC(453) Concurrent Scan Root Regions 0.011ms
[41.483s][info   ][gc,marking    ] GC(453) Concurrent Mark (41.483s)
[41.483s][info   ][gc,marking    ] GC(453) Concurrent Mark From Roots
[41.483s][info   ][gc,task       ] GC(453) Using 2 workers of 2 for marking
[41.485s][info   ][gc,marking    ] GC(453) Concurrent Mark From Roots 1.827ms
[41.485s][info   ][gc,marking    ] GC(453) Concurrent Preclean
[41.485s][info   ][gc,marking    ] GC(453) Concurrent Preclean 0.042ms
[41.485s][info   ][gc,marking    ] GC(453) Concurrent Mark (41.483s, 41.485s) 1.910ms
[41.485s][info   ][gc,start      ] GC(453) Pause Remark
[41.485s][info   ][gc,stringtable] GC(453) Cleaned string and symbol table, strings: 1384 processed, 0 removed, symbols: 16327 processed, 0 removed
[41.486s][info   ][gc            ] GC(453) Pause Remark 155M->155M(256M) 0.520ms
[41.486s][info   ][gc,cpu        ] GC(453) User=0.00s Sys=0.00s Real=0.00s
[41.486s][info   ][gc,marking    ] GC(453) Concurrent Rebuild Remembered Sets
[41.487s][info   ][gc,marking    ] GC(453) Concurrent Rebuild Remembered Sets 0.995ms
[41.487s][info   ][gc,start      ] GC(453) Pause Cleanup
[41.487s][info   ][gc            ] GC(453) Pause Cleanup 155M->155M(256M) 0.104ms
[41.487s][info   ][gc,cpu        ] GC(453) User=0.00s Sys=0.00s Real=0.00s
[41.487s][info   ][gc,marking    ] GC(453) Concurrent Cleanup for Next Mark
[41.487s][info   ][gc,marking    ] GC(453) Concurrent Cleanup for Next Mark 0.287ms
[41.487s][info   ][gc            ] GC(453) Concurrent Cycle 4.260ms
[41.538s][info   ][gc,start      ] GC(454) Pause Young (Concurrent Start) (G1 Humongous Allocation)
[41.538s][info   ][gc,task       ] GC(454) Using 6 workers of 9 for evacuation
[41.540s][info   ][gc,phases     ] GC(454)   Pre Evacuate Collection Set: 0.1ms
[41.540s][info   ][gc,phases     ] GC(454)   Evacuate Collection Set: 1.3ms
[41.540s][info   ][gc,phases     ] GC(454)   Post Evacuate Collection Set: 0.1ms
[41.540s][info   ][gc,phases     ] GC(454)   Other: 0.6ms
[41.540s][info   ][gc,heap       ] GC(454) Eden regions: 0->0(16)
[41.540s][info   ][gc,heap       ] GC(454) Survivor regions: 0->0(2)
[41.540s][info   ][gc,heap       ] GC(454) Old regions: 1->1
[41.540s][info   ][gc,heap       ] GC(454) Archive regions: 0->0
[41.540s][info   ][gc,heap       ] GC(454) Humongous regions: 155->154
[41.540s][info   ][gc,metaspace  ] GC(454) Metaspace: 3424K(4864K)->3424K(4864K) NonClass: 3120K(4352K)->3120K(4352K) Class: 304K(512K)->304K(512K)
[41.540s][info   ][gc            ] GC(454) Pause Young (Concurrent Start) (G1 Humongous Allocation) 155M->154M(256M) 2.298ms
[41.540s][info   ][gc,cpu        ] GC(454) User=0.01s Sys=0.00s Real=0.01s
[41.540s][info   ][gc            ] GC(455) Concurrent Cycle
[41.540s][info   ][gc,marking    ] GC(455) Concurrent Clear Claimed Marks
[41.540s][info   ][gc,marking    ] GC(455) Concurrent Clear Claimed Marks 0.022ms
[41.540s][info   ][gc,marking    ] GC(455) Concurrent Scan Root Regions
[41.541s][info   ][gc,marking    ] GC(455) Concurrent Scan Root Regions 0.015ms
[41.541s][info   ][gc,marking    ] GC(455) Concurrent Mark (41.541s)
[41.541s][info   ][gc,marking    ] GC(455) Concurrent Mark From Roots
[41.541s][info   ][gc,task       ] GC(455) Using 2 workers of 2 for marking
[41.543s][info   ][gc,marking    ] GC(455) Concurrent Mark From Roots 2.813ms
[41.543s][info   ][gc,marking    ] GC(455) Concurrent Preclean
[41.543s][info   ][gc,marking    ] GC(455) Concurrent Preclean 0.033ms
[41.543s][info   ][gc,marking    ] GC(455) Concurrent Mark (41.541s, 41.543s) 2.890ms
[41.544s][info   ][gc,start      ] GC(455) Pause Remark
[41.544s][info   ][gc,stringtable] GC(455) Cleaned string and symbol table, strings: 1384 processed, 0 removed, symbols: 16327 processed, 0 removed
[41.544s][info   ][gc            ] GC(455) Pause Remark 155M->155M(256M) 0.515ms
[41.544s][info   ][gc,cpu        ] GC(455) User=0.00s Sys=0.00s Real=0.00s
[41.544s][info   ][gc,marking    ] GC(455) Concurrent Rebuild Remembered Sets
[41.545s][info   ][gc,marking    ] GC(455) Concurrent Rebuild Remembered Sets 1.089ms
[41.545s][info   ][gc,start      ] GC(455) Pause Cleanup
[41.545s][info   ][gc            ] GC(455) Pause Cleanup 155M->155M(256M) 0.076ms
[41.545s][info   ][gc,cpu        ] GC(455) User=0.00s Sys=0.01s Real=0.00s
[41.545s][info   ][gc,marking    ] GC(455) Concurrent Cleanup for Next Mark
[41.546s][info   ][gc,marking    ] GC(455) Concurrent Cleanup for Next Mark 0.291ms
[41.546s][info   ][gc            ] GC(455) Concurrent Cycle 5.279ms
[41.591s][info   ][gc,start      ] GC(456) Pause Young (Concurrent Start) (G1 Humongous Allocation)
[41.591s][info   ][gc,task       ] GC(456) Using 6 workers of 9 for evacuation
[41.592s][info   ][gc,phases     ] GC(456)   Pre Evacuate Collection Set: 0.1ms
[41.592s][info   ][gc,phases     ] GC(456)   Evacuate Collection Set: 0.2ms
[41.592s][info   ][gc,phases     ] GC(456)   Post Evacuate Collection Set: 0.1ms
[41.592s][info   ][gc,phases     ] GC(456)   Other: 0.1ms
[41.592s][info   ][gc,heap       ] GC(456) Eden regions: 0->0(16)
[41.592s][info   ][gc,heap       ] GC(456) Survivor regions: 0->0(2)
[41.592s][info   ][gc,heap       ] GC(456) Old regions: 1->1
[41.592s][info   ][gc,heap       ] GC(456) Archive regions: 0->0
[41.592s][info   ][gc,heap       ] GC(456) Humongous regions: 155->154
[41.592s][info   ][gc,metaspace  ] GC(456) Metaspace: 3424K(4864K)->3424K(4864K) NonClass: 3120K(4352K)->3120K(4352K) Class: 304K(512K)->304K(512K)
[41.592s][info   ][gc            ] GC(456) Pause Young (Concurrent Start) (G1 Humongous Allocation) 155M->154M(256M) 0.535ms
[41.592s][info   ][gc,cpu        ] GC(456) User=0.00s Sys=0.00s Real=0.00s
[41.592s][info   ][gc            ] GC(457) Concurrent Cycle
[41.592s][info   ][gc,marking    ] GC(457) Concurrent Clear Claimed Marks
[41.592s][info   ][gc,marking    ] GC(457) Concurrent Clear Claimed Marks 0.007ms
[41.592s][info   ][gc,marking    ] GC(457) Concurrent Scan Root Regions
[41.592s][info   ][gc,marking    ] GC(457) Concurrent Scan Root Regions 0.005ms
[41.592s][info   ][gc,marking    ] GC(457) Concurrent Mark (41.592s)
[41.592s][info   ][gc,marking    ] GC(457) Concurrent Mark From Roots
[41.592s][info   ][gc,task       ] GC(457) Using 2 workers of 2 for marking
[41.593s][info   ][gc,marking    ] GC(457) Concurrent Mark From Roots 0.841ms
[41.593s][info   ][gc,marking    ] GC(457) Concurrent Preclean
[41.593s][info   ][gc,marking    ] GC(457) Concurrent Preclean 0.021ms
[41.593s][info   ][gc,marking    ] GC(457) Concurrent Mark (41.592s, 41.593s) 0.880ms
[41.593s][info   ][gc,start      ] GC(457) Pause Remark
[41.593s][info   ][gc,stringtable] GC(457) Cleaned string and symbol table, strings: 1384 processed, 0 removed, symbols: 16327 processed, 0 removed
[41.593s][info   ][gc            ] GC(457) Pause Remark 155M->155M(256M) 0.383ms
[41.593s][info   ][gc,cpu        ] GC(457) User=0.01s Sys=0.00s Real=0.00s
[41.593s][info   ][gc,marking    ] GC(457) Concurrent Rebuild Remembered Sets
[41.594s][info   ][gc,marking    ] GC(457) Concurrent Rebuild Remembered Sets 0.651ms
[41.594s][info   ][gc,start      ] GC(457) Pause Cleanup
[41.594s][info   ][gc            ] GC(457) Pause Cleanup 155M->155M(256M) 0.071ms
[41.594s][info   ][gc,cpu        ] GC(457) User=0.00s Sys=0.00s Real=0.00s
[41.594s][info   ][gc,marking    ] GC(457) Concurrent Cleanup for Next Mark
[41.594s][info   ][gc,marking    ] GC(457) Concurrent Cleanup for Next Mark 0.286ms
[41.594s][info   ][gc            ] GC(457) Concurrent Cycle 2.524ms
[41.647s][info   ][gc,start      ] GC(458) Pause Young (Concurrent Start) (G1 Humongous Allocation)
[41.647s][info   ][gc,task       ] GC(458) Using 6 workers of 9 for evacuation
[41.647s][info   ][gc,phases     ] GC(458)   Pre Evacuate Collection Set: 0.0ms
[41.648s][info   ][gc,phases     ] GC(458)   Evacuate Collection Set: 0.2ms
[41.648s][info   ][gc,phases     ] GC(458)   Post Evacuate Collection Set: 0.1ms
[41.648s][info   ][gc,phases     ] GC(458)   Other: 0.1ms
[41.648s][info   ][gc,heap       ] GC(458) Eden regions: 0->0(16)
[41.648s][info   ][gc,heap       ] GC(458) Survivor regions: 0->0(2)
[41.648s][info   ][gc,heap       ] GC(458) Old regions: 1->1
[41.648s][info   ][gc,heap       ] GC(458) Archive regions: 0->0
[41.648s][info   ][gc,heap       ] GC(458) Humongous regions: 155->154
[41.648s][info   ][gc,metaspace  ] GC(458) Metaspace: 3424K(4864K)->3424K(4864K) NonClass: 3120K(4352K)->3120K(4352K) Class: 304K(512K)->304K(512K)
[41.648s][info   ][gc            ] GC(458) Pause Young (Concurrent Start) (G1 Humongous Allocation) 155M->154M(256M) 0.506ms
[41.648s][info   ][gc,cpu        ] GC(458) User=0.00s Sys=0.00s Real=0.00s
[41.648s][info   ][gc            ] GC(459) Concurrent Cycle
[41.648s][info   ][gc,marking    ] GC(459) Concurrent Clear Claimed Marks
[41.648s][info   ][gc,marking    ] GC(459) Concurrent Clear Claimed Marks 0.007ms
[41.648s][info   ][gc,marking    ] GC(459) Concurrent Scan Root Regions
[41.648s][info   ][gc,marking    ] GC(459) Concurrent Scan Root Regions 0.006ms
[41.648s][info   ][gc,marking    ] GC(459) Concurrent Mark (41.648s)
[41.648s][info   ][gc,marking    ] GC(459) Concurrent Mark From Roots
[41.648s][info   ][gc,task       ] GC(459) Using 2 workers of 2 for marking
[41.649s][info   ][gc,marking    ] GC(459) Concurrent Mark From Roots 1.031ms
[41.649s][info   ][gc,marking    ] GC(459) Concurrent Preclean
[41.649s][info   ][gc,marking    ] GC(459) Concurrent Preclean 0.028ms
[41.649s][info   ][gc,marking    ] GC(459) Concurrent Mark (41.648s, 41.649s) 1.085ms
[41.649s][info   ][gc,start      ] GC(459) Pause Remark
[41.649s][info   ][gc,stringtable] GC(459) Cleaned string and symbol table, strings: 1384 processed, 0 removed, symbols: 16327 processed, 0 removed
[41.649s][info   ][gc            ] GC(459) Pause Remark 155M->155M(256M) 0.438ms
[41.649s][info   ][gc,cpu        ] GC(459) User=0.00s Sys=0.00s Real=0.01s
[41.649s][info   ][gc,marking    ] GC(459) Concurrent Rebuild Remembered Sets
[41.650s][info   ][gc,marking    ] GC(459) Concurrent Rebuild Remembered Sets 0.837ms
[41.650s][info   ][gc,start      ] GC(459) Pause Cleanup
[41.650s][info   ][gc            ] GC(459) Pause Cleanup 155M->155M(256M) 0.073ms
[41.650s][info   ][gc,cpu        ] GC(459) User=0.00s Sys=0.00s Real=0.00s
[41.650s][info   ][gc,marking    ] GC(459) Concurrent Cleanup for Next Mark
[41.651s][info   ][gc,marking    ] GC(459) Concurrent Cleanup for Next Mark 0.310ms
[41.651s][info   ][gc            ] GC(459) Concurrent Cycle 3.024ms
[41.702s][info   ][gc,start      ] GC(460) Pause Young (Concurrent Start) (G1 Humongous Allocation)
[41.703s][info   ][gc,task       ] GC(460) Using 6 workers of 9 for evacuation
[41.703s][info   ][gc,phases     ] GC(460)   Pre Evacuate Collection Set: 0.1ms
[41.703s][info   ][gc,phases     ] GC(460)   Evacuate Collection Set: 0.4ms
[41.704s][info   ][gc,phases     ] GC(460)   Post Evacuate Collection Set: 0.1ms
[41.704s][info   ][gc,phases     ] GC(460)   Other: 0.5ms
[41.704s][info   ][gc,heap       ] GC(460) Eden regions: 0->0(16)
[41.704s][info   ][gc,heap       ] GC(460) Survivor regions: 0->0(2)
[41.704s][info   ][gc,heap       ] GC(460) Old regions: 1->1
[41.704s][info   ][gc,heap       ] GC(460) Archive regions: 0->0
[41.704s][info   ][gc,heap       ] GC(460) Humongous regions: 155->154
[41.704s][info   ][gc,metaspace  ] GC(460) Metaspace: 3424K(4864K)->3424K(4864K) NonClass: 3120K(4352K)->3120K(4352K) Class: 304K(512K)->304K(512K)
[41.704s][info   ][gc            ] GC(460) Pause Young (Concurrent Start) (G1 Humongous Allocation) 155M->154M(256M) 1.499ms
[41.704s][info   ][gc,cpu        ] GC(460) User=0.00s Sys=0.00s Real=0.00s
[41.704s][info   ][gc            ] GC(461) Concurrent Cycle
[41.704s][info   ][gc,marking    ] GC(461) Concurrent Clear Claimed Marks
[41.704s][info   ][gc,marking    ] GC(461) Concurrent Clear Claimed Marks 0.020ms
[41.704s][info   ][gc,marking    ] GC(461) Concurrent Scan Root Regions
[41.704s][info   ][gc,marking    ] GC(461) Concurrent Scan Root Regions 0.015ms
[41.704s][info   ][gc,marking    ] GC(461) Concurrent Mark (41.704s)
[41.704s][info   ][gc,marking    ] GC(461) Concurrent Mark From Roots
[41.704s][info   ][gc,task       ] GC(461) Using 2 workers of 2 for marking
[41.706s][info   ][gc,marking    ] GC(461) Concurrent Mark From Roots 2.204ms
[41.706s][info   ][gc,marking    ] GC(461) Concurrent Preclean
[41.706s][info   ][gc,marking    ] GC(461) Concurrent Preclean 0.040ms
[41.706s][info   ][gc,marking    ] GC(461) Concurrent Mark (41.704s, 41.706s) 2.292ms
[41.707s][info   ][gc,start      ] GC(461) Pause Remark
[41.708s][info   ][gc,stringtable] GC(461) Cleaned string and symbol table, strings: 1384 processed, 0 removed, symbols: 16327 processed, 0 removed
[41.708s][info   ][gc            ] GC(461) Pause Remark 155M->155M(256M) 1.128ms
[41.708s][info   ][gc,cpu        ] GC(461) User=0.00s Sys=0.00s Real=0.00s
[41.708s][info   ][gc,marking    ] GC(461) Concurrent Rebuild Remembered Sets
[41.709s][info   ][gc,marking    ] GC(461) Concurrent Rebuild Remembered Sets 0.984ms
[41.709s][info   ][gc,start      ] GC(461) Pause Cleanup
[41.709s][info   ][gc            ] GC(461) Pause Cleanup 155M->155M(256M) 0.098ms
[41.709s][info   ][gc,cpu        ] GC(461) User=0.00s Sys=0.00s Real=0.00s
[41.709s][info   ][gc,marking    ] GC(461) Concurrent Cleanup for Next Mark
[41.709s][info   ][gc,marking    ] GC(461) Concurrent Cleanup for Next Mark 0.265ms
[41.709s][info   ][gc            ] GC(461) Concurrent Cycle 5.325ms
[41.759s][info   ][gc,start      ] GC(462) Pause Young (Concurrent Start) (G1 Humongous Allocation)
[41.759s][info   ][gc,task       ] GC(462) Using 6 workers of 9 for evacuation
[41.760s][info   ][gc,phases     ] GC(462)   Pre Evacuate Collection Set: 0.1ms
[41.760s][info   ][gc,phases     ] GC(462)   Evacuate Collection Set: 0.2ms
[41.760s][info   ][gc,phases     ] GC(462)   Post Evacuate Collection Set: 0.1ms
[41.760s][info   ][gc,phases     ] GC(462)   Other: 0.4ms
[41.760s][info   ][gc,heap       ] GC(462) Eden regions: 0->0(16)
[41.760s][info   ][gc,heap       ] GC(462) Survivor regions: 0->0(2)
[41.760s][info   ][gc,heap       ] GC(462) Old regions: 1->1
[41.760s][info   ][gc,heap       ] GC(462) Archive regions: 0->0
[41.760s][info   ][gc,heap       ] GC(462) Humongous regions: 155->154
[41.760s][info   ][gc,metaspace  ] GC(462) Metaspace: 3424K(4864K)->3424K(4864K) NonClass: 3120K(4352K)->3120K(4352K) Class: 304K(512K)->304K(512K)
[41.760s][info   ][gc            ] GC(462) Pause Young (Concurrent Start) (G1 Humongous Allocation) 155M->154M(256M) 0.866ms
[41.760s][info   ][gc,cpu        ] GC(462) User=0.00s Sys=0.00s Real=0.00s
[41.760s][info   ][gc            ] GC(463) Concurrent Cycle
[41.760s][info   ][gc,marking    ] GC(463) Concurrent Clear Claimed Marks
[41.760s][info   ][gc,marking    ] GC(463) Concurrent Clear Claimed Marks 0.012ms
[41.760s][info   ][gc,marking    ] GC(463) Concurrent Scan Root Regions
[41.760s][info   ][gc,marking    ] GC(463) Concurrent Scan Root Regions 0.047ms
[41.760s][info   ][gc,marking    ] GC(463) Concurrent Mark (41.760s)
[41.760s][info   ][gc,marking    ] GC(463) Concurrent Mark From Roots
[41.760s][info   ][gc,task       ] GC(463) Using 2 workers of 2 for marking
[41.761s][info   ][gc,marking    ] GC(463) Concurrent Mark From Roots 1.354ms
[41.761s][info   ][gc,marking    ] GC(463) Concurrent Preclean
[41.762s][info   ][gc,marking    ] GC(463) Concurrent Preclean 0.031ms
[41.762s][info   ][gc,marking    ] GC(463) Concurrent Mark (41.760s, 41.762s) 1.417ms
[41.762s][info   ][gc,start      ] GC(463) Pause Remark
[41.763s][info   ][gc,stringtable] GC(463) Cleaned string and symbol table, strings: 1384 processed, 0 removed, symbols: 16327 processed, 0 removed
[41.763s][info   ][gc            ] GC(463) Pause Remark 155M->155M(256M) 1.391ms
[41.763s][info   ][gc,cpu        ] GC(463) User=0.01s Sys=0.00s Real=0.00s
[41.763s][info   ][gc,marking    ] GC(463) Concurrent Rebuild Remembered Sets
[41.764s][info   ][gc,marking    ] GC(463) Concurrent Rebuild Remembered Sets 0.726ms
[41.764s][info   ][gc,start      ] GC(463) Pause Cleanup
[41.764s][info   ][gc            ] GC(463) Pause Cleanup 155M->155M(256M) 0.070ms
[41.764s][info   ][gc,cpu        ] GC(463) User=0.00s Sys=0.00s Real=0.00s
[41.764s][info   ][gc,marking    ] GC(463) Concurrent Cleanup for Next Mark
[41.764s][info   ][gc,marking    ] GC(463) Concurrent Cleanup for Next Mark 0.460ms
[41.764s][info   ][gc            ] GC(463) Concurrent Cycle 4.401ms
[41.812s][info   ][gc,start      ] GC(464) Pause Young (Concurrent Start) (G1 Humongous Allocation)
[41.812s][info   ][gc,task       ] GC(464) Using 6 workers of 9 for evacuation
[41.813s][info   ][gc,phases     ] GC(464)   Pre Evacuate Collection Set: 0.1ms
[41.813s][info   ][gc,phases     ] GC(464)   Evacuate Collection Set: 0.4ms
[41.813s][info   ][gc,phases     ] GC(464)   Post Evacuate Collection Set: 0.1ms
[41.813s][info   ][gc,phases     ] GC(464)   Other: 0.5ms
[41.813s][info   ][gc,heap       ] GC(464) Eden regions: 0->0(16)
[41.813s][info   ][gc,heap       ] GC(464) Survivor regions: 0->0(2)
[41.813s][info   ][gc,heap       ] GC(464) Old regions: 1->1
[41.813s][info   ][gc,heap       ] GC(464) Archive regions: 0->0
[41.813s][info   ][gc,heap       ] GC(464) Humongous regions: 155->154
[41.813s][info   ][gc,metaspace  ] GC(464) Metaspace: 3424K(4864K)->3424K(4864K) NonClass: 3120K(4352K)->3120K(4352K) Class: 304K(512K)->304K(512K)
[41.813s][info   ][gc            ] GC(464) Pause Young (Concurrent Start) (G1 Humongous Allocation) 155M->154M(256M) 1.317ms
[41.813s][info   ][gc,cpu        ] GC(464) User=0.00s Sys=0.00s Real=0.00s
[41.813s][info   ][gc            ] GC(465) Concurrent Cycle
[41.813s][info   ][gc,marking    ] GC(465) Concurrent Clear Claimed Marks
[41.813s][info   ][gc,marking    ] GC(465) Concurrent Clear Claimed Marks 0.023ms
[41.813s][info   ][gc,marking    ] GC(465) Concurrent Scan Root Regions
[41.813s][info   ][gc,marking    ] GC(465) Concurrent Scan Root Regions 0.015ms
[41.813s][info   ][gc,marking    ] GC(465) Concurrent Mark (41.813s)
[41.813s][info   ][gc,marking    ] GC(465) Concurrent Mark From Roots
[41.813s][info   ][gc,task       ] GC(465) Using 2 workers of 2 for marking
[41.815s][info   ][gc,marking    ] GC(465) Concurrent Mark From Roots 1.724ms
[41.815s][info   ][gc,marking    ] GC(465) Concurrent Preclean
[41.815s][info   ][gc,marking    ] GC(465) Concurrent Preclean 0.039ms
[41.815s][info   ][gc,marking    ] GC(465) Concurrent Mark (41.813s, 41.815s) 1.806ms
[41.815s][info   ][gc,start      ] GC(465) Pause Remark
[41.816s][info   ][gc,stringtable] GC(465) Cleaned string and symbol table, strings: 1384 processed, 0 removed, symbols: 16327 processed, 0 removed
[41.816s][info   ][gc            ] GC(465) Pause Remark 155M->155M(256M) 0.720ms
[41.816s][info   ][gc,cpu        ] GC(465) User=0.00s Sys=0.00s Real=0.00s
[41.816s][info   ][gc,marking    ] GC(465) Concurrent Rebuild Remembered Sets
[41.817s][info   ][gc,marking    ] GC(465) Concurrent Rebuild Remembered Sets 0.990ms
[41.817s][info   ][gc,start      ] GC(465) Pause Cleanup
[41.817s][info   ][gc            ] GC(465) Pause Cleanup 155M->155M(256M) 0.091ms
[41.817s][info   ][gc,cpu        ] GC(465) User=0.00s Sys=0.00s Real=0.00s
[41.817s][info   ][gc,marking    ] GC(465) Concurrent Cleanup for Next Mark
[41.817s][info   ][gc,marking    ] GC(465) Concurrent Cleanup for Next Mark 0.219ms
[41.817s][info   ][gc            ] GC(465) Concurrent Cycle 4.215ms
[41.867s][info   ][gc,start      ] GC(466) Pause Young (Concurrent Start) (G1 Humongous Allocation)
[41.867s][info   ][gc,task       ] GC(466) Using 6 workers of 9 for evacuation
[41.868s][info   ][gc,phases     ] GC(466)   Pre Evacuate Collection Set: 0.1ms
[41.868s][info   ][gc,phases     ] GC(466)   Evacuate Collection Set: 0.3ms
[41.868s][info   ][gc,phases     ] GC(466)   Post Evacuate Collection Set: 0.1ms
[41.868s][info   ][gc,phases     ] GC(466)   Other: 0.4ms
[41.868s][info   ][gc,heap       ] GC(466) Eden regions: 0->0(16)
[41.868s][info   ][gc,heap       ] GC(466) Survivor regions: 0->0(2)
[41.868s][info   ][gc,heap       ] GC(466) Old regions: 1->1
[41.868s][info   ][gc,heap       ] GC(466) Archive regions: 0->0
[41.868s][info   ][gc,heap       ] GC(466) Humongous regions: 155->154
[41.868s][info   ][gc,metaspace  ] GC(466) Metaspace: 3424K(4864K)->3424K(4864K) NonClass: 3120K(4352K)->3120K(4352K) Class: 304K(512K)->304K(512K)
[41.868s][info   ][gc            ] GC(466) Pause Young (Concurrent Start) (G1 Humongous Allocation) 155M->154M(256M) 1.004ms
[41.868s][info   ][gc,cpu        ] GC(466) User=0.00s Sys=0.00s Real=0.00s
[41.868s][info   ][gc            ] GC(467) Concurrent Cycle
[41.868s][info   ][gc,marking    ] GC(467) Concurrent Clear Claimed Marks
[41.868s][info   ][gc,marking    ] GC(467) Concurrent Clear Claimed Marks 0.014ms
[41.868s][info   ][gc,marking    ] GC(467) Concurrent Scan Root Regions
[41.868s][info   ][gc,marking    ] GC(467) Concurrent Scan Root Regions 0.010ms
[41.868s][info   ][gc,marking    ] GC(467) Concurrent Mark (41.868s)
[41.868s][info   ][gc,marking    ] GC(467) Concurrent Mark From Roots
[41.868s][info   ][gc,task       ] GC(467) Using 2 workers of 2 for marking
[41.870s][info   ][gc,marking    ] GC(467) Concurrent Mark From Roots 1.833ms
[41.870s][info   ][gc,marking    ] GC(467) Concurrent Preclean
[41.870s][info   ][gc,marking    ] GC(467) Concurrent Preclean 0.077ms
[41.870s][info   ][gc,marking    ] GC(467) Concurrent Mark (41.868s, 41.870s) 1.971ms
[41.870s][info   ][gc,start      ] GC(467) Pause Remark
[41.872s][info   ][gc,stringtable] GC(467) Cleaned string and symbol table, strings: 1384 processed, 0 removed, symbols: 16327 processed, 0 removed
[41.874s][info   ][gc            ] GC(467) Pause Remark 157M->157M(256M) 3.675ms
[41.874s][info   ][gc,cpu        ] GC(467) User=0.00s Sys=0.00s Real=0.00s
[41.874s][info   ][gc,marking    ] GC(467) Concurrent Rebuild Remembered Sets
[41.875s][info   ][gc,marking    ] GC(467) Concurrent Rebuild Remembered Sets 1.086ms
[41.875s][info   ][gc,start      ] GC(467) Pause Cleanup
[41.875s][info   ][gc            ] GC(467) Pause Cleanup 157M->157M(256M) 0.104ms
[41.875s][info   ][gc,cpu        ] GC(467) User=0.00s Sys=0.00s Real=0.00s
[41.875s][info   ][gc,marking    ] GC(467) Concurrent Cleanup for Next Mark
[41.875s][info   ][gc,marking    ] GC(467) Concurrent Cleanup for Next Mark 0.353ms
[41.875s][info   ][gc            ] GC(467) Concurrent Cycle 7.631ms
[41.922s][info   ][gc,start      ] GC(468) Pause Young (Concurrent Start) (G1 Humongous Allocation)
[41.922s][info   ][gc,task       ] GC(468) Using 6 workers of 9 for evacuation
[41.923s][info   ][gc,phases     ] GC(468)   Pre Evacuate Collection Set: 0.2ms
[41.923s][info   ][gc,phases     ] GC(468)   Evacuate Collection Set: 0.5ms
[41.923s][info   ][gc,phases     ] GC(468)   Post Evacuate Collection Set: 0.1ms
[41.923s][info   ][gc,phases     ] GC(468)   Other: 0.5ms
[41.923s][info   ][gc,heap       ] GC(468) Eden regions: 0->0(16)
[41.923s][info   ][gc,heap       ] GC(468) Survivor regions: 0->0(2)
[41.923s][info   ][gc,heap       ] GC(468) Old regions: 1->1
[41.923s][info   ][gc,heap       ] GC(468) Archive regions: 0->0
[41.923s][info   ][gc,heap       ] GC(468) Humongous regions: 157->156
[41.923s][info   ][gc,metaspace  ] GC(468) Metaspace: 3424K(4864K)->3424K(4864K) NonClass: 3120K(4352K)->3120K(4352K) Class: 304K(512K)->304K(512K)
[41.923s][info   ][gc            ] GC(468) Pause Young (Concurrent Start) (G1 Humongous Allocation) 157M->156M(256M) 1.499ms
[41.923s][info   ][gc,cpu        ] GC(468) User=0.00s Sys=0.00s Real=0.00s
[41.923s][info   ][gc            ] GC(469) Concurrent Cycle
[41.923s][info   ][gc,marking    ] GC(469) Concurrent Clear Claimed Marks
[41.923s][info   ][gc,marking    ] GC(469) Concurrent Clear Claimed Marks 0.020ms
[41.923s][info   ][gc,marking    ] GC(469) Concurrent Scan Root Regions
[41.923s][info   ][gc,marking    ] GC(469) Concurrent Scan Root Regions 0.018ms
[41.924s][info   ][gc,marking    ] GC(469) Concurrent Mark (41.923s)
[41.924s][info   ][gc,marking    ] GC(469) Concurrent Mark From Roots
[41.924s][info   ][gc,task       ] GC(469) Using 2 workers of 2 for marking
[41.926s][info   ][gc,marking    ] GC(469) Concurrent Mark From Roots 2.646ms
[41.926s][info   ][gc,marking    ] GC(469) Concurrent Preclean
[41.926s][info   ][gc,marking    ] GC(469) Concurrent Preclean 0.034ms
[41.926s][info   ][gc,marking    ] GC(469) Concurrent Mark (41.923s, 41.926s) 2.732ms
[41.926s][info   ][gc,start      ] GC(469) Pause Remark
[41.927s][info   ][gc,stringtable] GC(469) Cleaned string and symbol table, strings: 1384 processed, 0 removed, symbols: 16327 processed, 0 removed
[41.927s][info   ][gc            ] GC(469) Pause Remark 157M->157M(256M) 0.516ms
[41.927s][info   ][gc,cpu        ] GC(469) User=0.00s Sys=0.00s Real=0.00s
[41.927s][info   ][gc,marking    ] GC(469) Concurrent Rebuild Remembered Sets
[41.928s][info   ][gc,marking    ] GC(469) Concurrent Rebuild Remembered Sets 1.030ms
[41.928s][info   ][gc,start      ] GC(469) Pause Cleanup
[41.928s][info   ][gc            ] GC(469) Pause Cleanup 157M->157M(256M) 0.082ms
[41.928s][info   ][gc,cpu        ] GC(469) User=0.00s Sys=0.00s Real=0.00s
[41.928s][info   ][gc,marking    ] GC(469) Concurrent Cleanup for Next Mark
[41.928s][info   ][gc,marking    ] GC(469) Concurrent Cleanup for Next Mark 0.226ms
[41.928s][info   ][gc            ] GC(469) Concurrent Cycle 4.996ms
[41.976s][info   ][gc,start      ] GC(470) Pause Young (Concurrent Start) (G1 Humongous Allocation)
[41.976s][info   ][gc,task       ] GC(470) Using 6 workers of 9 for evacuation
[41.977s][info   ][gc,phases     ] GC(470)   Pre Evacuate Collection Set: 0.1ms
[41.977s][info   ][gc,phases     ] GC(470)   Evacuate Collection Set: 0.3ms
[41.977s][info   ][gc,phases     ] GC(470)   Post Evacuate Collection Set: 0.1ms
[41.977s][info   ][gc,phases     ] GC(470)   Other: 0.4ms
[41.977s][info   ][gc,heap       ] GC(470) Eden regions: 0->0(16)
[41.977s][info   ][gc,heap       ] GC(470) Survivor regions: 0->0(2)
[41.977s][info   ][gc,heap       ] GC(470) Old regions: 1->1
[41.977s][info   ][gc,heap       ] GC(470) Archive regions: 0->0
[41.977s][info   ][gc,heap       ] GC(470) Humongous regions: 157->156
[41.977s][info   ][gc,metaspace  ] GC(470) Metaspace: 3424K(4864K)->3424K(4864K) NonClass: 3120K(4352K)->3120K(4352K) Class: 304K(512K)->304K(512K)
[41.977s][info   ][gc            ] GC(470) Pause Young (Concurrent Start) (G1 Humongous Allocation) 157M->156M(256M) 1.004ms
[41.977s][info   ][gc,cpu        ] GC(470) User=0.01s Sys=0.00s Real=0.00s
[41.977s][info   ][gc            ] GC(471) Concurrent Cycle
[41.977s][info   ][gc,marking    ] GC(471) Concurrent Clear Claimed Marks
[41.977s][info   ][gc,marking    ] GC(471) Concurrent Clear Claimed Marks 0.016ms
[41.977s][info   ][gc,marking    ] GC(471) Concurrent Scan Root Regions
[41.977s][info   ][gc,marking    ] GC(471) Concurrent Scan Root Regions 0.008ms
[41.977s][info   ][gc,marking    ] GC(471) Concurrent Mark (41.977s)
[41.977s][info   ][gc,marking    ] GC(471) Concurrent Mark From Roots
[41.977s][info   ][gc,task       ] GC(471) Using 2 workers of 2 for marking
[41.979s][info   ][gc,marking    ] GC(471) Concurrent Mark From Roots 1.602ms
[41.979s][info   ][gc,marking    ] GC(471) Concurrent Preclean
[41.979s][info   ][gc,marking    ] GC(471) Concurrent Preclean 0.037ms
[41.979s][info   ][gc,marking    ] GC(471) Concurrent Mark (41.977s, 41.979s) 1.676ms
[41.979s][info   ][gc,start      ] GC(471) Pause Remark
[41.980s][info   ][gc,stringtable] GC(471) Cleaned string and symbol table, strings: 1384 processed, 0 removed, symbols: 16327 processed, 0 removed
[41.980s][info   ][gc            ] GC(471) Pause Remark 157M->157M(256M) 1.443ms
[41.980s][info   ][gc,cpu        ] GC(471) User=0.00s Sys=0.00s Real=0.01s
[41.980s][info   ][gc,marking    ] GC(471) Concurrent Rebuild Remembered Sets
[41.982s][info   ][gc,marking    ] GC(471) Concurrent Rebuild Remembered Sets 1.030ms
[41.982s][info   ][gc,start      ] GC(471) Pause Cleanup
[41.982s][info   ][gc            ] GC(471) Pause Cleanup 157M->157M(256M) 0.075ms
[41.982s][info   ][gc,cpu        ] GC(471) User=0.00s Sys=0.00s Real=0.00s
[41.982s][info   ][gc,marking    ] GC(471) Concurrent Cleanup for Next Mark
[41.982s][info   ][gc,marking    ] GC(471) Concurrent Cleanup for Next Mark 0.303ms
[41.982s][info   ][gc            ] GC(471) Concurrent Cycle 4.894ms
[42.030s][info   ][gc,start      ] GC(472) Pause Young (Concurrent Start) (G1 Humongous Allocation)
[42.030s][info   ][gc,task       ] GC(472) Using 6 workers of 9 for evacuation
[42.031s][info   ][gc,phases     ] GC(472)   Pre Evacuate Collection Set: 0.1ms
[42.031s][info   ][gc,phases     ] GC(472)   Evacuate Collection Set: 0.3ms
[42.031s][info   ][gc,phases     ] GC(472)   Post Evacuate Collection Set: 0.1ms
[42.031s][info   ][gc,phases     ] GC(472)   Other: 0.3ms
[42.031s][info   ][gc,heap       ] GC(472) Eden regions: 0->0(16)
[42.031s][info   ][gc,heap       ] GC(472) Survivor regions: 0->0(2)
[42.031s][info   ][gc,heap       ] GC(472) Old regions: 1->1
[42.031s][info   ][gc,heap       ] GC(472) Archive regions: 0->0
[42.031s][info   ][gc,heap       ] GC(472) Humongous regions: 157->156
[42.031s][info   ][gc,metaspace  ] GC(472) Metaspace: 3424K(4864K)->3424K(4864K) NonClass: 3120K(4352K)->3120K(4352K) Class: 304K(512K)->304K(512K)
[42.031s][info   ][gc            ] GC(472) Pause Young (Concurrent Start) (G1 Humongous Allocation) 157M->156M(256M) 0.954ms
[42.031s][info   ][gc,cpu        ] GC(472) User=0.00s Sys=0.00s Real=0.00s
[42.031s][info   ][gc            ] GC(473) Concurrent Cycle
[42.031s][info   ][gc,marking    ] GC(473) Concurrent Clear Claimed Marks
[42.031s][info   ][gc,marking    ] GC(473) Concurrent Clear Claimed Marks 0.012ms
[42.031s][info   ][gc,marking    ] GC(473) Concurrent Scan Root Regions
[42.031s][info   ][gc,marking    ] GC(473) Concurrent Scan Root Regions 0.010ms
[42.031s][info   ][gc,marking    ] GC(473) Concurrent Mark (42.031s)
[42.031s][info   ][gc,marking    ] GC(473) Concurrent Mark From Roots
[42.031s][info   ][gc,task       ] GC(473) Using 2 workers of 2 for marking
[42.034s][info   ][gc,marking    ] GC(473) Concurrent Mark From Roots 3.215ms
[42.034s][info   ][gc,marking    ] GC(473) Concurrent Preclean
[42.034s][info   ][gc,marking    ] GC(473) Concurrent Preclean 0.042ms
[42.034s][info   ][gc,marking    ] GC(473) Concurrent Mark (42.031s, 42.034s) 3.310ms
[42.035s][info   ][gc,start      ] GC(473) Pause Remark
[42.037s][info   ][gc,stringtable] GC(473) Cleaned string and symbol table, strings: 1384 processed, 0 removed, symbols: 16327 processed, 0 removed
[42.037s][info   ][gc            ] GC(473) Pause Remark 157M->157M(256M) 2.898ms
[42.037s][info   ][gc,cpu        ] GC(473) User=0.00s Sys=0.00s Real=0.00s
[42.037s][info   ][gc,marking    ] GC(473) Concurrent Rebuild Remembered Sets
[42.038s][info   ][gc,marking    ] GC(473) Concurrent Rebuild Remembered Sets 0.977ms
[42.039s][info   ][gc,start      ] GC(473) Pause Cleanup
[42.039s][info   ][gc            ] GC(473) Pause Cleanup 157M->157M(256M) 0.102ms
[42.039s][info   ][gc,cpu        ] GC(473) User=0.00s Sys=0.00s Real=0.00s
[42.039s][info   ][gc,marking    ] GC(473) Concurrent Cleanup for Next Mark
[42.039s][info   ][gc,marking    ] GC(473) Concurrent Cleanup for Next Mark 0.311ms
[42.039s][info   ][gc            ] GC(473) Concurrent Cycle 8.140ms
[42.086s][info   ][gc,start      ] GC(474) Pause Young (Concurrent Start) (G1 Humongous Allocation)
[42.086s][info   ][gc,task       ] GC(474) Using 6 workers of 9 for evacuation
[42.088s][info   ][gc,phases     ] GC(474)   Pre Evacuate Collection Set: 0.2ms
[42.088s][info   ][gc,phases     ] GC(474)   Evacuate Collection Set: 1.4ms
[42.088s][info   ][gc,phases     ] GC(474)   Post Evacuate Collection Set: 0.1ms
[42.088s][info   ][gc,phases     ] GC(474)   Other: 0.5ms
[42.088s][info   ][gc,heap       ] GC(474) Eden regions: 0->0(16)
[42.088s][info   ][gc,heap       ] GC(474) Survivor regions: 0->0(2)
[42.088s][info   ][gc,heap       ] GC(474) Old regions: 1->1
[42.088s][info   ][gc,heap       ] GC(474) Archive regions: 0->0
[42.088s][info   ][gc,heap       ] GC(474) Humongous regions: 157->156
[42.088s][info   ][gc,metaspace  ] GC(474) Metaspace: 3424K(4864K)->3424K(4864K) NonClass: 3120K(4352K)->3120K(4352K) Class: 304K(512K)->304K(512K)
[42.088s][info   ][gc            ] GC(474) Pause Young (Concurrent Start) (G1 Humongous Allocation) 157M->156M(256M) 2.311ms
[42.088s][info   ][gc,cpu        ] GC(474) User=0.00s Sys=0.00s Real=0.00s
[42.088s][info   ][gc            ] GC(475) Concurrent Cycle
[42.088s][info   ][gc,marking    ] GC(475) Concurrent Clear Claimed Marks
[42.088s][info   ][gc,marking    ] GC(475) Concurrent Clear Claimed Marks 0.010ms
[42.088s][info   ][gc,marking    ] GC(475) Concurrent Scan Root Regions
[42.088s][info   ][gc,marking    ] GC(475) Concurrent Scan Root Regions 0.009ms
[42.088s][info   ][gc,marking    ] GC(475) Concurrent Mark (42.088s)
[42.088s][info   ][gc,marking    ] GC(475) Concurrent Mark From Roots
[42.088s][info   ][gc,task       ] GC(475) Using 2 workers of 2 for marking
[42.090s][info   ][gc,marking    ] GC(475) Concurrent Mark From Roots 1.446ms
[42.090s][info   ][gc,marking    ] GC(475) Concurrent Preclean
[42.090s][info   ][gc,marking    ] GC(475) Concurrent Preclean 0.041ms
[42.090s][info   ][gc,marking    ] GC(475) Concurrent Mark (42.088s, 42.090s) 1.530ms
[42.090s][info   ][gc,start      ] GC(475) Pause Remark
[42.090s][info   ][gc,stringtable] GC(475) Cleaned string and symbol table, strings: 1384 processed, 0 removed, symbols: 16327 processed, 0 removed
[42.091s][info   ][gc            ] GC(475) Pause Remark 157M->157M(256M) 0.572ms
[42.091s][info   ][gc,cpu        ] GC(475) User=0.01s Sys=0.00s Real=0.00s
[42.091s][info   ][gc,marking    ] GC(475) Concurrent Rebuild Remembered Sets
[42.092s][info   ][gc,marking    ] GC(475) Concurrent Rebuild Remembered Sets 0.917ms
[42.092s][info   ][gc,start      ] GC(475) Pause Cleanup
[42.092s][info   ][gc            ] GC(475) Pause Cleanup 157M->157M(256M) 0.087ms
[42.092s][info   ][gc,cpu        ] GC(475) User=0.00s Sys=0.00s Real=0.00s
[42.092s][info   ][gc,marking    ] GC(475) Concurrent Cleanup for Next Mark
[42.092s][info   ][gc,marking    ] GC(475) Concurrent Cleanup for Next Mark 0.323ms
[42.092s][info   ][gc            ] GC(475) Concurrent Cycle 3.763ms
[42.144s][info   ][gc,start      ] GC(476) Pause Young (Concurrent Start) (G1 Humongous Allocation)
[42.144s][info   ][gc,task       ] GC(476) Using 6 workers of 9 for evacuation
[42.144s][info   ][gc,phases     ] GC(476)   Pre Evacuate Collection Set: 0.1ms
[42.144s][info   ][gc,phases     ] GC(476)   Evacuate Collection Set: 0.3ms
[42.144s][info   ][gc,phases     ] GC(476)   Post Evacuate Collection Set: 0.1ms
[42.145s][info   ][gc,phases     ] GC(476)   Other: 0.3ms
[42.145s][info   ][gc,heap       ] GC(476) Eden regions: 0->0(16)
[42.145s][info   ][gc,heap       ] GC(476) Survivor regions: 0->0(2)
[42.145s][info   ][gc,heap       ] GC(476) Old regions: 1->1
[42.145s][info   ][gc,heap       ] GC(476) Archive regions: 0->0
[42.145s][info   ][gc,heap       ] GC(476) Humongous regions: 157->156
[42.145s][info   ][gc,metaspace  ] GC(476) Metaspace: 3424K(4864K)->3424K(4864K) NonClass: 3120K(4352K)->3120K(4352K) Class: 304K(512K)->304K(512K)
[42.145s][info   ][gc            ] GC(476) Pause Young (Concurrent Start) (G1 Humongous Allocation) 157M->156M(256M) 0.882ms
[42.145s][info   ][gc,cpu        ] GC(476) User=0.00s Sys=0.00s Real=0.00s
[42.145s][info   ][gc            ] GC(477) Concurrent Cycle
[42.145s][info   ][gc,marking    ] GC(477) Concurrent Clear Claimed Marks
[42.145s][info   ][gc,marking    ] GC(477) Concurrent Clear Claimed Marks 0.012ms
[42.145s][info   ][gc,marking    ] GC(477) Concurrent Scan Root Regions
[42.145s][info   ][gc,marking    ] GC(477) Concurrent Scan Root Regions 0.008ms
[42.145s][info   ][gc,marking    ] GC(477) Concurrent Mark (42.145s)
[42.145s][info   ][gc,marking    ] GC(477) Concurrent Mark From Roots
[42.145s][info   ][gc,task       ] GC(477) Using 2 workers of 2 for marking
[42.147s][info   ][gc,marking    ] GC(477) Concurrent Mark From Roots 1.822ms
[42.147s][info   ][gc,marking    ] GC(477) Concurrent Preclean
[42.147s][info   ][gc,marking    ] GC(477) Concurrent Preclean 0.033ms
[42.147s][info   ][gc,marking    ] GC(477) Concurrent Mark (42.145s, 42.147s) 1.911ms
[42.147s][info   ][gc,start      ] GC(477) Pause Remark
[42.148s][info   ][gc,stringtable] GC(477) Cleaned string and symbol table, strings: 1384 processed, 0 removed, symbols: 16327 processed, 0 removed
[42.148s][info   ][gc            ] GC(477) Pause Remark 157M->157M(256M) 1.563ms
[42.148s][info   ][gc,cpu        ] GC(477) User=0.00s Sys=0.00s Real=0.00s
[42.148s][info   ][gc,marking    ] GC(477) Concurrent Rebuild Remembered Sets
[42.149s][info   ][gc,marking    ] GC(477) Concurrent Rebuild Remembered Sets 1.047ms
[42.149s][info   ][gc,start      ] GC(477) Pause Cleanup
[42.150s][info   ][gc            ] GC(477) Pause Cleanup 157M->157M(256M) 0.079ms
[42.150s][info   ][gc,cpu        ] GC(477) User=0.00s Sys=0.00s Real=0.00s
[42.150s][info   ][gc,marking    ] GC(477) Concurrent Cleanup for Next Mark
[42.150s][info   ][gc,marking    ] GC(477) Concurrent Cleanup for Next Mark 0.361ms
[42.150s][info   ][gc            ] GC(477) Concurrent Cycle 5.337ms
[42.200s][info   ][gc,start      ] GC(478) Pause Young (Concurrent Start) (G1 Humongous Allocation)
[42.200s][info   ][gc,task       ] GC(478) Using 6 workers of 9 for evacuation
[42.201s][info   ][gc,phases     ] GC(478)   Pre Evacuate Collection Set: 0.2ms
[42.201s][info   ][gc,phases     ] GC(478)   Evacuate Collection Set: 0.6ms
[42.201s][info   ][gc,phases     ] GC(478)   Post Evacuate Collection Set: 0.1ms
[42.201s][info   ][gc,phases     ] GC(478)   Other: 0.5ms
[42.202s][info   ][gc,heap       ] GC(478) Eden regions: 0->0(16)
[42.202s][info   ][gc,heap       ] GC(478) Survivor regions: 0->0(2)
[42.202s][info   ][gc,heap       ] GC(478) Old regions: 1->1
[42.202s][info   ][gc,heap       ] GC(478) Archive regions: 0->0
[42.202s][info   ][gc,heap       ] GC(478) Humongous regions: 157->156
[42.202s][info   ][gc,metaspace  ] GC(478) Metaspace: 3424K(4864K)->3424K(4864K) NonClass: 3120K(4352K)->3120K(4352K) Class: 304K(512K)->304K(512K)
[42.202s][info   ][gc            ] GC(478) Pause Young (Concurrent Start) (G1 Humongous Allocation) 157M->156M(256M) 1.685ms
[42.202s][info   ][gc,cpu        ] GC(478) User=0.00s Sys=0.00s Real=0.00s
[42.202s][info   ][gc            ] GC(479) Concurrent Cycle
[42.202s][info   ][gc,marking    ] GC(479) Concurrent Clear Claimed Marks
[42.202s][info   ][gc,marking    ] GC(479) Concurrent Clear Claimed Marks 0.021ms
[42.202s][info   ][gc,marking    ] GC(479) Concurrent Scan Root Regions
[42.202s][info   ][gc,marking    ] GC(479) Concurrent Scan Root Regions 0.009ms
[42.202s][info   ][gc,marking    ] GC(479) Concurrent Mark (42.202s)
[42.202s][info   ][gc,marking    ] GC(479) Concurrent Mark From Roots
[42.202s][info   ][gc,task       ] GC(479) Using 2 workers of 2 for marking
[42.204s][info   ][gc,marking    ] GC(479) Concurrent Mark From Roots 1.792ms
[42.204s][info   ][gc,marking    ] GC(479) Concurrent Preclean
[42.204s][info   ][gc,marking    ] GC(479) Concurrent Preclean 0.043ms
[42.204s][info   ][gc,marking    ] GC(479) Concurrent Mark (42.202s, 42.204s) 1.875ms
[42.204s][info   ][gc,start      ] GC(479) Pause Remark
[42.204s][info   ][gc,stringtable] GC(479) Cleaned string and symbol table, strings: 1384 processed, 0 removed, symbols: 16327 processed, 0 removed
[42.204s][info   ][gc            ] GC(479) Pause Remark 157M->157M(256M) 0.588ms
[42.204s][info   ][gc,cpu        ] GC(479) User=0.00s Sys=0.00s Real=0.00s
[42.204s][info   ][gc,marking    ] GC(479) Concurrent Rebuild Remembered Sets
[42.206s][info   ][gc,marking    ] GC(479) Concurrent Rebuild Remembered Sets 1.016ms
[42.206s][info   ][gc,start      ] GC(479) Pause Cleanup
[42.206s][info   ][gc            ] GC(479) Pause Cleanup 157M->157M(256M) 0.079ms
[42.206s][info   ][gc,cpu        ] GC(479) User=0.00s Sys=0.00s Real=0.00s
[42.206s][info   ][gc,marking    ] GC(479) Concurrent Cleanup for Next Mark
[42.206s][info   ][gc,marking    ] GC(479) Concurrent Cleanup for Next Mark 0.293ms
[42.206s][info   ][gc            ] GC(479) Concurrent Cycle 4.273ms
[42.257s][info   ][gc,start      ] GC(480) Pause Young (Concurrent Start) (G1 Humongous Allocation)
[42.257s][info   ][gc,task       ] GC(480) Using 6 workers of 9 for evacuation
[42.259s][info   ][gc,phases     ] GC(480)   Pre Evacuate Collection Set: 0.1ms
[42.259s][info   ][gc,phases     ] GC(480)   Evacuate Collection Set: 1.0ms
[42.259s][info   ][gc,phases     ] GC(480)   Post Evacuate Collection Set: 0.1ms
[42.259s][info   ][gc,phases     ] GC(480)   Other: 0.4ms
[42.259s][info   ][gc,heap       ] GC(480) Eden regions: 0->0(16)
[42.259s][info   ][gc,heap       ] GC(480) Survivor regions: 0->0(2)
[42.259s][info   ][gc,heap       ] GC(480) Old regions: 1->1
[42.259s][info   ][gc,heap       ] GC(480) Archive regions: 0->0
[42.259s][info   ][gc,heap       ] GC(480) Humongous regions: 157->156
[42.259s][info   ][gc,metaspace  ] GC(480) Metaspace: 3424K(4864K)->3424K(4864K) NonClass: 3120K(4352K)->3120K(4352K) Class: 304K(512K)->304K(512K)
[42.259s][info   ][gc            ] GC(480) Pause Young (Concurrent Start) (G1 Humongous Allocation) 157M->156M(256M) 1.690ms
[42.259s][info   ][gc,cpu        ] GC(480) User=0.00s Sys=0.00s Real=0.00s
[42.259s][info   ][gc            ] GC(481) Concurrent Cycle
[42.259s][info   ][gc,marking    ] GC(481) Concurrent Clear Claimed Marks
[42.259s][info   ][gc,marking    ] GC(481) Concurrent Clear Claimed Marks 0.011ms
[42.259s][info   ][gc,marking    ] GC(481) Concurrent Scan Root Regions
[42.259s][info   ][gc,marking    ] GC(481) Concurrent Scan Root Regions 0.007ms
[42.259s][info   ][gc,marking    ] GC(481) Concurrent Mark (42.259s)
[42.259s][info   ][gc,marking    ] GC(481) Concurrent Mark From Roots
[42.259s][info   ][gc,task       ] GC(481) Using 2 workers of 2 for marking
[42.261s][info   ][gc,marking    ] GC(481) Concurrent Mark From Roots 1.694ms
[42.261s][info   ][gc,marking    ] GC(481) Concurrent Preclean
[42.261s][info   ][gc,marking    ] GC(481) Concurrent Preclean 0.036ms
[42.261s][info   ][gc,marking    ] GC(481) Concurrent Mark (42.259s, 42.261s) 1.773ms
[42.261s][info   ][gc,start      ] GC(481) Pause Remark
[42.261s][info   ][gc,stringtable] GC(481) Cleaned string and symbol table, strings: 1384 processed, 0 removed, symbols: 16327 processed, 0 removed
[42.261s][info   ][gc            ] GC(481) Pause Remark 157M->157M(256M) 0.509ms
[42.261s][info   ][gc,cpu        ] GC(481) User=0.00s Sys=0.00s Real=0.00s
[42.261s][info   ][gc,marking    ] GC(481) Concurrent Rebuild Remembered Sets
[42.262s][info   ][gc,marking    ] GC(481) Concurrent Rebuild Remembered Sets 0.979ms
[42.262s][info   ][gc,start      ] GC(481) Pause Cleanup
[42.262s][info   ][gc            ] GC(481) Pause Cleanup 157M->157M(256M) 0.112ms
[42.262s][info   ][gc,cpu        ] GC(481) User=0.00s Sys=0.00s Real=0.00s
[42.263s][info   ][gc,marking    ] GC(481) Concurrent Cleanup for Next Mark
[42.263s][info   ][gc,marking    ] GC(481) Concurrent Cleanup for Next Mark 0.243ms
[42.263s][info   ][gc            ] GC(481) Concurrent Cycle 4.004ms
[42.312s][info   ][gc,start      ] GC(482) Pause Young (Concurrent Start) (G1 Humongous Allocation)
[42.312s][info   ][gc,task       ] GC(482) Using 6 workers of 9 for evacuation
[42.313s][info   ][gc,phases     ] GC(482)   Pre Evacuate Collection Set: 0.2ms
[42.313s][info   ][gc,phases     ] GC(482)   Evacuate Collection Set: 0.5ms
[42.313s][info   ][gc,phases     ] GC(482)   Post Evacuate Collection Set: 0.1ms
[42.313s][info   ][gc,phases     ] GC(482)   Other: 0.5ms
[42.313s][info   ][gc,heap       ] GC(482) Eden regions: 0->0(16)
[42.313s][info   ][gc,heap       ] GC(482) Survivor regions: 0->0(2)
[42.313s][info   ][gc,heap       ] GC(482) Old regions: 1->1
[42.313s][info   ][gc,heap       ] GC(482) Archive regions: 0->0
[42.313s][info   ][gc,heap       ] GC(482) Humongous regions: 157->156
[42.313s][info   ][gc,metaspace  ] GC(482) Metaspace: 3424K(4864K)->3424K(4864K) NonClass: 3120K(4352K)->3120K(4352K) Class: 304K(512K)->304K(512K)
[42.313s][info   ][gc            ] GC(482) Pause Young (Concurrent Start) (G1 Humongous Allocation) 157M->156M(256M) 1.447ms
[42.313s][info   ][gc,cpu        ] GC(482) User=0.00s Sys=0.00s Real=0.00s
[42.314s][info   ][gc            ] GC(483) Concurrent Cycle
[42.314s][info   ][gc,marking    ] GC(483) Concurrent Clear Claimed Marks
[42.314s][info   ][gc,marking    ] GC(483) Concurrent Clear Claimed Marks 0.020ms
[42.314s][info   ][gc,marking    ] GC(483) Concurrent Scan Root Regions
[42.314s][info   ][gc,marking    ] GC(483) Concurrent Scan Root Regions 0.015ms
[42.314s][info   ][gc,marking    ] GC(483) Concurrent Mark (42.314s)
[42.314s][info   ][gc,marking    ] GC(483) Concurrent Mark From Roots
[42.314s][info   ][gc,task       ] GC(483) Using 2 workers of 2 for marking
[42.317s][info   ][gc,marking    ] GC(483) Concurrent Mark From Roots 3.669ms
[42.318s][info   ][gc,marking    ] GC(483) Concurrent Preclean
[42.318s][info   ][gc,marking    ] GC(483) Concurrent Preclean 0.049ms
[42.318s][info   ][gc,marking    ] GC(483) Concurrent Mark (42.314s, 42.318s) 4.059ms
[42.318s][info   ][gc,start      ] GC(483) Pause Remark
[42.318s][info   ][gc,stringtable] GC(483) Cleaned string and symbol table, strings: 1384 processed, 0 removed, symbols: 16327 processed, 0 removed
[42.318s][info   ][gc            ] GC(483) Pause Remark 157M->157M(256M) 0.556ms
[42.318s][info   ][gc,cpu        ] GC(483) User=0.00s Sys=0.00s Real=0.00s
[42.319s][info   ][gc,marking    ] GC(483) Concurrent Rebuild Remembered Sets
[42.320s][info   ][gc,marking    ] GC(483) Concurrent Rebuild Remembered Sets 1.003ms
[42.320s][info   ][gc,start      ] GC(483) Pause Cleanup
[42.320s][info   ][gc            ] GC(483) Pause Cleanup 157M->157M(256M) 0.072ms
[42.320s][info   ][gc,cpu        ] GC(483) User=0.00s Sys=0.00s Real=0.00s
[42.320s][info   ][gc,marking    ] GC(483) Concurrent Cleanup for Next Mark
[42.320s][info   ][gc,marking    ] GC(483) Concurrent Cleanup for Next Mark 0.289ms
[42.320s][info   ][gc            ] GC(483) Concurrent Cycle 6.439ms
[42.367s][info   ][gc,start      ] GC(484) Pause Young (Concurrent Start) (G1 Humongous Allocation)
[42.367s][info   ][gc,task       ] GC(484) Using 6 workers of 9 for evacuation
[42.368s][info   ][gc,phases     ] GC(484)   Pre Evacuate Collection Set: 0.2ms
[42.368s][info   ][gc,phases     ] GC(484)   Evacuate Collection Set: 0.4ms
[42.368s][info   ][gc,phases     ] GC(484)   Post Evacuate Collection Set: 0.1ms
[42.368s][info   ][gc,phases     ] GC(484)   Other: 0.5ms
[42.368s][info   ][gc,heap       ] GC(484) Eden regions: 0->0(16)
[42.368s][info   ][gc,heap       ] GC(484) Survivor regions: 0->0(2)
[42.368s][info   ][gc,heap       ] GC(484) Old regions: 1->1
[42.368s][info   ][gc,heap       ] GC(484) Archive regions: 0->0
[42.368s][info   ][gc,heap       ] GC(484) Humongous regions: 157->156
[42.368s][info   ][gc,metaspace  ] GC(484) Metaspace: 3424K(4864K)->3424K(4864K) NonClass: 3120K(4352K)->3120K(4352K) Class: 304K(512K)->304K(512K)
[42.369s][info   ][gc            ] GC(484) Pause Young (Concurrent Start) (G1 Humongous Allocation) 157M->156M(256M) 1.371ms
[42.369s][info   ][gc,cpu        ] GC(484) User=0.00s Sys=0.00s Real=0.00s
[42.369s][info   ][gc            ] GC(485) Concurrent Cycle
[42.369s][info   ][gc,marking    ] GC(485) Concurrent Clear Claimed Marks
[42.369s][info   ][gc,marking    ] GC(485) Concurrent Clear Claimed Marks 0.023ms
[42.369s][info   ][gc,marking    ] GC(485) Concurrent Scan Root Regions
[42.369s][info   ][gc,marking    ] GC(485) Concurrent Scan Root Regions 0.012ms
[42.369s][info   ][gc,marking    ] GC(485) Concurrent Mark (42.369s)
[42.369s][info   ][gc,marking    ] GC(485) Concurrent Mark From Roots
[42.369s][info   ][gc,task       ] GC(485) Using 2 workers of 2 for marking
[42.371s][info   ][gc,marking    ] GC(485) Concurrent Mark From Roots 1.957ms
[42.371s][info   ][gc,marking    ] GC(485) Concurrent Preclean
[42.371s][info   ][gc,marking    ] GC(485) Concurrent Preclean 0.039ms
[42.371s][info   ][gc,marking    ] GC(485) Concurrent Mark (42.369s, 42.371s) 2.216ms
[42.371s][info   ][gc,start      ] GC(485) Pause Remark
[42.372s][info   ][gc,stringtable] GC(485) Cleaned string and symbol table, strings: 1384 processed, 0 removed, symbols: 16327 processed, 0 removed
[42.372s][info   ][gc            ] GC(485) Pause Remark 157M->157M(256M) 0.827ms
[42.372s][info   ][gc,cpu        ] GC(485) User=0.00s Sys=0.00s Real=0.00s
[42.372s][info   ][gc,marking    ] GC(485) Concurrent Rebuild Remembered Sets
[42.373s][info   ][gc,marking    ] GC(485) Concurrent Rebuild Remembered Sets 1.002ms
[42.373s][info   ][gc,start      ] GC(485) Pause Cleanup
[42.373s][info   ][gc            ] GC(485) Pause Cleanup 157M->157M(256M) 0.111ms
[42.373s][info   ][gc,cpu        ] GC(485) User=0.00s Sys=0.00s Real=0.00s
[42.373s][info   ][gc,marking    ] GC(485) Concurrent Cleanup for Next Mark
[42.373s][info   ][gc,marking    ] GC(485) Concurrent Cleanup for Next Mark 0.307ms
[42.373s][info   ][gc            ] GC(485) Concurrent Cycle 4.890ms
[42.421s][info   ][gc,start      ] GC(486) Pause Young (Concurrent Start) (G1 Humongous Allocation)
[42.422s][info   ][gc,task       ] GC(486) Using 6 workers of 9 for evacuation
[42.422s][info   ][gc,phases     ] GC(486)   Pre Evacuate Collection Set: 0.1ms
[42.422s][info   ][gc,phases     ] GC(486)   Evacuate Collection Set: 0.3ms
[42.422s][info   ][gc,phases     ] GC(486)   Post Evacuate Collection Set: 0.1ms
[42.422s][info   ][gc,phases     ] GC(486)   Other: 0.5ms
[42.422s][info   ][gc,heap       ] GC(486) Eden regions: 0->0(16)
[42.422s][info   ][gc,heap       ] GC(486) Survivor regions: 0->0(2)
[42.422s][info   ][gc,heap       ] GC(486) Old regions: 1->1
[42.422s][info   ][gc,heap       ] GC(486) Archive regions: 0->0
[42.422s][info   ][gc,heap       ] GC(486) Humongous regions: 157->156
[42.422s][info   ][gc,metaspace  ] GC(486) Metaspace: 3424K(4864K)->3424K(4864K) NonClass: 3120K(4352K)->3120K(4352K) Class: 304K(512K)->304K(512K)
[42.422s][info   ][gc            ] GC(486) Pause Young (Concurrent Start) (G1 Humongous Allocation) 157M->156M(256M) 1.171ms
[42.422s][info   ][gc,cpu        ] GC(486) User=0.00s Sys=0.00s Real=0.00s
[42.423s][info   ][gc            ] GC(487) Concurrent Cycle
[42.423s][info   ][gc,marking    ] GC(487) Concurrent Clear Claimed Marks
[42.423s][info   ][gc,marking    ] GC(487) Concurrent Clear Claimed Marks 0.015ms
[42.423s][info   ][gc,marking    ] GC(487) Concurrent Scan Root Regions
[42.423s][info   ][gc,marking    ] GC(487) Concurrent Scan Root Regions 0.010ms
[42.423s][info   ][gc,marking    ] GC(487) Concurrent Mark (42.423s)
[42.423s][info   ][gc,marking    ] GC(487) Concurrent Mark From Roots
[42.423s][info   ][gc,task       ] GC(487) Using 2 workers of 2 for marking
[42.424s][info   ][gc,marking    ] GC(487) Concurrent Mark From Roots 1.736ms
[42.424s][info   ][gc,marking    ] GC(487) Concurrent Preclean
[42.424s][info   ][gc,marking    ] GC(487) Concurrent Preclean 0.034ms
[42.424s][info   ][gc,marking    ] GC(487) Concurrent Mark (42.423s, 42.424s) 1.803ms
[42.424s][info   ][gc,start      ] GC(487) Pause Remark
[42.425s][info   ][gc,stringtable] GC(487) Cleaned string and symbol table, strings: 1384 processed, 0 removed, symbols: 16327 processed, 0 removed
[42.426s][info   ][gc            ] GC(487) Pause Remark 159M->159M(256M) 1.083ms
[42.426s][info   ][gc,cpu        ] GC(487) User=0.01s Sys=0.00s Real=0.00s
[42.426s][info   ][gc,marking    ] GC(487) Concurrent Rebuild Remembered Sets
[42.427s][info   ][gc,marking    ] GC(487) Concurrent Rebuild Remembered Sets 1.032ms
[42.427s][info   ][gc,start      ] GC(487) Pause Cleanup
[42.427s][info   ][gc            ] GC(487) Pause Cleanup 159M->159M(256M) 0.101ms
[42.427s][info   ][gc,cpu        ] GC(487) User=0.00s Sys=0.00s Real=0.00s
[42.427s][info   ][gc,marking    ] GC(487) Concurrent Cleanup for Next Mark
[42.427s][info   ][gc,marking    ] GC(487) Concurrent Cleanup for Next Mark 0.364ms
[42.427s][info   ][gc            ] GC(487) Concurrent Cycle 4.754ms
[42.476s][info   ][gc,start      ] GC(488) Pause Young (Concurrent Start) (G1 Humongous Allocation)
[42.476s][info   ][gc,task       ] GC(488) Using 6 workers of 9 for evacuation
[42.477s][info   ][gc,phases     ] GC(488)   Pre Evacuate Collection Set: 0.1ms
[42.477s][info   ][gc,phases     ] GC(488)   Evacuate Collection Set: 0.3ms
[42.477s][info   ][gc,phases     ] GC(488)   Post Evacuate Collection Set: 0.1ms
[42.477s][info   ][gc,phases     ] GC(488)   Other: 0.5ms
[42.477s][info   ][gc,heap       ] GC(488) Eden regions: 0->0(16)
[42.477s][info   ][gc,heap       ] GC(488) Survivor regions: 0->0(2)
[42.477s][info   ][gc,heap       ] GC(488) Old regions: 1->1
[42.477s][info   ][gc,heap       ] GC(488) Archive regions: 0->0
[42.477s][info   ][gc,heap       ] GC(488) Humongous regions: 159->158
[42.477s][info   ][gc,metaspace  ] GC(488) Metaspace: 3424K(4864K)->3424K(4864K) NonClass: 3120K(4352K)->3120K(4352K) Class: 304K(512K)->304K(512K)
[42.477s][info   ][gc            ] GC(488) Pause Young (Concurrent Start) (G1 Humongous Allocation) 159M->158M(256M) 1.075ms
[42.477s][info   ][gc,cpu        ] GC(488) User=0.00s Sys=0.00s Real=0.00s
[42.477s][info   ][gc            ] GC(489) Concurrent Cycle
[42.477s][info   ][gc,marking    ] GC(489) Concurrent Clear Claimed Marks
[42.477s][info   ][gc,marking    ] GC(489) Concurrent Clear Claimed Marks 0.011ms
[42.477s][info   ][gc,marking    ] GC(489) Concurrent Scan Root Regions
[42.477s][info   ][gc,marking    ] GC(489) Concurrent Scan Root Regions 0.008ms
[42.477s][info   ][gc,marking    ] GC(489) Concurrent Mark (42.477s)
[42.477s][info   ][gc,marking    ] GC(489) Concurrent Mark From Roots
[42.477s][info   ][gc,task       ] GC(489) Using 2 workers of 2 for marking
[42.480s][info   ][gc,marking    ] GC(489) Concurrent Mark From Roots 2.933ms
[42.480s][info   ][gc,marking    ] GC(489) Concurrent Preclean
[42.480s][info   ][gc,marking    ] GC(489) Concurrent Preclean 0.045ms
[42.480s][info   ][gc,marking    ] GC(489) Concurrent Mark (42.477s, 42.480s) 3.069ms
[42.481s][info   ][gc,start      ] GC(489) Pause Remark
[42.481s][info   ][gc,stringtable] GC(489) Cleaned string and symbol table, strings: 1384 processed, 0 removed, symbols: 16327 processed, 0 removed
[42.482s][info   ][gc            ] GC(489) Pause Remark 159M->159M(256M) 1.025ms
[42.482s][info   ][gc,cpu        ] GC(489) User=0.00s Sys=0.00s Real=0.00s
[42.482s][info   ][gc,marking    ] GC(489) Concurrent Rebuild Remembered Sets
[42.483s][info   ][gc,marking    ] GC(489) Concurrent Rebuild Remembered Sets 0.957ms
[42.483s][info   ][gc,start      ] GC(489) Pause Cleanup
[42.483s][info   ][gc            ] GC(489) Pause Cleanup 159M->159M(256M) 0.083ms
[42.483s][info   ][gc,cpu        ] GC(489) User=0.00s Sys=0.00s Real=0.00s
[42.483s][info   ][gc,marking    ] GC(489) Concurrent Cleanup for Next Mark
[42.483s][info   ][gc,marking    ] GC(489) Concurrent Cleanup for Next Mark 0.373ms
[42.483s][info   ][gc            ] GC(489) Concurrent Cycle 5.921ms
[42.532s][info   ][gc,start      ] GC(490) Pause Young (Concurrent Start) (G1 Humongous Allocation)
[42.532s][info   ][gc,task       ] GC(490) Using 6 workers of 9 for evacuation
[42.533s][info   ][gc,phases     ] GC(490)   Pre Evacuate Collection Set: 0.2ms
[42.534s][info   ][gc,phases     ] GC(490)   Evacuate Collection Set: 0.5ms
[42.534s][info   ][gc,phases     ] GC(490)   Post Evacuate Collection Set: 0.1ms
[42.534s][info   ][gc,phases     ] GC(490)   Other: 0.5ms
[42.534s][info   ][gc,heap       ] GC(490) Eden regions: 0->0(16)
[42.534s][info   ][gc,heap       ] GC(490) Survivor regions: 0->0(2)
[42.534s][info   ][gc,heap       ] GC(490) Old regions: 1->1
[42.534s][info   ][gc,heap       ] GC(490) Archive regions: 0->0
[42.534s][info   ][gc,heap       ] GC(490) Humongous regions: 159->158
[42.534s][info   ][gc,metaspace  ] GC(490) Metaspace: 3424K(4864K)->3424K(4864K) NonClass: 3120K(4352K)->3120K(4352K) Class: 304K(512K)->304K(512K)
[42.534s][info   ][gc            ] GC(490) Pause Young (Concurrent Start) (G1 Humongous Allocation) 159M->158M(256M) 1.545ms
[42.534s][info   ][gc,cpu        ] GC(490) User=0.00s Sys=0.00s Real=0.00s
[42.534s][info   ][gc            ] GC(491) Concurrent Cycle
[42.534s][info   ][gc,marking    ] GC(491) Concurrent Clear Claimed Marks
[42.534s][info   ][gc,marking    ] GC(491) Concurrent Clear Claimed Marks 0.018ms
[42.534s][info   ][gc,marking    ] GC(491) Concurrent Scan Root Regions
[42.534s][info   ][gc,marking    ] GC(491) Concurrent Scan Root Regions 0.010ms
[42.534s][info   ][gc,marking    ] GC(491) Concurrent Mark (42.534s)
[42.534s][info   ][gc,marking    ] GC(491) Concurrent Mark From Roots
[42.534s][info   ][gc,task       ] GC(491) Using 2 workers of 2 for marking
[42.536s][info   ][gc,marking    ] GC(491) Concurrent Mark From Roots 2.448ms
[42.536s][info   ][gc,marking    ] GC(491) Concurrent Preclean
[42.536s][info   ][gc,marking    ] GC(491) Concurrent Preclean 0.026ms
[42.536s][info   ][gc,marking    ] GC(491) Concurrent Mark (42.534s, 42.536s) 2.539ms
[42.537s][info   ][gc,start      ] GC(491) Pause Remark
[42.537s][info   ][gc,stringtable] GC(491) Cleaned string and symbol table, strings: 1384 processed, 0 removed, symbols: 16327 processed, 0 removed
[42.537s][info   ][gc            ] GC(491) Pause Remark 159M->159M(256M) 0.500ms
[42.537s][info   ][gc,cpu        ] GC(491) User=0.00s Sys=0.00s Real=0.00s
[42.537s][info   ][gc,marking    ] GC(491) Concurrent Rebuild Remembered Sets
[42.538s][info   ][gc,marking    ] GC(491) Concurrent Rebuild Remembered Sets 0.838ms
[42.538s][info   ][gc,start      ] GC(491) Pause Cleanup
[42.538s][info   ][gc            ] GC(491) Pause Cleanup 159M->159M(256M) 0.098ms
[42.538s][info   ][gc,cpu        ] GC(491) User=0.00s Sys=0.00s Real=0.00s
[42.538s][info   ][gc,marking    ] GC(491) Concurrent Cleanup for Next Mark
[42.538s][info   ][gc,marking    ] GC(491) Concurrent Cleanup for Next Mark 0.297ms
[42.538s][info   ][gc            ] GC(491) Concurrent Cycle 4.667ms
[42.587s][info   ][gc,start      ] GC(492) Pause Young (Concurrent Start) (G1 Humongous Allocation)
[42.587s][info   ][gc,task       ] GC(492) Using 6 workers of 9 for evacuation
[42.588s][info   ][gc,phases     ] GC(492)   Pre Evacuate Collection Set: 0.1ms
[42.588s][info   ][gc,phases     ] GC(492)   Evacuate Collection Set: 0.1ms
[42.588s][info   ][gc,phases     ] GC(492)   Post Evacuate Collection Set: 0.1ms
[42.588s][info   ][gc,phases     ] GC(492)   Other: 0.1ms
[42.588s][info   ][gc,heap       ] GC(492) Eden regions: 0->0(16)
[42.588s][info   ][gc,heap       ] GC(492) Survivor regions: 0->0(2)
[42.588s][info   ][gc,heap       ] GC(492) Old regions: 1->1
[42.588s][info   ][gc,heap       ] GC(492) Archive regions: 0->0
[42.588s][info   ][gc,heap       ] GC(492) Humongous regions: 159->158
[42.588s][info   ][gc,metaspace  ] GC(492) Metaspace: 3424K(4864K)->3424K(4864K) NonClass: 3120K(4352K)->3120K(4352K) Class: 304K(512K)->304K(512K)
[42.588s][info   ][gc            ] GC(492) Pause Young (Concurrent Start) (G1 Humongous Allocation) 159M->158M(256M) 0.576ms
[42.588s][info   ][gc,cpu        ] GC(492) User=0.00s Sys=0.00s Real=0.00s
[42.588s][info   ][gc            ] GC(493) Concurrent Cycle
[42.588s][info   ][gc,marking    ] GC(493) Concurrent Clear Claimed Marks
[42.588s][info   ][gc,marking    ] GC(493) Concurrent Clear Claimed Marks 0.009ms
[42.588s][info   ][gc,marking    ] GC(493) Concurrent Scan Root Regions
[42.588s][info   ][gc,marking    ] GC(493) Concurrent Scan Root Regions 0.007ms
[42.588s][info   ][gc,marking    ] GC(493) Concurrent Mark (42.588s)
[42.588s][info   ][gc,marking    ] GC(493) Concurrent Mark From Roots
[42.588s][info   ][gc,task       ] GC(493) Using 2 workers of 2 for marking
[42.589s][info   ][gc,marking    ] GC(493) Concurrent Mark From Roots 0.979ms
[42.589s][info   ][gc,marking    ] GC(493) Concurrent Preclean
[42.589s][info   ][gc,marking    ] GC(493) Concurrent Preclean 0.024ms
[42.589s][info   ][gc,marking    ] GC(493) Concurrent Mark (42.588s, 42.589s) 1.028ms
[42.589s][info   ][gc,start      ] GC(493) Pause Remark
[42.589s][info   ][gc,stringtable] GC(493) Cleaned string and symbol table, strings: 1384 processed, 0 removed, symbols: 16327 processed, 0 removed
[42.589s][info   ][gc            ] GC(493) Pause Remark 159M->159M(256M) 0.389ms
[42.589s][info   ][gc,cpu        ] GC(493) User=0.00s Sys=0.00s Real=0.01s
[42.589s][info   ][gc,marking    ] GC(493) Concurrent Rebuild Remembered Sets
[42.590s][info   ][gc,marking    ] GC(493) Concurrent Rebuild Remembered Sets 0.712ms
[42.590s][info   ][gc,start      ] GC(493) Pause Cleanup
[42.590s][info   ][gc            ] GC(493) Pause Cleanup 159M->159M(256M) 0.111ms
[42.590s][info   ][gc,cpu        ] GC(493) User=0.00s Sys=0.00s Real=0.00s
[42.590s][info   ][gc,marking    ] GC(493) Concurrent Cleanup for Next Mark
[42.591s][info   ][gc,marking    ] GC(493) Concurrent Cleanup for Next Mark 0.309ms
[42.591s][info   ][gc            ] GC(493) Concurrent Cycle 2.887ms
[42.642s][info   ][gc,start      ] GC(494) Pause Young (Concurrent Start) (G1 Humongous Allocation)
[42.642s][info   ][gc,task       ] GC(494) Using 6 workers of 9 for evacuation
[42.643s][info   ][gc,phases     ] GC(494)   Pre Evacuate Collection Set: 0.1ms
[42.643s][info   ][gc,phases     ] GC(494)   Evacuate Collection Set: 0.3ms
[42.643s][info   ][gc,phases     ] GC(494)   Post Evacuate Collection Set: 0.1ms
[42.643s][info   ][gc,phases     ] GC(494)   Other: 0.3ms
[42.643s][info   ][gc,heap       ] GC(494) Eden regions: 0->0(16)
[42.643s][info   ][gc,heap       ] GC(494) Survivor regions: 0->0(2)
[42.643s][info   ][gc,heap       ] GC(494) Old regions: 1->1
[42.643s][info   ][gc,heap       ] GC(494) Archive regions: 0->0
[42.643s][info   ][gc,heap       ] GC(494) Humongous regions: 159->158
[42.643s][info   ][gc,metaspace  ] GC(494) Metaspace: 3424K(4864K)->3424K(4864K) NonClass: 3120K(4352K)->3120K(4352K) Class: 304K(512K)->304K(512K)
[42.643s][info   ][gc            ] GC(494) Pause Young (Concurrent Start) (G1 Humongous Allocation) 159M->158M(256M) 1.117ms
[42.643s][info   ][gc,cpu        ] GC(494) User=0.00s Sys=0.00s Real=0.00s
[42.643s][info   ][gc            ] GC(495) Concurrent Cycle
[42.643s][info   ][gc,marking    ] GC(495) Concurrent Clear Claimed Marks
[42.643s][info   ][gc,marking    ] GC(495) Concurrent Clear Claimed Marks 0.013ms
[42.643s][info   ][gc,marking    ] GC(495) Concurrent Scan Root Regions
[42.643s][info   ][gc,marking    ] GC(495) Concurrent Scan Root Regions 0.033ms
[42.643s][info   ][gc,marking    ] GC(495) Concurrent Mark (42.643s)
[42.643s][info   ][gc,marking    ] GC(495) Concurrent Mark From Roots
[42.643s][info   ][gc,task       ] GC(495) Using 2 workers of 2 for marking
[42.645s][info   ][gc,marking    ] GC(495) Concurrent Mark From Roots 1.419ms
[42.645s][info   ][gc,marking    ] GC(495) Concurrent Preclean
[42.645s][info   ][gc,marking    ] GC(495) Concurrent Preclean 0.032ms
[42.645s][info   ][gc,marking    ] GC(495) Concurrent Mark (42.643s, 42.645s) 1.486ms
[42.645s][info   ][gc,start      ] GC(495) Pause Remark
[42.646s][info   ][gc,stringtable] GC(495) Cleaned string and symbol table, strings: 1384 processed, 0 removed, symbols: 16327 processed, 0 removed
[42.646s][info   ][gc            ] GC(495) Pause Remark 159M->159M(256M) 1.375ms
[42.646s][info   ][gc,cpu        ] GC(495) User=0.00s Sys=0.00s Real=0.00s
[42.646s][info   ][gc,marking    ] GC(495) Concurrent Rebuild Remembered Sets
[42.647s][info   ][gc,marking    ] GC(495) Concurrent Rebuild Remembered Sets 1.048ms
[42.648s][info   ][gc,start      ] GC(495) Pause Cleanup
[42.648s][info   ][gc            ] GC(495) Pause Cleanup 159M->159M(256M) 0.097ms
[42.648s][info   ][gc,cpu        ] GC(495) User=0.00s Sys=0.00s Real=0.00s
[42.648s][info   ][gc,marking    ] GC(495) Concurrent Cleanup for Next Mark
[42.648s][info   ][gc,marking    ] GC(495) Concurrent Cleanup for Next Mark 0.386ms
[42.648s][info   ][gc            ] GC(495) Concurrent Cycle 4.788ms
[42.698s][info   ][gc,start      ] GC(496) Pause Young (Concurrent Start) (G1 Humongous Allocation)
[42.698s][info   ][gc,task       ] GC(496) Using 6 workers of 9 for evacuation
[42.698s][info   ][gc,phases     ] GC(496)   Pre Evacuate Collection Set: 0.1ms
[42.699s][info   ][gc,phases     ] GC(496)   Evacuate Collection Set: 0.4ms
[42.699s][info   ][gc,phases     ] GC(496)   Post Evacuate Collection Set: 0.1ms
[42.699s][info   ][gc,phases     ] GC(496)   Other: 0.4ms
[42.699s][info   ][gc,heap       ] GC(496) Eden regions: 0->0(16)
[42.699s][info   ][gc,heap       ] GC(496) Survivor regions: 0->0(2)
[42.699s][info   ][gc,heap       ] GC(496) Old regions: 1->1
[42.699s][info   ][gc,heap       ] GC(496) Archive regions: 0->0
[42.699s][info   ][gc,heap       ] GC(496) Humongous regions: 159->158
[42.699s][info   ][gc,metaspace  ] GC(496) Metaspace: 3424K(4864K)->3424K(4864K) NonClass: 3120K(4352K)->3120K(4352K) Class: 304K(512K)->304K(512K)
[42.699s][info   ][gc            ] GC(496) Pause Young (Concurrent Start) (G1 Humongous Allocation) 159M->158M(256M) 1.158ms
[42.699s][info   ][gc,cpu        ] GC(496) User=0.00s Sys=0.00s Real=0.00s
[42.699s][info   ][gc            ] GC(497) Concurrent Cycle
[42.699s][info   ][gc,marking    ] GC(497) Concurrent Clear Claimed Marks
[42.699s][info   ][gc,marking    ] GC(497) Concurrent Clear Claimed Marks 0.012ms
[42.699s][info   ][gc,marking    ] GC(497) Concurrent Scan Root Regions
[42.699s][info   ][gc,marking    ] GC(497) Concurrent Scan Root Regions 0.012ms
[42.699s][info   ][gc,marking    ] GC(497) Concurrent Mark (42.699s)
[42.699s][info   ][gc,marking    ] GC(497) Concurrent Mark From Roots
[42.699s][info   ][gc,task       ] GC(497) Using 2 workers of 2 for marking
[42.702s][info   ][gc,marking    ] GC(497) Concurrent Mark From Roots 3.425ms
[42.702s][info   ][gc,marking    ] GC(497) Concurrent Preclean
[42.702s][info   ][gc,marking    ] GC(497) Concurrent Preclean 0.039ms
[42.702s][info   ][gc,marking    ] GC(497) Concurrent Mark (42.699s, 42.702s) 3.511ms
[42.702s][info   ][gc,start      ] GC(497) Pause Remark
[42.703s][info   ][gc,stringtable] GC(497) Cleaned string and symbol table, strings: 1384 processed, 0 removed, symbols: 16327 processed, 0 removed
[42.703s][info   ][gc            ] GC(497) Pause Remark 159M->159M(256M) 0.557ms
[42.703s][info   ][gc,cpu        ] GC(497) User=0.00s Sys=0.00s Real=0.00s
[42.703s][info   ][gc,marking    ] GC(497) Concurrent Rebuild Remembered Sets
[42.704s][info   ][gc,marking    ] GC(497) Concurrent Rebuild Remembered Sets 1.005ms
[42.704s][info   ][gc,start      ] GC(497) Pause Cleanup
[42.704s][info   ][gc            ] GC(497) Pause Cleanup 159M->159M(256M) 0.084ms
[42.704s][info   ][gc,cpu        ] GC(497) User=0.00s Sys=0.00s Real=0.00s
[42.704s][info   ][gc,marking    ] GC(497) Concurrent Cleanup for Next Mark
[42.705s][info   ][gc,marking    ] GC(497) Concurrent Cleanup for Next Mark 0.346ms
[42.705s][info   ][gc            ] GC(497) Concurrent Cycle 5.870ms
[42.751s][info   ][gc,start      ] GC(498) Pause Young (Concurrent Start) (G1 Humongous Allocation)
[42.751s][info   ][gc,task       ] GC(498) Using 6 workers of 9 for evacuation
[42.752s][info   ][gc,phases     ] GC(498)   Pre Evacuate Collection Set: 0.1ms
[42.752s][info   ][gc,phases     ] GC(498)   Evacuate Collection Set: 0.4ms
[42.752s][info   ][gc,phases     ] GC(498)   Post Evacuate Collection Set: 0.1ms
[42.752s][info   ][gc,phases     ] GC(498)   Other: 0.4ms
[42.752s][info   ][gc,heap       ] GC(498) Eden regions: 0->0(16)
[42.752s][info   ][gc,heap       ] GC(498) Survivor regions: 0->0(2)
[42.752s][info   ][gc,heap       ] GC(498) Old regions: 1->1
[42.752s][info   ][gc,heap       ] GC(498) Archive regions: 0->0
[42.752s][info   ][gc,heap       ] GC(498) Humongous regions: 159->158
[42.752s][info   ][gc,metaspace  ] GC(498) Metaspace: 3424K(4864K)->3424K(4864K) NonClass: 3120K(4352K)->3120K(4352K) Class: 304K(512K)->304K(512K)
[42.752s][info   ][gc            ] GC(498) Pause Young (Concurrent Start) (G1 Humongous Allocation) 159M->158M(256M) 1.291ms
[42.752s][info   ][gc,cpu        ] GC(498) User=0.00s Sys=0.00s Real=0.00s
[42.752s][info   ][gc            ] GC(499) Concurrent Cycle
[42.752s][info   ][gc,marking    ] GC(499) Concurrent Clear Claimed Marks
[42.753s][info   ][gc,marking    ] GC(499) Concurrent Clear Claimed Marks 0.022ms
[42.753s][info   ][gc,marking    ] GC(499) Concurrent Scan Root Regions
[42.753s][info   ][gc,marking    ] GC(499) Concurrent Scan Root Regions 0.016ms
[42.753s][info   ][gc,marking    ] GC(499) Concurrent Mark (42.753s)
[42.753s][info   ][gc,marking    ] GC(499) Concurrent Mark From Roots
[42.753s][info   ][gc,task       ] GC(499) Using 2 workers of 2 for marking
[42.755s][info   ][gc,marking    ] GC(499) Concurrent Mark From Roots 2.301ms
[42.755s][info   ][gc,marking    ] GC(499) Concurrent Preclean
[42.755s][info   ][gc,marking    ] GC(499) Concurrent Preclean 0.035ms
[42.755s][info   ][gc,marking    ] GC(499) Concurrent Mark (42.753s, 42.755s) 2.387ms
[42.755s][info   ][gc,start      ] GC(499) Pause Remark
[42.757s][info   ][gc,stringtable] GC(499) Cleaned string and symbol table, strings: 1384 processed, 0 removed, symbols: 16327 processed, 0 removed
[42.757s][info   ][gc            ] GC(499) Pause Remark 159M->159M(256M) 2.096ms
[42.757s][info   ][gc,cpu        ] GC(499) User=0.00s Sys=0.00s Real=0.00s
[42.757s][info   ][gc,marking    ] GC(499) Concurrent Rebuild Remembered Sets
[42.758s][info   ][gc,marking    ] GC(499) Concurrent Rebuild Remembered Sets 0.984ms
[42.758s][info   ][gc,start      ] GC(499) Pause Cleanup
[42.758s][info   ][gc            ] GC(499) Pause Cleanup 159M->159M(256M) 0.093ms
[42.758s][info   ][gc,cpu        ] GC(499) User=0.00s Sys=0.00s Real=0.00s
[42.758s][info   ][gc,marking    ] GC(499) Concurrent Cleanup for Next Mark
[42.759s][info   ][gc,marking    ] GC(499) Concurrent Cleanup for Next Mark 0.236ms
[42.759s][info   ][gc            ] GC(499) Concurrent Cycle 6.183ms
[42.807s][info   ][gc,start      ] GC(500) Pause Young (Concurrent Start) (G1 Humongous Allocation)
[42.807s][info   ][gc,task       ] GC(500) Using 6 workers of 9 for evacuation
[42.808s][info   ][gc,phases     ] GC(500)   Pre Evacuate Collection Set: 0.2ms
[42.808s][info   ][gc,phases     ] GC(500)   Evacuate Collection Set: 0.5ms
[42.808s][info   ][gc,phases     ] GC(500)   Post Evacuate Collection Set: 0.1ms
[42.808s][info   ][gc,phases     ] GC(500)   Other: 0.5ms
[42.808s][info   ][gc,heap       ] GC(500) Eden regions: 0->0(16)
[42.808s][info   ][gc,heap       ] GC(500) Survivor regions: 0->0(2)
[42.808s][info   ][gc,heap       ] GC(500) Old regions: 1->1
[42.808s][info   ][gc,heap       ] GC(500) Archive regions: 0->0
[42.808s][info   ][gc,heap       ] GC(500) Humongous regions: 159->158
[42.808s][info   ][gc,metaspace  ] GC(500) Metaspace: 3424K(4864K)->3424K(4864K) NonClass: 3120K(4352K)->3120K(4352K) Class: 304K(512K)->304K(512K)
[42.808s][info   ][gc            ] GC(500) Pause Young (Concurrent Start) (G1 Humongous Allocation) 159M->158M(256M) 1.516ms
[42.808s][info   ][gc,cpu        ] GC(500) User=0.00s Sys=0.00s Real=0.00s
[42.808s][info   ][gc            ] GC(501) Concurrent Cycle
[42.808s][info   ][gc,marking    ] GC(501) Concurrent Clear Claimed Marks
[42.808s][info   ][gc,marking    ] GC(501) Concurrent Clear Claimed Marks 0.021ms
[42.808s][info   ][gc,marking    ] GC(501) Concurrent Scan Root Regions
[42.808s][info   ][gc,marking    ] GC(501) Concurrent Scan Root Regions 0.016ms
[42.808s][info   ][gc,marking    ] GC(501) Concurrent Mark (42.808s)
[42.808s][info   ][gc,marking    ] GC(501) Concurrent Mark From Roots
[42.808s][info   ][gc,task       ] GC(501) Using 2 workers of 2 for marking
[42.810s][info   ][gc,marking    ] GC(501) Concurrent Mark From Roots 1.962ms
[42.810s][info   ][gc,marking    ] GC(501) Concurrent Preclean
[42.810s][info   ][gc,marking    ] GC(501) Concurrent Preclean 0.033ms
[42.810s][info   ][gc,marking    ] GC(501) Concurrent Mark (42.808s, 42.810s) 2.044ms
[42.811s][info   ][gc,start      ] GC(501) Pause Remark
[42.811s][info   ][gc,stringtable] GC(501) Cleaned string and symbol table, strings: 1384 processed, 0 removed, symbols: 16327 processed, 0 removed
[42.811s][info   ][gc            ] GC(501) Pause Remark 159M->159M(256M) 0.525ms
[42.811s][info   ][gc,cpu        ] GC(501) User=0.00s Sys=0.00s Real=0.00s
[42.811s][info   ][gc,marking    ] GC(501) Concurrent Rebuild Remembered Sets
[42.812s][info   ][gc,marking    ] GC(501) Concurrent Rebuild Remembered Sets 1.001ms
[42.812s][info   ][gc,start      ] GC(501) Pause Cleanup
[42.812s][info   ][gc            ] GC(501) Pause Cleanup 159M->159M(256M) 0.091ms
[42.812s][info   ][gc,cpu        ] GC(501) User=0.00s Sys=0.00s Real=0.00s
[42.812s][info   ][gc,marking    ] GC(501) Concurrent Cleanup for Next Mark
[42.813s][info   ][gc,marking    ] GC(501) Concurrent Cleanup for Next Mark 0.290ms
[42.813s][info   ][gc            ] GC(501) Concurrent Cycle 4.362ms
[42.860s][info   ][gc,start      ] GC(502) Pause Young (Concurrent Start) (G1 Humongous Allocation)
[42.860s][info   ][gc,task       ] GC(502) Using 6 workers of 9 for evacuation
[42.861s][info   ][gc,phases     ] GC(502)   Pre Evacuate Collection Set: 0.2ms
[42.861s][info   ][gc,phases     ] GC(502)   Evacuate Collection Set: 0.5ms
[42.861s][info   ][gc,phases     ] GC(502)   Post Evacuate Collection Set: 0.1ms
[42.861s][info   ][gc,phases     ] GC(502)   Other: 0.5ms
[42.861s][info   ][gc,heap       ] GC(502) Eden regions: 0->0(16)
[42.861s][info   ][gc,heap       ] GC(502) Survivor regions: 0->0(2)
[42.861s][info   ][gc,heap       ] GC(502) Old regions: 1->1
[42.861s][info   ][gc,heap       ] GC(502) Archive regions: 0->0
[42.861s][info   ][gc,heap       ] GC(502) Humongous regions: 159->158
[42.861s][info   ][gc,metaspace  ] GC(502) Metaspace: 3424K(4864K)->3424K(4864K) NonClass: 3120K(4352K)->3120K(4352K) Class: 304K(512K)->304K(512K)
[42.861s][info   ][gc            ] GC(502) Pause Young (Concurrent Start) (G1 Humongous Allocation) 159M->158M(256M) 1.579ms
[42.861s][info   ][gc,cpu        ] GC(502) User=0.00s Sys=0.00s Real=0.00s
[42.861s][info   ][gc            ] GC(503) Concurrent Cycle
[42.861s][info   ][gc,marking    ] GC(503) Concurrent Clear Claimed Marks
[42.861s][info   ][gc,marking    ] GC(503) Concurrent Clear Claimed Marks 0.016ms
[42.861s][info   ][gc,marking    ] GC(503) Concurrent Scan Root Regions
[42.861s][info   ][gc,marking    ] GC(503) Concurrent Scan Root Regions 0.009ms
[42.861s][info   ][gc,marking    ] GC(503) Concurrent Mark (42.861s)
[42.861s][info   ][gc,marking    ] GC(503) Concurrent Mark From Roots
[42.861s][info   ][gc,task       ] GC(503) Using 2 workers of 2 for marking
[42.863s][info   ][gc,marking    ] GC(503) Concurrent Mark From Roots 1.786ms
[42.863s][info   ][gc,marking    ] GC(503) Concurrent Preclean
[42.863s][info   ][gc,marking    ] GC(503) Concurrent Preclean 0.040ms
[42.863s][info   ][gc,marking    ] GC(503) Concurrent Mark (42.861s, 42.863s) 1.869ms
[42.863s][info   ][gc,start      ] GC(503) Pause Remark
[42.864s][info   ][gc,stringtable] GC(503) Cleaned string and symbol table, strings: 1384 processed, 0 removed, symbols: 16327 processed, 0 removed
[42.864s][info   ][gc            ] GC(503) Pause Remark 159M->159M(256M) 0.543ms
[42.864s][info   ][gc,cpu        ] GC(503) User=0.00s Sys=0.00s Real=0.00s
[42.864s][info   ][gc,marking    ] GC(503) Concurrent Rebuild Remembered Sets
[42.865s][info   ][gc,marking    ] GC(503) Concurrent Rebuild Remembered Sets 1.025ms
[42.865s][info   ][gc,start      ] GC(503) Pause Cleanup
[42.865s][info   ][gc            ] GC(503) Pause Cleanup 159M->159M(256M) 0.087ms
[42.865s][info   ][gc,cpu        ] GC(503) User=0.00s Sys=0.00s Real=0.00s
[42.865s][info   ][gc,marking    ] GC(503) Concurrent Cleanup for Next Mark
[42.866s][info   ][gc,marking    ] GC(503) Concurrent Cleanup for Next Mark 0.285ms
[42.866s][info   ][gc            ] GC(503) Concurrent Cycle 4.240ms
[42.912s][info   ][gc,start      ] GC(504) Pause Young (Concurrent Start) (G1 Humongous Allocation)
[42.913s][info   ][gc,task       ] GC(504) Using 6 workers of 9 for evacuation
[42.914s][info   ][gc,phases     ] GC(504)   Pre Evacuate Collection Set: 0.2ms
[42.914s][info   ][gc,phases     ] GC(504)   Evacuate Collection Set: 0.5ms
[42.914s][info   ][gc,phases     ] GC(504)   Post Evacuate Collection Set: 0.1ms
[42.914s][info   ][gc,phases     ] GC(504)   Other: 0.5ms
[42.914s][info   ][gc,heap       ] GC(504) Eden regions: 0->0(16)
[42.914s][info   ][gc,heap       ] GC(504) Survivor regions: 0->0(2)
[42.914s][info   ][gc,heap       ] GC(504) Old regions: 1->1
[42.914s][info   ][gc,heap       ] GC(504) Archive regions: 0->0
[42.914s][info   ][gc,heap       ] GC(504) Humongous regions: 159->158
[42.914s][info   ][gc,metaspace  ] GC(504) Metaspace: 3424K(4864K)->3424K(4864K) NonClass: 3120K(4352K)->3120K(4352K) Class: 304K(512K)->304K(512K)
[42.914s][info   ][gc            ] GC(504) Pause Young (Concurrent Start) (G1 Humongous Allocation) 159M->158M(256M) 1.503ms
[42.914s][info   ][gc,cpu        ] GC(504) User=0.00s Sys=0.00s Real=0.00s
[42.914s][info   ][gc            ] GC(505) Concurrent Cycle
[42.914s][info   ][gc,marking    ] GC(505) Concurrent Clear Claimed Marks
[42.914s][info   ][gc,marking    ] GC(505) Concurrent Clear Claimed Marks 0.020ms
[42.914s][info   ][gc,marking    ] GC(505) Concurrent Scan Root Regions
[42.914s][info   ][gc,marking    ] GC(505) Concurrent Scan Root Regions 0.016ms
[42.914s][info   ][gc,marking    ] GC(505) Concurrent Mark (42.914s)
[42.914s][info   ][gc,marking    ] GC(505) Concurrent Mark From Roots
[42.914s][info   ][gc,task       ] GC(505) Using 2 workers of 2 for marking
[42.916s][info   ][gc,marking    ] GC(505) Concurrent Mark From Roots 2.133ms
[42.916s][info   ][gc,marking    ] GC(505) Concurrent Preclean
[42.916s][info   ][gc,marking    ] GC(505) Concurrent Preclean 0.039ms
[42.916s][info   ][gc,marking    ] GC(505) Concurrent Mark (42.914s, 42.916s) 2.220ms
[42.916s][info   ][gc,start      ] GC(505) Pause Remark
[42.917s][info   ][gc,stringtable] GC(505) Cleaned string and symbol table, strings: 1384 processed, 0 removed, symbols: 16327 processed, 0 removed
[42.918s][info   ][gc            ] GC(505) Pause Remark 159M->159M(256M) 1.179ms
[42.918s][info   ][gc,cpu        ] GC(505) User=0.01s Sys=0.01s Real=0.00s
[42.918s][info   ][gc,marking    ] GC(505) Concurrent Rebuild Remembered Sets
[42.919s][info   ][gc,marking    ] GC(505) Concurrent Rebuild Remembered Sets 1.019ms
[42.919s][info   ][gc,start      ] GC(505) Pause Cleanup
[42.919s][info   ][gc            ] GC(505) Pause Cleanup 159M->159M(256M) 0.076ms
[42.919s][info   ][gc,cpu        ] GC(505) User=0.00s Sys=0.00s Real=0.00s
[42.919s][info   ][gc,marking    ] GC(505) Concurrent Cleanup for Next Mark
[42.919s][info   ][gc,marking    ] GC(505) Concurrent Cleanup for Next Mark 0.293ms
[42.919s][info   ][gc            ] GC(505) Concurrent Cycle 5.183ms
[42.967s][info   ][gc,start      ] GC(506) Pause Young (Concurrent Start) (G1 Humongous Allocation)
[42.967s][info   ][gc,task       ] GC(506) Using 6 workers of 9 for evacuation
[42.968s][info   ][gc,phases     ] GC(506)   Pre Evacuate Collection Set: 0.1ms
[42.968s][info   ][gc,phases     ] GC(506)   Evacuate Collection Set: 0.3ms
[42.968s][info   ][gc,phases     ] GC(506)   Post Evacuate Collection Set: 0.1ms
[42.968s][info   ][gc,phases     ] GC(506)   Other: 0.4ms
[42.968s][info   ][gc,heap       ] GC(506) Eden regions: 0->0(16)
[42.968s][info   ][gc,heap       ] GC(506) Survivor regions: 0->0(2)
[42.968s][info   ][gc,heap       ] GC(506) Old regions: 1->1
[42.968s][info   ][gc,heap       ] GC(506) Archive regions: 0->0
[42.968s][info   ][gc,heap       ] GC(506) Humongous regions: 159->158
[42.968s][info   ][gc,metaspace  ] GC(506) Metaspace: 3424K(4864K)->3424K(4864K) NonClass: 3120K(4352K)->3120K(4352K) Class: 304K(512K)->304K(512K)
[42.968s][info   ][gc            ] GC(506) Pause Young (Concurrent Start) (G1 Humongous Allocation) 159M->158M(256M) 1.094ms
[42.968s][info   ][gc,cpu        ] GC(506) User=0.00s Sys=0.00s Real=0.00s
[42.968s][info   ][gc            ] GC(507) Concurrent Cycle
[42.968s][info   ][gc,marking    ] GC(507) Concurrent Clear Claimed Marks
[42.968s][info   ][gc,marking    ] GC(507) Concurrent Clear Claimed Marks 0.013ms
[42.968s][info   ][gc,marking    ] GC(507) Concurrent Scan Root Regions
[42.968s][info   ][gc,marking    ] GC(507) Concurrent Scan Root Regions 0.009ms
[42.968s][info   ][gc,marking    ] GC(507) Concurrent Mark (42.968s)
[42.968s][info   ][gc,marking    ] GC(507) Concurrent Mark From Roots
[42.968s][info   ][gc,task       ] GC(507) Using 2 workers of 2 for marking
[42.970s][info   ][gc,marking    ] GC(507) Concurrent Mark From Roots 2.022ms
[42.970s][info   ][gc,marking    ] GC(507) Concurrent Preclean
[42.970s][info   ][gc,marking    ] GC(507) Concurrent Preclean 0.041ms
[42.970s][info   ][gc,marking    ] GC(507) Concurrent Mark (42.968s, 42.970s) 2.117ms
[42.970s][info   ][gc,start      ] GC(507) Pause Remark
[42.972s][info   ][gc,stringtable] GC(507) Cleaned string and symbol table, strings: 1384 processed, 0 removed, symbols: 16327 processed, 0 removed
[42.972s][info   ][gc            ] GC(507) Pause Remark 161M->161M(256M) 1.596ms
[42.972s][info   ][gc,cpu        ] GC(507) User=0.01s Sys=0.00s Real=0.00s
[42.972s][info   ][gc,marking    ] GC(507) Concurrent Rebuild Remembered Sets
[42.973s][info   ][gc,marking    ] GC(507) Concurrent Rebuild Remembered Sets 1.111ms
[42.973s][info   ][gc,start      ] GC(507) Pause Cleanup
[42.973s][info   ][gc            ] GC(507) Pause Cleanup 161M->161M(256M) 0.114ms
[42.973s][info   ][gc,cpu        ] GC(507) User=0.00s Sys=0.00s Real=0.00s
[42.973s][info   ][gc,marking    ] GC(507) Concurrent Cleanup for Next Mark
[42.974s][info   ][gc,marking    ] GC(507) Concurrent Cleanup for Next Mark 0.315ms
[42.974s][info   ][gc            ] GC(507) Concurrent Cycle 5.650ms
[43.024s][info   ][gc,start      ] GC(508) Pause Young (Concurrent Start) (G1 Humongous Allocation)
[43.024s][info   ][gc,task       ] GC(508) Using 6 workers of 9 for evacuation
[43.025s][info   ][gc,phases     ] GC(508)   Pre Evacuate Collection Set: 0.1ms
[43.025s][info   ][gc,phases     ] GC(508)   Evacuate Collection Set: 0.5ms
[43.025s][info   ][gc,phases     ] GC(508)   Post Evacuate Collection Set: 0.1ms
[43.025s][info   ][gc,phases     ] GC(508)   Other: 0.5ms
[43.025s][info   ][gc,heap       ] GC(508) Eden regions: 0->0(16)
[43.025s][info   ][gc,heap       ] GC(508) Survivor regions: 0->0(2)
[43.025s][info   ][gc,heap       ] GC(508) Old regions: 1->1
[43.025s][info   ][gc,heap       ] GC(508) Archive regions: 0->0
[43.025s][info   ][gc,heap       ] GC(508) Humongous regions: 161->160
[43.025s][info   ][gc,metaspace  ] GC(508) Metaspace: 3424K(4864K)->3424K(4864K) NonClass: 3120K(4352K)->3120K(4352K) Class: 304K(512K)->304K(512K)
[43.025s][info   ][gc            ] GC(508) Pause Young (Concurrent Start) (G1 Humongous Allocation) 161M->160M(256M) 1.565ms
[43.026s][info   ][gc,cpu        ] GC(508) User=0.00s Sys=0.00s Real=0.00s
[43.026s][info   ][gc            ] GC(509) Concurrent Cycle
[43.026s][info   ][gc,marking    ] GC(509) Concurrent Clear Claimed Marks
[43.026s][info   ][gc,marking    ] GC(509) Concurrent Clear Claimed Marks 0.012ms
[43.026s][info   ][gc,marking    ] GC(509) Concurrent Scan Root Regions
[43.026s][info   ][gc,marking    ] GC(509) Concurrent Scan Root Regions 0.007ms
[43.026s][info   ][gc,marking    ] GC(509) Concurrent Mark (43.026s)
[43.026s][info   ][gc,marking    ] GC(509) Concurrent Mark From Roots
[43.026s][info   ][gc,task       ] GC(509) Using 2 workers of 2 for marking
[43.027s][info   ][gc,marking    ] GC(509) Concurrent Mark From Roots 1.471ms
[43.027s][info   ][gc,marking    ] GC(509) Concurrent Preclean
[43.027s][info   ][gc,marking    ] GC(509) Concurrent Preclean 0.033ms
[43.027s][info   ][gc,marking    ] GC(509) Concurrent Mark (43.026s, 43.027s) 1.550ms
[43.027s][info   ][gc,start      ] GC(509) Pause Remark
[43.028s][info   ][gc,stringtable] GC(509) Cleaned string and symbol table, strings: 1384 processed, 0 removed, symbols: 16327 processed, 0 removed
[43.028s][info   ][gc            ] GC(509) Pause Remark 161M->161M(256M) 0.633ms
[43.028s][info   ][gc,cpu        ] GC(509) User=0.00s Sys=0.00s Real=0.00s
[43.028s][info   ][gc,marking    ] GC(509) Concurrent Rebuild Remembered Sets
[43.029s][info   ][gc,marking    ] GC(509) Concurrent Rebuild Remembered Sets 0.979ms
[43.029s][info   ][gc,start      ] GC(509) Pause Cleanup
[43.029s][info   ][gc            ] GC(509) Pause Cleanup 161M->161M(256M) 0.103ms
[43.029s][info   ][gc,cpu        ] GC(509) User=0.00s Sys=0.00s Real=0.01s
[43.029s][info   ][gc,marking    ] GC(509) Concurrent Cleanup for Next Mark
[43.029s][info   ][gc,marking    ] GC(509) Concurrent Cleanup for Next Mark 0.278ms
[43.029s][info   ][gc            ] GC(509) Concurrent Cycle 3.888ms
[43.080s][info   ][gc,start      ] GC(510) Pause Young (Concurrent Start) (G1 Humongous Allocation)
[43.080s][info   ][gc,task       ] GC(510) Using 6 workers of 9 for evacuation
[43.080s][info   ][gc,phases     ] GC(510)   Pre Evacuate Collection Set: 0.0ms
[43.080s][info   ][gc,phases     ] GC(510)   Evacuate Collection Set: 0.2ms
[43.080s][info   ][gc,phases     ] GC(510)   Post Evacuate Collection Set: 0.1ms
[43.080s][info   ][gc,phases     ] GC(510)   Other: 0.1ms
[43.080s][info   ][gc,heap       ] GC(510) Eden regions: 0->0(16)
[43.080s][info   ][gc,heap       ] GC(510) Survivor regions: 0->0(2)
[43.080s][info   ][gc,heap       ] GC(510) Old regions: 1->1
[43.080s][info   ][gc,heap       ] GC(510) Archive regions: 0->0
[43.080s][info   ][gc,heap       ] GC(510) Humongous regions: 161->160
[43.080s][info   ][gc,metaspace  ] GC(510) Metaspace: 3424K(4864K)->3424K(4864K) NonClass: 3120K(4352K)->3120K(4352K) Class: 304K(512K)->304K(512K)
[43.080s][info   ][gc            ] GC(510) Pause Young (Concurrent Start) (G1 Humongous Allocation) 161M->160M(256M) 0.569ms
[43.080s][info   ][gc,cpu        ] GC(510) User=0.00s Sys=0.00s Real=0.00s
[43.080s][info   ][gc            ] GC(511) Concurrent Cycle
[43.080s][info   ][gc,marking    ] GC(511) Concurrent Clear Claimed Marks
[43.080s][info   ][gc,marking    ] GC(511) Concurrent Clear Claimed Marks 0.008ms
[43.080s][info   ][gc,marking    ] GC(511) Concurrent Scan Root Regions
[43.080s][info   ][gc,marking    ] GC(511) Concurrent Scan Root Regions 0.008ms
[43.080s][info   ][gc,marking    ] GC(511) Concurrent Mark (43.080s)
[43.080s][info   ][gc,marking    ] GC(511) Concurrent Mark From Roots
[43.080s][info   ][gc,task       ] GC(511) Using 2 workers of 2 for marking
[43.082s][info   ][gc,marking    ] GC(511) Concurrent Mark From Roots 1.436ms
[43.082s][info   ][gc,marking    ] GC(511) Concurrent Preclean
[43.082s][info   ][gc,marking    ] GC(511) Concurrent Preclean 0.037ms
[43.082s][info   ][gc,marking    ] GC(511) Concurrent Mark (43.080s, 43.082s) 1.512ms
[43.082s][info   ][gc,start      ] GC(511) Pause Remark
[43.082s][info   ][gc,stringtable] GC(511) Cleaned string and symbol table, strings: 1384 processed, 0 removed, symbols: 16327 processed, 0 removed
[43.083s][info   ][gc            ] GC(511) Pause Remark 161M->161M(256M) 0.634ms
[43.083s][info   ][gc,cpu        ] GC(511) User=0.00s Sys=0.00s Real=0.00s
[43.083s][info   ][gc,marking    ] GC(511) Concurrent Rebuild Remembered Sets
[43.084s][info   ][gc,marking    ] GC(511) Concurrent Rebuild Remembered Sets 1.040ms
[43.084s][info   ][gc,start      ] GC(511) Pause Cleanup
[43.084s][info   ][gc            ] GC(511) Pause Cleanup 161M->161M(256M) 0.106ms
[43.084s][info   ][gc,cpu        ] GC(511) User=0.00s Sys=0.00s Real=0.00s
[43.084s][info   ][gc,marking    ] GC(511) Concurrent Cleanup for Next Mark
[43.084s][info   ][gc,marking    ] GC(511) Concurrent Cleanup for Next Mark 0.303ms
[43.084s][info   ][gc            ] GC(511) Concurrent Cycle 3.972ms
[43.136s][info   ][gc,start      ] GC(512) Pause Young (Concurrent Start) (G1 Humongous Allocation)
[43.136s][info   ][gc,task       ] GC(512) Using 6 workers of 9 for evacuation
[43.137s][info   ][gc,phases     ] GC(512)   Pre Evacuate Collection Set: 0.1ms
[43.137s][info   ][gc,phases     ] GC(512)   Evacuate Collection Set: 0.5ms
[43.137s][info   ][gc,phases     ] GC(512)   Post Evacuate Collection Set: 0.1ms
[43.137s][info   ][gc,phases     ] GC(512)   Other: 0.5ms
[43.137s][info   ][gc,heap       ] GC(512) Eden regions: 0->0(16)
[43.137s][info   ][gc,heap       ] GC(512) Survivor regions: 0->0(2)
[43.137s][info   ][gc,heap       ] GC(512) Old regions: 1->1
[43.137s][info   ][gc,heap       ] GC(512) Archive regions: 0->0
[43.137s][info   ][gc,heap       ] GC(512) Humongous regions: 161->160
[43.137s][info   ][gc,metaspace  ] GC(512) Metaspace: 3424K(4864K)->3424K(4864K) NonClass: 3120K(4352K)->3120K(4352K) Class: 304K(512K)->304K(512K)
[43.137s][info   ][gc            ] GC(512) Pause Young (Concurrent Start) (G1 Humongous Allocation) 161M->160M(256M) 1.464ms
[43.137s][info   ][gc,cpu        ] GC(512) User=0.00s Sys=0.00s Real=0.00s
[43.137s][info   ][gc            ] GC(513) Concurrent Cycle
[43.138s][info   ][gc,marking    ] GC(513) Concurrent Clear Claimed Marks
[43.138s][info   ][gc,marking    ] GC(513) Concurrent Clear Claimed Marks 0.017ms
[43.138s][info   ][gc,marking    ] GC(513) Concurrent Scan Root Regions
[43.138s][info   ][gc,marking    ] GC(513) Concurrent Scan Root Regions 0.009ms
[43.138s][info   ][gc,marking    ] GC(513) Concurrent Mark (43.138s)
[43.138s][info   ][gc,marking    ] GC(513) Concurrent Mark From Roots
[43.138s][info   ][gc,task       ] GC(513) Using 2 workers of 2 for marking
[43.142s][info   ][gc,marking    ] GC(513) Concurrent Mark From Roots 4.098ms
[43.142s][info   ][gc,marking    ] GC(513) Concurrent Preclean
[43.142s][info   ][gc,marking    ] GC(513) Concurrent Preclean 0.044ms
[43.142s][info   ][gc,marking    ] GC(513) Concurrent Mark (43.138s, 43.142s) 4.364ms
[43.142s][info   ][gc,start      ] GC(513) Pause Remark
[43.143s][info   ][gc,stringtable] GC(513) Cleaned string and symbol table, strings: 1384 processed, 0 removed, symbols: 16327 processed, 0 removed
[43.144s][info   ][gc            ] GC(513) Pause Remark 161M->161M(256M) 1.477ms
[43.144s][info   ][gc,cpu        ] GC(513) User=0.01s Sys=0.00s Real=0.00s
[43.144s][info   ][gc,marking    ] GC(513) Concurrent Rebuild Remembered Sets
[43.145s][info   ][gc,marking    ] GC(513) Concurrent Rebuild Remembered Sets 0.979ms
[43.145s][info   ][gc,start      ] GC(513) Pause Cleanup
[43.145s][info   ][gc            ] GC(513) Pause Cleanup 161M->161M(256M) 0.104ms
[43.145s][info   ][gc,cpu        ] GC(513) User=0.00s Sys=0.00s Real=0.00s
[43.145s][info   ][gc,marking    ] GC(513) Concurrent Cleanup for Next Mark
[43.145s][info   ][gc,marking    ] GC(513) Concurrent Cleanup for Next Mark 0.332ms
[43.145s][info   ][gc            ] GC(513) Concurrent Cycle 7.849ms
[43.192s][info   ][gc,start      ] GC(514) Pause Young (Concurrent Start) (G1 Humongous Allocation)
[43.192s][info   ][gc,task       ] GC(514) Using 6 workers of 9 for evacuation
[43.193s][info   ][gc,phases     ] GC(514)   Pre Evacuate Collection Set: 0.2ms
[43.193s][info   ][gc,phases     ] GC(514)   Evacuate Collection Set: 0.7ms
[43.193s][info   ][gc,phases     ] GC(514)   Post Evacuate Collection Set: 0.2ms
[43.194s][info   ][gc,phases     ] GC(514)   Other: 0.5ms
[43.194s][info   ][gc,heap       ] GC(514) Eden regions: 0->0(16)
[43.194s][info   ][gc,heap       ] GC(514) Survivor regions: 0->0(2)
[43.194s][info   ][gc,heap       ] GC(514) Old regions: 1->1
[43.194s][info   ][gc,heap       ] GC(514) Archive regions: 0->0
[43.194s][info   ][gc,heap       ] GC(514) Humongous regions: 161->160
[43.194s][info   ][gc,metaspace  ] GC(514) Metaspace: 3424K(4864K)->3424K(4864K) NonClass: 3120K(4352K)->3120K(4352K) Class: 304K(512K)->304K(512K)
[43.194s][info   ][gc            ] GC(514) Pause Young (Concurrent Start) (G1 Humongous Allocation) 161M->160M(256M) 1.716ms
[43.194s][info   ][gc,cpu        ] GC(514) User=0.00s Sys=0.00s Real=0.00s
[43.194s][info   ][gc            ] GC(515) Concurrent Cycle
[43.194s][info   ][gc,marking    ] GC(515) Concurrent Clear Claimed Marks
[43.194s][info   ][gc,marking    ] GC(515) Concurrent Clear Claimed Marks 0.021ms
[43.194s][info   ][gc,marking    ] GC(515) Concurrent Scan Root Regions
[43.194s][info   ][gc,marking    ] GC(515) Concurrent Scan Root Regions 0.015ms
[43.194s][info   ][gc,marking    ] GC(515) Concurrent Mark (43.194s)
[43.194s][info   ][gc,marking    ] GC(515) Concurrent Mark From Roots
[43.194s][info   ][gc,task       ] GC(515) Using 2 workers of 2 for marking
[43.196s][info   ][gc,marking    ] GC(515) Concurrent Mark From Roots 2.285ms
[43.196s][info   ][gc,marking    ] GC(515) Concurrent Preclean
[43.196s][info   ][gc,marking    ] GC(515) Concurrent Preclean 0.041ms
[43.196s][info   ][gc,marking    ] GC(515) Concurrent Mark (43.194s, 43.196s) 2.405ms
[43.196s][info   ][gc,start      ] GC(515) Pause Remark
[43.197s][info   ][gc,stringtable] GC(515) Cleaned string and symbol table, strings: 1384 processed, 0 removed, symbols: 16327 processed, 0 removed
[43.197s][info   ][gc            ] GC(515) Pause Remark 161M->161M(256M) 0.769ms
[43.197s][info   ][gc,cpu        ] GC(515) User=0.00s Sys=0.00s Real=0.00s
[43.197s][info   ][gc,marking    ] GC(515) Concurrent Rebuild Remembered Sets
[43.198s][info   ][gc,marking    ] GC(515) Concurrent Rebuild Remembered Sets 1.000ms
[43.198s][info   ][gc,start      ] GC(515) Pause Cleanup
[43.198s][info   ][gc            ] GC(515) Pause Cleanup 161M->161M(256M) 0.085ms
[43.198s][info   ][gc,cpu        ] GC(515) User=0.00s Sys=0.00s Real=0.00s
[43.198s][info   ][gc,marking    ] GC(515) Concurrent Cleanup for Next Mark
[43.199s][info   ][gc,marking    ] GC(515) Concurrent Cleanup for Next Mark 0.343ms
[43.199s][info   ][gc            ] GC(515) Concurrent Cycle 4.994ms
[43.247s][info   ][gc,start      ] GC(516) Pause Young (Concurrent Start) (G1 Humongous Allocation)
[43.247s][info   ][gc,task       ] GC(516) Using 6 workers of 9 for evacuation
[43.248s][info   ][gc,phases     ] GC(516)   Pre Evacuate Collection Set: 0.2ms
[43.248s][info   ][gc,phases     ] GC(516)   Evacuate Collection Set: 0.4ms
[43.248s][info   ][gc,phases     ] GC(516)   Post Evacuate Collection Set: 0.1ms
[43.248s][info   ][gc,phases     ] GC(516)   Other: 0.4ms
[43.248s][info   ][gc,heap       ] GC(516) Eden regions: 0->0(16)
[43.248s][info   ][gc,heap       ] GC(516) Survivor regions: 0->0(2)
[43.248s][info   ][gc,heap       ] GC(516) Old regions: 1->1
[43.248s][info   ][gc,heap       ] GC(516) Archive regions: 0->0
[43.248s][info   ][gc,heap       ] GC(516) Humongous regions: 161->160
[43.248s][info   ][gc,metaspace  ] GC(516) Metaspace: 3424K(4864K)->3424K(4864K) NonClass: 3120K(4352K)->3120K(4352K) Class: 304K(512K)->304K(512K)
[43.248s][info   ][gc            ] GC(516) Pause Young (Concurrent Start) (G1 Humongous Allocation) 161M->160M(256M) 1.361ms
[43.248s][info   ][gc,cpu        ] GC(516) User=0.00s Sys=0.00s Real=0.00s
[43.248s][info   ][gc            ] GC(517) Concurrent Cycle
[43.248s][info   ][gc,marking    ] GC(517) Concurrent Clear Claimed Marks
[43.248s][info   ][gc,marking    ] GC(517) Concurrent Clear Claimed Marks 0.020ms
[43.248s][info   ][gc,marking    ] GC(517) Concurrent Scan Root Regions
[43.248s][info   ][gc,marking    ] GC(517) Concurrent Scan Root Regions 0.016ms
[43.248s][info   ][gc,marking    ] GC(517) Concurrent Mark (43.248s)
[43.248s][info   ][gc,marking    ] GC(517) Concurrent Mark From Roots
[43.248s][info   ][gc,task       ] GC(517) Using 2 workers of 2 for marking
[43.252s][info   ][gc,marking    ] GC(517) Concurrent Mark From Roots 3.675ms
[43.252s][info   ][gc,marking    ] GC(517) Concurrent Preclean
[43.252s][info   ][gc,marking    ] GC(517) Concurrent Preclean 0.035ms
[43.252s][info   ][gc,marking    ] GC(517) Concurrent Mark (43.248s, 43.252s) 3.762ms
[43.252s][info   ][gc,start      ] GC(517) Pause Remark
[43.252s][info   ][gc,stringtable] GC(517) Cleaned string and symbol table, strings: 1384 processed, 0 removed, symbols: 16327 processed, 0 removed
[43.253s][info   ][gc            ] GC(517) Pause Remark 161M->161M(256M) 0.522ms
[43.253s][info   ][gc,cpu        ] GC(517) User=0.00s Sys=0.00s Real=0.00s
[43.253s][info   ][gc,marking    ] GC(517) Concurrent Rebuild Remembered Sets
[43.254s][info   ][gc,marking    ] GC(517) Concurrent Rebuild Remembered Sets 1.024ms
[43.254s][info   ][gc,start      ] GC(517) Pause Cleanup
[43.254s][info   ][gc            ] GC(517) Pause Cleanup 161M->161M(256M) 0.096ms
[43.254s][info   ][gc,cpu        ] GC(517) User=0.00s Sys=0.00s Real=0.00s
[43.254s][info   ][gc,marking    ] GC(517) Concurrent Cleanup for Next Mark
[43.254s][info   ][gc,marking    ] GC(517) Concurrent Cleanup for Next Mark 0.301ms
[43.254s][info   ][gc            ] GC(517) Concurrent Cycle 6.140ms
[43.299s][info   ][gc,start      ] GC(518) Pause Young (Concurrent Start) (G1 Humongous Allocation)
[43.299s][info   ][gc,task       ] GC(518) Using 6 workers of 9 for evacuation
[43.310s][info   ][gc,phases     ] GC(518)   Pre Evacuate Collection Set: 0.2ms
[43.310s][info   ][gc,phases     ] GC(518)   Evacuate Collection Set: 10.4ms
[43.310s][info   ][gc,phases     ] GC(518)   Post Evacuate Collection Set: 0.2ms
[43.310s][info   ][gc,phases     ] GC(518)   Other: 0.5ms
[43.310s][info   ][gc,heap       ] GC(518) Eden regions: 0->0(16)
[43.310s][info   ][gc,heap       ] GC(518) Survivor regions: 0->0(2)
[43.310s][info   ][gc,heap       ] GC(518) Old regions: 1->1
[43.310s][info   ][gc,heap       ] GC(518) Archive regions: 0->0
[43.310s][info   ][gc,heap       ] GC(518) Humongous regions: 161->160
[43.310s][info   ][gc,metaspace  ] GC(518) Metaspace: 3424K(4864K)->3424K(4864K) NonClass: 3120K(4352K)->3120K(4352K) Class: 304K(512K)->304K(512K)
[43.310s][info   ][gc            ] GC(518) Pause Young (Concurrent Start) (G1 Humongous Allocation) 161M->160M(256M) 11.579ms
[43.310s][info   ][gc,cpu        ] GC(518) User=0.00s Sys=0.00s Real=0.02s
[43.311s][info   ][gc            ] GC(519) Concurrent Cycle
[43.311s][info   ][gc,marking    ] GC(519) Concurrent Clear Claimed Marks
[43.311s][info   ][gc,marking    ] GC(519) Concurrent Clear Claimed Marks 0.015ms
[43.311s][info   ][gc,marking    ] GC(519) Concurrent Scan Root Regions
[43.311s][info   ][gc,marking    ] GC(519) Concurrent Scan Root Regions 0.009ms
[43.311s][info   ][gc,marking    ] GC(519) Concurrent Mark (43.311s)
[43.311s][info   ][gc,marking    ] GC(519) Concurrent Mark From Roots
[43.311s][info   ][gc,task       ] GC(519) Using 2 workers of 2 for marking
[43.321s][info   ][gc,marking    ] GC(519) Concurrent Mark From Roots 10.583ms
[43.321s][info   ][gc,marking    ] GC(519) Concurrent Preclean
[43.322s][info   ][gc,marking    ] GC(519) Concurrent Preclean 0.046ms
[43.322s][info   ][gc,marking    ] GC(519) Concurrent Mark (43.311s, 43.322s) 10.915ms
[43.322s][info   ][gc,start      ] GC(519) Pause Remark
[43.332s][info   ][gc,stringtable] GC(519) Cleaned string and symbol table, strings: 1384 processed, 0 removed, symbols: 16327 processed, 0 removed
[43.332s][info   ][gc            ] GC(519) Pause Remark 161M->161M(256M) 10.596ms
[43.332s][info   ][gc,cpu        ] GC(519) User=0.00s Sys=0.00s Real=0.01s
[43.332s][info   ][gc,marking    ] GC(519) Concurrent Rebuild Remembered Sets
[43.333s][info   ][gc,marking    ] GC(519) Concurrent Rebuild Remembered Sets 0.841ms
[43.333s][info   ][gc,start      ] GC(519) Pause Cleanup
[43.333s][info   ][gc            ] GC(519) Pause Cleanup 161M->161M(256M) 0.057ms
[43.333s][info   ][gc,cpu        ] GC(519) User=0.00s Sys=0.00s Real=0.00s
[43.333s][info   ][gc,marking    ] GC(519) Concurrent Cleanup for Next Mark
[43.334s][info   ][gc,marking    ] GC(519) Concurrent Cleanup for Next Mark 0.303ms
[43.334s][info   ][gc            ] GC(519) Concurrent Cycle 23.096ms
[43.364s][info   ][gc,start      ] GC(520) Pause Young (Concurrent Start) (G1 Humongous Allocation)
[43.364s][info   ][gc,task       ] GC(520) Using 6 workers of 9 for evacuation
[43.365s][info   ][gc,phases     ] GC(520)   Pre Evacuate Collection Set: 0.2ms
[43.365s][info   ][gc,phases     ] GC(520)   Evacuate Collection Set: 0.4ms
[43.365s][info   ][gc,phases     ] GC(520)   Post Evacuate Collection Set: 0.1ms
[43.365s][info   ][gc,phases     ] GC(520)   Other: 0.5ms
[43.365s][info   ][gc,heap       ] GC(520) Eden regions: 0->0(16)
[43.365s][info   ][gc,heap       ] GC(520) Survivor regions: 0->0(2)
[43.365s][info   ][gc,heap       ] GC(520) Old regions: 1->1
[43.365s][info   ][gc,heap       ] GC(520) Archive regions: 0->0
[43.365s][info   ][gc,heap       ] GC(520) Humongous regions: 161->160
[43.365s][info   ][gc,metaspace  ] GC(520) Metaspace: 3424K(4864K)->3424K(4864K) NonClass: 3120K(4352K)->3120K(4352K) Class: 304K(512K)->304K(512K)
[43.365s][info   ][gc            ] GC(520) Pause Young (Concurrent Start) (G1 Humongous Allocation) 161M->160M(256M) 1.317ms
[43.366s][info   ][gc,cpu        ] GC(520) User=0.00s Sys=0.00s Real=0.00s
[43.366s][info   ][gc            ] GC(521) Concurrent Cycle
[43.366s][info   ][gc,marking    ] GC(521) Concurrent Clear Claimed Marks
[43.366s][info   ][gc,marking    ] GC(521) Concurrent Clear Claimed Marks 0.020ms
[43.366s][info   ][gc,marking    ] GC(521) Concurrent Scan Root Regions
[43.366s][info   ][gc,marking    ] GC(521) Concurrent Scan Root Regions 0.013ms
[43.366s][info   ][gc,marking    ] GC(521) Concurrent Mark (43.366s)
[43.366s][info   ][gc,marking    ] GC(521) Concurrent Mark From Roots
[43.366s][info   ][gc,task       ] GC(521) Using 2 workers of 2 for marking
[43.368s][info   ][gc,marking    ] GC(521) Concurrent Mark From Roots 2.316ms
[43.368s][info   ][gc,marking    ] GC(521) Concurrent Preclean
[43.368s][info   ][gc,marking    ] GC(521) Concurrent Preclean 0.040ms
[43.368s][info   ][gc,marking    ] GC(521) Concurrent Mark (43.366s, 43.368s) 2.401ms
[43.368s][info   ][gc,start      ] GC(521) Pause Remark
[43.369s][info   ][gc,stringtable] GC(521) Cleaned string and symbol table, strings: 1384 processed, 0 removed, symbols: 16327 processed, 0 removed
[43.370s][info   ][gc            ] GC(521) Pause Remark 161M->161M(256M) 1.370ms
[43.370s][info   ][gc,cpu        ] GC(521) User=0.00s Sys=0.00s Real=0.01s
[43.370s][info   ][gc,marking    ] GC(521) Concurrent Rebuild Remembered Sets
[43.371s][info   ][gc,marking    ] GC(521) Concurrent Rebuild Remembered Sets 0.984ms
[43.371s][info   ][gc,start      ] GC(521) Pause Cleanup
[43.371s][info   ][gc            ] GC(521) Pause Cleanup 161M->161M(256M) 0.088ms
[43.371s][info   ][gc,cpu        ] GC(521) User=0.00s Sys=0.00s Real=0.00s
[43.371s][info   ][gc,marking    ] GC(521) Concurrent Cleanup for Next Mark
[43.371s][info   ][gc,marking    ] GC(521) Concurrent Cleanup for Next Mark 0.317ms
[43.371s][info   ][gc            ] GC(521) Concurrent Cycle 5.532ms
[43.418s][info   ][gc,start      ] GC(522) Pause Young (Concurrent Start) (G1 Humongous Allocation)
[43.418s][info   ][gc,task       ] GC(522) Using 6 workers of 9 for evacuation
[43.419s][info   ][gc,phases     ] GC(522)   Pre Evacuate Collection Set: 0.2ms
[43.419s][info   ][gc,phases     ] GC(522)   Evacuate Collection Set: 0.5ms
[43.419s][info   ][gc,phases     ] GC(522)   Post Evacuate Collection Set: 0.1ms
[43.419s][info   ][gc,phases     ] GC(522)   Other: 0.5ms
[43.420s][info   ][gc,heap       ] GC(522) Eden regions: 0->0(16)
[43.420s][info   ][gc,heap       ] GC(522) Survivor regions: 0->0(2)
[43.420s][info   ][gc,heap       ] GC(522) Old regions: 1->1
[43.420s][info   ][gc,heap       ] GC(522) Archive regions: 0->0
[43.420s][info   ][gc,heap       ] GC(522) Humongous regions: 161->160
[43.420s][info   ][gc,metaspace  ] GC(522) Metaspace: 3424K(4864K)->3424K(4864K) NonClass: 3120K(4352K)->3120K(4352K) Class: 304K(512K)->304K(512K)
[43.420s][info   ][gc            ] GC(522) Pause Young (Concurrent Start) (G1 Humongous Allocation) 161M->160M(256M) 1.449ms
[43.420s][info   ][gc,cpu        ] GC(522) User=0.00s Sys=0.00s Real=0.01s
[43.420s][info   ][gc            ] GC(523) Concurrent Cycle
[43.420s][info   ][gc,marking    ] GC(523) Concurrent Clear Claimed Marks
[43.420s][info   ][gc,marking    ] GC(523) Concurrent Clear Claimed Marks 0.021ms
[43.420s][info   ][gc,marking    ] GC(523) Concurrent Scan Root Regions
[43.420s][info   ][gc,marking    ] GC(523) Concurrent Scan Root Regions 0.019ms
[43.420s][info   ][gc,marking    ] GC(523) Concurrent Mark (43.420s)
[43.420s][info   ][gc,marking    ] GC(523) Concurrent Mark From Roots
[43.420s][info   ][gc,task       ] GC(523) Using 2 workers of 2 for marking
[43.423s][info   ][gc,marking    ] GC(523) Concurrent Mark From Roots 3.285ms
[43.423s][info   ][gc,marking    ] GC(523) Concurrent Preclean
[43.423s][info   ][gc,marking    ] GC(523) Concurrent Preclean 0.034ms
[43.423s][info   ][gc,marking    ] GC(523) Concurrent Mark (43.420s, 43.423s) 3.374ms
[43.423s][info   ][gc,start      ] GC(523) Pause Remark
[43.424s][info   ][gc,stringtable] GC(523) Cleaned string and symbol table, strings: 1384 processed, 0 removed, symbols: 16327 processed, 0 removed
[43.424s][info   ][gc            ] GC(523) Pause Remark 161M->161M(256M) 0.485ms
[43.424s][info   ][gc,cpu        ] GC(523) User=0.01s Sys=0.00s Real=0.00s
[43.424s][info   ][gc,marking    ] GC(523) Concurrent Rebuild Remembered Sets
[43.425s][info   ][gc,marking    ] GC(523) Concurrent Rebuild Remembered Sets 0.947ms
[43.425s][info   ][gc,start      ] GC(523) Pause Cleanup
[43.425s][info   ][gc            ] GC(523) Pause Cleanup 161M->161M(256M) 0.082ms
[43.425s][info   ][gc,cpu        ] GC(523) User=0.00s Sys=0.00s Real=0.00s
[43.425s][info   ][gc,marking    ] GC(523) Concurrent Cleanup for Next Mark
[43.425s][info   ][gc,marking    ] GC(523) Concurrent Cleanup for Next Mark 0.292ms
[43.425s][info   ][gc            ] GC(523) Concurrent Cycle 5.614ms
[43.472s][info   ][gc,start      ] GC(524) Pause Young (Concurrent Start) (G1 Humongous Allocation)
[43.473s][info   ][gc,task       ] GC(524) Using 6 workers of 9 for evacuation
[43.476s][info   ][gc,phases     ] GC(524)   Pre Evacuate Collection Set: 0.2ms
[43.476s][info   ][gc,phases     ] GC(524)   Evacuate Collection Set: 2.1ms
[43.476s][info   ][gc,phases     ] GC(524)   Post Evacuate Collection Set: 0.1ms
[43.476s][info   ][gc,phases     ] GC(524)   Other: 2.4ms
[43.476s][info   ][gc,heap       ] GC(524) Eden regions: 0->0(16)
[43.476s][info   ][gc,heap       ] GC(524) Survivor regions: 0->0(2)
[43.476s][info   ][gc,heap       ] GC(524) Old regions: 1->1
[43.476s][info   ][gc,heap       ] GC(524) Archive regions: 0->0
[43.476s][info   ][gc,heap       ] GC(524) Humongous regions: 161->160
[43.476s][info   ][gc,metaspace  ] GC(524) Metaspace: 3424K(4864K)->3424K(4864K) NonClass: 3120K(4352K)->3120K(4352K) Class: 304K(512K)->304K(512K)
[43.476s][info   ][gc            ] GC(524) Pause Young (Concurrent Start) (G1 Humongous Allocation) 161M->160M(256M) 4.061ms
[43.476s][info   ][gc,cpu        ] GC(524) User=0.00s Sys=0.00s Real=0.00s
[43.476s][info   ][gc            ] GC(525) Concurrent Cycle
[43.476s][info   ][gc,marking    ] GC(525) Concurrent Clear Claimed Marks
[43.476s][info   ][gc,marking    ] GC(525) Concurrent Clear Claimed Marks 0.017ms
[43.476s][info   ][gc,marking    ] GC(525) Concurrent Scan Root Regions
[43.476s][info   ][gc,marking    ] GC(525) Concurrent Scan Root Regions 0.009ms
[43.477s][info   ][gc,marking    ] GC(525) Concurrent Mark (43.477s)
[43.477s][info   ][gc,marking    ] GC(525) Concurrent Mark From Roots
[43.477s][info   ][gc,task       ] GC(525) Using 2 workers of 2 for marking
[43.478s][info   ][gc,marking    ] GC(525) Concurrent Mark From Roots 1.370ms
[43.478s][info   ][gc,marking    ] GC(525) Concurrent Preclean
[43.478s][info   ][gc,marking    ] GC(525) Concurrent Preclean 0.035ms
[43.478s][info   ][gc,marking    ] GC(525) Concurrent Mark (43.477s, 43.478s) 1.458ms
[43.478s][info   ][gc,start      ] GC(525) Pause Remark
[43.478s][info   ][gc,stringtable] GC(525) Cleaned string and symbol table, strings: 1384 processed, 0 removed, symbols: 16327 processed, 0 removed
[43.479s][info   ][gc            ] GC(525) Pause Remark 161M->161M(256M) 0.514ms
[43.479s][info   ][gc,cpu        ] GC(525) User=0.00s Sys=0.00s Real=0.00s
[43.479s][info   ][gc,marking    ] GC(525) Concurrent Rebuild Remembered Sets
[43.480s][info   ][gc,marking    ] GC(525) Concurrent Rebuild Remembered Sets 0.994ms
[43.480s][info   ][gc,start      ] GC(525) Pause Cleanup
[43.480s][info   ][gc            ] GC(525) Pause Cleanup 161M->161M(256M) 0.087ms
[43.480s][info   ][gc,cpu        ] GC(525) User=0.00s Sys=0.00s Real=0.00s
[43.480s][info   ][gc,marking    ] GC(525) Concurrent Cleanup for Next Mark
[43.480s][info   ][gc,marking    ] GC(525) Concurrent Cleanup for Next Mark 0.319ms
[43.480s][info   ][gc            ] GC(525) Concurrent Cycle 3.759ms
[43.530s][info   ][gc,start      ] GC(526) Pause Young (Concurrent Start) (G1 Humongous Allocation)
[43.530s][info   ][gc,task       ] GC(526) Using 6 workers of 9 for evacuation
[43.531s][info   ][gc,phases     ] GC(526)   Pre Evacuate Collection Set: 0.2ms
[43.531s][info   ][gc,phases     ] GC(526)   Evacuate Collection Set: 0.5ms
[43.531s][info   ][gc,phases     ] GC(526)   Post Evacuate Collection Set: 0.1ms
[43.531s][info   ][gc,phases     ] GC(526)   Other: 0.4ms
[43.531s][info   ][gc,heap       ] GC(526) Eden regions: 0->0(16)
[43.531s][info   ][gc,heap       ] GC(526) Survivor regions: 0->0(2)
[43.531s][info   ][gc,heap       ] GC(526) Old regions: 1->1
[43.531s][info   ][gc,heap       ] GC(526) Archive regions: 0->0
[43.531s][info   ][gc,heap       ] GC(526) Humongous regions: 161->160
[43.531s][info   ][gc,metaspace  ] GC(526) Metaspace: 3424K(4864K)->3424K(4864K) NonClass: 3120K(4352K)->3120K(4352K) Class: 304K(512K)->304K(512K)
[43.531s][info   ][gc            ] GC(526) Pause Young (Concurrent Start) (G1 Humongous Allocation) 161M->160M(256M) 1.417ms
[43.531s][info   ][gc,cpu        ] GC(526) User=0.00s Sys=0.00s Real=0.00s
[43.531s][info   ][gc            ] GC(527) Concurrent Cycle
[43.531s][info   ][gc,marking    ] GC(527) Concurrent Clear Claimed Marks
[43.531s][info   ][gc,marking    ] GC(527) Concurrent Clear Claimed Marks 0.025ms
[43.531s][info   ][gc,marking    ] GC(527) Concurrent Scan Root Regions
[43.531s][info   ][gc,marking    ] GC(527) Concurrent Scan Root Regions 0.016ms
[43.531s][info   ][gc,marking    ] GC(527) Concurrent Mark (43.531s)
[43.531s][info   ][gc,marking    ] GC(527) Concurrent Mark From Roots
[43.531s][info   ][gc,task       ] GC(527) Using 2 workers of 2 for marking
[43.534s][info   ][gc,marking    ] GC(527) Concurrent Mark From Roots 2.924ms
[43.534s][info   ][gc,marking    ] GC(527) Concurrent Preclean
[43.534s][info   ][gc,marking    ] GC(527) Concurrent Preclean 0.027ms
[43.534s][info   ][gc,marking    ] GC(527) Concurrent Mark (43.531s, 43.534s) 2.998ms
[43.534s][info   ][gc,start      ] GC(527) Pause Remark
[43.535s][info   ][gc,stringtable] GC(527) Cleaned string and symbol table, strings: 1384 processed, 0 removed, symbols: 16327 processed, 0 removed
[43.535s][info   ][gc            ] GC(527) Pause Remark 163M->163M(256M) 0.443ms
[43.535s][info   ][gc,cpu        ] GC(527) User=0.00s Sys=0.00s Real=0.00s
[43.535s][info   ][gc,marking    ] GC(527) Concurrent Rebuild Remembered Sets
[43.536s][info   ][gc,marking    ] GC(527) Concurrent Rebuild Remembered Sets 0.859ms
[43.536s][info   ][gc,start      ] GC(527) Pause Cleanup
[43.536s][info   ][gc            ] GC(527) Pause Cleanup 163M->163M(256M) 0.065ms
[43.536s][info   ][gc,cpu        ] GC(527) User=0.00s Sys=0.01s Real=0.00s
[43.536s][info   ][gc,marking    ] GC(527) Concurrent Cleanup for Next Mark
[43.536s][info   ][gc,marking    ] GC(527) Concurrent Cleanup for Next Mark 0.271ms
[43.536s][info   ][gc            ] GC(527) Concurrent Cycle 5.016ms
[43.586s][info   ][gc,start      ] GC(528) Pause Young (Concurrent Start) (G1 Humongous Allocation)
[43.586s][info   ][gc,task       ] GC(528) Using 6 workers of 9 for evacuation
[43.587s][info   ][gc,phases     ] GC(528)   Pre Evacuate Collection Set: 0.1ms
[43.587s][info   ][gc,phases     ] GC(528)   Evacuate Collection Set: 0.3ms
[43.587s][info   ][gc,phases     ] GC(528)   Post Evacuate Collection Set: 0.1ms
[43.587s][info   ][gc,phases     ] GC(528)   Other: 0.2ms
[43.587s][info   ][gc,heap       ] GC(528) Eden regions: 0->0(16)
[43.587s][info   ][gc,heap       ] GC(528) Survivor regions: 0->0(2)
[43.587s][info   ][gc,heap       ] GC(528) Old regions: 1->1
[43.587s][info   ][gc,heap       ] GC(528) Archive regions: 0->0
[43.587s][info   ][gc,heap       ] GC(528) Humongous regions: 163->162
[43.587s][info   ][gc,metaspace  ] GC(528) Metaspace: 3424K(4864K)->3424K(4864K) NonClass: 3120K(4352K)->3120K(4352K) Class: 304K(512K)->304K(512K)
[43.587s][info   ][gc            ] GC(528) Pause Young (Concurrent Start) (G1 Humongous Allocation) 163M->162M(256M) 0.793ms
[43.587s][info   ][gc,cpu        ] GC(528) User=0.01s Sys=0.00s Real=0.00s
[43.587s][info   ][gc            ] GC(529) Concurrent Cycle
[43.587s][info   ][gc,marking    ] GC(529) Concurrent Clear Claimed Marks
[43.587s][info   ][gc,marking    ] GC(529) Concurrent Clear Claimed Marks 0.010ms
[43.587s][info   ][gc,marking    ] GC(529) Concurrent Scan Root Regions
[43.587s][info   ][gc,marking    ] GC(529) Concurrent Scan Root Regions 0.007ms
[43.587s][info   ][gc,marking    ] GC(529) Concurrent Mark (43.587s)
[43.587s][info   ][gc,marking    ] GC(529) Concurrent Mark From Roots
[43.587s][info   ][gc,task       ] GC(529) Using 2 workers of 2 for marking
[43.589s][info   ][gc,marking    ] GC(529) Concurrent Mark From Roots 1.340ms
[43.589s][info   ][gc,marking    ] GC(529) Concurrent Preclean
[43.589s][info   ][gc,marking    ] GC(529) Concurrent Preclean 0.030ms
[43.589s][info   ][gc,marking    ] GC(529) Concurrent Mark (43.587s, 43.589s) 1.402ms
[43.589s][info   ][gc,start      ] GC(529) Pause Remark
[43.589s][info   ][gc,stringtable] GC(529) Cleaned string and symbol table, strings: 1384 processed, 0 removed, symbols: 16327 processed, 0 removed
[43.589s][info   ][gc            ] GC(529) Pause Remark 163M->163M(256M) 0.437ms
[43.589s][info   ][gc,cpu        ] GC(529) User=0.00s Sys=0.00s Real=0.01s
[43.589s][info   ][gc,marking    ] GC(529) Concurrent Rebuild Remembered Sets
[43.590s][info   ][gc,marking    ] GC(529) Concurrent Rebuild Remembered Sets 0.807ms
[43.590s][info   ][gc,start      ] GC(529) Pause Cleanup
[43.590s][info   ][gc            ] GC(529) Pause Cleanup 163M->163M(256M) 0.092ms
[43.590s][info   ][gc,cpu        ] GC(529) User=0.00s Sys=0.00s Real=0.00s
[43.590s][info   ][gc,marking    ] GC(529) Concurrent Cleanup for Next Mark
[43.591s][info   ][gc,marking    ] GC(529) Concurrent Cleanup for Next Mark 0.302ms
[43.591s][info   ][gc            ] GC(529) Concurrent Cycle 3.346ms
[43.643s][info   ][gc,start      ] GC(530) Pause Young (Concurrent Start) (G1 Humongous Allocation)
[43.643s][info   ][gc,task       ] GC(530) Using 6 workers of 9 for evacuation
[43.644s][info   ][gc,phases     ] GC(530)   Pre Evacuate Collection Set: 0.2ms
[43.644s][info   ][gc,phases     ] GC(530)   Evacuate Collection Set: 0.5ms
[43.644s][info   ][gc,phases     ] GC(530)   Post Evacuate Collection Set: 0.1ms
[43.644s][info   ][gc,phases     ] GC(530)   Other: 0.5ms
[43.644s][info   ][gc,heap       ] GC(530) Eden regions: 0->0(16)
[43.644s][info   ][gc,heap       ] GC(530) Survivor regions: 0->0(2)
[43.644s][info   ][gc,heap       ] GC(530) Old regions: 1->1
[43.644s][info   ][gc,heap       ] GC(530) Archive regions: 0->0
[43.644s][info   ][gc,heap       ] GC(530) Humongous regions: 163->162
[43.644s][info   ][gc,metaspace  ] GC(530) Metaspace: 3424K(4864K)->3424K(4864K) NonClass: 3120K(4352K)->3120K(4352K) Class: 304K(512K)->304K(512K)
[43.644s][info   ][gc            ] GC(530) Pause Young (Concurrent Start) (G1 Humongous Allocation) 163M->162M(256M) 1.543ms
[43.644s][info   ][gc,cpu        ] GC(530) User=0.00s Sys=0.00s Real=0.00s
[43.644s][info   ][gc            ] GC(531) Concurrent Cycle
[43.644s][info   ][gc,marking    ] GC(531) Concurrent Clear Claimed Marks
[43.644s][info   ][gc,marking    ] GC(531) Concurrent Clear Claimed Marks 0.020ms
[43.644s][info   ][gc,marking    ] GC(531) Concurrent Scan Root Regions
[43.644s][info   ][gc,marking    ] GC(531) Concurrent Scan Root Regions 0.020ms
[43.644s][info   ][gc,marking    ] GC(531) Concurrent Mark (43.644s)
[43.645s][info   ][gc,marking    ] GC(531) Concurrent Mark From Roots
[43.645s][info   ][gc,task       ] GC(531) Using 2 workers of 2 for marking
[43.647s][info   ][gc,marking    ] GC(531) Concurrent Mark From Roots 2.468ms
[43.647s][info   ][gc,marking    ] GC(531) Concurrent Preclean
[43.647s][info   ][gc,marking    ] GC(531) Concurrent Preclean 0.033ms
[43.647s][info   ][gc,marking    ] GC(531) Concurrent Mark (43.644s, 43.647s) 2.555ms
[43.647s][info   ][gc,start      ] GC(531) Pause Remark
[43.647s][info   ][gc,stringtable] GC(531) Cleaned string and symbol table, strings: 1384 processed, 0 removed, symbols: 16327 processed, 0 removed
[43.648s][info   ][gc            ] GC(531) Pause Remark 163M->163M(256M) 0.468ms
[43.648s][info   ][gc,cpu        ] GC(531) User=0.00s Sys=0.00s Real=0.00s
[43.648s][info   ][gc,marking    ] GC(531) Concurrent Rebuild Remembered Sets
[43.649s][info   ][gc,marking    ] GC(531) Concurrent Rebuild Remembered Sets 1.048ms
[43.649s][info   ][gc,start      ] GC(531) Pause Cleanup
[43.649s][info   ][gc            ] GC(531) Pause Cleanup 163M->163M(256M) 0.096ms
[43.649s][info   ][gc,cpu        ] GC(531) User=0.00s Sys=0.00s Real=0.00s
[43.649s][info   ][gc,marking    ] GC(531) Concurrent Cleanup for Next Mark
[43.649s][info   ][gc,marking    ] GC(531) Concurrent Cleanup for Next Mark 0.359ms
[43.649s][info   ][gc            ] GC(531) Concurrent Cycle 4.971ms
[43.700s][info   ][gc,start      ] GC(532) Pause Young (Concurrent Start) (G1 Humongous Allocation)
[43.700s][info   ][gc,task       ] GC(532) Using 6 workers of 9 for evacuation
[43.703s][info   ][gc,phases     ] GC(532)   Pre Evacuate Collection Set: 1.2ms
[43.703s][info   ][gc,phases     ] GC(532)   Evacuate Collection Set: 1.4ms
[43.703s][info   ][gc,phases     ] GC(532)   Post Evacuate Collection Set: 0.2ms
[43.703s][info   ][gc,phases     ] GC(532)   Other: 0.6ms
[43.703s][info   ][gc,heap       ] GC(532) Eden regions: 0->0(16)
[43.703s][info   ][gc,heap       ] GC(532) Survivor regions: 0->0(2)
[43.703s][info   ][gc,heap       ] GC(532) Old regions: 1->1
[43.703s][info   ][gc,heap       ] GC(532) Archive regions: 0->0
[43.703s][info   ][gc,heap       ] GC(532) Humongous regions: 163->162
[43.703s][info   ][gc,metaspace  ] GC(532) Metaspace: 3424K(4864K)->3424K(4864K) NonClass: 3120K(4352K)->3120K(4352K) Class: 304K(512K)->304K(512K)
[43.703s][info   ][gc            ] GC(532) Pause Young (Concurrent Start) (G1 Humongous Allocation) 163M->162M(256M) 3.483ms
[43.703s][info   ][gc,cpu        ] GC(532) User=0.00s Sys=0.00s Real=0.00s
[43.703s][info   ][gc            ] GC(533) Concurrent Cycle
[43.703s][info   ][gc,marking    ] GC(533) Concurrent Clear Claimed Marks
[43.703s][info   ][gc,marking    ] GC(533) Concurrent Clear Claimed Marks 0.014ms
[43.704s][info   ][gc,marking    ] GC(533) Concurrent Scan Root Regions
[43.704s][info   ][gc,marking    ] GC(533) Concurrent Scan Root Regions 0.009ms
[43.704s][info   ][gc,marking    ] GC(533) Concurrent Mark (43.704s)
[43.704s][info   ][gc,marking    ] GC(533) Concurrent Mark From Roots
[43.704s][info   ][gc,task       ] GC(533) Using 2 workers of 2 for marking
[43.706s][info   ][gc,marking    ] GC(533) Concurrent Mark From Roots 2.115ms
[43.706s][info   ][gc,marking    ] GC(533) Concurrent Preclean
[43.706s][info   ][gc,marking    ] GC(533) Concurrent Preclean 0.038ms
[43.706s][info   ][gc,marking    ] GC(533) Concurrent Mark (43.704s, 43.706s) 2.196ms
[43.706s][info   ][gc,start      ] GC(533) Pause Remark
[43.706s][info   ][gc,stringtable] GC(533) Cleaned string and symbol table, strings: 1384 processed, 0 removed, symbols: 16327 processed, 0 removed
[43.706s][info   ][gc            ] GC(533) Pause Remark 163M->163M(256M) 0.510ms
[43.706s][info   ][gc,cpu        ] GC(533) User=0.00s Sys=0.00s Real=0.00s
[43.706s][info   ][gc,marking    ] GC(533) Concurrent Rebuild Remembered Sets
[43.707s][info   ][gc,marking    ] GC(533) Concurrent Rebuild Remembered Sets 0.994ms
[43.707s][info   ][gc,start      ] GC(533) Pause Cleanup
[43.708s][info   ][gc            ] GC(533) Pause Cleanup 163M->163M(256M) 0.083ms
[43.708s][info   ][gc,cpu        ] GC(533) User=0.00s Sys=0.00s Real=0.00s
[43.708s][info   ][gc,marking    ] GC(533) Concurrent Cleanup for Next Mark
[43.708s][info   ][gc,marking    ] GC(533) Concurrent Cleanup for Next Mark 0.350ms
[43.708s][info   ][gc            ] GC(533) Concurrent Cycle 4.527ms
[43.755s][info   ][gc,start      ] GC(534) Pause Young (Concurrent Start) (G1 Humongous Allocation)
[43.756s][info   ][gc,task       ] GC(534) Using 6 workers of 9 for evacuation
[43.757s][info   ][gc,phases     ] GC(534)   Pre Evacuate Collection Set: 0.1ms
[43.757s][info   ][gc,phases     ] GC(534)   Evacuate Collection Set: 0.5ms
[43.757s][info   ][gc,phases     ] GC(534)   Post Evacuate Collection Set: 0.1ms
[43.757s][info   ][gc,phases     ] GC(534)   Other: 0.4ms
[43.757s][info   ][gc,heap       ] GC(534) Eden regions: 0->0(16)
[43.757s][info   ][gc,heap       ] GC(534) Survivor regions: 0->0(2)
[43.757s][info   ][gc,heap       ] GC(534) Old regions: 1->1
[43.757s][info   ][gc,heap       ] GC(534) Archive regions: 0->0
[43.757s][info   ][gc,heap       ] GC(534) Humongous regions: 163->162
[43.757s][info   ][gc,metaspace  ] GC(534) Metaspace: 3424K(4864K)->3424K(4864K) NonClass: 3120K(4352K)->3120K(4352K) Class: 304K(512K)->304K(512K)
[43.757s][info   ][gc            ] GC(534) Pause Young (Concurrent Start) (G1 Humongous Allocation) 163M->162M(256M) 1.356ms
[43.757s][info   ][gc,cpu        ] GC(534) User=0.00s Sys=0.00s Real=0.00s
[43.757s][info   ][gc            ] GC(535) Concurrent Cycle
[43.757s][info   ][gc,marking    ] GC(535) Concurrent Clear Claimed Marks
[43.757s][info   ][gc,marking    ] GC(535) Concurrent Clear Claimed Marks 0.028ms
[43.757s][info   ][gc,marking    ] GC(535) Concurrent Scan Root Regions
[43.757s][info   ][gc,marking    ] GC(535) Concurrent Scan Root Regions 0.017ms
[43.757s][info   ][gc,marking    ] GC(535) Concurrent Mark (43.757s)
[43.757s][info   ][gc,marking    ] GC(535) Concurrent Mark From Roots
[43.757s][info   ][gc,task       ] GC(535) Using 2 workers of 2 for marking
[43.760s][info   ][gc,marking    ] GC(535) Concurrent Mark From Roots 2.584ms
[43.760s][info   ][gc,marking    ] GC(535) Concurrent Preclean
[43.760s][info   ][gc,marking    ] GC(535) Concurrent Preclean 0.081ms
[43.760s][info   ][gc,marking    ] GC(535) Concurrent Mark (43.757s, 43.760s) 2.761ms
[43.760s][info   ][gc,start      ] GC(535) Pause Remark
[43.760s][info   ][gc,stringtable] GC(535) Cleaned string and symbol table, strings: 1384 processed, 0 removed, symbols: 16327 processed, 0 removed
[43.760s][info   ][gc            ] GC(535) Pause Remark 163M->163M(256M) 0.448ms
[43.760s][info   ][gc,cpu        ] GC(535) User=0.00s Sys=0.00s Real=0.00s
[43.760s][info   ][gc,marking    ] GC(535) Concurrent Rebuild Remembered Sets
[43.761s][info   ][gc,marking    ] GC(535) Concurrent Rebuild Remembered Sets 0.854ms
[43.761s][info   ][gc,start      ] GC(535) Pause Cleanup
[43.761s][info   ][gc            ] GC(535) Pause Cleanup 163M->163M(256M) 0.090ms
[43.761s][info   ][gc,cpu        ] GC(535) User=0.00s Sys=0.00s Real=0.00s
[43.762s][info   ][gc,marking    ] GC(535) Concurrent Cleanup for Next Mark
[43.762s][info   ][gc,marking    ] GC(535) Concurrent Cleanup for Next Mark 0.233ms
[43.762s][info   ][gc            ] GC(535) Concurrent Cycle 4.834ms
[43.811s][info   ][gc,start      ] GC(536) Pause Young (Concurrent Start) (G1 Humongous Allocation)
[43.811s][info   ][gc,task       ] GC(536) Using 6 workers of 9 for evacuation
[43.812s][info   ][gc,phases     ] GC(536)   Pre Evacuate Collection Set: 0.1ms
[43.812s][info   ][gc,phases     ] GC(536)   Evacuate Collection Set: 0.3ms
[43.812s][info   ][gc,phases     ] GC(536)   Post Evacuate Collection Set: 0.1ms
[43.812s][info   ][gc,phases     ] GC(536)   Other: 0.4ms
[43.812s][info   ][gc,heap       ] GC(536) Eden regions: 0->0(16)
[43.812s][info   ][gc,heap       ] GC(536) Survivor regions: 0->0(2)
[43.812s][info   ][gc,heap       ] GC(536) Old regions: 1->1
[43.812s][info   ][gc,heap       ] GC(536) Archive regions: 0->0
[43.812s][info   ][gc,heap       ] GC(536) Humongous regions: 163->162
[43.812s][info   ][gc,metaspace  ] GC(536) Metaspace: 3424K(4864K)->3424K(4864K) NonClass: 3120K(4352K)->3120K(4352K) Class: 304K(512K)->304K(512K)
[43.812s][info   ][gc            ] GC(536) Pause Young (Concurrent Start) (G1 Humongous Allocation) 163M->162M(256M) 1.060ms
[43.812s][info   ][gc,cpu        ] GC(536) User=0.00s Sys=0.00s Real=0.00s
[43.812s][info   ][gc            ] GC(537) Concurrent Cycle
[43.812s][info   ][gc,marking    ] GC(537) Concurrent Clear Claimed Marks
[43.812s][info   ][gc,marking    ] GC(537) Concurrent Clear Claimed Marks 0.014ms
[43.812s][info   ][gc,marking    ] GC(537) Concurrent Scan Root Regions
[43.812s][info   ][gc,marking    ] GC(537) Concurrent Scan Root Regions 0.008ms
[43.812s][info   ][gc,marking    ] GC(537) Concurrent Mark (43.812s)
[43.812s][info   ][gc,marking    ] GC(537) Concurrent Mark From Roots
[43.812s][info   ][gc,task       ] GC(537) Using 2 workers of 2 for marking
[43.814s][info   ][gc,marking    ] GC(537) Concurrent Mark From Roots 1.768ms
[43.814s][info   ][gc,marking    ] GC(537) Concurrent Preclean
[43.814s][info   ][gc,marking    ] GC(537) Concurrent Preclean 0.040ms
[43.814s][info   ][gc,marking    ] GC(537) Concurrent Mark (43.812s, 43.814s) 1.867ms
[43.814s][info   ][gc,start      ] GC(537) Pause Remark
[43.815s][info   ][gc,stringtable] GC(537) Cleaned string and symbol table, strings: 1384 processed, 0 removed, symbols: 16327 processed, 0 removed
[43.815s][info   ][gc            ] GC(537) Pause Remark 163M->163M(256M) 1.069ms
[43.815s][info   ][gc,cpu        ] GC(537) User=0.00s Sys=0.00s Real=0.00s
[43.815s][info   ][gc,marking    ] GC(537) Concurrent Rebuild Remembered Sets
[43.816s][info   ][gc,marking    ] GC(537) Concurrent Rebuild Remembered Sets 0.696ms
[43.816s][info   ][gc,start      ] GC(537) Pause Cleanup
[43.816s][info   ][gc            ] GC(537) Pause Cleanup 163M->163M(256M) 0.066ms
[43.816s][info   ][gc,cpu        ] GC(537) User=0.00s Sys=0.00s Real=0.00s
[43.816s][info   ][gc,marking    ] GC(537) Concurrent Cleanup for Next Mark
[43.817s][info   ][gc,marking    ] GC(537) Concurrent Cleanup for Next Mark 0.820ms
[43.817s][info   ][gc            ] GC(537) Concurrent Cycle 4.819ms
[43.868s][info   ][gc,start      ] GC(538) Pause Young (Concurrent Start) (G1 Humongous Allocation)
[43.868s][info   ][gc,task       ] GC(538) Using 6 workers of 9 for evacuation
[43.868s][info   ][gc,phases     ] GC(538)   Pre Evacuate Collection Set: 0.2ms
[43.869s][info   ][gc,phases     ] GC(538)   Evacuate Collection Set: 0.3ms
[43.869s][info   ][gc,phases     ] GC(538)   Post Evacuate Collection Set: 0.1ms
[43.869s][info   ][gc,phases     ] GC(538)   Other: 0.5ms
[43.869s][info   ][gc,heap       ] GC(538) Eden regions: 0->0(16)
[43.869s][info   ][gc,heap       ] GC(538) Survivor regions: 0->0(2)
[43.869s][info   ][gc,heap       ] GC(538) Old regions: 1->1
[43.869s][info   ][gc,heap       ] GC(538) Archive regions: 0->0
[43.869s][info   ][gc,heap       ] GC(538) Humongous regions: 163->162
[43.869s][info   ][gc,metaspace  ] GC(538) Metaspace: 3424K(4864K)->3424K(4864K) NonClass: 3120K(4352K)->3120K(4352K) Class: 304K(512K)->304K(512K)
[43.869s][info   ][gc            ] GC(538) Pause Young (Concurrent Start) (G1 Humongous Allocation) 163M->162M(256M) 1.114ms
[43.869s][info   ][gc,cpu        ] GC(538) User=0.00s Sys=0.00s Real=0.00s
[43.869s][info   ][gc            ] GC(539) Concurrent Cycle
[43.869s][info   ][gc,marking    ] GC(539) Concurrent Clear Claimed Marks
[43.869s][info   ][gc,marking    ] GC(539) Concurrent Clear Claimed Marks 0.012ms
[43.869s][info   ][gc,marking    ] GC(539) Concurrent Scan Root Regions
[43.869s][info   ][gc,marking    ] GC(539) Concurrent Scan Root Regions 0.011ms
[43.869s][info   ][gc,marking    ] GC(539) Concurrent Mark (43.869s)
[43.869s][info   ][gc,marking    ] GC(539) Concurrent Mark From Roots
[43.869s][info   ][gc,task       ] GC(539) Using 2 workers of 2 for marking
[43.871s][info   ][gc,marking    ] GC(539) Concurrent Mark From Roots 1.926ms
[43.871s][info   ][gc,marking    ] GC(539) Concurrent Preclean
[43.871s][info   ][gc,marking    ] GC(539) Concurrent Preclean 0.044ms
[43.871s][info   ][gc,marking    ] GC(539) Concurrent Mark (43.869s, 43.871s) 2.043ms
[43.871s][info   ][gc,start      ] GC(539) Pause Remark
[43.872s][info   ][gc,stringtable] GC(539) Cleaned string and symbol table, strings: 1384 processed, 0 removed, symbols: 16327 processed, 0 removed
[43.872s][info   ][gc            ] GC(539) Pause Remark 163M->163M(256M) 1.292ms
[43.872s][info   ][gc,cpu        ] GC(539) User=0.00s Sys=0.00s Real=0.00s
[43.872s][info   ][gc,marking    ] GC(539) Concurrent Rebuild Remembered Sets
[43.873s][info   ][gc,marking    ] GC(539) Concurrent Rebuild Remembered Sets 1.025ms
[43.873s][info   ][gc,start      ] GC(539) Pause Cleanup
[43.874s][info   ][gc            ] GC(539) Pause Cleanup 163M->163M(256M) 0.071ms
[43.874s][info   ][gc,cpu        ] GC(539) User=0.00s Sys=0.00s Real=0.00s
[43.874s][info   ][gc,marking    ] GC(539) Concurrent Cleanup for Next Mark
[43.874s][info   ][gc,marking    ] GC(539) Concurrent Cleanup for Next Mark 0.248ms
[43.874s][info   ][gc            ] GC(539) Concurrent Cycle 5.111ms
[43.922s][info   ][gc,start      ] GC(540) Pause Young (Concurrent Start) (G1 Humongous Allocation)
[43.922s][info   ][gc,task       ] GC(540) Using 6 workers of 9 for evacuation
[43.923s][info   ][gc,phases     ] GC(540)   Pre Evacuate Collection Set: 0.2ms
[43.923s][info   ][gc,phases     ] GC(540)   Evacuate Collection Set: 0.5ms
[43.923s][info   ][gc,phases     ] GC(540)   Post Evacuate Collection Set: 0.1ms
[43.923s][info   ][gc,phases     ] GC(540)   Other: 0.5ms
[43.923s][info   ][gc,heap       ] GC(540) Eden regions: 0->0(16)
[43.923s][info   ][gc,heap       ] GC(540) Survivor regions: 0->0(2)
[43.923s][info   ][gc,heap       ] GC(540) Old regions: 1->1
[43.923s][info   ][gc,heap       ] GC(540) Archive regions: 0->0
[43.923s][info   ][gc,heap       ] GC(540) Humongous regions: 163->162
[43.923s][info   ][gc,metaspace  ] GC(540) Metaspace: 3424K(4864K)->3424K(4864K) NonClass: 3120K(4352K)->3120K(4352K) Class: 304K(512K)->304K(512K)
[43.924s][info   ][gc            ] GC(540) Pause Young (Concurrent Start) (G1 Humongous Allocation) 163M->162M(256M) 1.444ms
[43.924s][info   ][gc,cpu        ] GC(540) User=0.00s Sys=0.01s Real=0.00s
[43.924s][info   ][gc            ] GC(541) Concurrent Cycle
[43.924s][info   ][gc,marking    ] GC(541) Concurrent Clear Claimed Marks
[43.924s][info   ][gc,marking    ] GC(541) Concurrent Clear Claimed Marks 0.029ms
[43.924s][info   ][gc,marking    ] GC(541) Concurrent Scan Root Regions
[43.924s][info   ][gc,marking    ] GC(541) Concurrent Scan Root Regions 0.018ms
[43.924s][info   ][gc,marking    ] GC(541) Concurrent Mark (43.924s)
[43.924s][info   ][gc,marking    ] GC(541) Concurrent Mark From Roots
[43.924s][info   ][gc,task       ] GC(541) Using 2 workers of 2 for marking
[43.926s][info   ][gc,marking    ] GC(541) Concurrent Mark From Roots 1.861ms
[43.926s][info   ][gc,marking    ] GC(541) Concurrent Preclean
[43.926s][info   ][gc,marking    ] GC(541) Concurrent Preclean 0.100ms
[43.926s][info   ][gc,marking    ] GC(541) Concurrent Mark (43.924s, 43.926s) 2.027ms
[43.926s][info   ][gc,start      ] GC(541) Pause Remark
[43.926s][info   ][gc,stringtable] GC(541) Cleaned string and symbol table, strings: 1384 processed, 0 removed, symbols: 16327 processed, 0 removed
[43.926s][info   ][gc            ] GC(541) Pause Remark 163M->163M(256M) 0.523ms
[43.926s][info   ][gc,cpu        ] GC(541) User=0.00s Sys=0.00s Real=0.00s
[43.926s][info   ][gc,marking    ] GC(541) Concurrent Rebuild Remembered Sets
[43.927s][info   ][gc,marking    ] GC(541) Concurrent Rebuild Remembered Sets 1.024ms
[43.928s][info   ][gc,start      ] GC(541) Pause Cleanup
[43.928s][info   ][gc            ] GC(541) Pause Cleanup 163M->163M(256M) 0.084ms
[43.928s][info   ][gc,cpu        ] GC(541) User=0.00s Sys=0.00s Real=0.00s
[43.928s][info   ][gc,marking    ] GC(541) Concurrent Cleanup for Next Mark
[43.928s][info   ][gc,marking    ] GC(541) Concurrent Cleanup for Next Mark 0.349ms
[43.928s][info   ][gc            ] GC(541) Concurrent Cycle 4.449ms
[43.979s][info   ][gc,start      ] GC(542) Pause Young (Concurrent Start) (G1 Humongous Allocation)
[43.979s][info   ][gc,task       ] GC(542) Using 6 workers of 9 for evacuation
[43.980s][info   ][gc,phases     ] GC(542)   Pre Evacuate Collection Set: 0.1ms
[43.980s][info   ][gc,phases     ] GC(542)   Evacuate Collection Set: 0.3ms
[43.980s][info   ][gc,phases     ] GC(542)   Post Evacuate Collection Set: 0.1ms
[43.980s][info   ][gc,phases     ] GC(542)   Other: 0.5ms
[43.980s][info   ][gc,heap       ] GC(542) Eden regions: 0->0(16)
[43.980s][info   ][gc,heap       ] GC(542) Survivor regions: 0->0(2)
[43.980s][info   ][gc,heap       ] GC(542) Old regions: 1->1
[43.980s][info   ][gc,heap       ] GC(542) Archive regions: 0->0
[43.980s][info   ][gc,heap       ] GC(542) Humongous regions: 163->162
[43.980s][info   ][gc,metaspace  ] GC(542) Metaspace: 3424K(4864K)->3424K(4864K) NonClass: 3120K(4352K)->3120K(4352K) Class: 304K(512K)->304K(512K)
[43.980s][info   ][gc            ] GC(542) Pause Young (Concurrent Start) (G1 Humongous Allocation) 163M->162M(256M) 1.169ms
[43.980s][info   ][gc,cpu        ] GC(542) User=0.01s Sys=0.00s Real=0.01s
[43.980s][info   ][gc            ] GC(543) Concurrent Cycle
[43.980s][info   ][gc,marking    ] GC(543) Concurrent Clear Claimed Marks
[43.980s][info   ][gc,marking    ] GC(543) Concurrent Clear Claimed Marks 0.019ms
[43.980s][info   ][gc,marking    ] GC(543) Concurrent Scan Root Regions
[43.980s][info   ][gc,marking    ] GC(543) Concurrent Scan Root Regions 0.012ms
[43.980s][info   ][gc,marking    ] GC(543) Concurrent Mark (43.980s)
[43.980s][info   ][gc,marking    ] GC(543) Concurrent Mark From Roots
[43.980s][info   ][gc,task       ] GC(543) Using 2 workers of 2 for marking
[43.982s][info   ][gc,marking    ] GC(543) Concurrent Mark From Roots 1.984ms
[43.982s][info   ][gc,marking    ] GC(543) Concurrent Preclean
[43.982s][info   ][gc,marking    ] GC(543) Concurrent Preclean 0.040ms
[43.982s][info   ][gc,marking    ] GC(543) Concurrent Mark (43.980s, 43.982s) 2.068ms
[43.982s][info   ][gc,start      ] GC(543) Pause Remark
[43.983s][info   ][gc,stringtable] GC(543) Cleaned string and symbol table, strings: 1384 processed, 0 removed, symbols: 16327 processed, 0 removed
[43.983s][info   ][gc            ] GC(543) Pause Remark 163M->163M(256M) 0.722ms
[43.983s][info   ][gc,cpu        ] GC(543) User=0.00s Sys=0.00s Real=0.00s
[43.983s][info   ][gc,marking    ] GC(543) Concurrent Rebuild Remembered Sets
[43.984s][info   ][gc,marking    ] GC(543) Concurrent Rebuild Remembered Sets 1.038ms
[43.984s][info   ][gc,start      ] GC(543) Pause Cleanup
[43.984s][info   ][gc            ] GC(543) Pause Cleanup 163M->163M(256M) 0.073ms
[43.984s][info   ][gc,cpu        ] GC(543) User=0.00s Sys=0.00s Real=0.00s
[43.985s][info   ][gc,marking    ] GC(543) Concurrent Cleanup for Next Mark
[43.985s][info   ][gc,marking    ] GC(543) Concurrent Cleanup for Next Mark 0.333ms
[43.985s][info   ][gc            ] GC(543) Concurrent Cycle 4.609ms
[44.034s][info   ][gc,start      ] GC(544) Pause Young (Concurrent Start) (G1 Humongous Allocation)
[44.034s][info   ][gc,task       ] GC(544) Using 6 workers of 9 for evacuation
[44.035s][info   ][gc,phases     ] GC(544)   Pre Evacuate Collection Set: 0.1ms
[44.036s][info   ][gc,phases     ] GC(544)   Evacuate Collection Set: 0.7ms
[44.036s][info   ][gc,phases     ] GC(544)   Post Evacuate Collection Set: 0.1ms
[44.036s][info   ][gc,phases     ] GC(544)   Other: 0.4ms
[44.036s][info   ][gc,heap       ] GC(544) Eden regions: 0->0(16)
[44.036s][info   ][gc,heap       ] GC(544) Survivor regions: 0->0(2)
[44.036s][info   ][gc,heap       ] GC(544) Old regions: 1->1
[44.036s][info   ][gc,heap       ] GC(544) Archive regions: 0->0
[44.036s][info   ][gc,heap       ] GC(544) Humongous regions: 163->162
[44.036s][info   ][gc,metaspace  ] GC(544) Metaspace: 3424K(4864K)->3424K(4864K) NonClass: 3120K(4352K)->3120K(4352K) Class: 304K(512K)->304K(512K)
[44.036s][info   ][gc            ] GC(544) Pause Young (Concurrent Start) (G1 Humongous Allocation) 163M->162M(256M) 1.704ms
[44.036s][info   ][gc,cpu        ] GC(544) User=0.00s Sys=0.00s Real=0.00s
[44.036s][info   ][gc            ] GC(545) Concurrent Cycle
[44.036s][info   ][gc,marking    ] GC(545) Concurrent Clear Claimed Marks
[44.036s][info   ][gc,marking    ] GC(545) Concurrent Clear Claimed Marks 0.017ms
[44.036s][info   ][gc,marking    ] GC(545) Concurrent Scan Root Regions
[44.036s][info   ][gc,marking    ] GC(545) Concurrent Scan Root Regions 0.012ms
[44.036s][info   ][gc,marking    ] GC(545) Concurrent Mark (44.036s)
[44.036s][info   ][gc,marking    ] GC(545) Concurrent Mark From Roots
[44.036s][info   ][gc,task       ] GC(545) Using 2 workers of 2 for marking
[44.038s][info   ][gc,marking    ] GC(545) Concurrent Mark From Roots 2.145ms
[44.038s][info   ][gc,marking    ] GC(545) Concurrent Preclean
[44.038s][info   ][gc,marking    ] GC(545) Concurrent Preclean 0.045ms
[44.038s][info   ][gc,marking    ] GC(545) Concurrent Mark (44.036s, 44.038s) 2.255ms
[44.038s][info   ][gc,start      ] GC(545) Pause Remark
[44.039s][info   ][gc,stringtable] GC(545) Cleaned string and symbol table, strings: 1384 processed, 0 removed, symbols: 16327 processed, 0 removed
[44.039s][info   ][gc            ] GC(545) Pause Remark 163M->163M(256M) 1.137ms
[44.039s][info   ][gc,cpu        ] GC(545) User=0.00s Sys=0.00s Real=0.01s
[44.039s][info   ][gc,marking    ] GC(545) Concurrent Rebuild Remembered Sets
[44.040s][info   ][gc,marking    ] GC(545) Concurrent Rebuild Remembered Sets 1.004ms
[44.041s][info   ][gc,start      ] GC(545) Pause Cleanup
[44.041s][info   ][gc            ] GC(545) Pause Cleanup 163M->163M(256M) 0.075ms
[44.041s][info   ][gc,cpu        ] GC(545) User=0.00s Sys=0.00s Real=0.00s
[44.041s][info   ][gc,marking    ] GC(545) Concurrent Cleanup for Next Mark
[44.041s][info   ][gc,marking    ] GC(545) Concurrent Cleanup for Next Mark 0.292ms
[44.041s][info   ][gc            ] GC(545) Concurrent Cycle 5.174ms
[44.088s][info   ][gc,start      ] GC(546) Pause Young (Concurrent Start) (G1 Humongous Allocation)
[44.088s][info   ][gc,task       ] GC(546) Using 6 workers of 9 for evacuation
[44.089s][info   ][gc,phases     ] GC(546)   Pre Evacuate Collection Set: 0.0ms
[44.089s][info   ][gc,phases     ] GC(546)   Evacuate Collection Set: 0.1ms
[44.089s][info   ][gc,phases     ] GC(546)   Post Evacuate Collection Set: 0.1ms
[44.089s][info   ][gc,phases     ] GC(546)   Other: 0.1ms
[44.089s][info   ][gc,heap       ] GC(546) Eden regions: 0->0(16)
[44.089s][info   ][gc,heap       ] GC(546) Survivor regions: 0->0(2)
[44.089s][info   ][gc,heap       ] GC(546) Old regions: 1->1
[44.089s][info   ][gc,heap       ] GC(546) Archive regions: 0->0
[44.089s][info   ][gc,heap       ] GC(546) Humongous regions: 163->162
[44.089s][info   ][gc,metaspace  ] GC(546) Metaspace: 3424K(4864K)->3424K(4864K) NonClass: 3120K(4352K)->3120K(4352K) Class: 304K(512K)->304K(512K)
[44.089s][info   ][gc            ] GC(546) Pause Young (Concurrent Start) (G1 Humongous Allocation) 163M->162M(256M) 0.489ms
[44.089s][info   ][gc,cpu        ] GC(546) User=0.00s Sys=0.00s Real=0.00s
[44.089s][info   ][gc            ] GC(547) Concurrent Cycle
[44.089s][info   ][gc,marking    ] GC(547) Concurrent Clear Claimed Marks
[44.089s][info   ][gc,marking    ] GC(547) Concurrent Clear Claimed Marks 0.005ms
[44.089s][info   ][gc,marking    ] GC(547) Concurrent Scan Root Regions
[44.089s][info   ][gc,marking    ] GC(547) Concurrent Scan Root Regions 0.004ms
[44.089s][info   ][gc,marking    ] GC(547) Concurrent Mark (44.089s)
[44.089s][info   ][gc,marking    ] GC(547) Concurrent Mark From Roots
[44.089s][info   ][gc,task       ] GC(547) Using 2 workers of 2 for marking
[44.090s][info   ][gc,marking    ] GC(547) Concurrent Mark From Roots 0.811ms
[44.090s][info   ][gc,marking    ] GC(547) Concurrent Preclean
[44.090s][info   ][gc,marking    ] GC(547) Concurrent Preclean 0.085ms
[44.090s][info   ][gc,marking    ] GC(547) Concurrent Mark (44.089s, 44.090s) 1.081ms
[44.090s][info   ][gc,start      ] GC(547) Pause Remark
[44.091s][info   ][gc,stringtable] GC(547) Cleaned string and symbol table, strings: 1384 processed, 0 removed, symbols: 16327 processed, 0 removed
[44.091s][info   ][gc            ] GC(547) Pause Remark 165M->165M(256M) 1.300ms
[44.091s][info   ][gc,cpu        ] GC(547) User=0.01s Sys=0.00s Real=0.00s
[44.091s][info   ][gc,marking    ] GC(547) Concurrent Rebuild Remembered Sets
[44.092s][info   ][gc,marking    ] GC(547) Concurrent Rebuild Remembered Sets 0.447ms
[44.092s][info   ][gc,start      ] GC(547) Pause Cleanup
[44.092s][info   ][gc            ] GC(547) Pause Cleanup 165M->165M(256M) 0.060ms
[44.092s][info   ][gc,cpu        ] GC(547) User=0.00s Sys=0.00s Real=0.00s
[44.092s][info   ][gc,marking    ] GC(547) Concurrent Cleanup for Next Mark
[44.092s][info   ][gc,marking    ] GC(547) Concurrent Cleanup for Next Mark 0.288ms
[44.092s][info   ][gc            ] GC(547) Concurrent Cycle 3.535ms
[44.144s][info   ][gc,start      ] GC(548) Pause Young (Concurrent Start) (G1 Humongous Allocation)
[44.145s][info   ][gc,task       ] GC(548) Using 6 workers of 9 for evacuation
[44.145s][info   ][gc,phases     ] GC(548)   Pre Evacuate Collection Set: 0.1ms
[44.145s][info   ][gc,phases     ] GC(548)   Evacuate Collection Set: 0.2ms
[44.145s][info   ][gc,phases     ] GC(548)   Post Evacuate Collection Set: 0.1ms
[44.145s][info   ][gc,phases     ] GC(548)   Other: 0.4ms
[44.145s][info   ][gc,heap       ] GC(548) Eden regions: 0->0(16)
[44.145s][info   ][gc,heap       ] GC(548) Survivor regions: 0->0(2)
[44.145s][info   ][gc,heap       ] GC(548) Old regions: 1->1
[44.145s][info   ][gc,heap       ] GC(548) Archive regions: 0->0
[44.145s][info   ][gc,heap       ] GC(548) Humongous regions: 165->164
[44.145s][info   ][gc,metaspace  ] GC(548) Metaspace: 3424K(4864K)->3424K(4864K) NonClass: 3120K(4352K)->3120K(4352K) Class: 304K(512K)->304K(512K)
[44.145s][info   ][gc            ] GC(548) Pause Young (Concurrent Start) (G1 Humongous Allocation) 165M->164M(256M) 0.960ms
[44.145s][info   ][gc,cpu        ] GC(548) User=0.00s Sys=0.00s Real=0.00s
[44.145s][info   ][gc            ] GC(549) Concurrent Cycle
[44.145s][info   ][gc,marking    ] GC(549) Concurrent Clear Claimed Marks
[44.145s][info   ][gc,marking    ] GC(549) Concurrent Clear Claimed Marks 0.010ms
[44.145s][info   ][gc,marking    ] GC(549) Concurrent Scan Root Regions
[44.145s][info   ][gc,marking    ] GC(549) Concurrent Scan Root Regions 0.007ms
[44.145s][info   ][gc,marking    ] GC(549) Concurrent Mark (44.145s)
[44.145s][info   ][gc,marking    ] GC(549) Concurrent Mark From Roots
[44.145s][info   ][gc,task       ] GC(549) Using 2 workers of 2 for marking
[44.147s][info   ][gc,marking    ] GC(549) Concurrent Mark From Roots 1.709ms
[44.147s][info   ][gc,marking    ] GC(549) Concurrent Preclean
[44.147s][info   ][gc,marking    ] GC(549) Concurrent Preclean 0.031ms
[44.147s][info   ][gc,marking    ] GC(549) Concurrent Mark (44.145s, 44.147s) 1.825ms
[44.147s][info   ][gc,start      ] GC(549) Pause Remark
[44.148s][info   ][gc,stringtable] GC(549) Cleaned string and symbol table, strings: 1384 processed, 0 removed, symbols: 16327 processed, 0 removed
[44.148s][info   ][gc            ] GC(549) Pause Remark 165M->165M(256M) 1.026ms
[44.148s][info   ][gc,cpu        ] GC(549) User=0.00s Sys=0.00s Real=0.00s
[44.148s][info   ][gc,marking    ] GC(549) Concurrent Rebuild Remembered Sets
[44.149s][info   ][gc,marking    ] GC(549) Concurrent Rebuild Remembered Sets 0.985ms
[44.150s][info   ][gc,start      ] GC(549) Pause Cleanup
[44.150s][info   ][gc            ] GC(549) Pause Cleanup 165M->165M(256M) 0.081ms
[44.150s][info   ][gc,cpu        ] GC(549) User=0.00s Sys=0.00s Real=0.00s
[44.150s][info   ][gc,marking    ] GC(549) Concurrent Cleanup for Next Mark
[44.150s][info   ][gc,marking    ] GC(549) Concurrent Cleanup for Next Mark 0.335ms
[44.150s][info   ][gc            ] GC(549) Concurrent Cycle 4.609ms
[44.205s][info   ][gc,start      ] GC(550) Pause Young (Concurrent Start) (G1 Humongous Allocation)
[44.206s][info   ][gc,task       ] GC(550) Using 6 workers of 9 for evacuation
[44.206s][info   ][gc,phases     ] GC(550)   Pre Evacuate Collection Set: 0.2ms
[44.207s][info   ][gc,phases     ] GC(550)   Evacuate Collection Set: 0.4ms
[44.207s][info   ][gc,phases     ] GC(550)   Post Evacuate Collection Set: 0.1ms
[44.207s][info   ][gc,phases     ] GC(550)   Other: 0.4ms
[44.207s][info   ][gc,heap       ] GC(550) Eden regions: 0->0(16)
[44.207s][info   ][gc,heap       ] GC(550) Survivor regions: 0->0(2)
[44.207s][info   ][gc,heap       ] GC(550) Old regions: 1->1
[44.207s][info   ][gc,heap       ] GC(550) Archive regions: 0->0
[44.207s][info   ][gc,heap       ] GC(550) Humongous regions: 165->164
[44.207s][info   ][gc,metaspace  ] GC(550) Metaspace: 3424K(4864K)->3424K(4864K) NonClass: 3120K(4352K)->3120K(4352K) Class: 304K(512K)->304K(512K)
[44.207s][info   ][gc            ] GC(550) Pause Young (Concurrent Start) (G1 Humongous Allocation) 165M->164M(256M) 1.210ms
[44.207s][info   ][gc,cpu        ] GC(550) User=0.00s Sys=0.00s Real=0.00s
[44.207s][info   ][gc            ] GC(551) Concurrent Cycle
[44.207s][info   ][gc,marking    ] GC(551) Concurrent Clear Claimed Marks
[44.207s][info   ][gc,marking    ] GC(551) Concurrent Clear Claimed Marks 0.014ms
[44.207s][info   ][gc,marking    ] GC(551) Concurrent Scan Root Regions
[44.207s][info   ][gc,marking    ] GC(551) Concurrent Scan Root Regions 0.010ms
[44.207s][info   ][gc,marking    ] GC(551) Concurrent Mark (44.207s)
[44.207s][info   ][gc,marking    ] GC(551) Concurrent Mark From Roots
[44.207s][info   ][gc,task       ] GC(551) Using 2 workers of 2 for marking
[44.208s][info   ][gc,marking    ] GC(551) Concurrent Mark From Roots 1.470ms
[44.208s][info   ][gc,marking    ] GC(551) Concurrent Preclean
[44.208s][info   ][gc,marking    ] GC(551) Concurrent Preclean 0.044ms
[44.208s][info   ][gc,marking    ] GC(551) Concurrent Mark (44.207s, 44.208s) 1.567ms
[44.208s][info   ][gc,start      ] GC(551) Pause Remark
[44.209s][info   ][gc,stringtable] GC(551) Cleaned string and symbol table, strings: 1384 processed, 0 removed, symbols: 16327 processed, 0 removed
[44.209s][info   ][gc            ] GC(551) Pause Remark 165M->165M(256M) 0.558ms
[44.209s][info   ][gc,cpu        ] GC(551) User=0.00s Sys=0.00s Real=0.00s
[44.209s][info   ][gc,marking    ] GC(551) Concurrent Rebuild Remembered Sets
[44.210s][info   ][gc,marking    ] GC(551) Concurrent Rebuild Remembered Sets 0.996ms
[44.210s][info   ][gc,start      ] GC(551) Pause Cleanup
[44.210s][info   ][gc            ] GC(551) Pause Cleanup 165M->165M(256M) 0.069ms
[44.210s][info   ][gc,cpu        ] GC(551) User=0.00s Sys=0.00s Real=0.00s
[44.210s][info   ][gc,marking    ] GC(551) Concurrent Cleanup for Next Mark
[44.211s][info   ][gc,marking    ] GC(551) Concurrent Cleanup for Next Mark 0.318ms
[44.211s][info   ][gc            ] GC(551) Concurrent Cycle 3.896ms
[44.259s][info   ][gc,start      ] GC(552) Pause Young (Concurrent Start) (G1 Humongous Allocation)
[44.259s][info   ][gc,task       ] GC(552) Using 6 workers of 9 for evacuation
[44.260s][info   ][gc,phases     ] GC(552)   Pre Evacuate Collection Set: 0.1ms
[44.260s][info   ][gc,phases     ] GC(552)   Evacuate Collection Set: 0.5ms
[44.260s][info   ][gc,phases     ] GC(552)   Post Evacuate Collection Set: 0.1ms
[44.260s][info   ][gc,phases     ] GC(552)   Other: 0.5ms
[44.260s][info   ][gc,heap       ] GC(552) Eden regions: 0->0(16)
[44.260s][info   ][gc,heap       ] GC(552) Survivor regions: 0->0(2)
[44.260s][info   ][gc,heap       ] GC(552) Old regions: 1->1
[44.260s][info   ][gc,heap       ] GC(552) Archive regions: 0->0
[44.260s][info   ][gc,heap       ] GC(552) Humongous regions: 165->164
[44.260s][info   ][gc,metaspace  ] GC(552) Metaspace: 3424K(4864K)->3424K(4864K) NonClass: 3120K(4352K)->3120K(4352K) Class: 304K(512K)->304K(512K)
[44.260s][info   ][gc            ] GC(552) Pause Young (Concurrent Start) (G1 Humongous Allocation) 165M->164M(256M) 1.523ms
[44.260s][info   ][gc,cpu        ] GC(552) User=0.00s Sys=0.01s Real=0.01s
[44.260s][info   ][gc            ] GC(553) Concurrent Cycle
[44.260s][info   ][gc,marking    ] GC(553) Concurrent Clear Claimed Marks
[44.261s][info   ][gc,marking    ] GC(553) Concurrent Clear Claimed Marks 0.023ms
[44.261s][info   ][gc,marking    ] GC(553) Concurrent Scan Root Regions
[44.261s][info   ][gc,marking    ] GC(553) Concurrent Scan Root Regions 0.017ms
[44.261s][info   ][gc,marking    ] GC(553) Concurrent Mark (44.261s)
[44.261s][info   ][gc,marking    ] GC(553) Concurrent Mark From Roots
[44.261s][info   ][gc,task       ] GC(553) Using 2 workers of 2 for marking
[44.263s][info   ][gc,marking    ] GC(553) Concurrent Mark From Roots 2.104ms
[44.263s][info   ][gc,marking    ] GC(553) Concurrent Preclean
[44.263s][info   ][gc,marking    ] GC(553) Concurrent Preclean 0.023ms
[44.263s][info   ][gc,marking    ] GC(553) Concurrent Mark (44.261s, 44.263s) 2.179ms
[44.263s][info   ][gc,start      ] GC(553) Pause Remark
[44.263s][info   ][gc,stringtable] GC(553) Cleaned string and symbol table, strings: 1384 processed, 0 removed, symbols: 16327 processed, 0 removed
[44.263s][info   ][gc            ] GC(553) Pause Remark 165M->165M(256M) 0.451ms
[44.263s][info   ][gc,cpu        ] GC(553) User=0.00s Sys=0.00s Real=0.00s
[44.263s][info   ][gc,marking    ] GC(553) Concurrent Rebuild Remembered Sets
[44.264s][info   ][gc,marking    ] GC(553) Concurrent Rebuild Remembered Sets 0.629ms
[44.264s][info   ][gc,start      ] GC(553) Pause Cleanup
[44.264s][info   ][gc            ] GC(553) Pause Cleanup 165M->165M(256M) 0.079ms
[44.264s][info   ][gc,cpu        ] GC(553) User=0.00s Sys=0.00s Real=0.00s
[44.264s][info   ][gc,marking    ] GC(553) Concurrent Cleanup for Next Mark
[44.264s][info   ][gc,marking    ] GC(553) Concurrent Cleanup for Next Mark 0.237ms
[44.264s][info   ][gc            ] GC(553) Concurrent Cycle 3.968ms
[44.315s][info   ][gc,start      ] GC(554) Pause Young (Concurrent Start) (G1 Humongous Allocation)
[44.315s][info   ][gc,task       ] GC(554) Using 6 workers of 9 for evacuation
[44.317s][info   ][gc,phases     ] GC(554)   Pre Evacuate Collection Set: 0.2ms
[44.317s][info   ][gc,phases     ] GC(554)   Evacuate Collection Set: 0.6ms
[44.317s][info   ][gc,phases     ] GC(554)   Post Evacuate Collection Set: 0.1ms
[44.317s][info   ][gc,phases     ] GC(554)   Other: 0.5ms
[44.317s][info   ][gc,heap       ] GC(554) Eden regions: 0->0(16)
[44.317s][info   ][gc,heap       ] GC(554) Survivor regions: 0->0(2)
[44.317s][info   ][gc,heap       ] GC(554) Old regions: 1->1
[44.317s][info   ][gc,heap       ] GC(554) Archive regions: 0->0
[44.317s][info   ][gc,heap       ] GC(554) Humongous regions: 165->164
[44.317s][info   ][gc,metaspace  ] GC(554) Metaspace: 3424K(4864K)->3424K(4864K) NonClass: 3120K(4352K)->3120K(4352K) Class: 304K(512K)->304K(512K)
[44.317s][info   ][gc            ] GC(554) Pause Young (Concurrent Start) (G1 Humongous Allocation) 165M->164M(256M) 1.653ms
[44.317s][info   ][gc,cpu        ] GC(554) User=0.00s Sys=0.00s Real=0.00s
[44.317s][info   ][gc            ] GC(555) Concurrent Cycle
[44.317s][info   ][gc,marking    ] GC(555) Concurrent Clear Claimed Marks
[44.317s][info   ][gc,marking    ] GC(555) Concurrent Clear Claimed Marks 0.021ms
[44.317s][info   ][gc,marking    ] GC(555) Concurrent Scan Root Regions
[44.317s][info   ][gc,marking    ] GC(555) Concurrent Scan Root Regions 0.015ms
[44.317s][info   ][gc,marking    ] GC(555) Concurrent Mark (44.317s)
[44.317s][info   ][gc,marking    ] GC(555) Concurrent Mark From Roots
[44.317s][info   ][gc,task       ] GC(555) Using 2 workers of 2 for marking
[44.320s][info   ][gc,marking    ] GC(555) Concurrent Mark From Roots 2.393ms
[44.320s][info   ][gc,marking    ] GC(555) Concurrent Preclean
[44.320s][info   ][gc,marking    ] GC(555) Concurrent Preclean 0.042ms
[44.320s][info   ][gc,marking    ] GC(555) Concurrent Mark (44.317s, 44.320s) 2.498ms
[44.320s][info   ][gc,start      ] GC(555) Pause Remark
[44.321s][info   ][gc,stringtable] GC(555) Cleaned string and symbol table, strings: 1384 processed, 0 removed, symbols: 16327 processed, 0 removed
[44.321s][info   ][gc            ] GC(555) Pause Remark 165M->165M(256M) 1.156ms
[44.321s][info   ][gc,cpu        ] GC(555) User=0.00s Sys=0.00s Real=0.00s
[44.321s][info   ][gc,marking    ] GC(555) Concurrent Rebuild Remembered Sets
[44.322s][info   ][gc,marking    ] GC(555) Concurrent Rebuild Remembered Sets 1.028ms
[44.322s][info   ][gc,start      ] GC(555) Pause Cleanup
[44.322s][info   ][gc            ] GC(555) Pause Cleanup 165M->165M(256M) 0.096ms
[44.322s][info   ][gc,cpu        ] GC(555) User=0.00s Sys=0.00s Real=0.00s
[44.322s][info   ][gc,marking    ] GC(555) Concurrent Cleanup for Next Mark
[44.323s][info   ][gc,marking    ] GC(555) Concurrent Cleanup for Next Mark 0.368ms
[44.323s][info   ][gc            ] GC(555) Concurrent Cycle 5.578ms
[44.373s][info   ][gc,start      ] GC(556) Pause Young (Concurrent Start) (G1 Humongous Allocation)
[44.373s][info   ][gc,task       ] GC(556) Using 6 workers of 9 for evacuation
[44.375s][info   ][gc,phases     ] GC(556)   Pre Evacuate Collection Set: 0.1ms
[44.375s][info   ][gc,phases     ] GC(556)   Evacuate Collection Set: 0.7ms
[44.375s][info   ][gc,phases     ] GC(556)   Post Evacuate Collection Set: 0.1ms
[44.375s][info   ][gc,phases     ] GC(556)   Other: 0.5ms
[44.375s][info   ][gc,heap       ] GC(556) Eden regions: 0->0(16)
[44.375s][info   ][gc,heap       ] GC(556) Survivor regions: 0->0(2)
[44.375s][info   ][gc,heap       ] GC(556) Old regions: 1->1
[44.375s][info   ][gc,heap       ] GC(556) Archive regions: 0->0
[44.375s][info   ][gc,heap       ] GC(556) Humongous regions: 165->164
[44.375s][info   ][gc,metaspace  ] GC(556) Metaspace: 3424K(4864K)->3424K(4864K) NonClass: 3120K(4352K)->3120K(4352K) Class: 304K(512K)->304K(512K)
[44.375s][info   ][gc            ] GC(556) Pause Young (Concurrent Start) (G1 Humongous Allocation) 165M->164M(256M) 1.660ms
[44.375s][info   ][gc,cpu        ] GC(556) User=0.00s Sys=0.00s Real=0.00s
[44.375s][info   ][gc            ] GC(557) Concurrent Cycle
[44.375s][info   ][gc,marking    ] GC(557) Concurrent Clear Claimed Marks
[44.375s][info   ][gc,marking    ] GC(557) Concurrent Clear Claimed Marks 0.010ms
[44.375s][info   ][gc,marking    ] GC(557) Concurrent Scan Root Regions
[44.375s][info   ][gc,marking    ] GC(557) Concurrent Scan Root Regions 0.007ms
[44.375s][info   ][gc,marking    ] GC(557) Concurrent Mark (44.375s)
[44.375s][info   ][gc,marking    ] GC(557) Concurrent Mark From Roots
[44.375s][info   ][gc,task       ] GC(557) Using 2 workers of 2 for marking
[44.378s][info   ][gc,marking    ] GC(557) Concurrent Mark From Roots 3.069ms
[44.378s][info   ][gc,marking    ] GC(557) Concurrent Preclean
[44.378s][info   ][gc,marking    ] GC(557) Concurrent Preclean 0.036ms
[44.378s][info   ][gc,marking    ] GC(557) Concurrent Mark (44.375s, 44.378s) 3.141ms
[44.378s][info   ][gc,start      ] GC(557) Pause Remark
[44.379s][info   ][gc,stringtable] GC(557) Cleaned string and symbol table, strings: 1384 processed, 0 removed, symbols: 16327 processed, 0 removed
[44.379s][info   ][gc            ] GC(557) Pause Remark 165M->165M(256M) 0.493ms
[44.379s][info   ][gc,cpu        ] GC(557) User=0.00s Sys=0.00s Real=0.00s
[44.379s][info   ][gc,marking    ] GC(557) Concurrent Rebuild Remembered Sets
[44.380s][info   ][gc,marking    ] GC(557) Concurrent Rebuild Remembered Sets 1.076ms
[44.380s][info   ][gc,start      ] GC(557) Pause Cleanup
[44.380s][info   ][gc            ] GC(557) Pause Cleanup 165M->165M(256M) 0.078ms
[44.380s][info   ][gc,cpu        ] GC(557) User=0.00s Sys=0.00s Real=0.00s
[44.380s][info   ][gc,marking    ] GC(557) Concurrent Cleanup for Next Mark
[44.381s][info   ][gc,marking    ] GC(557) Concurrent Cleanup for Next Mark 0.256ms
[44.381s][info   ][gc            ] GC(557) Concurrent Cycle 5.454ms
[44.428s][info   ][gc,start      ] GC(558) Pause Young (Concurrent Start) (G1 Humongous Allocation)
[44.428s][info   ][gc,task       ] GC(558) Using 6 workers of 9 for evacuation
[44.429s][info   ][gc,phases     ] GC(558)   Pre Evacuate Collection Set: 0.1ms
[44.429s][info   ][gc,phases     ] GC(558)   Evacuate Collection Set: 0.3ms
[44.429s][info   ][gc,phases     ] GC(558)   Post Evacuate Collection Set: 0.1ms
[44.429s][info   ][gc,phases     ] GC(558)   Other: 0.3ms
[44.429s][info   ][gc,heap       ] GC(558) Eden regions: 0->0(16)
[44.429s][info   ][gc,heap       ] GC(558) Survivor regions: 0->0(2)
[44.429s][info   ][gc,heap       ] GC(558) Old regions: 1->1
[44.429s][info   ][gc,heap       ] GC(558) Archive regions: 0->0
[44.429s][info   ][gc,heap       ] GC(558) Humongous regions: 165->164
[44.429s][info   ][gc,metaspace  ] GC(558) Metaspace: 3424K(4864K)->3424K(4864K) NonClass: 3120K(4352K)->3120K(4352K) Class: 304K(512K)->304K(512K)
[44.429s][info   ][gc            ] GC(558) Pause Young (Concurrent Start) (G1 Humongous Allocation) 165M->164M(256M) 0.922ms
[44.429s][info   ][gc,cpu        ] GC(558) User=0.00s Sys=0.00s Real=0.00s
[44.429s][info   ][gc            ] GC(559) Concurrent Cycle
[44.429s][info   ][gc,marking    ] GC(559) Concurrent Clear Claimed Marks
[44.429s][info   ][gc,marking    ] GC(559) Concurrent Clear Claimed Marks 0.013ms
[44.429s][info   ][gc,marking    ] GC(559) Concurrent Scan Root Regions
[44.429s][info   ][gc,marking    ] GC(559) Concurrent Scan Root Regions 0.008ms
[44.429s][info   ][gc,marking    ] GC(559) Concurrent Mark (44.429s)
[44.429s][info   ][gc,marking    ] GC(559) Concurrent Mark From Roots
[44.429s][info   ][gc,task       ] GC(559) Using 2 workers of 2 for marking
[44.431s][info   ][gc,marking    ] GC(559) Concurrent Mark From Roots 1.638ms
[44.431s][info   ][gc,marking    ] GC(559) Concurrent Preclean
[44.431s][info   ][gc,marking    ] GC(559) Concurrent Preclean 0.036ms
[44.431s][info   ][gc,marking    ] GC(559) Concurrent Mark (44.429s, 44.431s) 1.732ms
[44.431s][info   ][gc,start      ] GC(559) Pause Remark
[44.431s][info   ][gc,stringtable] GC(559) Cleaned string and symbol table, strings: 1384 processed, 0 removed, symbols: 16327 processed, 0 removed
[44.431s][info   ][gc            ] GC(559) Pause Remark 165M->165M(256M) 0.503ms
[44.431s][info   ][gc,cpu        ] GC(559) User=0.00s Sys=0.00s Real=0.00s
[44.431s][info   ][gc,marking    ] GC(559) Concurrent Rebuild Remembered Sets
[44.432s][info   ][gc,marking    ] GC(559) Concurrent Rebuild Remembered Sets 0.965ms
[44.432s][info   ][gc,start      ] GC(559) Pause Cleanup
[44.433s][info   ][gc            ] GC(559) Pause Cleanup 165M->165M(256M) 0.085ms
[44.433s][info   ][gc,cpu        ] GC(559) User=0.00s Sys=0.00s Real=0.00s
[44.433s][info   ][gc,marking    ] GC(559) Concurrent Cleanup for Next Mark
[44.433s][info   ][gc,marking    ] GC(559) Concurrent Cleanup for Next Mark 0.254ms
[44.433s][info   ][gc            ] GC(559) Concurrent Cycle 3.913ms
[44.487s][info   ][gc,start      ] GC(560) Pause Young (Concurrent Start) (G1 Humongous Allocation)
[44.487s][info   ][gc,task       ] GC(560) Using 6 workers of 9 for evacuation
[44.488s][info   ][gc,phases     ] GC(560)   Pre Evacuate Collection Set: 0.1ms
[44.488s][info   ][gc,phases     ] GC(560)   Evacuate Collection Set: 0.2ms
[44.488s][info   ][gc,phases     ] GC(560)   Post Evacuate Collection Set: 0.1ms
[44.488s][info   ][gc,phases     ] GC(560)   Other: 0.1ms
[44.488s][info   ][gc,heap       ] GC(560) Eden regions: 0->0(16)
[44.488s][info   ][gc,heap       ] GC(560) Survivor regions: 0->0(2)
[44.488s][info   ][gc,heap       ] GC(560) Old regions: 1->1
[44.488s][info   ][gc,heap       ] GC(560) Archive regions: 0->0
[44.488s][info   ][gc,heap       ] GC(560) Humongous regions: 165->164
[44.488s][info   ][gc,metaspace  ] GC(560) Metaspace: 3424K(4864K)->3424K(4864K) NonClass: 3120K(4352K)->3120K(4352K) Class: 304K(512K)->304K(512K)
[44.488s][info   ][gc            ] GC(560) Pause Young (Concurrent Start) (G1 Humongous Allocation) 165M->164M(256M) 0.745ms
[44.488s][info   ][gc,cpu        ] GC(560) User=0.00s Sys=0.00s Real=0.00s
[44.488s][info   ][gc            ] GC(561) Concurrent Cycle
[44.488s][info   ][gc,marking    ] GC(561) Concurrent Clear Claimed Marks
[44.488s][info   ][gc,marking    ] GC(561) Concurrent Clear Claimed Marks 0.008ms
[44.488s][info   ][gc,marking    ] GC(561) Concurrent Scan Root Regions
[44.488s][info   ][gc,marking    ] GC(561) Concurrent Scan Root Regions 0.006ms
[44.488s][info   ][gc,marking    ] GC(561) Concurrent Mark (44.488s)
[44.488s][info   ][gc,marking    ] GC(561) Concurrent Mark From Roots
[44.488s][info   ][gc,task       ] GC(561) Using 2 workers of 2 for marking
[44.489s][info   ][gc,marking    ] GC(561) Concurrent Mark From Roots 0.928ms
[44.489s][info   ][gc,marking    ] GC(561) Concurrent Preclean
[44.489s][info   ][gc,marking    ] GC(561) Concurrent Preclean 0.019ms
[44.489s][info   ][gc,marking    ] GC(561) Concurrent Mark (44.488s, 44.489s) 0.974ms
[44.489s][info   ][gc,start      ] GC(561) Pause Remark
[44.489s][info   ][gc,stringtable] GC(561) Cleaned string and symbol table, strings: 1384 processed, 0 removed, symbols: 16327 processed, 0 removed
[44.490s][info   ][gc            ] GC(561) Pause Remark 165M->165M(256M) 0.391ms
[44.490s][info   ][gc,cpu        ] GC(561) User=0.00s Sys=0.00s Real=0.00s
[44.490s][info   ][gc,marking    ] GC(561) Concurrent Rebuild Remembered Sets
[44.490s][info   ][gc,marking    ] GC(561) Concurrent Rebuild Remembered Sets 0.440ms
[44.490s][info   ][gc,start      ] GC(561) Pause Cleanup
[44.490s][info   ][gc            ] GC(561) Pause Cleanup 165M->165M(256M) 0.132ms
[44.490s][info   ][gc,cpu        ] GC(561) User=0.00s Sys=0.00s Real=0.00s
[44.490s][info   ][gc,marking    ] GC(561) Concurrent Cleanup for Next Mark
[44.491s][info   ][gc,marking    ] GC(561) Concurrent Cleanup for Next Mark 0.271ms
[44.491s][info   ][gc            ] GC(561) Concurrent Cycle 2.435ms
[44.543s][info   ][gc,start      ] GC(562) Pause Young (Concurrent Start) (G1 Humongous Allocation)
[44.543s][info   ][gc,task       ] GC(562) Using 6 workers of 9 for evacuation
[44.544s][info   ][gc,phases     ] GC(562)   Pre Evacuate Collection Set: 0.1ms
[44.544s][info   ][gc,phases     ] GC(562)   Evacuate Collection Set: 0.5ms
[44.544s][info   ][gc,phases     ] GC(562)   Post Evacuate Collection Set: 0.1ms
[44.544s][info   ][gc,phases     ] GC(562)   Other: 0.3ms
[44.544s][info   ][gc,heap       ] GC(562) Eden regions: 0->0(16)
[44.544s][info   ][gc,heap       ] GC(562) Survivor regions: 0->0(2)
[44.544s][info   ][gc,heap       ] GC(562) Old regions: 1->1
[44.544s][info   ][gc,heap       ] GC(562) Archive regions: 0->0
[44.544s][info   ][gc,heap       ] GC(562) Humongous regions: 165->164
[44.544s][info   ][gc,metaspace  ] GC(562) Metaspace: 3424K(4864K)->3424K(4864K) NonClass: 3120K(4352K)->3120K(4352K) Class: 304K(512K)->304K(512K)
[44.544s][info   ][gc            ] GC(562) Pause Young (Concurrent Start) (G1 Humongous Allocation) 165M->164M(256M) 1.093ms
[44.544s][info   ][gc,cpu        ] GC(562) User=0.00s Sys=0.00s Real=0.00s
[44.544s][info   ][gc            ] GC(563) Concurrent Cycle
[44.545s][info   ][gc,marking    ] GC(563) Concurrent Clear Claimed Marks
[44.545s][info   ][gc,marking    ] GC(563) Concurrent Clear Claimed Marks 0.015ms
[44.545s][info   ][gc,marking    ] GC(563) Concurrent Scan Root Regions
[44.545s][info   ][gc,marking    ] GC(563) Concurrent Scan Root Regions 0.011ms
[44.545s][info   ][gc,marking    ] GC(563) Concurrent Mark (44.545s)
[44.545s][info   ][gc,marking    ] GC(563) Concurrent Mark From Roots
[44.545s][info   ][gc,task       ] GC(563) Using 2 workers of 2 for marking
[44.546s][info   ][gc,marking    ] GC(563) Concurrent Mark From Roots 1.671ms
[44.546s][info   ][gc,marking    ] GC(563) Concurrent Preclean
[44.546s][info   ][gc,marking    ] GC(563) Concurrent Preclean 0.040ms
[44.546s][info   ][gc,marking    ] GC(563) Concurrent Mark (44.545s, 44.546s) 1.795ms
[44.546s][info   ][gc,start      ] GC(563) Pause Remark
[44.547s][info   ][gc,stringtable] GC(563) Cleaned string and symbol table, strings: 1384 processed, 0 removed, symbols: 16327 processed, 0 removed
[44.547s][info   ][gc            ] GC(563) Pause Remark 165M->165M(256M) 0.664ms
[44.547s][info   ][gc,cpu        ] GC(563) User=0.00s Sys=0.00s Real=0.00s
[44.547s][info   ][gc,marking    ] GC(563) Concurrent Rebuild Remembered Sets
[44.548s][info   ][gc,marking    ] GC(563) Concurrent Rebuild Remembered Sets 1.090ms
[44.548s][info   ][gc,start      ] GC(563) Pause Cleanup
[44.548s][info   ][gc            ] GC(563) Pause Cleanup 165M->165M(256M) 0.076ms
[44.548s][info   ][gc,cpu        ] GC(563) User=0.00s Sys=0.00s Real=0.00s
[44.548s][info   ][gc,marking    ] GC(563) Concurrent Cleanup for Next Mark
[44.549s][info   ][gc,marking    ] GC(563) Concurrent Cleanup for Next Mark 0.355ms
[44.549s][info   ][gc            ] GC(563) Concurrent Cycle 4.392ms
[44.599s][info   ][gc,start      ] GC(564) Pause Young (Concurrent Start) (G1 Humongous Allocation)
[44.599s][info   ][gc,task       ] GC(564) Using 6 workers of 9 for evacuation
[44.599s][info   ][gc,phases     ] GC(564)   Pre Evacuate Collection Set: 0.1ms
[44.599s][info   ][gc,phases     ] GC(564)   Evacuate Collection Set: 0.2ms
[44.599s][info   ][gc,phases     ] GC(564)   Post Evacuate Collection Set: 0.1ms
[44.599s][info   ][gc,phases     ] GC(564)   Other: 0.1ms
[44.599s][info   ][gc,heap       ] GC(564) Eden regions: 0->0(16)
[44.599s][info   ][gc,heap       ] GC(564) Survivor regions: 0->0(2)
[44.599s][info   ][gc,heap       ] GC(564) Old regions: 1->1
[44.599s][info   ][gc,heap       ] GC(564) Archive regions: 0->0
[44.599s][info   ][gc,heap       ] GC(564) Humongous regions: 165->164
[44.599s][info   ][gc,metaspace  ] GC(564) Metaspace: 3424K(4864K)->3424K(4864K) NonClass: 3120K(4352K)->3120K(4352K) Class: 304K(512K)->304K(512K)
[44.599s][info   ][gc            ] GC(564) Pause Young (Concurrent Start) (G1 Humongous Allocation) 165M->164M(256M) 0.671ms
[44.599s][info   ][gc,cpu        ] GC(564) User=0.00s Sys=0.00s Real=0.01s
[44.599s][info   ][gc            ] GC(565) Concurrent Cycle
[44.599s][info   ][gc,marking    ] GC(565) Concurrent Clear Claimed Marks
[44.599s][info   ][gc,marking    ] GC(565) Concurrent Clear Claimed Marks 0.019ms
[44.599s][info   ][gc,marking    ] GC(565) Concurrent Scan Root Regions
[44.599s][info   ][gc,marking    ] GC(565) Concurrent Scan Root Regions 0.009ms
[44.599s][info   ][gc,marking    ] GC(565) Concurrent Mark (44.599s)
[44.600s][info   ][gc,marking    ] GC(565) Concurrent Mark From Roots
[44.600s][info   ][gc,task       ] GC(565) Using 2 workers of 2 for marking
[44.601s][info   ][gc,marking    ] GC(565) Concurrent Mark From Roots 1.351ms
[44.601s][info   ][gc,marking    ] GC(565) Concurrent Preclean
[44.601s][info   ][gc,marking    ] GC(565) Concurrent Preclean 0.035ms
[44.601s][info   ][gc,marking    ] GC(565) Concurrent Mark (44.599s, 44.601s) 1.428ms
[44.601s][info   ][gc,start      ] GC(565) Pause Remark
[44.601s][info   ][gc,stringtable] GC(565) Cleaned string and symbol table, strings: 1384 processed, 0 removed, symbols: 16327 processed, 0 removed
[44.601s][info   ][gc            ] GC(565) Pause Remark 165M->165M(256M) 0.415ms
[44.601s][info   ][gc,cpu        ] GC(565) User=0.00s Sys=0.00s Real=0.00s
[44.601s][info   ][gc,marking    ] GC(565) Concurrent Rebuild Remembered Sets
[44.602s][info   ][gc,marking    ] GC(565) Concurrent Rebuild Remembered Sets 0.837ms
[44.602s][info   ][gc,start      ] GC(565) Pause Cleanup
[44.602s][info   ][gc            ] GC(565) Pause Cleanup 165M->165M(256M) 0.072ms
[44.602s][info   ][gc,cpu        ] GC(565) User=0.00s Sys=0.01s Real=0.00s
[44.602s][info   ][gc,marking    ] GC(565) Concurrent Cleanup for Next Mark
[44.603s][info   ][gc,marking    ] GC(565) Concurrent Cleanup for Next Mark 0.222ms
[44.603s][info   ][gc            ] GC(565) Concurrent Cycle 3.285ms
[44.657s][info   ][gc,start      ] GC(566) Pause Young (Concurrent Start) (G1 Humongous Allocation)
[44.658s][info   ][gc,task       ] GC(566) Using 6 workers of 9 for evacuation
[44.659s][info   ][gc,phases     ] GC(566)   Pre Evacuate Collection Set: 0.4ms
[44.659s][info   ][gc,phases     ] GC(566)   Evacuate Collection Set: 0.4ms
[44.659s][info   ][gc,phases     ] GC(566)   Post Evacuate Collection Set: 0.1ms
[44.659s][info   ][gc,phases     ] GC(566)   Other: 0.4ms
[44.659s][info   ][gc,heap       ] GC(566) Eden regions: 0->0(16)
[44.659s][info   ][gc,heap       ] GC(566) Survivor regions: 0->0(2)
[44.659s][info   ][gc,heap       ] GC(566) Old regions: 1->1
[44.659s][info   ][gc,heap       ] GC(566) Archive regions: 0->0
[44.659s][info   ][gc,heap       ] GC(566) Humongous regions: 165->164
[44.659s][info   ][gc,metaspace  ] GC(566) Metaspace: 3424K(4864K)->3424K(4864K) NonClass: 3120K(4352K)->3120K(4352K) Class: 304K(512K)->304K(512K)
[44.659s][info   ][gc            ] GC(566) Pause Young (Concurrent Start) (G1 Humongous Allocation) 165M->164M(256M) 1.402ms
[44.659s][info   ][gc,cpu        ] GC(566) User=0.00s Sys=0.00s Real=0.00s
[44.659s][info   ][gc            ] GC(567) Concurrent Cycle
[44.659s][info   ][gc,marking    ] GC(567) Concurrent Clear Claimed Marks
[44.659s][info   ][gc,marking    ] GC(567) Concurrent Clear Claimed Marks 0.156ms
[44.659s][info   ][gc,marking    ] GC(567) Concurrent Scan Root Regions
[44.659s][info   ][gc,marking    ] GC(567) Concurrent Scan Root Regions 0.008ms
[44.659s][info   ][gc,marking    ] GC(567) Concurrent Mark (44.659s)
[44.659s][info   ][gc,marking    ] GC(567) Concurrent Mark From Roots
[44.659s][info   ][gc,task       ] GC(567) Using 2 workers of 2 for marking
[44.661s][info   ][gc,marking    ] GC(567) Concurrent Mark From Roots 2.007ms
[44.661s][info   ][gc,marking    ] GC(567) Concurrent Preclean
[44.661s][info   ][gc,marking    ] GC(567) Concurrent Preclean 0.036ms
[44.661s][info   ][gc,marking    ] GC(567) Concurrent Mark (44.659s, 44.661s) 2.116ms
[44.661s][info   ][gc,start      ] GC(567) Pause Remark
[44.663s][info   ][gc,stringtable] GC(567) Cleaned string and symbol table, strings: 1384 processed, 0 removed, symbols: 16327 processed, 0 removed
[44.663s][info   ][gc            ] GC(567) Pause Remark 167M->167M(256M) 1.848ms
[44.663s][info   ][gc,cpu        ] GC(567) User=0.00s Sys=0.00s Real=0.00s
[44.663s][info   ][gc,marking    ] GC(567) Concurrent Rebuild Remembered Sets
[44.664s][info   ][gc,marking    ] GC(567) Concurrent Rebuild Remembered Sets 1.026ms
[44.664s][info   ][gc,start      ] GC(567) Pause Cleanup
[44.664s][info   ][gc            ] GC(567) Pause Cleanup 167M->167M(256M) 0.103ms
[44.665s][info   ][gc,cpu        ] GC(567) User=0.00s Sys=0.00s Real=0.00s
[44.665s][info   ][gc,marking    ] GC(567) Concurrent Cleanup for Next Mark
[44.665s][info   ][gc,marking    ] GC(567) Concurrent Cleanup for Next Mark 0.358ms
[44.665s][info   ][gc            ] GC(567) Concurrent Cycle 5.978ms
[44.714s][info   ][gc,start      ] GC(568) Pause Young (Concurrent Start) (G1 Humongous Allocation)
[44.714s][info   ][gc,task       ] GC(568) Using 6 workers of 9 for evacuation
[44.715s][info   ][gc,phases     ] GC(568)   Pre Evacuate Collection Set: 0.1ms
[44.715s][info   ][gc,phases     ] GC(568)   Evacuate Collection Set: 0.2ms
[44.715s][info   ][gc,phases     ] GC(568)   Post Evacuate Collection Set: 0.1ms
[44.715s][info   ][gc,phases     ] GC(568)   Other: 0.2ms
[44.715s][info   ][gc,heap       ] GC(568) Eden regions: 0->0(16)
[44.715s][info   ][gc,heap       ] GC(568) Survivor regions: 0->0(2)
[44.715s][info   ][gc,heap       ] GC(568) Old regions: 1->1
[44.715s][info   ][gc,heap       ] GC(568) Archive regions: 0->0
[44.715s][info   ][gc,heap       ] GC(568) Humongous regions: 167->166
[44.715s][info   ][gc,metaspace  ] GC(568) Metaspace: 3424K(4864K)->3424K(4864K) NonClass: 3120K(4352K)->3120K(4352K) Class: 304K(512K)->304K(512K)
[44.715s][info   ][gc            ] GC(568) Pause Young (Concurrent Start) (G1 Humongous Allocation) 167M->166M(256M) 0.628ms
[44.715s][info   ][gc,cpu        ] GC(568) User=0.00s Sys=0.00s Real=0.00s
[44.715s][info   ][gc            ] GC(569) Concurrent Cycle
[44.715s][info   ][gc,marking    ] GC(569) Concurrent Clear Claimed Marks
[44.715s][info   ][gc,marking    ] GC(569) Concurrent Clear Claimed Marks 0.010ms
[44.715s][info   ][gc,marking    ] GC(569) Concurrent Scan Root Regions
[44.715s][info   ][gc,marking    ] GC(569) Concurrent Scan Root Regions 0.006ms
[44.715s][info   ][gc,marking    ] GC(569) Concurrent Mark (44.715s)
[44.715s][info   ][gc,marking    ] GC(569) Concurrent Mark From Roots
[44.715s][info   ][gc,task       ] GC(569) Using 2 workers of 2 for marking
[44.716s][info   ][gc,marking    ] GC(569) Concurrent Mark From Roots 0.983ms
[44.716s][info   ][gc,marking    ] GC(569) Concurrent Preclean
[44.716s][info   ][gc,marking    ] GC(569) Concurrent Preclean 0.036ms
[44.716s][info   ][gc,marking    ] GC(569) Concurrent Mark (44.715s, 44.716s) 1.038ms
[44.716s][info   ][gc,start      ] GC(569) Pause Remark
[44.717s][info   ][gc,stringtable] GC(569) Cleaned string and symbol table, strings: 1384 processed, 0 removed, symbols: 16327 processed, 0 removed
[44.717s][info   ][gc            ] GC(569) Pause Remark 167M->167M(256M) 0.373ms
[44.717s][info   ][gc,cpu        ] GC(569) User=0.00s Sys=0.00s Real=0.00s
[44.717s][info   ][gc,marking    ] GC(569) Concurrent Rebuild Remembered Sets
[44.717s][info   ][gc,marking    ] GC(569) Concurrent Rebuild Remembered Sets 0.677ms
[44.717s][info   ][gc,start      ] GC(569) Pause Cleanup
[44.717s][info   ][gc            ] GC(569) Pause Cleanup 167M->167M(256M) 0.051ms
[44.717s][info   ][gc,cpu        ] GC(569) User=0.00s Sys=0.00s Real=0.00s
[44.717s][info   ][gc,marking    ] GC(569) Concurrent Cleanup for Next Mark
[44.718s][info   ][gc,marking    ] GC(569) Concurrent Cleanup for Next Mark 0.264ms
[44.718s][info   ][gc            ] GC(569) Concurrent Cycle 2.670ms
[44.770s][info   ][gc,start      ] GC(570) Pause Young (Concurrent Start) (G1 Humongous Allocation)
[44.770s][info   ][gc,task       ] GC(570) Using 6 workers of 9 for evacuation
[44.771s][info   ][gc,phases     ] GC(570)   Pre Evacuate Collection Set: 0.0ms
[44.771s][info   ][gc,phases     ] GC(570)   Evacuate Collection Set: 0.1ms
[44.771s][info   ][gc,phases     ] GC(570)   Post Evacuate Collection Set: 0.1ms
[44.771s][info   ][gc,phases     ] GC(570)   Other: 0.1ms
[44.771s][info   ][gc,heap       ] GC(570) Eden regions: 0->0(16)
[44.771s][info   ][gc,heap       ] GC(570) Survivor regions: 0->0(2)
[44.771s][info   ][gc,heap       ] GC(570) Old regions: 1->1
[44.771s][info   ][gc,heap       ] GC(570) Archive regions: 0->0
[44.771s][info   ][gc,heap       ] GC(570) Humongous regions: 167->166
[44.771s][info   ][gc,metaspace  ] GC(570) Metaspace: 3424K(4864K)->3424K(4864K) NonClass: 3120K(4352K)->3120K(4352K) Class: 304K(512K)->304K(512K)
[44.771s][info   ][gc            ] GC(570) Pause Young (Concurrent Start) (G1 Humongous Allocation) 167M->166M(256M) 0.330ms
[44.771s][info   ][gc,cpu        ] GC(570) User=0.00s Sys=0.00s Real=0.00s
[44.771s][info   ][gc            ] GC(571) Concurrent Cycle
[44.771s][info   ][gc,marking    ] GC(571) Concurrent Clear Claimed Marks
[44.771s][info   ][gc,marking    ] GC(571) Concurrent Clear Claimed Marks 0.008ms
[44.771s][info   ][gc,marking    ] GC(571) Concurrent Scan Root Regions
[44.771s][info   ][gc,marking    ] GC(571) Concurrent Scan Root Regions 0.006ms
[44.771s][info   ][gc,marking    ] GC(571) Concurrent Mark (44.771s)
[44.771s][info   ][gc,marking    ] GC(571) Concurrent Mark From Roots
[44.771s][info   ][gc,task       ] GC(571) Using 2 workers of 2 for marking
[44.772s][info   ][gc,marking    ] GC(571) Concurrent Mark From Roots 0.893ms
[44.772s][info   ][gc,marking    ] GC(571) Concurrent Preclean
[44.772s][info   ][gc,marking    ] GC(571) Concurrent Preclean 0.030ms
[44.772s][info   ][gc,marking    ] GC(571) Concurrent Mark (44.771s, 44.772s) 0.957ms
[44.772s][info   ][gc,start      ] GC(571) Pause Remark
[44.772s][info   ][gc,stringtable] GC(571) Cleaned string and symbol table, strings: 1384 processed, 0 removed, symbols: 16327 processed, 0 removed
[44.772s][info   ][gc            ] GC(571) Pause Remark 167M->167M(256M) 0.326ms
[44.772s][info   ][gc,cpu        ] GC(571) User=0.01s Sys=0.00s Real=0.00s
[44.772s][info   ][gc,marking    ] GC(571) Concurrent Rebuild Remembered Sets
[44.773s][info   ][gc,marking    ] GC(571) Concurrent Rebuild Remembered Sets 0.619ms
[44.773s][info   ][gc,start      ] GC(571) Pause Cleanup
[44.773s][info   ][gc            ] GC(571) Pause Cleanup 167M->167M(256M) 0.057ms
[44.773s][info   ][gc,cpu        ] GC(571) User=0.00s Sys=0.00s Real=0.00s
[44.773s][info   ][gc,marking    ] GC(571) Concurrent Cleanup for Next Mark
[44.773s][info   ][gc,marking    ] GC(571) Concurrent Cleanup for Next Mark 0.224ms
[44.773s][info   ][gc            ] GC(571) Concurrent Cycle 2.474ms
[44.826s][info   ][gc,start      ] GC(572) Pause Young (Concurrent Start) (G1 Humongous Allocation)
[44.826s][info   ][gc,task       ] GC(572) Using 6 workers of 9 for evacuation
[44.826s][info   ][gc,phases     ] GC(572)   Pre Evacuate Collection Set: 0.0ms
[44.826s][info   ][gc,phases     ] GC(572)   Evacuate Collection Set: 0.2ms
[44.826s][info   ][gc,phases     ] GC(572)   Post Evacuate Collection Set: 0.1ms
[44.826s][info   ][gc,phases     ] GC(572)   Other: 0.1ms
[44.826s][info   ][gc,heap       ] GC(572) Eden regions: 0->0(16)
[44.826s][info   ][gc,heap       ] GC(572) Survivor regions: 0->0(2)
[44.826s][info   ][gc,heap       ] GC(572) Old regions: 1->1
[44.826s][info   ][gc,heap       ] GC(572) Archive regions: 0->0
[44.826s][info   ][gc,heap       ] GC(572) Humongous regions: 167->166
[44.826s][info   ][gc,metaspace  ] GC(572) Metaspace: 3424K(4864K)->3424K(4864K) NonClass: 3120K(4352K)->3120K(4352K) Class: 304K(512K)->304K(512K)
[44.826s][info   ][gc            ] GC(572) Pause Young (Concurrent Start) (G1 Humongous Allocation) 167M->166M(256M) 0.529ms
[44.826s][info   ][gc,cpu        ] GC(572) User=0.00s Sys=0.00s Real=0.00s
[44.826s][info   ][gc            ] GC(573) Concurrent Cycle
[44.826s][info   ][gc,marking    ] GC(573) Concurrent Clear Claimed Marks
[44.826s][info   ][gc,marking    ] GC(573) Concurrent Clear Claimed Marks 0.007ms
[44.826s][info   ][gc,marking    ] GC(573) Concurrent Scan Root Regions
[44.826s][info   ][gc,marking    ] GC(573) Concurrent Scan Root Regions 0.005ms
[44.826s][info   ][gc,marking    ] GC(573) Concurrent Mark (44.826s)
[44.826s][info   ][gc,marking    ] GC(573) Concurrent Mark From Roots
[44.826s][info   ][gc,task       ] GC(573) Using 2 workers of 2 for marking
[44.827s][info   ][gc,marking    ] GC(573) Concurrent Mark From Roots 0.920ms
[44.827s][info   ][gc,marking    ] GC(573) Concurrent Preclean
[44.827s][info   ][gc,marking    ] GC(573) Concurrent Preclean 0.023ms
[44.827s][info   ][gc,marking    ] GC(573) Concurrent Mark (44.826s, 44.827s) 0.974ms
[44.827s][info   ][gc,start      ] GC(573) Pause Remark
[44.828s][info   ][gc,stringtable] GC(573) Cleaned string and symbol table, strings: 1384 processed, 0 removed, symbols: 16327 processed, 0 removed
[44.828s][info   ][gc            ] GC(573) Pause Remark 167M->167M(256M) 0.428ms
[44.828s][info   ][gc,cpu        ] GC(573) User=0.00s Sys=0.00s Real=0.00s
[44.828s][info   ][gc,marking    ] GC(573) Concurrent Rebuild Remembered Sets
[44.828s][info   ][gc,marking    ] GC(573) Concurrent Rebuild Remembered Sets 0.502ms
[44.828s][info   ][gc,start      ] GC(573) Pause Cleanup
[44.829s][info   ][gc            ] GC(573) Pause Cleanup 167M->167M(256M) 0.082ms
[44.829s][info   ][gc,cpu        ] GC(573) User=0.00s Sys=0.00s Real=0.00s
[44.829s][info   ][gc,marking    ] GC(573) Concurrent Cleanup for Next Mark
[44.829s][info   ][gc,marking    ] GC(573) Concurrent Cleanup for Next Mark 0.235ms
[44.829s][info   ][gc            ] GC(573) Concurrent Cycle 2.432ms
[44.882s][info   ][gc,start      ] GC(574) Pause Young (Concurrent Start) (G1 Humongous Allocation)
[44.882s][info   ][gc,task       ] GC(574) Using 6 workers of 9 for evacuation
[44.882s][info   ][gc,phases     ] GC(574)   Pre Evacuate Collection Set: 0.0ms
[44.882s][info   ][gc,phases     ] GC(574)   Evacuate Collection Set: 0.1ms
[44.882s][info   ][gc,phases     ] GC(574)   Post Evacuate Collection Set: 0.1ms
[44.882s][info   ][gc,phases     ] GC(574)   Other: 0.1ms
[44.882s][info   ][gc,heap       ] GC(574) Eden regions: 0->0(16)
[44.882s][info   ][gc,heap       ] GC(574) Survivor regions: 0->0(2)
[44.882s][info   ][gc,heap       ] GC(574) Old regions: 1->1
[44.882s][info   ][gc,heap       ] GC(574) Archive regions: 0->0
[44.882s][info   ][gc,heap       ] GC(574) Humongous regions: 167->166
[44.882s][info   ][gc,metaspace  ] GC(574) Metaspace: 3424K(4864K)->3424K(4864K) NonClass: 3120K(4352K)->3120K(4352K) Class: 304K(512K)->304K(512K)
[44.882s][info   ][gc            ] GC(574) Pause Young (Concurrent Start) (G1 Humongous Allocation) 167M->166M(256M) 0.510ms
[44.882s][info   ][gc,cpu        ] GC(574) User=0.00s Sys=0.00s Real=0.00s
[44.882s][info   ][gc            ] GC(575) Concurrent Cycle
[44.882s][info   ][gc,marking    ] GC(575) Concurrent Clear Claimed Marks
[44.882s][info   ][gc,marking    ] GC(575) Concurrent Clear Claimed Marks 0.009ms
[44.882s][info   ][gc,marking    ] GC(575) Concurrent Scan Root Regions
[44.882s][info   ][gc,marking    ] GC(575) Concurrent Scan Root Regions 0.006ms
[44.882s][info   ][gc,marking    ] GC(575) Concurrent Mark (44.882s)
[44.882s][info   ][gc,marking    ] GC(575) Concurrent Mark From Roots
[44.882s][info   ][gc,task       ] GC(575) Using 2 workers of 2 for marking
[44.883s][info   ][gc,marking    ] GC(575) Concurrent Mark From Roots 1.102ms
[44.883s][info   ][gc,marking    ] GC(575) Concurrent Preclean
[44.883s][info   ][gc,marking    ] GC(575) Concurrent Preclean 0.029ms
[44.883s][info   ][gc,marking    ] GC(575) Concurrent Mark (44.882s, 44.883s) 1.152ms
[44.883s][info   ][gc,start      ] GC(575) Pause Remark
[44.884s][info   ][gc,stringtable] GC(575) Cleaned string and symbol table, strings: 1384 processed, 0 removed, symbols: 16327 processed, 0 removed
[44.884s][info   ][gc            ] GC(575) Pause Remark 167M->167M(256M) 0.450ms
[44.884s][info   ][gc,cpu        ] GC(575) User=0.01s Sys=0.00s Real=0.00s
[44.884s][info   ][gc,marking    ] GC(575) Concurrent Rebuild Remembered Sets
[44.885s][info   ][gc,marking    ] GC(575) Concurrent Rebuild Remembered Sets 0.796ms
[44.885s][info   ][gc,start      ] GC(575) Pause Cleanup
[44.885s][info   ][gc            ] GC(575) Pause Cleanup 167M->167M(256M) 0.091ms
[44.885s][info   ][gc,cpu        ] GC(575) User=0.00s Sys=0.00s Real=0.00s
[44.885s][info   ][gc,marking    ] GC(575) Concurrent Cleanup for Next Mark
[44.885s][info   ][gc,marking    ] GC(575) Concurrent Cleanup for Next Mark 0.350ms
[44.885s][info   ][gc            ] GC(575) Concurrent Cycle 3.129ms
[44.935s][info   ][gc,start      ] GC(576) Pause Young (Concurrent Start) (G1 Humongous Allocation)
[44.935s][info   ][gc,task       ] GC(576) Using 6 workers of 9 for evacuation
[44.936s][info   ][gc,phases     ] GC(576)   Pre Evacuate Collection Set: 0.1ms
[44.936s][info   ][gc,phases     ] GC(576)   Evacuate Collection Set: 0.3ms
[44.936s][info   ][gc,phases     ] GC(576)   Post Evacuate Collection Set: 0.1ms
[44.936s][info   ][gc,phases     ] GC(576)   Other: 0.3ms
[44.936s][info   ][gc,heap       ] GC(576) Eden regions: 0->0(16)
[44.936s][info   ][gc,heap       ] GC(576) Survivor regions: 0->0(2)
[44.936s][info   ][gc,heap       ] GC(576) Old regions: 1->1
[44.936s][info   ][gc,heap       ] GC(576) Archive regions: 0->0
[44.936s][info   ][gc,heap       ] GC(576) Humongous regions: 167->166
[44.936s][info   ][gc,metaspace  ] GC(576) Metaspace: 3424K(4864K)->3424K(4864K) NonClass: 3120K(4352K)->3120K(4352K) Class: 304K(512K)->304K(512K)
[44.936s][info   ][gc            ] GC(576) Pause Young (Concurrent Start) (G1 Humongous Allocation) 167M->166M(256M) 1.116ms
[44.936s][info   ][gc,cpu        ] GC(576) User=0.00s Sys=0.00s Real=0.00s
[44.936s][info   ][gc            ] GC(577) Concurrent Cycle
[44.937s][info   ][gc,marking    ] GC(577) Concurrent Clear Claimed Marks
[44.937s][info   ][gc,marking    ] GC(577) Concurrent Clear Claimed Marks 0.025ms
[44.937s][info   ][gc,marking    ] GC(577) Concurrent Scan Root Regions
[44.937s][info   ][gc,marking    ] GC(577) Concurrent Scan Root Regions 0.017ms
[44.937s][info   ][gc,marking    ] GC(577) Concurrent Mark (44.937s)
[44.937s][info   ][gc,marking    ] GC(577) Concurrent Mark From Roots
[44.937s][info   ][gc,task       ] GC(577) Using 2 workers of 2 for marking
[44.939s][info   ][gc,marking    ] GC(577) Concurrent Mark From Roots 2.804ms
[44.939s][info   ][gc,marking    ] GC(577) Concurrent Preclean
[44.939s][info   ][gc,marking    ] GC(577) Concurrent Preclean 0.033ms
[44.939s][info   ][gc,marking    ] GC(577) Concurrent Mark (44.937s, 44.939s) 2.889ms
[44.940s][info   ][gc,start      ] GC(577) Pause Remark
[44.940s][info   ][gc,stringtable] GC(577) Cleaned string and symbol table, strings: 1384 processed, 0 removed, symbols: 16327 processed, 0 removed
[44.940s][info   ][gc            ] GC(577) Pause Remark 167M->167M(256M) 0.510ms
[44.940s][info   ][gc,cpu        ] GC(577) User=0.00s Sys=0.00s Real=0.00s
[44.940s][info   ][gc,marking    ] GC(577) Concurrent Rebuild Remembered Sets
[44.941s][info   ][gc,marking    ] GC(577) Concurrent Rebuild Remembered Sets 1.006ms
[44.941s][info   ][gc,start      ] GC(577) Pause Cleanup
[44.941s][info   ][gc            ] GC(577) Pause Cleanup 167M->167M(256M) 0.079ms
[44.941s][info   ][gc,cpu        ] GC(577) User=0.00s Sys=0.00s Real=0.00s
[44.941s][info   ][gc,marking    ] GC(577) Concurrent Cleanup for Next Mark
[44.942s][info   ][gc,marking    ] GC(577) Concurrent Cleanup for Next Mark 0.320ms
[44.942s][info   ][gc            ] GC(577) Concurrent Cycle 5.282ms
[44.991s][info   ][gc,start      ] GC(578) Pause Young (Concurrent Start) (G1 Humongous Allocation)
[44.991s][info   ][gc,task       ] GC(578) Using 6 workers of 9 for evacuation
[44.992s][info   ][gc,phases     ] GC(578)   Pre Evacuate Collection Set: 0.1ms
[44.992s][info   ][gc,phases     ] GC(578)   Evacuate Collection Set: 0.4ms
[44.992s][info   ][gc,phases     ] GC(578)   Post Evacuate Collection Set: 0.1ms
[44.992s][info   ][gc,phases     ] GC(578)   Other: 0.4ms
[44.992s][info   ][gc,heap       ] GC(578) Eden regions: 0->0(16)
[44.992s][info   ][gc,heap       ] GC(578) Survivor regions: 0->0(2)
[44.992s][info   ][gc,heap       ] GC(578) Old regions: 1->1
[44.992s][info   ][gc,heap       ] GC(578) Archive regions: 0->0
[44.992s][info   ][gc,heap       ] GC(578) Humongous regions: 167->166
[44.992s][info   ][gc,metaspace  ] GC(578) Metaspace: 3424K(4864K)->3424K(4864K) NonClass: 3120K(4352K)->3120K(4352K) Class: 304K(512K)->304K(512K)
[44.992s][info   ][gc            ] GC(578) Pause Young (Concurrent Start) (G1 Humongous Allocation) 167M->166M(256M) 1.337ms
[44.992s][info   ][gc,cpu        ] GC(578) User=0.00s Sys=0.00s Real=0.00s
[44.992s][info   ][gc            ] GC(579) Concurrent Cycle
[44.992s][info   ][gc,marking    ] GC(579) Concurrent Clear Claimed Marks
[44.992s][info   ][gc,marking    ] GC(579) Concurrent Clear Claimed Marks 0.019ms
[44.992s][info   ][gc,marking    ] GC(579) Concurrent Scan Root Regions
[44.992s][info   ][gc,marking    ] GC(579) Concurrent Scan Root Regions 0.016ms
[44.992s][info   ][gc,marking    ] GC(579) Concurrent Mark (44.992s)
[44.992s][info   ][gc,marking    ] GC(579) Concurrent Mark From Roots
[44.992s][info   ][gc,task       ] GC(579) Using 2 workers of 2 for marking
[44.995s][info   ][gc,marking    ] GC(579) Concurrent Mark From Roots 2.504ms
[44.995s][info   ][gc,marking    ] GC(579) Concurrent Preclean
[44.995s][info   ][gc,marking    ] GC(579) Concurrent Preclean 0.041ms
[44.995s][info   ][gc,marking    ] GC(579) Concurrent Mark (44.992s, 44.995s) 2.598ms
[44.995s][info   ][gc,start      ] GC(579) Pause Remark
[44.996s][info   ][gc,stringtable] GC(579) Cleaned string and symbol table, strings: 1384 processed, 0 removed, symbols: 16327 processed, 0 removed
[44.996s][info   ][gc            ] GC(579) Pause Remark 167M->167M(256M) 1.510ms
[44.996s][info   ][gc,cpu        ] GC(579) User=0.00s Sys=0.00s Real=0.00s
[44.996s][info   ][gc,marking    ] GC(579) Concurrent Rebuild Remembered Sets
[44.997s][info   ][gc,marking    ] GC(579) Concurrent Rebuild Remembered Sets 1.016ms
[44.997s][info   ][gc,start      ] GC(579) Pause Cleanup
[44.998s][info   ][gc            ] GC(579) Pause Cleanup 167M->167M(256M) 0.116ms
[44.998s][info   ][gc,cpu        ] GC(579) User=0.00s Sys=0.00s Real=0.00s
[44.998s][info   ][gc,marking    ] GC(579) Concurrent Cleanup for Next Mark
[44.998s][info   ][gc,marking    ] GC(579) Concurrent Cleanup for Next Mark 0.260ms
[44.998s][info   ][gc            ] GC(579) Concurrent Cycle 5.974ms
[45.044s][info   ][gc,start      ] GC(580) Pause Young (Concurrent Start) (G1 Humongous Allocation)
[45.045s][info   ][gc,task       ] GC(580) Using 6 workers of 9 for evacuation
[45.047s][info   ][gc,phases     ] GC(580)   Pre Evacuate Collection Set: 0.1ms
[45.047s][info   ][gc,phases     ] GC(580)   Evacuate Collection Set: 2.3ms
[45.047s][info   ][gc,phases     ] GC(580)   Post Evacuate Collection Set: 0.1ms
[45.048s][info   ][gc,phases     ] GC(580)   Other: 0.4ms
[45.048s][info   ][gc,heap       ] GC(580) Eden regions: 0->0(16)
[45.048s][info   ][gc,heap       ] GC(580) Survivor regions: 0->0(2)
[45.048s][info   ][gc,heap       ] GC(580) Old regions: 1->1
[45.048s][info   ][gc,heap       ] GC(580) Archive regions: 0->0
[45.048s][info   ][gc,heap       ] GC(580) Humongous regions: 167->166
[45.048s][info   ][gc,metaspace  ] GC(580) Metaspace: 3424K(4864K)->3424K(4864K) NonClass: 3120K(4352K)->3120K(4352K) Class: 304K(512K)->304K(512K)
[45.048s][info   ][gc            ] GC(580) Pause Young (Concurrent Start) (G1 Humongous Allocation) 167M->166M(256M) 3.148ms
[45.048s][info   ][gc,cpu        ] GC(580) User=0.00s Sys=0.01s Real=0.00s
[45.048s][info   ][gc            ] GC(581) Concurrent Cycle
[45.048s][info   ][gc,marking    ] GC(581) Concurrent Clear Claimed Marks
[45.048s][info   ][gc,marking    ] GC(581) Concurrent Clear Claimed Marks 0.018ms
[45.048s][info   ][gc,marking    ] GC(581) Concurrent Scan Root Regions
[45.048s][info   ][gc,marking    ] GC(581) Concurrent Scan Root Regions 0.009ms
[45.048s][info   ][gc,marking    ] GC(581) Concurrent Mark (45.048s)
[45.048s][info   ][gc,marking    ] GC(581) Concurrent Mark From Roots
[45.048s][info   ][gc,task       ] GC(581) Using 2 workers of 2 for marking
[45.050s][info   ][gc,marking    ] GC(581) Concurrent Mark From Roots 1.750ms
[45.050s][info   ][gc,marking    ] GC(581) Concurrent Preclean
[45.050s][info   ][gc,marking    ] GC(581) Concurrent Preclean 0.035ms
[45.050s][info   ][gc,marking    ] GC(581) Concurrent Mark (45.048s, 45.050s) 1.829ms
[45.050s][info   ][gc,start      ] GC(581) Pause Remark
[45.050s][info   ][gc,stringtable] GC(581) Cleaned string and symbol table, strings: 1384 processed, 0 removed, symbols: 16327 processed, 0 removed
[45.050s][info   ][gc            ] GC(581) Pause Remark 167M->167M(256M) 0.495ms
[45.050s][info   ][gc,cpu        ] GC(581) User=0.00s Sys=0.00s Real=0.00s
[45.050s][info   ][gc,marking    ] GC(581) Concurrent Rebuild Remembered Sets
[45.051s][info   ][gc,marking    ] GC(581) Concurrent Rebuild Remembered Sets 0.987ms
[45.051s][info   ][gc,start      ] GC(581) Pause Cleanup
[45.051s][info   ][gc            ] GC(581) Pause Cleanup 167M->167M(256M) 0.081ms
[45.051s][info   ][gc,cpu        ] GC(581) User=0.00s Sys=0.00s Real=0.00s
[45.051s][info   ][gc,marking    ] GC(581) Concurrent Cleanup for Next Mark
[45.052s][info   ][gc,marking    ] GC(581) Concurrent Cleanup for Next Mark 0.289ms
[45.052s][info   ][gc            ] GC(581) Concurrent Cycle 4.053ms
[45.101s][info   ][gc,start      ] GC(582) Pause Young (Concurrent Start) (G1 Humongous Allocation)
[45.102s][info   ][gc,task       ] GC(582) Using 6 workers of 9 for evacuation
[45.103s][info   ][gc,phases     ] GC(582)   Pre Evacuate Collection Set: 0.2ms
[45.103s][info   ][gc,phases     ] GC(582)   Evacuate Collection Set: 0.5ms
[45.103s][info   ][gc,phases     ] GC(582)   Post Evacuate Collection Set: 0.1ms
[45.103s][info   ][gc,phases     ] GC(582)   Other: 0.5ms
[45.103s][info   ][gc,heap       ] GC(582) Eden regions: 0->0(16)
[45.103s][info   ][gc,heap       ] GC(582) Survivor regions: 0->0(2)
[45.103s][info   ][gc,heap       ] GC(582) Old regions: 1->1
[45.103s][info   ][gc,heap       ] GC(582) Archive regions: 0->0
[45.103s][info   ][gc,heap       ] GC(582) Humongous regions: 167->166
[45.103s][info   ][gc,metaspace  ] GC(582) Metaspace: 3424K(4864K)->3424K(4864K) NonClass: 3120K(4352K)->3120K(4352K) Class: 304K(512K)->304K(512K)
[45.103s][info   ][gc            ] GC(582) Pause Young (Concurrent Start) (G1 Humongous Allocation) 167M->166M(256M) 1.373ms
[45.103s][info   ][gc,cpu        ] GC(582) User=0.01s Sys=0.00s Real=0.00s
[45.103s][info   ][gc            ] GC(583) Concurrent Cycle
[45.103s][info   ][gc,marking    ] GC(583) Concurrent Clear Claimed Marks
[45.103s][info   ][gc,marking    ] GC(583) Concurrent Clear Claimed Marks 0.025ms
[45.103s][info   ][gc,marking    ] GC(583) Concurrent Scan Root Regions
[45.103s][info   ][gc,marking    ] GC(583) Concurrent Scan Root Regions 0.016ms
[45.103s][info   ][gc,marking    ] GC(583) Concurrent Mark (45.103s)
[45.103s][info   ][gc,marking    ] GC(583) Concurrent Mark From Roots
[45.103s][info   ][gc,task       ] GC(583) Using 2 workers of 2 for marking
[45.105s][info   ][gc,marking    ] GC(583) Concurrent Mark From Roots 2.092ms
[45.105s][info   ][gc,marking    ] GC(583) Concurrent Preclean
[45.105s][info   ][gc,marking    ] GC(583) Concurrent Preclean 0.040ms
[45.105s][info   ][gc,marking    ] GC(583) Concurrent Mark (45.103s, 45.105s) 2.181ms
[45.105s][info   ][gc,start      ] GC(583) Pause Remark
[45.106s][info   ][gc,stringtable] GC(583) Cleaned string and symbol table, strings: 1384 processed, 0 removed, symbols: 16327 processed, 0 removed
[45.107s][info   ][gc            ] GC(583) Pause Remark 167M->167M(256M) 1.339ms
[45.107s][info   ][gc,cpu        ] GC(583) User=0.00s Sys=0.00s Real=0.00s
[45.107s][info   ][gc,marking    ] GC(583) Concurrent Rebuild Remembered Sets
[45.108s][info   ][gc,marking    ] GC(583) Concurrent Rebuild Remembered Sets 1.003ms
[45.108s][info   ][gc,start      ] GC(583) Pause Cleanup
[45.108s][info   ][gc            ] GC(583) Pause Cleanup 167M->167M(256M) 0.074ms
[45.108s][info   ][gc,cpu        ] GC(583) User=0.00s Sys=0.00s Real=0.00s
[45.108s][info   ][gc,marking    ] GC(583) Concurrent Cleanup for Next Mark
[45.108s][info   ][gc,marking    ] GC(583) Concurrent Cleanup for Next Mark 0.277ms
[45.108s][info   ][gc            ] GC(583) Concurrent Cycle 5.280ms
[45.159s][info   ][gc,start      ] GC(584) Pause Young (Concurrent Start) (G1 Humongous Allocation)
[45.159s][info   ][gc,task       ] GC(584) Using 6 workers of 9 for evacuation
[45.159s][info   ][gc,phases     ] GC(584)   Pre Evacuate Collection Set: 0.1ms
[45.159s][info   ][gc,phases     ] GC(584)   Evacuate Collection Set: 0.2ms
[45.159s][info   ][gc,phases     ] GC(584)   Post Evacuate Collection Set: 0.1ms
[45.159s][info   ][gc,phases     ] GC(584)   Other: 0.3ms
[45.159s][info   ][gc,heap       ] GC(584) Eden regions: 0->0(16)
[45.159s][info   ][gc,heap       ] GC(584) Survivor regions: 0->0(2)
[45.159s][info   ][gc,heap       ] GC(584) Old regions: 1->1
[45.160s][info   ][gc,heap       ] GC(584) Archive regions: 0->0
[45.160s][info   ][gc,heap       ] GC(584) Humongous regions: 167->166
[45.160s][info   ][gc,metaspace  ] GC(584) Metaspace: 3424K(4864K)->3424K(4864K) NonClass: 3120K(4352K)->3120K(4352K) Class: 304K(512K)->304K(512K)
[45.160s][info   ][gc            ] GC(584) Pause Young (Concurrent Start) (G1 Humongous Allocation) 167M->166M(256M) 0.961ms
[45.160s][info   ][gc,cpu        ] GC(584) User=0.00s Sys=0.00s Real=0.01s
[45.160s][info   ][gc            ] GC(585) Concurrent Cycle
[45.160s][info   ][gc,marking    ] GC(585) Concurrent Clear Claimed Marks
[45.160s][info   ][gc,marking    ] GC(585) Concurrent Clear Claimed Marks 0.011ms
[45.160s][info   ][gc,marking    ] GC(585) Concurrent Scan Root Regions
[45.160s][info   ][gc,marking    ] GC(585) Concurrent Scan Root Regions 0.009ms
[45.160s][info   ][gc,marking    ] GC(585) Concurrent Mark (45.160s)
[45.160s][info   ][gc,marking    ] GC(585) Concurrent Mark From Roots
[45.160s][info   ][gc,task       ] GC(585) Using 2 workers of 2 for marking
[45.161s][info   ][gc,marking    ] GC(585) Concurrent Mark From Roots 1.390ms
[45.161s][info   ][gc,marking    ] GC(585) Concurrent Preclean
[45.161s][info   ][gc,marking    ] GC(585) Concurrent Preclean 0.030ms
[45.161s][info   ][gc,marking    ] GC(585) Concurrent Mark (45.160s, 45.161s) 1.455ms
[45.161s][info   ][gc,start      ] GC(585) Pause Remark
[45.162s][info   ][gc,stringtable] GC(585) Cleaned string and symbol table, strings: 1384 processed, 0 removed, symbols: 16327 processed, 0 removed
[45.163s][info   ][gc            ] GC(585) Pause Remark 167M->167M(256M) 1.459ms
[45.163s][info   ][gc,cpu        ] GC(585) User=0.00s Sys=0.00s Real=0.00s
[45.163s][info   ][gc,marking    ] GC(585) Concurrent Rebuild Remembered Sets
[45.164s][info   ][gc,marking    ] GC(585) Concurrent Rebuild Remembered Sets 0.898ms
[45.164s][info   ][gc,start      ] GC(585) Pause Cleanup
[45.164s][info   ][gc            ] GC(585) Pause Cleanup 167M->167M(256M) 0.079ms
[45.164s][info   ][gc,cpu        ] GC(585) User=0.00s Sys=0.00s Real=0.00s
[45.164s][info   ][gc,marking    ] GC(585) Concurrent Cleanup for Next Mark
[45.164s][info   ][gc,marking    ] GC(585) Concurrent Cleanup for Next Mark 0.265ms
[45.164s][info   ][gc            ] GC(585) Concurrent Cycle 4.514ms
[45.212s][info   ][gc,start      ] GC(586) Pause Young (Concurrent Start) (G1 Humongous Allocation)
[45.212s][info   ][gc,task       ] GC(586) Using 6 workers of 9 for evacuation
[45.212s][info   ][gc,phases     ] GC(586)   Pre Evacuate Collection Set: 0.1ms
[45.212s][info   ][gc,phases     ] GC(586)   Evacuate Collection Set: 0.2ms
[45.212s][info   ][gc,phases     ] GC(586)   Post Evacuate Collection Set: 0.1ms
[45.212s][info   ][gc,phases     ] GC(586)   Other: 0.1ms
[45.213s][info   ][gc,heap       ] GC(586) Eden regions: 0->0(16)
[45.213s][info   ][gc,heap       ] GC(586) Survivor regions: 0->0(2)
[45.213s][info   ][gc,heap       ] GC(586) Old regions: 1->1
[45.213s][info   ][gc,heap       ] GC(586) Archive regions: 0->0
[45.213s][info   ][gc,heap       ] GC(586) Humongous regions: 167->166
[45.213s][info   ][gc,metaspace  ] GC(586) Metaspace: 3424K(4864K)->3424K(4864K) NonClass: 3120K(4352K)->3120K(4352K) Class: 304K(512K)->304K(512K)
[45.213s][info   ][gc            ] GC(586) Pause Young (Concurrent Start) (G1 Humongous Allocation) 167M->166M(256M) 0.647ms
[45.213s][info   ][gc,cpu        ] GC(586) User=0.00s Sys=0.00s Real=0.00s
[45.213s][info   ][gc            ] GC(587) Concurrent Cycle
[45.213s][info   ][gc,marking    ] GC(587) Concurrent Clear Claimed Marks
[45.213s][info   ][gc,marking    ] GC(587) Concurrent Clear Claimed Marks 0.009ms
[45.213s][info   ][gc,marking    ] GC(587) Concurrent Scan Root Regions
[45.213s][info   ][gc,marking    ] GC(587) Concurrent Scan Root Regions 0.008ms
[45.213s][info   ][gc,marking    ] GC(587) Concurrent Mark (45.213s)
[45.213s][info   ][gc,marking    ] GC(587) Concurrent Mark From Roots
[45.213s][info   ][gc,task       ] GC(587) Using 2 workers of 2 for marking
[45.214s][info   ][gc,marking    ] GC(587) Concurrent Mark From Roots 1.300ms
[45.214s][info   ][gc,marking    ] GC(587) Concurrent Preclean
[45.214s][info   ][gc,marking    ] GC(587) Concurrent Preclean 0.037ms
[45.214s][info   ][gc,marking    ] GC(587) Concurrent Mark (45.213s, 45.214s) 1.378ms
[45.214s][info   ][gc,start      ] GC(587) Pause Remark
[45.214s][info   ][gc,stringtable] GC(587) Cleaned string and symbol table, strings: 1384 processed, 0 removed, symbols: 16327 processed, 0 removed
[45.215s][info   ][gc            ] GC(587) Pause Remark 169M->169M(256M) 0.493ms
[45.215s][info   ][gc,cpu        ] GC(587) User=0.00s Sys=0.00s Real=0.00s
[45.215s][info   ][gc,marking    ] GC(587) Concurrent Rebuild Remembered Sets
[45.216s][info   ][gc,marking    ] GC(587) Concurrent Rebuild Remembered Sets 0.951ms
[45.216s][info   ][gc,start      ] GC(587) Pause Cleanup
[45.216s][info   ][gc            ] GC(587) Pause Cleanup 169M->169M(256M) 0.073ms
[45.216s][info   ][gc,cpu        ] GC(587) User=0.00s Sys=0.00s Real=0.00s
[45.216s][info   ][gc,marking    ] GC(587) Concurrent Cleanup for Next Mark
[45.216s][info   ][gc,marking    ] GC(587) Concurrent Cleanup for Next Mark 0.280ms
[45.216s][info   ][gc            ] GC(587) Concurrent Cycle 3.480ms
[45.269s][info   ][gc,start      ] GC(588) Pause Young (Concurrent Start) (G1 Humongous Allocation)
[45.269s][info   ][gc,task       ] GC(588) Using 6 workers of 9 for evacuation
[45.270s][info   ][gc,phases     ] GC(588)   Pre Evacuate Collection Set: 0.1ms
[45.270s][info   ][gc,phases     ] GC(588)   Evacuate Collection Set: 0.5ms
[45.271s][info   ][gc,phases     ] GC(588)   Post Evacuate Collection Set: 0.6ms
[45.271s][info   ][gc,phases     ] GC(588)   Other: 0.4ms
[45.271s][info   ][gc,heap       ] GC(588) Eden regions: 0->0(16)
[45.271s][info   ][gc,heap       ] GC(588) Survivor regions: 0->0(2)
[45.271s][info   ][gc,heap       ] GC(588) Old regions: 1->1
[45.271s][info   ][gc,heap       ] GC(588) Archive regions: 0->0
[45.271s][info   ][gc,heap       ] GC(588) Humongous regions: 169->168
[45.271s][info   ][gc,metaspace  ] GC(588) Metaspace: 3424K(4864K)->3424K(4864K) NonClass: 3120K(4352K)->3120K(4352K) Class: 304K(512K)->304K(512K)
[45.271s][info   ][gc            ] GC(588) Pause Young (Concurrent Start) (G1 Humongous Allocation) 169M->168M(256M) 1.908ms
[45.271s][info   ][gc,cpu        ] GC(588) User=0.00s Sys=0.00s Real=0.01s
[45.271s][info   ][gc            ] GC(589) Concurrent Cycle
[45.271s][info   ][gc,marking    ] GC(589) Concurrent Clear Claimed Marks
[45.271s][info   ][gc,marking    ] GC(589) Concurrent Clear Claimed Marks 0.048ms
[45.271s][info   ][gc,marking    ] GC(589) Concurrent Scan Root Regions
[45.271s][info   ][gc,marking    ] GC(589) Concurrent Scan Root Regions 0.006ms
[45.271s][info   ][gc,marking    ] GC(589) Concurrent Mark (45.271s)
[45.271s][info   ][gc,marking    ] GC(589) Concurrent Mark From Roots
[45.271s][info   ][gc,task       ] GC(589) Using 2 workers of 2 for marking
[45.272s][info   ][gc,marking    ] GC(589) Concurrent Mark From Roots 1.543ms
[45.272s][info   ][gc,marking    ] GC(589) Concurrent Preclean
[45.272s][info   ][gc,marking    ] GC(589) Concurrent Preclean 0.034ms
[45.272s][info   ][gc,marking    ] GC(589) Concurrent Mark (45.271s, 45.272s) 1.641ms
[45.273s][info   ][gc,start      ] GC(589) Pause Remark
[45.276s][info   ][gc,stringtable] GC(589) Cleaned string and symbol table, strings: 1384 processed, 0 removed, symbols: 16327 processed, 0 removed
[45.276s][info   ][gc            ] GC(589) Pause Remark 169M->169M(256M) 3.452ms
[45.276s][info   ][gc,cpu        ] GC(589) User=0.01s Sys=0.00s Real=0.00s
[45.276s][info   ][gc,marking    ] GC(589) Concurrent Rebuild Remembered Sets
[45.277s][info   ][gc,marking    ] GC(589) Concurrent Rebuild Remembered Sets 0.885ms
[45.277s][info   ][gc,start      ] GC(589) Pause Cleanup
[45.277s][info   ][gc            ] GC(589) Pause Cleanup 169M->169M(256M) 0.077ms
[45.277s][info   ][gc,cpu        ] GC(589) User=0.00s Sys=0.00s Real=0.00s
[45.277s][info   ][gc,marking    ] GC(589) Concurrent Cleanup for Next Mark
[45.278s][info   ][gc,marking    ] GC(589) Concurrent Cleanup for Next Mark 0.301ms
[45.278s][info   ][gc            ] GC(589) Concurrent Cycle 6.954ms
[45.325s][info   ][gc,start      ] GC(590) Pause Young (Concurrent Start) (G1 Humongous Allocation)
[45.325s][info   ][gc,task       ] GC(590) Using 6 workers of 9 for evacuation
[45.326s][info   ][gc,phases     ] GC(590)   Pre Evacuate Collection Set: 0.0ms
[45.326s][info   ][gc,phases     ] GC(590)   Evacuate Collection Set: 0.1ms
[45.326s][info   ][gc,phases     ] GC(590)   Post Evacuate Collection Set: 0.1ms
[45.326s][info   ][gc,phases     ] GC(590)   Other: 0.2ms
[45.326s][info   ][gc,heap       ] GC(590) Eden regions: 0->0(16)
[45.326s][info   ][gc,heap       ] GC(590) Survivor regions: 0->0(2)
[45.326s][info   ][gc,heap       ] GC(590) Old regions: 1->1
[45.326s][info   ][gc,heap       ] GC(590) Archive regions: 0->0
[45.326s][info   ][gc,heap       ] GC(590) Humongous regions: 169->168
[45.326s][info   ][gc,metaspace  ] GC(590) Metaspace: 3424K(4864K)->3424K(4864K) NonClass: 3120K(4352K)->3120K(4352K) Class: 304K(512K)->304K(512K)
[45.326s][info   ][gc            ] GC(590) Pause Young (Concurrent Start) (G1 Humongous Allocation) 169M->168M(256M) 0.381ms
[45.326s][info   ][gc,cpu        ] GC(590) User=0.00s Sys=0.00s Real=0.00s
[45.326s][info   ][gc            ] GC(591) Concurrent Cycle
[45.326s][info   ][gc,marking    ] GC(591) Concurrent Clear Claimed Marks
[45.326s][info   ][gc,marking    ] GC(591) Concurrent Clear Claimed Marks 0.007ms
[45.326s][info   ][gc,marking    ] GC(591) Concurrent Scan Root Regions
[45.326s][info   ][gc,marking    ] GC(591) Concurrent Scan Root Regions 0.006ms
[45.326s][info   ][gc,marking    ] GC(591) Concurrent Mark (45.326s)
[45.326s][info   ][gc,marking    ] GC(591) Concurrent Mark From Roots
[45.326s][info   ][gc,task       ] GC(591) Using 2 workers of 2 for marking
[45.326s][info   ][gc,marking    ] GC(591) Concurrent Mark From Roots 0.724ms
[45.326s][info   ][gc,marking    ] GC(591) Concurrent Preclean
[45.327s][info   ][gc,marking    ] GC(591) Concurrent Preclean 0.020ms
[45.327s][info   ][gc,marking    ] GC(591) Concurrent Mark (45.326s, 45.327s) 0.770ms
[45.327s][info   ][gc,start      ] GC(591) Pause Remark
[45.327s][info   ][gc,stringtable] GC(591) Cleaned string and symbol table, strings: 1384 processed, 0 removed, symbols: 16327 processed, 0 removed
[45.327s][info   ][gc            ] GC(591) Pause Remark 169M->169M(256M) 0.306ms
[45.327s][info   ][gc,cpu        ] GC(591) User=0.00s Sys=0.00s Real=0.00s
[45.327s][info   ][gc,marking    ] GC(591) Concurrent Rebuild Remembered Sets
[45.327s][info   ][gc,marking    ] GC(591) Concurrent Rebuild Remembered Sets 0.527ms
[45.327s][info   ][gc,start      ] GC(591) Pause Cleanup
[45.328s][info   ][gc            ] GC(591) Pause Cleanup 169M->169M(256M) 0.055ms
[45.328s][info   ][gc,cpu        ] GC(591) User=0.00s Sys=0.00s Real=0.00s
[45.328s][info   ][gc,marking    ] GC(591) Concurrent Cleanup for Next Mark
[45.328s][info   ][gc,marking    ] GC(591) Concurrent Cleanup for Next Mark 0.136ms
[45.328s][info   ][gc            ] GC(591) Concurrent Cycle 2.040ms
[45.381s][info   ][gc,start      ] GC(592) Pause Young (Concurrent Start) (G1 Humongous Allocation)
[45.381s][info   ][gc,task       ] GC(592) Using 6 workers of 9 for evacuation
[45.381s][info   ][gc,phases     ] GC(592)   Pre Evacuate Collection Set: 0.0ms
[45.381s][info   ][gc,phases     ] GC(592)   Evacuate Collection Set: 0.2ms
[45.381s][info   ][gc,phases     ] GC(592)   Post Evacuate Collection Set: 0.1ms
[45.381s][info   ][gc,phases     ] GC(592)   Other: 0.1ms
[45.381s][info   ][gc,heap       ] GC(592) Eden regions: 0->0(16)
[45.381s][info   ][gc,heap       ] GC(592) Survivor regions: 0->0(2)
[45.381s][info   ][gc,heap       ] GC(592) Old regions: 1->1
[45.381s][info   ][gc,heap       ] GC(592) Archive regions: 0->0
[45.381s][info   ][gc,heap       ] GC(592) Humongous regions: 169->168
[45.381s][info   ][gc,metaspace  ] GC(592) Metaspace: 3424K(4864K)->3424K(4864K) NonClass: 3120K(4352K)->3120K(4352K) Class: 304K(512K)->304K(512K)
[45.381s][info   ][gc            ] GC(592) Pause Young (Concurrent Start) (G1 Humongous Allocation) 169M->168M(256M) 0.445ms
[45.381s][info   ][gc,cpu        ] GC(592) User=0.00s Sys=0.00s Real=0.00s
[45.381s][info   ][gc            ] GC(593) Concurrent Cycle
[45.381s][info   ][gc,marking    ] GC(593) Concurrent Clear Claimed Marks
[45.381s][info   ][gc,marking    ] GC(593) Concurrent Clear Claimed Marks 0.007ms
[45.381s][info   ][gc,marking    ] GC(593) Concurrent Scan Root Regions
[45.381s][info   ][gc,marking    ] GC(593) Concurrent Scan Root Regions 0.005ms
[45.381s][info   ][gc,marking    ] GC(593) Concurrent Mark (45.381s)
[45.381s][info   ][gc,marking    ] GC(593) Concurrent Mark From Roots
[45.381s][info   ][gc,task       ] GC(593) Using 2 workers of 2 for marking
[45.382s][info   ][gc,marking    ] GC(593) Concurrent Mark From Roots 0.814ms
[45.382s][info   ][gc,marking    ] GC(593) Concurrent Preclean
[45.382s][info   ][gc,marking    ] GC(593) Concurrent Preclean 0.044ms
[45.382s][info   ][gc,marking    ] GC(593) Concurrent Mark (45.381s, 45.382s) 0.878ms
[45.382s][info   ][gc,start      ] GC(593) Pause Remark
[45.383s][info   ][gc,stringtable] GC(593) Cleaned string and symbol table, strings: 1384 processed, 0 removed, symbols: 16327 processed, 0 removed
[45.383s][info   ][gc            ] GC(593) Pause Remark 169M->169M(256M) 0.345ms
[45.383s][info   ][gc,cpu        ] GC(593) User=0.00s Sys=0.00s Real=0.00s
[45.383s][info   ][gc,marking    ] GC(593) Concurrent Rebuild Remembered Sets
[45.383s][info   ][gc,marking    ] GC(593) Concurrent Rebuild Remembered Sets 0.596ms
[45.383s][info   ][gc,start      ] GC(593) Pause Cleanup
[45.383s][info   ][gc            ] GC(593) Pause Cleanup 169M->169M(256M) 0.060ms
[45.383s][info   ][gc,cpu        ] GC(593) User=0.00s Sys=0.00s Real=0.00s
[45.383s][info   ][gc,marking    ] GC(593) Concurrent Cleanup for Next Mark
[45.384s][info   ][gc,marking    ] GC(593) Concurrent Cleanup for Next Mark 0.184ms
[45.384s][info   ][gc            ] GC(593) Concurrent Cycle 2.293ms
[45.436s][info   ][gc,start      ] GC(594) Pause Young (Concurrent Start) (G1 Humongous Allocation)
[45.437s][info   ][gc,task       ] GC(594) Using 6 workers of 9 for evacuation
[45.437s][info   ][gc,phases     ] GC(594)   Pre Evacuate Collection Set: 0.0ms
[45.437s][info   ][gc,phases     ] GC(594)   Evacuate Collection Set: 0.1ms
[45.437s][info   ][gc,phases     ] GC(594)   Post Evacuate Collection Set: 0.1ms
[45.437s][info   ][gc,phases     ] GC(594)   Other: 0.1ms
[45.437s][info   ][gc,heap       ] GC(594) Eden regions: 0->0(16)
[45.437s][info   ][gc,heap       ] GC(594) Survivor regions: 0->0(2)
[45.437s][info   ][gc,heap       ] GC(594) Old regions: 1->1
[45.437s][info   ][gc,heap       ] GC(594) Archive regions: 0->0
[45.437s][info   ][gc,heap       ] GC(594) Humongous regions: 169->168
[45.437s][info   ][gc,metaspace  ] GC(594) Metaspace: 3424K(4864K)->3424K(4864K) NonClass: 3120K(4352K)->3120K(4352K) Class: 304K(512K)->304K(512K)
[45.437s][info   ][gc            ] GC(594) Pause Young (Concurrent Start) (G1 Humongous Allocation) 169M->168M(256M) 0.456ms
[45.437s][info   ][gc,cpu        ] GC(594) User=0.01s Sys=0.00s Real=0.00s
[45.437s][info   ][gc            ] GC(595) Concurrent Cycle
[45.437s][info   ][gc,marking    ] GC(595) Concurrent Clear Claimed Marks
[45.437s][info   ][gc,marking    ] GC(595) Concurrent Clear Claimed Marks 0.008ms
[45.437s][info   ][gc,marking    ] GC(595) Concurrent Scan Root Regions
[45.437s][info   ][gc,marking    ] GC(595) Concurrent Scan Root Regions 0.006ms
[45.437s][info   ][gc,marking    ] GC(595) Concurrent Mark (45.437s)
[45.437s][info   ][gc,marking    ] GC(595) Concurrent Mark From Roots
[45.437s][info   ][gc,task       ] GC(595) Using 2 workers of 2 for marking
[45.438s][info   ][gc,marking    ] GC(595) Concurrent Mark From Roots 1.028ms
[45.438s][info   ][gc,marking    ] GC(595) Concurrent Preclean
[45.438s][info   ][gc,marking    ] GC(595) Concurrent Preclean 0.029ms
[45.438s][info   ][gc,marking    ] GC(595) Concurrent Mark (45.437s, 45.438s) 1.091ms
[45.438s][info   ][gc,start      ] GC(595) Pause Remark
[45.438s][info   ][gc,stringtable] GC(595) Cleaned string and symbol table, strings: 1384 processed, 0 removed, symbols: 16327 processed, 0 removed
[45.439s][info   ][gc            ] GC(595) Pause Remark 169M->169M(256M) 0.402ms
[45.439s][info   ][gc,cpu        ] GC(595) User=0.00s Sys=0.01s Real=0.00s
[45.439s][info   ][gc,marking    ] GC(595) Concurrent Rebuild Remembered Sets
[45.439s][info   ][gc,marking    ] GC(595) Concurrent Rebuild Remembered Sets 0.774ms
[45.439s][info   ][gc,start      ] GC(595) Pause Cleanup
[45.440s][info   ][gc            ] GC(595) Pause Cleanup 169M->169M(256M) 0.061ms
[45.440s][info   ][gc,cpu        ] GC(595) User=0.00s Sys=0.00s Real=0.00s
[45.440s][info   ][gc,marking    ] GC(595) Concurrent Cleanup for Next Mark
[45.440s][info   ][gc,marking    ] GC(595) Concurrent Cleanup for Next Mark 0.184ms
[45.440s][info   ][gc            ] GC(595) Concurrent Cycle 2.792ms
[45.492s][info   ][gc,start      ] GC(596) Pause Young (Concurrent Start) (G1 Humongous Allocation)
[45.492s][info   ][gc,task       ] GC(596) Using 6 workers of 9 for evacuation
[45.493s][info   ][gc,phases     ] GC(596)   Pre Evacuate Collection Set: 0.1ms
[45.493s][info   ][gc,phases     ] GC(596)   Evacuate Collection Set: 0.4ms
[45.493s][info   ][gc,phases     ] GC(596)   Post Evacuate Collection Set: 0.1ms
[45.493s][info   ][gc,phases     ] GC(596)   Other: 0.2ms
[45.493s][info   ][gc,heap       ] GC(596) Eden regions: 0->0(16)
[45.493s][info   ][gc,heap       ] GC(596) Survivor regions: 0->0(2)
[45.493s][info   ][gc,heap       ] GC(596) Old regions: 1->1
[45.493s][info   ][gc,heap       ] GC(596) Archive regions: 0->0
[45.493s][info   ][gc,heap       ] GC(596) Humongous regions: 169->168
[45.493s][info   ][gc,metaspace  ] GC(596) Metaspace: 3424K(4864K)->3424K(4864K) NonClass: 3120K(4352K)->3120K(4352K) Class: 304K(512K)->304K(512K)
[45.493s][info   ][gc            ] GC(596) Pause Young (Concurrent Start) (G1 Humongous Allocation) 169M->168M(256M) 1.038ms
[45.493s][info   ][gc,cpu        ] GC(596) User=0.00s Sys=0.00s Real=0.00s
[45.493s][info   ][gc            ] GC(597) Concurrent Cycle
[45.493s][info   ][gc,marking    ] GC(597) Concurrent Clear Claimed Marks
[45.493s][info   ][gc,marking    ] GC(597) Concurrent Clear Claimed Marks 0.012ms
[45.493s][info   ][gc,marking    ] GC(597) Concurrent Scan Root Regions
[45.493s][info   ][gc,marking    ] GC(597) Concurrent Scan Root Regions 0.008ms
[45.493s][info   ][gc,marking    ] GC(597) Concurrent Mark (45.493s)
[45.493s][info   ][gc,marking    ] GC(597) Concurrent Mark From Roots
[45.493s][info   ][gc,task       ] GC(597) Using 2 workers of 2 for marking
[45.495s][info   ][gc,marking    ] GC(597) Concurrent Mark From Roots 1.554ms
[45.495s][info   ][gc,marking    ] GC(597) Concurrent Preclean
[45.495s][info   ][gc,marking    ] GC(597) Concurrent Preclean 0.035ms
[45.495s][info   ][gc,marking    ] GC(597) Concurrent Mark (45.493s, 45.495s) 1.632ms
[45.495s][info   ][gc,start      ] GC(597) Pause Remark
[45.495s][info   ][gc,stringtable] GC(597) Cleaned string and symbol table, strings: 1384 processed, 0 removed, symbols: 16327 processed, 0 removed
[45.496s][info   ][gc            ] GC(597) Pause Remark 169M->169M(256M) 0.567ms
[45.496s][info   ][gc,cpu        ] GC(597) User=0.01s Sys=0.00s Real=0.00s
[45.496s][info   ][gc,marking    ] GC(597) Concurrent Rebuild Remembered Sets
[45.497s][info   ][gc,marking    ] GC(597) Concurrent Rebuild Remembered Sets 1.043ms
[45.497s][info   ][gc,start      ] GC(597) Pause Cleanup
[45.497s][info   ][gc            ] GC(597) Pause Cleanup 169M->169M(256M) 0.095ms
[45.497s][info   ][gc,cpu        ] GC(597) User=0.00s Sys=0.00s Real=0.00s
[45.497s][info   ][gc,marking    ] GC(597) Concurrent Cleanup for Next Mark
[45.497s][info   ][gc,marking    ] GC(597) Concurrent Cleanup for Next Mark 0.331ms
[45.497s][info   ][gc            ] GC(597) Concurrent Cycle 4.086ms
[45.547s][info   ][gc,start      ] GC(598) Pause Young (Concurrent Start) (G1 Humongous Allocation)
[45.547s][info   ][gc,task       ] GC(598) Using 6 workers of 9 for evacuation
[45.547s][info   ][gc,phases     ] GC(598)   Pre Evacuate Collection Set: 0.0ms
[45.547s][info   ][gc,phases     ] GC(598)   Evacuate Collection Set: 0.2ms
[45.547s][info   ][gc,phases     ] GC(598)   Post Evacuate Collection Set: 0.1ms
[45.547s][info   ][gc,phases     ] GC(598)   Other: 0.1ms
[45.547s][info   ][gc,heap       ] GC(598) Eden regions: 0->0(16)
[45.547s][info   ][gc,heap       ] GC(598) Survivor regions: 0->0(2)
[45.547s][info   ][gc,heap       ] GC(598) Old regions: 1->1
[45.547s][info   ][gc,heap       ] GC(598) Archive regions: 0->0
[45.547s][info   ][gc,heap       ] GC(598) Humongous regions: 169->168
[45.547s][info   ][gc,metaspace  ] GC(598) Metaspace: 3424K(4864K)->3424K(4864K) NonClass: 3120K(4352K)->3120K(4352K) Class: 304K(512K)->304K(512K)
[45.547s][info   ][gc            ] GC(598) Pause Young (Concurrent Start) (G1 Humongous Allocation) 169M->168M(256M) 0.513ms
[45.547s][info   ][gc,cpu        ] GC(598) User=0.00s Sys=0.00s Real=0.00s
[45.547s][info   ][gc            ] GC(599) Concurrent Cycle
[45.547s][info   ][gc,marking    ] GC(599) Concurrent Clear Claimed Marks
[45.547s][info   ][gc,marking    ] GC(599) Concurrent Clear Claimed Marks 0.006ms
[45.547s][info   ][gc,marking    ] GC(599) Concurrent Scan Root Regions
[45.547s][info   ][gc,marking    ] GC(599) Concurrent Scan Root Regions 0.005ms
[45.547s][info   ][gc,marking    ] GC(599) Concurrent Mark (45.547s)
[45.547s][info   ][gc,marking    ] GC(599) Concurrent Mark From Roots
[45.547s][info   ][gc,task       ] GC(599) Using 2 workers of 2 for marking
[45.548s][info   ][gc,marking    ] GC(599) Concurrent Mark From Roots 0.725ms
[45.548s][info   ][gc,marking    ] GC(599) Concurrent Preclean
[45.548s][info   ][gc,marking    ] GC(599) Concurrent Preclean 0.021ms
[45.548s][info   ][gc,marking    ] GC(599) Concurrent Mark (45.547s, 45.548s) 0.762ms
[45.548s][info   ][gc,start      ] GC(599) Pause Remark
[45.548s][info   ][gc,stringtable] GC(599) Cleaned string and symbol table, strings: 1384 processed, 0 removed, symbols: 16327 processed, 0 removed
[45.549s][info   ][gc            ] GC(599) Pause Remark 169M->169M(256M) 0.442ms
[45.549s][info   ][gc,cpu        ] GC(599) User=0.00s Sys=0.00s Real=0.00s
[45.549s][info   ][gc,marking    ] GC(599) Concurrent Rebuild Remembered Sets
[45.550s][info   ][gc,marking    ] GC(599) Concurrent Rebuild Remembered Sets 1.048ms
[45.550s][info   ][gc,start      ] GC(599) Pause Cleanup
[45.550s][info   ][gc            ] GC(599) Pause Cleanup 169M->169M(256M) 0.082ms
[45.550s][info   ][gc,cpu        ] GC(599) User=0.00s Sys=0.00s Real=0.00s
[45.550s][info   ][gc,marking    ] GC(599) Concurrent Cleanup for Next Mark
[45.550s][info   ][gc,marking    ] GC(599) Concurrent Cleanup for Next Mark 0.244ms
[45.550s][info   ][gc            ] GC(599) Concurrent Cycle 2.920ms
[45.603s][info   ][gc,start      ] GC(600) Pause Young (Concurrent Start) (G1 Humongous Allocation)
[45.603s][info   ][gc,task       ] GC(600) Using 6 workers of 9 for evacuation
[45.604s][info   ][gc,phases     ] GC(600)   Pre Evacuate Collection Set: 0.2ms
[45.604s][info   ][gc,phases     ] GC(600)   Evacuate Collection Set: 0.5ms
[45.604s][info   ][gc,phases     ] GC(600)   Post Evacuate Collection Set: 0.1ms
[45.604s][info   ][gc,phases     ] GC(600)   Other: 0.5ms
[45.604s][info   ][gc,heap       ] GC(600) Eden regions: 0->0(16)
[45.604s][info   ][gc,heap       ] GC(600) Survivor regions: 0->0(2)
[45.604s][info   ][gc,heap       ] GC(600) Old regions: 1->1
[45.604s][info   ][gc,heap       ] GC(600) Archive regions: 0->0
[45.604s][info   ][gc,heap       ] GC(600) Humongous regions: 169->168
[45.604s][info   ][gc,metaspace  ] GC(600) Metaspace: 3424K(4864K)->3424K(4864K) NonClass: 3120K(4352K)->3120K(4352K) Class: 304K(512K)->304K(512K)
[45.604s][info   ][gc            ] GC(600) Pause Young (Concurrent Start) (G1 Humongous Allocation) 169M->168M(256M) 1.551ms
[45.604s][info   ][gc,cpu        ] GC(600) User=0.00s Sys=0.00s Real=0.00s
[45.604s][info   ][gc            ] GC(601) Concurrent Cycle
[45.604s][info   ][gc,marking    ] GC(601) Concurrent Clear Claimed Marks
[45.604s][info   ][gc,marking    ] GC(601) Concurrent Clear Claimed Marks 0.020ms
[45.604s][info   ][gc,marking    ] GC(601) Concurrent Scan Root Regions
[45.605s][info   ][gc,marking    ] GC(601) Concurrent Scan Root Regions 0.252ms
[45.605s][info   ][gc,marking    ] GC(601) Concurrent Mark (45.605s)
[45.605s][info   ][gc,marking    ] GC(601) Concurrent Mark From Roots
[45.605s][info   ][gc,task       ] GC(601) Using 2 workers of 2 for marking
[45.607s][info   ][gc,marking    ] GC(601) Concurrent Mark From Roots 2.117ms
[45.607s][info   ][gc,marking    ] GC(601) Concurrent Preclean
[45.607s][info   ][gc,marking    ] GC(601) Concurrent Preclean 0.042ms
[45.607s][info   ][gc,marking    ] GC(601) Concurrent Mark (45.605s, 45.607s) 2.207ms
[45.607s][info   ][gc,start      ] GC(601) Pause Remark
[45.608s][info   ][gc,stringtable] GC(601) Cleaned string and symbol table, strings: 1384 processed, 0 removed, symbols: 16327 processed, 0 removed
[45.608s][info   ][gc            ] GC(601) Pause Remark 169M->169M(256M) 1.448ms
[45.608s][info   ][gc,cpu        ] GC(601) User=0.00s Sys=0.00s Real=0.00s
[45.609s][info   ][gc,marking    ] GC(601) Concurrent Rebuild Remembered Sets
[45.610s][info   ][gc,marking    ] GC(601) Concurrent Rebuild Remembered Sets 1.037ms
[45.610s][info   ][gc,start      ] GC(601) Pause Cleanup
[45.610s][info   ][gc            ] GC(601) Pause Cleanup 169M->169M(256M) 0.116ms
[45.610s][info   ][gc,cpu        ] GC(601) User=0.00s Sys=0.00s Real=0.00s
[45.610s][info   ][gc,marking    ] GC(601) Concurrent Cleanup for Next Mark
[45.610s][info   ][gc,marking    ] GC(601) Concurrent Cleanup for Next Mark 0.316ms
[45.610s][info   ][gc            ] GC(601) Concurrent Cycle 5.796ms
[45.657s][info   ][gc,start      ] GC(602) Pause Young (Concurrent Start) (G1 Humongous Allocation)
[45.657s][info   ][gc,task       ] GC(602) Using 6 workers of 9 for evacuation
[45.659s][info   ][gc,phases     ] GC(602)   Pre Evacuate Collection Set: 0.1ms
[45.659s][info   ][gc,phases     ] GC(602)   Evacuate Collection Set: 1.2ms
[45.659s][info   ][gc,phases     ] GC(602)   Post Evacuate Collection Set: 0.1ms
[45.659s][info   ][gc,phases     ] GC(602)   Other: 0.4ms
[45.659s][info   ][gc,heap       ] GC(602) Eden regions: 0->0(16)
[45.659s][info   ][gc,heap       ] GC(602) Survivor regions: 0->0(2)
[45.659s][info   ][gc,heap       ] GC(602) Old regions: 1->1
[45.659s][info   ][gc,heap       ] GC(602) Archive regions: 0->0
[45.659s][info   ][gc,heap       ] GC(602) Humongous regions: 169->168
[45.659s][info   ][gc,metaspace  ] GC(602) Metaspace: 3424K(4864K)->3424K(4864K) NonClass: 3120K(4352K)->3120K(4352K) Class: 304K(512K)->304K(512K)
[45.659s][info   ][gc            ] GC(602) Pause Young (Concurrent Start) (G1 Humongous Allocation) 169M->168M(256M) 2.106ms
[45.659s][info   ][gc,cpu        ] GC(602) User=0.00s Sys=0.00s Real=0.01s
[45.659s][info   ][gc            ] GC(603) Concurrent Cycle
[45.659s][info   ][gc,marking    ] GC(603) Concurrent Clear Claimed Marks
[45.659s][info   ][gc,marking    ] GC(603) Concurrent Clear Claimed Marks 0.014ms
[45.659s][info   ][gc,marking    ] GC(603) Concurrent Scan Root Regions
[45.659s][info   ][gc,marking    ] GC(603) Concurrent Scan Root Regions 0.008ms
[45.659s][info   ][gc,marking    ] GC(603) Concurrent Mark (45.659s)
[45.659s][info   ][gc,marking    ] GC(603) Concurrent Mark From Roots
[45.659s][info   ][gc,task       ] GC(603) Using 2 workers of 2 for marking
[45.661s][info   ][gc,marking    ] GC(603) Concurrent Mark From Roots 1.450ms
[45.661s][info   ][gc,marking    ] GC(603) Concurrent Preclean
[45.661s][info   ][gc,marking    ] GC(603) Concurrent Preclean 0.034ms
[45.661s][info   ][gc,marking    ] GC(603) Concurrent Mark (45.659s, 45.661s) 1.528ms
[45.661s][info   ][gc,start      ] GC(603) Pause Remark
[45.661s][info   ][gc,stringtable] GC(603) Cleaned string and symbol table, strings: 1384 processed, 0 removed, symbols: 16327 processed, 0 removed
[45.662s][info   ][gc            ] GC(603) Pause Remark 169M->169M(256M) 0.552ms
[45.662s][info   ][gc,cpu        ] GC(603) User=0.00s Sys=0.00s Real=0.00s
[45.662s][info   ][gc,marking    ] GC(603) Concurrent Rebuild Remembered Sets
[45.663s][info   ][gc,marking    ] GC(603) Concurrent Rebuild Remembered Sets 1.045ms
[45.663s][info   ][gc,start      ] GC(603) Pause Cleanup
[45.663s][info   ][gc            ] GC(603) Pause Cleanup 169M->169M(256M) 0.074ms
[45.663s][info   ][gc,cpu        ] GC(603) User=0.00s Sys=0.00s Real=0.00s
[45.663s][info   ][gc,marking    ] GC(603) Concurrent Cleanup for Next Mark
[45.663s][info   ][gc,marking    ] GC(603) Concurrent Cleanup for Next Mark 0.291ms
[45.663s][info   ][gc            ] GC(603) Concurrent Cycle 3.875ms
[45.712s][info   ][gc,start      ] GC(604) Pause Young (Concurrent Start) (G1 Humongous Allocation)
[45.712s][info   ][gc,task       ] GC(604) Using 6 workers of 9 for evacuation
[45.712s][info   ][gc,phases     ] GC(604)   Pre Evacuate Collection Set: 0.0ms
[45.713s][info   ][gc,phases     ] GC(604)   Evacuate Collection Set: 0.2ms
[45.713s][info   ][gc,phases     ] GC(604)   Post Evacuate Collection Set: 0.1ms
[45.713s][info   ][gc,phases     ] GC(604)   Other: 0.1ms
[45.713s][info   ][gc,heap       ] GC(604) Eden regions: 0->0(16)
[45.713s][info   ][gc,heap       ] GC(604) Survivor regions: 0->0(2)
[45.713s][info   ][gc,heap       ] GC(604) Old regions: 1->1
[45.713s][info   ][gc,heap       ] GC(604) Archive regions: 0->0
[45.713s][info   ][gc,heap       ] GC(604) Humongous regions: 169->168
[45.713s][info   ][gc,metaspace  ] GC(604) Metaspace: 3424K(4864K)->3424K(4864K) NonClass: 3120K(4352K)->3120K(4352K) Class: 304K(512K)->304K(512K)
[45.713s][info   ][gc            ] GC(604) Pause Young (Concurrent Start) (G1 Humongous Allocation) 169M->168M(256M) 0.544ms
[45.713s][info   ][gc,cpu        ] GC(604) User=0.00s Sys=0.00s Real=0.00s
[45.713s][info   ][gc            ] GC(605) Concurrent Cycle
[45.713s][info   ][gc,marking    ] GC(605) Concurrent Clear Claimed Marks
[45.713s][info   ][gc,marking    ] GC(605) Concurrent Clear Claimed Marks 0.010ms
[45.713s][info   ][gc,marking    ] GC(605) Concurrent Scan Root Regions
[45.713s][info   ][gc,marking    ] GC(605) Concurrent Scan Root Regions 0.019ms
[45.713s][info   ][gc,marking    ] GC(605) Concurrent Mark (45.713s)
[45.713s][info   ][gc,marking    ] GC(605) Concurrent Mark From Roots
[45.713s][info   ][gc,task       ] GC(605) Using 2 workers of 2 for marking
[45.714s][info   ][gc,marking    ] GC(605) Concurrent Mark From Roots 1.277ms
[45.714s][info   ][gc,marking    ] GC(605) Concurrent Preclean
[45.714s][info   ][gc,marking    ] GC(605) Concurrent Preclean 0.039ms
[45.714s][info   ][gc,marking    ] GC(605) Concurrent Mark (45.713s, 45.714s) 1.366ms
[45.714s][info   ][gc,start      ] GC(605) Pause Remark
[45.715s][info   ][gc,stringtable] GC(605) Cleaned string and symbol table, strings: 1384 processed, 0 removed, symbols: 16327 processed, 0 removed
[45.715s][info   ][gc            ] GC(605) Pause Remark 169M->169M(256M) 0.530ms
[45.715s][info   ][gc,cpu        ] GC(605) User=0.00s Sys=0.00s Real=0.00s
[45.715s][info   ][gc,marking    ] GC(605) Concurrent Rebuild Remembered Sets
[45.716s][info   ][gc,marking    ] GC(605) Concurrent Rebuild Remembered Sets 0.959ms
[45.716s][info   ][gc,start      ] GC(605) Pause Cleanup
[45.716s][info   ][gc            ] GC(605) Pause Cleanup 169M->169M(256M) 0.089ms
[45.716s][info   ][gc,cpu        ] GC(605) User=0.00s Sys=0.00s Real=0.00s
[45.716s][info   ][gc,marking    ] GC(605) Concurrent Cleanup for Next Mark
[45.716s][info   ][gc,marking    ] GC(605) Concurrent Cleanup for Next Mark 0.251ms
[45.716s][info   ][gc            ] GC(605) Concurrent Cycle 3.542ms
[45.769s][info   ][gc,start      ] GC(606) Pause Young (Concurrent Start) (G1 Humongous Allocation)
[45.769s][info   ][gc,task       ] GC(606) Using 6 workers of 9 for evacuation
[45.770s][info   ][gc,phases     ] GC(606)   Pre Evacuate Collection Set: 0.1ms
[45.770s][info   ][gc,phases     ] GC(606)   Evacuate Collection Set: 0.3ms
[45.770s][info   ][gc,phases     ] GC(606)   Post Evacuate Collection Set: 0.1ms
[45.770s][info   ][gc,phases     ] GC(606)   Other: 0.4ms
[45.770s][info   ][gc,heap       ] GC(606) Eden regions: 0->0(16)
[45.770s][info   ][gc,heap       ] GC(606) Survivor regions: 0->0(2)
[45.770s][info   ][gc,heap       ] GC(606) Old regions: 1->1
[45.770s][info   ][gc,heap       ] GC(606) Archive regions: 0->0
[45.770s][info   ][gc,heap       ] GC(606) Humongous regions: 169->168
[45.770s][info   ][gc,metaspace  ] GC(606) Metaspace: 3424K(4864K)->3424K(4864K) NonClass: 3120K(4352K)->3120K(4352K) Class: 304K(512K)->304K(512K)
[45.770s][info   ][gc            ] GC(606) Pause Young (Concurrent Start) (G1 Humongous Allocation) 169M->168M(256M) 1.136ms
[45.770s][info   ][gc,cpu        ] GC(606) User=0.00s Sys=0.00s Real=0.01s
[45.770s][info   ][gc            ] GC(607) Concurrent Cycle
[45.770s][info   ][gc,marking    ] GC(607) Concurrent Clear Claimed Marks
[45.770s][info   ][gc,marking    ] GC(607) Concurrent Clear Claimed Marks 0.014ms
[45.770s][info   ][gc,marking    ] GC(607) Concurrent Scan Root Regions
[45.770s][info   ][gc,marking    ] GC(607) Concurrent Scan Root Regions 0.014ms
[45.770s][info   ][gc,marking    ] GC(607) Concurrent Mark (45.770s)
[45.770s][info   ][gc,marking    ] GC(607) Concurrent Mark From Roots
[45.770s][info   ][gc,task       ] GC(607) Using 2 workers of 2 for marking
[45.773s][info   ][gc,marking    ] GC(607) Concurrent Mark From Roots 2.766ms
[45.773s][info   ][gc,marking    ] GC(607) Concurrent Preclean
[45.773s][info   ][gc,marking    ] GC(607) Concurrent Preclean 0.034ms
[45.773s][info   ][gc,marking    ] GC(607) Concurrent Mark (45.770s, 45.773s) 2.859ms
[45.773s][info   ][gc,start      ] GC(607) Pause Remark
[45.773s][info   ][gc,stringtable] GC(607) Cleaned string and symbol table, strings: 1384 processed, 0 removed, symbols: 16327 processed, 0 removed
[45.773s][info   ][gc            ] GC(607) Pause Remark 171M->171M(256M) 0.544ms
[45.774s][info   ][gc,cpu        ] GC(607) User=0.00s Sys=0.01s Real=0.00s
[45.774s][info   ][gc,marking    ] GC(607) Concurrent Rebuild Remembered Sets
[45.775s][info   ][gc,marking    ] GC(607) Concurrent Rebuild Remembered Sets 1.018ms
[45.775s][info   ][gc,start      ] GC(607) Pause Cleanup
[45.775s][info   ][gc            ] GC(607) Pause Cleanup 171M->171M(256M) 0.124ms
[45.775s][info   ][gc,cpu        ] GC(607) User=0.00s Sys=0.00s Real=0.00s
[45.775s][info   ][gc,marking    ] GC(607) Concurrent Cleanup for Next Mark
[45.775s][info   ][gc,marking    ] GC(607) Concurrent Cleanup for Next Mark 0.328ms
[45.775s][info   ][gc            ] GC(607) Concurrent Cycle 5.275ms
[45.823s][info   ][gc,start      ] GC(608) Pause Young (Concurrent Start) (G1 Humongous Allocation)
[45.823s][info   ][gc,task       ] GC(608) Using 6 workers of 9 for evacuation
[45.825s][info   ][gc,phases     ] GC(608)   Pre Evacuate Collection Set: 0.1ms
[45.825s][info   ][gc,phases     ] GC(608)   Evacuate Collection Set: 0.8ms
[45.825s][info   ][gc,phases     ] GC(608)   Post Evacuate Collection Set: 0.5ms
[45.825s][info   ][gc,phases     ] GC(608)   Other: 0.5ms
[45.825s][info   ][gc,heap       ] GC(608) Eden regions: 0->0(16)
[45.825s][info   ][gc,heap       ] GC(608) Survivor regions: 0->0(2)
[45.825s][info   ][gc,heap       ] GC(608) Old regions: 1->1
[45.825s][info   ][gc,heap       ] GC(608) Archive regions: 0->0
[45.825s][info   ][gc,heap       ] GC(608) Humongous regions: 171->170
[45.825s][info   ][gc,metaspace  ] GC(608) Metaspace: 3424K(4864K)->3424K(4864K) NonClass: 3120K(4352K)->3120K(4352K) Class: 304K(512K)->304K(512K)
[45.825s][info   ][gc            ] GC(608) Pause Young (Concurrent Start) (G1 Humongous Allocation) 171M->170M(256M) 2.324ms
[45.825s][info   ][gc,cpu        ] GC(608) User=0.00s Sys=0.00s Real=0.00s
[45.825s][info   ][gc            ] GC(609) Concurrent Cycle
[45.825s][info   ][gc,marking    ] GC(609) Concurrent Clear Claimed Marks
[45.825s][info   ][gc,marking    ] GC(609) Concurrent Clear Claimed Marks 0.009ms
[45.825s][info   ][gc,marking    ] GC(609) Concurrent Scan Root Regions
[45.825s][info   ][gc,marking    ] GC(609) Concurrent Scan Root Regions 0.007ms
[45.825s][info   ][gc,marking    ] GC(609) Concurrent Mark (45.825s)
[45.825s][info   ][gc,marking    ] GC(609) Concurrent Mark From Roots
[45.825s][info   ][gc,task       ] GC(609) Using 2 workers of 2 for marking
[45.826s][info   ][gc,marking    ] GC(609) Concurrent Mark From Roots 1.257ms
[45.826s][info   ][gc,marking    ] GC(609) Concurrent Preclean
[45.827s][info   ][gc,marking    ] GC(609) Concurrent Preclean 0.034ms
[45.827s][info   ][gc,marking    ] GC(609) Concurrent Mark (45.825s, 45.827s) 1.322ms
[45.827s][info   ][gc,start      ] GC(609) Pause Remark
[45.827s][info   ][gc,stringtable] GC(609) Cleaned string and symbol table, strings: 1384 processed, 0 removed, symbols: 16327 processed, 0 removed
[45.827s][info   ][gc            ] GC(609) Pause Remark 171M->171M(256M) 0.509ms
[45.827s][info   ][gc,cpu        ] GC(609) User=0.00s Sys=0.00s Real=0.00s
[45.827s][info   ][gc,marking    ] GC(609) Concurrent Rebuild Remembered Sets
[45.828s][info   ][gc,marking    ] GC(609) Concurrent Rebuild Remembered Sets 0.981ms
[45.828s][info   ][gc,start      ] GC(609) Pause Cleanup
[45.828s][info   ][gc            ] GC(609) Pause Cleanup 171M->171M(256M) 0.080ms
[45.828s][info   ][gc,cpu        ] GC(609) User=0.00s Sys=0.00s Real=0.00s
[45.828s][info   ][gc,marking    ] GC(609) Concurrent Cleanup for Next Mark
[45.829s][info   ][gc,marking    ] GC(609) Concurrent Cleanup for Next Mark 0.284ms
[45.829s][info   ][gc            ] GC(609) Concurrent Cycle 3.542ms
[45.881s][info   ][gc,start      ] GC(610) Pause Young (Concurrent Start) (G1 Humongous Allocation)
[45.881s][info   ][gc,task       ] GC(610) Using 6 workers of 9 for evacuation
[45.882s][info   ][gc,phases     ] GC(610)   Pre Evacuate Collection Set: 0.2ms
[45.882s][info   ][gc,phases     ] GC(610)   Evacuate Collection Set: 0.6ms
[45.882s][info   ][gc,phases     ] GC(610)   Post Evacuate Collection Set: 0.1ms
[45.882s][info   ][gc,phases     ] GC(610)   Other: 0.5ms
[45.882s][info   ][gc,heap       ] GC(610) Eden regions: 0->0(16)
[45.882s][info   ][gc,heap       ] GC(610) Survivor regions: 0->0(2)
[45.882s][info   ][gc,heap       ] GC(610) Old regions: 1->1
[45.882s][info   ][gc,heap       ] GC(610) Archive regions: 0->0
[45.882s][info   ][gc,heap       ] GC(610) Humongous regions: 171->170
[45.882s][info   ][gc,metaspace  ] GC(610) Metaspace: 3424K(4864K)->3424K(4864K) NonClass: 3120K(4352K)->3120K(4352K) Class: 304K(512K)->304K(512K)
[45.882s][info   ][gc            ] GC(610) Pause Young (Concurrent Start) (G1 Humongous Allocation) 171M->170M(256M) 1.693ms
[45.882s][info   ][gc,cpu        ] GC(610) User=0.00s Sys=0.00s Real=0.00s
[45.882s][info   ][gc            ] GC(611) Concurrent Cycle
[45.882s][info   ][gc,marking    ] GC(611) Concurrent Clear Claimed Marks
[45.882s][info   ][gc,marking    ] GC(611) Concurrent Clear Claimed Marks 0.015ms
[45.882s][info   ][gc,marking    ] GC(611) Concurrent Scan Root Regions
[45.882s][info   ][gc,marking    ] GC(611) Concurrent Scan Root Regions 0.010ms
[45.882s][info   ][gc,marking    ] GC(611) Concurrent Mark (45.882s)
[45.882s][info   ][gc,marking    ] GC(611) Concurrent Mark From Roots
[45.882s][info   ][gc,task       ] GC(611) Using 2 workers of 2 for marking
[45.885s][info   ][gc,marking    ] GC(611) Concurrent Mark From Roots 2.436ms
[45.885s][info   ][gc,marking    ] GC(611) Concurrent Preclean
[45.885s][info   ][gc,marking    ] GC(611) Concurrent Preclean 0.034ms
[45.885s][info   ][gc,marking    ] GC(611) Concurrent Mark (45.882s, 45.885s) 2.509ms
[45.885s][info   ][gc,start      ] GC(611) Pause Remark
[45.885s][info   ][gc,stringtable] GC(611) Cleaned string and symbol table, strings: 1384 processed, 0 removed, symbols: 16327 processed, 0 removed
[45.886s][info   ][gc            ] GC(611) Pause Remark 171M->171M(256M) 0.450ms
[45.886s][info   ][gc,cpu        ] GC(611) User=0.00s Sys=0.00s Real=0.00s
[45.886s][info   ][gc,marking    ] GC(611) Concurrent Rebuild Remembered Sets
[45.887s][info   ][gc,marking    ] GC(611) Concurrent Rebuild Remembered Sets 0.971ms
[45.887s][info   ][gc,start      ] GC(611) Pause Cleanup
[45.887s][info   ][gc            ] GC(611) Pause Cleanup 171M->171M(256M) 0.104ms
[45.887s][info   ][gc,cpu        ] GC(611) User=0.00s Sys=0.00s Real=0.00s
[45.887s][info   ][gc,marking    ] GC(611) Concurrent Cleanup for Next Mark
[45.887s][info   ][gc,marking    ] GC(611) Concurrent Cleanup for Next Mark 0.237ms
[45.887s][info   ][gc            ] GC(611) Concurrent Cycle 4.636ms
[45.933s][info   ][gc,start      ] GC(612) Pause Young (Concurrent Start) (G1 Humongous Allocation)
[45.933s][info   ][gc,task       ] GC(612) Using 6 workers of 9 for evacuation
[45.934s][info   ][gc,phases     ] GC(612)   Pre Evacuate Collection Set: 0.1ms
[45.934s][info   ][gc,phases     ] GC(612)   Evacuate Collection Set: 0.4ms
[45.934s][info   ][gc,phases     ] GC(612)   Post Evacuate Collection Set: 0.1ms
[45.934s][info   ][gc,phases     ] GC(612)   Other: 0.4ms
[45.934s][info   ][gc,heap       ] GC(612) Eden regions: 0->0(16)
[45.934s][info   ][gc,heap       ] GC(612) Survivor regions: 0->0(2)
[45.934s][info   ][gc,heap       ] GC(612) Old regions: 1->1
[45.934s][info   ][gc,heap       ] GC(612) Archive regions: 0->0
[45.934s][info   ][gc,heap       ] GC(612) Humongous regions: 171->170
[45.934s][info   ][gc,metaspace  ] GC(612) Metaspace: 3424K(4864K)->3424K(4864K) NonClass: 3120K(4352K)->3120K(4352K) Class: 304K(512K)->304K(512K)
[45.934s][info   ][gc            ] GC(612) Pause Young (Concurrent Start) (G1 Humongous Allocation) 171M->170M(256M) 1.099ms
[45.934s][info   ][gc,cpu        ] GC(612) User=0.00s Sys=0.00s Real=0.00s
[45.934s][info   ][gc            ] GC(613) Concurrent Cycle
[45.934s][info   ][gc,marking    ] GC(613) Concurrent Clear Claimed Marks
[45.934s][info   ][gc,marking    ] GC(613) Concurrent Clear Claimed Marks 0.016ms
[45.934s][info   ][gc,marking    ] GC(613) Concurrent Scan Root Regions
[45.934s][info   ][gc,marking    ] GC(613) Concurrent Scan Root Regions 0.011ms
[45.934s][info   ][gc,marking    ] GC(613) Concurrent Mark (45.934s)
[45.934s][info   ][gc,marking    ] GC(613) Concurrent Mark From Roots
[45.934s][info   ][gc,task       ] GC(613) Using 2 workers of 2 for marking
[45.936s][info   ][gc,marking    ] GC(613) Concurrent Mark From Roots 2.146ms
[45.936s][info   ][gc,marking    ] GC(613) Concurrent Preclean
[45.936s][info   ][gc,marking    ] GC(613) Concurrent Preclean 0.041ms
[45.936s][info   ][gc,marking    ] GC(613) Concurrent Mark (45.934s, 45.936s) 2.274ms
[45.936s][info   ][gc,start      ] GC(613) Pause Remark
[45.938s][info   ][gc,stringtable] GC(613) Cleaned string and symbol table, strings: 1384 processed, 0 removed, symbols: 16327 processed, 0 removed
[45.938s][info   ][gc            ] GC(613) Pause Remark 171M->171M(256M) 1.323ms
[45.938s][info   ][gc,cpu        ] GC(613) User=0.00s Sys=0.00s Real=0.00s
[45.938s][info   ][gc,marking    ] GC(613) Concurrent Rebuild Remembered Sets
[45.939s][info   ][gc,marking    ] GC(613) Concurrent Rebuild Remembered Sets 0.956ms
[45.939s][info   ][gc,start      ] GC(613) Pause Cleanup
[45.939s][info   ][gc            ] GC(613) Pause Cleanup 171M->171M(256M) 0.089ms
[45.939s][info   ][gc,cpu        ] GC(613) User=0.00s Sys=0.00s Real=0.00s
[45.939s][info   ][gc,marking    ] GC(613) Concurrent Cleanup for Next Mark
[45.939s][info   ][gc,marking    ] GC(613) Concurrent Cleanup for Next Mark 0.269ms
[45.939s][info   ][gc            ] GC(613) Concurrent Cycle 5.283ms
[45.989s][info   ][gc,start      ] GC(614) Pause Young (Concurrent Start) (G1 Humongous Allocation)
[45.989s][info   ][gc,task       ] GC(614) Using 6 workers of 9 for evacuation
[45.989s][info   ][gc,phases     ] GC(614)   Pre Evacuate Collection Set: 0.0ms
[45.989s][info   ][gc,phases     ] GC(614)   Evacuate Collection Set: 0.1ms
[45.989s][info   ][gc,phases     ] GC(614)   Post Evacuate Collection Set: 0.0ms
[45.989s][info   ][gc,phases     ] GC(614)   Other: 0.1ms
[45.989s][info   ][gc,heap       ] GC(614) Eden regions: 0->0(16)
[45.989s][info   ][gc,heap       ] GC(614) Survivor regions: 0->0(2)
[45.989s][info   ][gc,heap       ] GC(614) Old regions: 1->1
[45.989s][info   ][gc,heap       ] GC(614) Archive regions: 0->0
[45.989s][info   ][gc,heap       ] GC(614) Humongous regions: 171->170
[45.989s][info   ][gc,metaspace  ] GC(614) Metaspace: 3424K(4864K)->3424K(4864K) NonClass: 3120K(4352K)->3120K(4352K) Class: 304K(512K)->304K(512K)
[45.989s][info   ][gc            ] GC(614) Pause Young (Concurrent Start) (G1 Humongous Allocation) 171M->170M(256M) 0.330ms
[45.989s][info   ][gc,cpu        ] GC(614) User=0.00s Sys=0.00s Real=0.00s
[45.989s][info   ][gc            ] GC(615) Concurrent Cycle
[45.989s][info   ][gc,marking    ] GC(615) Concurrent Clear Claimed Marks
[45.989s][info   ][gc,marking    ] GC(615) Concurrent Clear Claimed Marks 0.005ms
[45.989s][info   ][gc,marking    ] GC(615) Concurrent Scan Root Regions
[45.989s][info   ][gc,marking    ] GC(615) Concurrent Scan Root Regions 0.004ms
[45.989s][info   ][gc,marking    ] GC(615) Concurrent Mark (45.989s)
[45.989s][info   ][gc,marking    ] GC(615) Concurrent Mark From Roots
[45.990s][info   ][gc,task       ] GC(615) Using 2 workers of 2 for marking
[45.990s][info   ][gc,marking    ] GC(615) Concurrent Mark From Roots 0.598ms
[45.990s][info   ][gc,marking    ] GC(615) Concurrent Preclean
[45.990s][info   ][gc,marking    ] GC(615) Concurrent Preclean 0.016ms
[45.990s][info   ][gc,marking    ] GC(615) Concurrent Mark (45.989s, 45.990s) 0.627ms
[45.990s][info   ][gc,start      ] GC(615) Pause Remark
[45.990s][info   ][gc,stringtable] GC(615) Cleaned string and symbol table, strings: 1384 processed, 0 removed, symbols: 16327 processed, 0 removed
[45.991s][info   ][gc            ] GC(615) Pause Remark 171M->171M(256M) 0.363ms
[45.991s][info   ][gc,cpu        ] GC(615) User=0.00s Sys=0.00s Real=0.00s
[45.991s][info   ][gc,marking    ] GC(615) Concurrent Rebuild Remembered Sets
[45.991s][info   ][gc,marking    ] GC(615) Concurrent Rebuild Remembered Sets 0.419ms
[45.991s][info   ][gc,start      ] GC(615) Pause Cleanup
[45.991s][info   ][gc            ] GC(615) Pause Cleanup 171M->171M(256M) 0.062ms
[45.991s][info   ][gc,cpu        ] GC(615) User=0.00s Sys=0.00s Real=0.00s
[45.991s][info   ][gc,marking    ] GC(615) Concurrent Cleanup for Next Mark
[45.991s][info   ][gc,marking    ] GC(615) Concurrent Cleanup for Next Mark 0.154ms
[45.991s][info   ][gc            ] GC(615) Concurrent Cycle 1.816ms
[46.045s][info   ][gc,start      ] GC(616) Pause Young (Concurrent Start) (G1 Humongous Allocation)
[46.045s][info   ][gc,task       ] GC(616) Using 6 workers of 9 for evacuation
[46.045s][info   ][gc,phases     ] GC(616)   Pre Evacuate Collection Set: 0.0ms
[46.045s][info   ][gc,phases     ] GC(616)   Evacuate Collection Set: 0.2ms
[46.045s][info   ][gc,phases     ] GC(616)   Post Evacuate Collection Set: 0.1ms
[46.045s][info   ][gc,phases     ] GC(616)   Other: 0.1ms
[46.045s][info   ][gc,heap       ] GC(616) Eden regions: 0->0(16)
[46.045s][info   ][gc,heap       ] GC(616) Survivor regions: 0->0(2)
[46.045s][info   ][gc,heap       ] GC(616) Old regions: 1->1
[46.045s][info   ][gc,heap       ] GC(616) Archive regions: 0->0
[46.045s][info   ][gc,heap       ] GC(616) Humongous regions: 171->170
[46.045s][info   ][gc,metaspace  ] GC(616) Metaspace: 3424K(4864K)->3424K(4864K) NonClass: 3120K(4352K)->3120K(4352K) Class: 304K(512K)->304K(512K)
[46.045s][info   ][gc            ] GC(616) Pause Young (Concurrent Start) (G1 Humongous Allocation) 171M->170M(256M) 0.495ms
[46.045s][info   ][gc,cpu        ] GC(616) User=0.00s Sys=0.00s Real=0.00s
[46.045s][info   ][gc            ] GC(617) Concurrent Cycle
[46.045s][info   ][gc,marking    ] GC(617) Concurrent Clear Claimed Marks
[46.045s][info   ][gc,marking    ] GC(617) Concurrent Clear Claimed Marks 0.011ms
[46.045s][info   ][gc,marking    ] GC(617) Concurrent Scan Root Regions
[46.045s][info   ][gc,marking    ] GC(617) Concurrent Scan Root Regions 0.006ms
[46.045s][info   ][gc,marking    ] GC(617) Concurrent Mark (46.045s)
[46.045s][info   ][gc,marking    ] GC(617) Concurrent Mark From Roots
[46.045s][info   ][gc,task       ] GC(617) Using 2 workers of 2 for marking
[46.046s][info   ][gc,marking    ] GC(617) Concurrent Mark From Roots 0.882ms
[46.046s][info   ][gc,marking    ] GC(617) Concurrent Preclean
[46.046s][info   ][gc,marking    ] GC(617) Concurrent Preclean 0.023ms
[46.046s][info   ][gc,marking    ] GC(617) Concurrent Mark (46.045s, 46.046s) 0.930ms
[46.046s][info   ][gc,start      ] GC(617) Pause Remark
[46.046s][info   ][gc,stringtable] GC(617) Cleaned string and symbol table, strings: 1384 processed, 0 removed, symbols: 16327 processed, 0 removed
[46.047s][info   ][gc            ] GC(617) Pause Remark 171M->171M(256M) 0.363ms
[46.047s][info   ][gc,cpu        ] GC(617) User=0.00s Sys=0.00s Real=0.00s
[46.047s][info   ][gc,marking    ] GC(617) Concurrent Rebuild Remembered Sets
[46.047s][info   ][gc,marking    ] GC(617) Concurrent Rebuild Remembered Sets 0.686ms
[46.047s][info   ][gc,start      ] GC(617) Pause Cleanup
[46.047s][info   ][gc            ] GC(617) Pause Cleanup 171M->171M(256M) 0.062ms
[46.047s][info   ][gc,cpu        ] GC(617) User=0.00s Sys=0.00s Real=0.00s
[46.047s][info   ][gc,marking    ] GC(617) Concurrent Cleanup for Next Mark
[46.048s][info   ][gc,marking    ] GC(617) Concurrent Cleanup for Next Mark 0.149ms
[46.048s][info   ][gc            ] GC(617) Concurrent Cycle 2.432ms
[46.100s][info   ][gc,start      ] GC(618) Pause Young (Concurrent Start) (G1 Humongous Allocation)
[46.100s][info   ][gc,task       ] GC(618) Using 6 workers of 9 for evacuation
[46.101s][info   ][gc,phases     ] GC(618)   Pre Evacuate Collection Set: 0.1ms
[46.101s][info   ][gc,phases     ] GC(618)   Evacuate Collection Set: 0.5ms
[46.101s][info   ][gc,phases     ] GC(618)   Post Evacuate Collection Set: 0.1ms
[46.101s][info   ][gc,phases     ] GC(618)   Other: 0.3ms
[46.101s][info   ][gc,heap       ] GC(618) Eden regions: 0->0(16)
[46.101s][info   ][gc,heap       ] GC(618) Survivor regions: 0->0(2)
[46.101s][info   ][gc,heap       ] GC(618) Old regions: 1->1
[46.101s][info   ][gc,heap       ] GC(618) Archive regions: 0->0
[46.101s][info   ][gc,heap       ] GC(618) Humongous regions: 171->170
[46.101s][info   ][gc,metaspace  ] GC(618) Metaspace: 3424K(4864K)->3424K(4864K) NonClass: 3120K(4352K)->3120K(4352K) Class: 304K(512K)->304K(512K)
[46.101s][info   ][gc            ] GC(618) Pause Young (Concurrent Start) (G1 Humongous Allocation) 171M->170M(256M) 1.049ms
[46.101s][info   ][gc,cpu        ] GC(618) User=0.00s Sys=0.00s Real=0.00s
[46.101s][info   ][gc            ] GC(619) Concurrent Cycle
[46.101s][info   ][gc,marking    ] GC(619) Concurrent Clear Claimed Marks
[46.102s][info   ][gc,marking    ] GC(619) Concurrent Clear Claimed Marks 0.018ms
[46.102s][info   ][gc,marking    ] GC(619) Concurrent Scan Root Regions
[46.102s][info   ][gc,marking    ] GC(619) Concurrent Scan Root Regions 0.013ms
[46.102s][info   ][gc,marking    ] GC(619) Concurrent Mark (46.102s)
[46.102s][info   ][gc,marking    ] GC(619) Concurrent Mark From Roots
[46.102s][info   ][gc,task       ] GC(619) Using 2 workers of 2 for marking
[46.103s][info   ][gc,marking    ] GC(619) Concurrent Mark From Roots 1.584ms
[46.103s][info   ][gc,marking    ] GC(619) Concurrent Preclean
[46.103s][info   ][gc,marking    ] GC(619) Concurrent Preclean 0.035ms
[46.103s][info   ][gc,marking    ] GC(619) Concurrent Mark (46.102s, 46.103s) 1.688ms
[46.103s][info   ][gc,start      ] GC(619) Pause Remark
[46.104s][info   ][gc,stringtable] GC(619) Cleaned string and symbol table, strings: 1384 processed, 0 removed, symbols: 16327 processed, 0 removed
[46.104s][info   ][gc            ] GC(619) Pause Remark 171M->171M(256M) 0.547ms
[46.104s][info   ][gc,cpu        ] GC(619) User=0.00s Sys=0.00s Real=0.00s
[46.104s][info   ][gc,marking    ] GC(619) Concurrent Rebuild Remembered Sets
[46.105s][info   ][gc,marking    ] GC(619) Concurrent Rebuild Remembered Sets 1.010ms
[46.105s][info   ][gc,start      ] GC(619) Pause Cleanup
[46.105s][info   ][gc            ] GC(619) Pause Cleanup 171M->171M(256M) 0.081ms
[46.105s][info   ][gc,cpu        ] GC(619) User=0.00s Sys=0.00s Real=0.00s
[46.105s][info   ][gc,marking    ] GC(619) Concurrent Cleanup for Next Mark
[46.105s][info   ][gc,marking    ] GC(619) Concurrent Cleanup for Next Mark 0.248ms
[46.105s][info   ][gc            ] GC(619) Concurrent Cycle 3.999ms
[46.154s][info   ][gc,start      ] GC(620) Pause Young (Concurrent Start) (G1 Humongous Allocation)
[46.154s][info   ][gc,task       ] GC(620) Using 6 workers of 9 for evacuation
[46.155s][info   ][gc,phases     ] GC(620)   Pre Evacuate Collection Set: 0.1ms
[46.155s][info   ][gc,phases     ] GC(620)   Evacuate Collection Set: 0.3ms
[46.155s][info   ][gc,phases     ] GC(620)   Post Evacuate Collection Set: 0.1ms
[46.155s][info   ][gc,phases     ] GC(620)   Other: 0.4ms
[46.155s][info   ][gc,heap       ] GC(620) Eden regions: 0->0(16)
[46.155s][info   ][gc,heap       ] GC(620) Survivor regions: 0->0(2)
[46.155s][info   ][gc,heap       ] GC(620) Old regions: 1->1
[46.155s][info   ][gc,heap       ] GC(620) Archive regions: 0->0
[46.155s][info   ][gc,heap       ] GC(620) Humongous regions: 171->170
[46.155s][info   ][gc,metaspace  ] GC(620) Metaspace: 3424K(4864K)->3424K(4864K) NonClass: 3120K(4352K)->3120K(4352K) Class: 304K(512K)->304K(512K)
[46.155s][info   ][gc            ] GC(620) Pause Young (Concurrent Start) (G1 Humongous Allocation) 171M->170M(256M) 1.077ms
[46.155s][info   ][gc,cpu        ] GC(620) User=0.00s Sys=0.00s Real=0.00s
[46.155s][info   ][gc            ] GC(621) Concurrent Cycle
[46.155s][info   ][gc,marking    ] GC(621) Concurrent Clear Claimed Marks
[46.156s][info   ][gc,marking    ] GC(621) Concurrent Clear Claimed Marks 0.015ms
[46.156s][info   ][gc,marking    ] GC(621) Concurrent Scan Root Regions
[46.156s][info   ][gc,marking    ] GC(621) Concurrent Scan Root Regions 0.013ms
[46.156s][info   ][gc,marking    ] GC(621) Concurrent Mark (46.156s)
[46.156s][info   ][gc,marking    ] GC(621) Concurrent Mark From Roots
[46.156s][info   ][gc,task       ] GC(621) Using 2 workers of 2 for marking
[46.157s][info   ][gc,marking    ] GC(621) Concurrent Mark From Roots 1.747ms
[46.157s][info   ][gc,marking    ] GC(621) Concurrent Preclean
[46.157s][info   ][gc,marking    ] GC(621) Concurrent Preclean 0.040ms
[46.157s][info   ][gc,marking    ] GC(621) Concurrent Mark (46.156s, 46.157s) 1.831ms
[46.157s][info   ][gc,start      ] GC(621) Pause Remark
[46.158s][info   ][gc,stringtable] GC(621) Cleaned string and symbol table, strings: 1384 processed, 0 removed, symbols: 16327 processed, 0 removed
[46.158s][info   ][gc            ] GC(621) Pause Remark 171M->171M(256M) 0.955ms
[46.158s][info   ][gc,cpu        ] GC(621) User=0.00s Sys=0.01s Real=0.00s
[46.158s][info   ][gc,marking    ] GC(621) Concurrent Rebuild Remembered Sets
[46.160s][info   ][gc,marking    ] GC(621) Concurrent Rebuild Remembered Sets 1.086ms
[46.160s][info   ][gc,start      ] GC(621) Pause Cleanup
[46.160s][info   ][gc            ] GC(621) Pause Cleanup 171M->171M(256M) 0.097ms
[46.160s][info   ][gc,cpu        ] GC(621) User=0.00s Sys=0.00s Real=0.00s
[46.160s][info   ][gc,marking    ] GC(621) Concurrent Cleanup for Next Mark
[46.160s][info   ][gc,marking    ] GC(621) Concurrent Cleanup for Next Mark 0.265ms
[46.160s][info   ][gc            ] GC(621) Concurrent Cycle 4.613ms
[46.210s][info   ][gc,start      ] GC(622) Pause Young (Concurrent Start) (G1 Humongous Allocation)
[46.210s][info   ][gc,task       ] GC(622) Using 6 workers of 9 for evacuation
[46.212s][info   ][gc,phases     ] GC(622)   Pre Evacuate Collection Set: 0.1ms
[46.212s][info   ][gc,phases     ] GC(622)   Evacuate Collection Set: 1.1ms
[46.212s][info   ][gc,phases     ] GC(622)   Post Evacuate Collection Set: 0.1ms
[46.212s][info   ][gc,phases     ] GC(622)   Other: 0.4ms
[46.212s][info   ][gc,heap       ] GC(622) Eden regions: 0->0(16)
[46.212s][info   ][gc,heap       ] GC(622) Survivor regions: 0->0(2)
[46.212s][info   ][gc,heap       ] GC(622) Old regions: 1->1
[46.212s][info   ][gc,heap       ] GC(622) Archive regions: 0->0
[46.212s][info   ][gc,heap       ] GC(622) Humongous regions: 171->170
[46.212s][info   ][gc,metaspace  ] GC(622) Metaspace: 3424K(4864K)->3424K(4864K) NonClass: 3120K(4352K)->3120K(4352K) Class: 304K(512K)->304K(512K)
[46.212s][info   ][gc            ] GC(622) Pause Young (Concurrent Start) (G1 Humongous Allocation) 171M->170M(256M) 2.023ms
[46.212s][info   ][gc,cpu        ] GC(622) User=0.00s Sys=0.00s Real=0.00s
[46.212s][info   ][gc            ] GC(623) Concurrent Cycle
[46.212s][info   ][gc,marking    ] GC(623) Concurrent Clear Claimed Marks
[46.212s][info   ][gc,marking    ] GC(623) Concurrent Clear Claimed Marks 0.016ms
[46.212s][info   ][gc,marking    ] GC(623) Concurrent Scan Root Regions
[46.212s][info   ][gc,marking    ] GC(623) Concurrent Scan Root Regions 0.009ms
[46.212s][info   ][gc,marking    ] GC(623) Concurrent Mark (46.212s)
[46.212s][info   ][gc,marking    ] GC(623) Concurrent Mark From Roots
[46.212s][info   ][gc,task       ] GC(623) Using 2 workers of 2 for marking
[46.214s][info   ][gc,marking    ] GC(623) Concurrent Mark From Roots 1.679ms
[46.214s][info   ][gc,marking    ] GC(623) Concurrent Preclean
[46.214s][info   ][gc,marking    ] GC(623) Concurrent Preclean 0.097ms
[46.214s][info   ][gc,marking    ] GC(623) Concurrent Mark (46.212s, 46.214s) 1.845ms
[46.214s][info   ][gc,start      ] GC(623) Pause Remark
[46.214s][info   ][gc,stringtable] GC(623) Cleaned string and symbol table, strings: 1384 processed, 0 removed, symbols: 16327 processed, 0 removed
[46.215s][info   ][gc            ] GC(623) Pause Remark 171M->171M(256M) 0.498ms
[46.215s][info   ][gc,cpu        ] GC(623) User=0.00s Sys=0.00s Real=0.00s
[46.215s][info   ][gc,marking    ] GC(623) Concurrent Rebuild Remembered Sets
[46.216s][info   ][gc,marking    ] GC(623) Concurrent Rebuild Remembered Sets 1.017ms
[46.216s][info   ][gc,start      ] GC(623) Pause Cleanup
[46.216s][info   ][gc            ] GC(623) Pause Cleanup 171M->171M(256M) 0.084ms
[46.216s][info   ][gc,cpu        ] GC(623) User=0.00s Sys=0.00s Real=0.00s
[46.216s][info   ][gc,marking    ] GC(623) Concurrent Cleanup for Next Mark
[46.216s][info   ][gc,marking    ] GC(623) Concurrent Cleanup for Next Mark 0.260ms
[46.216s][info   ][gc            ] GC(623) Concurrent Cycle 4.081ms
[46.267s][info   ][gc,start      ] GC(624) Pause Young (Concurrent Start) (G1 Humongous Allocation)
[46.267s][info   ][gc,task       ] GC(624) Using 6 workers of 9 for evacuation
[46.268s][info   ][gc,phases     ] GC(624)   Pre Evacuate Collection Set: 0.1ms
[46.268s][info   ][gc,phases     ] GC(624)   Evacuate Collection Set: 0.3ms
[46.268s][info   ][gc,phases     ] GC(624)   Post Evacuate Collection Set: 0.1ms
[46.268s][info   ][gc,phases     ] GC(624)   Other: 0.4ms
[46.268s][info   ][gc,heap       ] GC(624) Eden regions: 0->0(16)
[46.268s][info   ][gc,heap       ] GC(624) Survivor regions: 0->0(2)
[46.268s][info   ][gc,heap       ] GC(624) Old regions: 1->1
[46.268s][info   ][gc,heap       ] GC(624) Archive regions: 0->0
[46.268s][info   ][gc,heap       ] GC(624) Humongous regions: 171->170
[46.268s][info   ][gc,metaspace  ] GC(624) Metaspace: 3424K(4864K)->3424K(4864K) NonClass: 3120K(4352K)->3120K(4352K) Class: 304K(512K)->304K(512K)
[46.268s][info   ][gc            ] GC(624) Pause Young (Concurrent Start) (G1 Humongous Allocation) 171M->170M(256M) 0.971ms
[46.268s][info   ][gc,cpu        ] GC(624) User=0.01s Sys=0.00s Real=0.00s
[46.268s][info   ][gc            ] GC(625) Concurrent Cycle
[46.268s][info   ][gc,marking    ] GC(625) Concurrent Clear Claimed Marks
[46.268s][info   ][gc,marking    ] GC(625) Concurrent Clear Claimed Marks 0.016ms
[46.268s][info   ][gc,marking    ] GC(625) Concurrent Scan Root Regions
[46.268s][info   ][gc,marking    ] GC(625) Concurrent Scan Root Regions 0.010ms
[46.268s][info   ][gc,marking    ] GC(625) Concurrent Mark (46.268s)
[46.268s][info   ][gc,marking    ] GC(625) Concurrent Mark From Roots
[46.268s][info   ][gc,task       ] GC(625) Using 2 workers of 2 for marking
[46.270s][info   ][gc,marking    ] GC(625) Concurrent Mark From Roots 1.575ms
[46.270s][info   ][gc,marking    ] GC(625) Concurrent Preclean
[46.270s][info   ][gc,marking    ] GC(625) Concurrent Preclean 0.041ms
[46.270s][info   ][gc,marking    ] GC(625) Concurrent Mark (46.268s, 46.270s) 1.655ms
[46.270s][info   ][gc,start      ] GC(625) Pause Remark
[46.271s][info   ][gc,stringtable] GC(625) Cleaned string and symbol table, strings: 1384 processed, 0 removed, symbols: 16327 processed, 0 removed
[46.272s][info   ][gc            ] GC(625) Pause Remark 171M->171M(256M) 1.604ms
[46.272s][info   ][gc,cpu        ] GC(625) User=0.00s Sys=0.00s Real=0.00s
[46.272s][info   ][gc,marking    ] GC(625) Concurrent Rebuild Remembered Sets
[46.273s][info   ][gc,marking    ] GC(625) Concurrent Rebuild Remembered Sets 1.018ms
[46.273s][info   ][gc,start      ] GC(625) Pause Cleanup
[46.273s][info   ][gc            ] GC(625) Pause Cleanup 171M->171M(256M) 0.093ms
[46.273s][info   ][gc,cpu        ] GC(625) User=0.00s Sys=0.00s Real=0.00s
[46.273s][info   ][gc,marking    ] GC(625) Concurrent Cleanup for Next Mark
[46.273s][info   ][gc,marking    ] GC(625) Concurrent Cleanup for Next Mark 0.246ms
[46.273s][info   ][gc            ] GC(625) Concurrent Cycle 5.008ms
[46.322s][info   ][gc,start      ] GC(626) Pause Young (Concurrent Start) (G1 Humongous Allocation)
[46.322s][info   ][gc,task       ] GC(626) Using 6 workers of 9 for evacuation
[46.323s][info   ][gc,phases     ] GC(626)   Pre Evacuate Collection Set: 0.1ms
[46.323s][info   ][gc,phases     ] GC(626)   Evacuate Collection Set: 0.6ms
[46.323s][info   ][gc,phases     ] GC(626)   Post Evacuate Collection Set: 0.1ms
[46.323s][info   ][gc,phases     ] GC(626)   Other: 0.4ms
[46.323s][info   ][gc,heap       ] GC(626) Eden regions: 0->0(16)
[46.323s][info   ][gc,heap       ] GC(626) Survivor regions: 0->0(2)
[46.323s][info   ][gc,heap       ] GC(626) Old regions: 1->1
[46.323s][info   ][gc,heap       ] GC(626) Archive regions: 0->0
[46.323s][info   ][gc,heap       ] GC(626) Humongous regions: 171->170
[46.323s][info   ][gc,metaspace  ] GC(626) Metaspace: 3424K(4864K)->3424K(4864K) NonClass: 3120K(4352K)->3120K(4352K) Class: 304K(512K)->304K(512K)
[46.323s][info   ][gc            ] GC(626) Pause Young (Concurrent Start) (G1 Humongous Allocation) 171M->170M(256M) 1.396ms
[46.323s][info   ][gc,cpu        ] GC(626) User=0.00s Sys=0.00s Real=0.00s
[46.323s][info   ][gc            ] GC(627) Concurrent Cycle
[46.323s][info   ][gc,marking    ] GC(627) Concurrent Clear Claimed Marks
[46.323s][info   ][gc,marking    ] GC(627) Concurrent Clear Claimed Marks 0.014ms
[46.323s][info   ][gc,marking    ] GC(627) Concurrent Scan Root Regions
[46.323s][info   ][gc,marking    ] GC(627) Concurrent Scan Root Regions 0.012ms
[46.323s][info   ][gc,marking    ] GC(627) Concurrent Mark (46.323s)
[46.323s][info   ][gc,marking    ] GC(627) Concurrent Mark From Roots
[46.323s][info   ][gc,task       ] GC(627) Using 2 workers of 2 for marking
[46.325s][info   ][gc,marking    ] GC(627) Concurrent Mark From Roots 1.764ms
[46.325s][info   ][gc,marking    ] GC(627) Concurrent Preclean
[46.325s][info   ][gc,marking    ] GC(627) Concurrent Preclean 0.043ms
[46.325s][info   ][gc,marking    ] GC(627) Concurrent Mark (46.323s, 46.325s) 1.857ms
[46.325s][info   ][gc,start      ] GC(627) Pause Remark
[46.326s][info   ][gc,stringtable] GC(627) Cleaned string and symbol table, strings: 1384 processed, 0 removed, symbols: 16327 processed, 0 removed
[46.326s][info   ][gc            ] GC(627) Pause Remark 173M->173M(256M) 0.850ms
[46.326s][info   ][gc,cpu        ] GC(627) User=0.00s Sys=0.00s Real=0.00s
[46.326s][info   ][gc,marking    ] GC(627) Concurrent Rebuild Remembered Sets
[46.327s][info   ][gc,marking    ] GC(627) Concurrent Rebuild Remembered Sets 1.035ms
[46.327s][info   ][gc,start      ] GC(627) Pause Cleanup
[46.327s][info   ][gc            ] GC(627) Pause Cleanup 173M->173M(256M) 0.076ms
[46.327s][info   ][gc,cpu        ] GC(627) User=0.00s Sys=0.00s Real=0.00s
[46.327s][info   ][gc,marking    ] GC(627) Concurrent Cleanup for Next Mark
[46.328s][info   ][gc,marking    ] GC(627) Concurrent Cleanup for Next Mark 0.258ms
[46.328s][info   ][gc            ] GC(627) Concurrent Cycle 4.463ms
[46.380s][info   ][gc,start      ] GC(628) Pause Young (Concurrent Start) (G1 Humongous Allocation)
[46.380s][info   ][gc,task       ] GC(628) Using 6 workers of 9 for evacuation
[46.381s][info   ][gc,phases     ] GC(628)   Pre Evacuate Collection Set: 0.1ms
[46.381s][info   ][gc,phases     ] GC(628)   Evacuate Collection Set: 0.3ms
[46.381s][info   ][gc,phases     ] GC(628)   Post Evacuate Collection Set: 0.1ms
[46.381s][info   ][gc,phases     ] GC(628)   Other: 0.4ms
[46.381s][info   ][gc,heap       ] GC(628) Eden regions: 0->0(16)
[46.381s][info   ][gc,heap       ] GC(628) Survivor regions: 0->0(2)
[46.381s][info   ][gc,heap       ] GC(628) Old regions: 1->1
[46.381s][info   ][gc,heap       ] GC(628) Archive regions: 0->0
[46.381s][info   ][gc,heap       ] GC(628) Humongous regions: 173->172
[46.381s][info   ][gc,metaspace  ] GC(628) Metaspace: 3424K(4864K)->3424K(4864K) NonClass: 3120K(4352K)->3120K(4352K) Class: 304K(512K)->304K(512K)
[46.381s][info   ][gc            ] GC(628) Pause Young (Concurrent Start) (G1 Humongous Allocation) 173M->172M(256M) 1.262ms
[46.381s][info   ][gc,cpu        ] GC(628) User=0.00s Sys=0.00s Real=0.00s
[46.381s][info   ][gc            ] GC(629) Concurrent Cycle
[46.381s][info   ][gc,marking    ] GC(629) Concurrent Clear Claimed Marks
[46.381s][info   ][gc,marking    ] GC(629) Concurrent Clear Claimed Marks 0.019ms
[46.381s][info   ][gc,marking    ] GC(629) Concurrent Scan Root Regions
[46.381s][info   ][gc,marking    ] GC(629) Concurrent Scan Root Regions 0.011ms
[46.381s][info   ][gc,marking    ] GC(629) Concurrent Mark (46.381s)
[46.381s][info   ][gc,marking    ] GC(629) Concurrent Mark From Roots
[46.381s][info   ][gc,task       ] GC(629) Using 2 workers of 2 for marking
[46.383s][info   ][gc,marking    ] GC(629) Concurrent Mark From Roots 2.435ms
[46.384s][info   ][gc,marking    ] GC(629) Concurrent Preclean
[46.384s][info   ][gc,marking    ] GC(629) Concurrent Preclean 0.046ms
[46.384s][info   ][gc,marking    ] GC(629) Concurrent Mark (46.381s, 46.384s) 2.598ms
[46.384s][info   ][gc,start      ] GC(629) Pause Remark
[46.385s][info   ][gc,stringtable] GC(629) Cleaned string and symbol table, strings: 1384 processed, 0 removed, symbols: 16327 processed, 0 removed
[46.385s][info   ][gc            ] GC(629) Pause Remark 173M->173M(256M) 1.578ms
[46.385s][info   ][gc,cpu        ] GC(629) User=0.01s Sys=0.00s Real=0.00s
[46.385s][info   ][gc,marking    ] GC(629) Concurrent Rebuild Remembered Sets
[46.386s][info   ][gc,marking    ] GC(629) Concurrent Rebuild Remembered Sets 1.011ms
[46.386s][info   ][gc,start      ] GC(629) Pause Cleanup
[46.387s][info   ][gc            ] GC(629) Pause Cleanup 173M->173M(256M) 0.095ms
[46.387s][info   ][gc,cpu        ] GC(629) User=0.00s Sys=0.00s Real=0.00s
[46.387s][info   ][gc,marking    ] GC(629) Concurrent Cleanup for Next Mark
[46.387s][info   ][gc,marking    ] GC(629) Concurrent Cleanup for Next Mark 0.281ms
[46.387s][info   ][gc            ] GC(629) Concurrent Cycle 6.006ms
[46.436s][info   ][gc,start      ] GC(630) Pause Young (Concurrent Start) (G1 Humongous Allocation)
[46.436s][info   ][gc,task       ] GC(630) Using 6 workers of 9 for evacuation
[46.437s][info   ][gc,phases     ] GC(630)   Pre Evacuate Collection Set: 0.0ms
[46.437s][info   ][gc,phases     ] GC(630)   Evacuate Collection Set: 0.2ms
[46.437s][info   ][gc,phases     ] GC(630)   Post Evacuate Collection Set: 0.1ms
[46.437s][info   ][gc,phases     ] GC(630)   Other: 0.1ms
[46.437s][info   ][gc,heap       ] GC(630) Eden regions: 0->0(16)
[46.437s][info   ][gc,heap       ] GC(630) Survivor regions: 0->0(2)
[46.437s][info   ][gc,heap       ] GC(630) Old regions: 1->1
[46.437s][info   ][gc,heap       ] GC(630) Archive regions: 0->0
[46.437s][info   ][gc,heap       ] GC(630) Humongous regions: 173->172
[46.437s][info   ][gc,metaspace  ] GC(630) Metaspace: 3424K(4864K)->3424K(4864K) NonClass: 3120K(4352K)->3120K(4352K) Class: 304K(512K)->304K(512K)
[46.437s][info   ][gc            ] GC(630) Pause Young (Concurrent Start) (G1 Humongous Allocation) 173M->172M(256M) 0.707ms
[46.437s][info   ][gc,cpu        ] GC(630) User=0.00s Sys=0.00s Real=0.00s
[46.437s][info   ][gc            ] GC(631) Concurrent Cycle
[46.437s][info   ][gc,marking    ] GC(631) Concurrent Clear Claimed Marks
[46.437s][info   ][gc,marking    ] GC(631) Concurrent Clear Claimed Marks 0.010ms
[46.437s][info   ][gc,marking    ] GC(631) Concurrent Scan Root Regions
[46.437s][info   ][gc,marking    ] GC(631) Concurrent Scan Root Regions 0.008ms
[46.437s][info   ][gc,marking    ] GC(631) Concurrent Mark (46.437s)
[46.437s][info   ][gc,marking    ] GC(631) Concurrent Mark From Roots
[46.437s][info   ][gc,task       ] GC(631) Using 2 workers of 2 for marking
[46.438s][info   ][gc,marking    ] GC(631) Concurrent Mark From Roots 1.475ms
[46.438s][info   ][gc,marking    ] GC(631) Concurrent Preclean
[46.438s][info   ][gc,marking    ] GC(631) Concurrent Preclean 0.029ms
[46.438s][info   ][gc,marking    ] GC(631) Concurrent Mark (46.437s, 46.438s) 1.542ms
[46.439s][info   ][gc,start      ] GC(631) Pause Remark
[46.439s][info   ][gc,stringtable] GC(631) Cleaned string and symbol table, strings: 1384 processed, 0 removed, symbols: 16327 processed, 0 removed
[46.439s][info   ][gc            ] GC(631) Pause Remark 173M->173M(256M) 0.477ms
[46.439s][info   ][gc,cpu        ] GC(631) User=0.00s Sys=0.00s Real=0.00s
[46.439s][info   ][gc,marking    ] GC(631) Concurrent Rebuild Remembered Sets
[46.440s][info   ][gc,marking    ] GC(631) Concurrent Rebuild Remembered Sets 0.845ms
[46.440s][info   ][gc,start      ] GC(631) Pause Cleanup
[46.440s][info   ][gc            ] GC(631) Pause Cleanup 173M->173M(256M) 0.134ms
[46.440s][info   ][gc,cpu        ] GC(631) User=0.00s Sys=0.00s Real=0.00s
[46.440s][info   ][gc,marking    ] GC(631) Concurrent Cleanup for Next Mark
[46.440s][info   ][gc,marking    ] GC(631) Concurrent Cleanup for Next Mark 0.239ms
[46.440s][info   ][gc            ] GC(631) Concurrent Cycle 3.607ms
[46.489s][info   ][gc,start      ] GC(632) Pause Young (Concurrent Start) (G1 Humongous Allocation)
[46.489s][info   ][gc,task       ] GC(632) Using 6 workers of 9 for evacuation
[46.489s][info   ][gc,phases     ] GC(632)   Pre Evacuate Collection Set: 0.0ms
[46.489s][info   ][gc,phases     ] GC(632)   Evacuate Collection Set: 0.2ms
[46.489s][info   ][gc,phases     ] GC(632)   Post Evacuate Collection Set: 0.1ms
[46.489s][info   ][gc,phases     ] GC(632)   Other: 0.1ms
[46.489s][info   ][gc,heap       ] GC(632) Eden regions: 0->0(16)
[46.489s][info   ][gc,heap       ] GC(632) Survivor regions: 0->0(2)
[46.489s][info   ][gc,heap       ] GC(632) Old regions: 1->1
[46.489s][info   ][gc,heap       ] GC(632) Archive regions: 0->0
[46.489s][info   ][gc,heap       ] GC(632) Humongous regions: 173->172
[46.489s][info   ][gc,metaspace  ] GC(632) Metaspace: 3424K(4864K)->3424K(4864K) NonClass: 3120K(4352K)->3120K(4352K) Class: 304K(512K)->304K(512K)
[46.489s][info   ][gc            ] GC(632) Pause Young (Concurrent Start) (G1 Humongous Allocation) 173M->172M(256M) 0.428ms
[46.489s][info   ][gc,cpu        ] GC(632) User=0.00s Sys=0.00s Real=0.01s
[46.489s][info   ][gc            ] GC(633) Concurrent Cycle
[46.489s][info   ][gc,marking    ] GC(633) Concurrent Clear Claimed Marks
[46.489s][info   ][gc,marking    ] GC(633) Concurrent Clear Claimed Marks 0.007ms
[46.489s][info   ][gc,marking    ] GC(633) Concurrent Scan Root Regions
[46.489s][info   ][gc,marking    ] GC(633) Concurrent Scan Root Regions 0.006ms
[46.489s][info   ][gc,marking    ] GC(633) Concurrent Mark (46.489s)
[46.489s][info   ][gc,marking    ] GC(633) Concurrent Mark From Roots
[46.489s][info   ][gc,task       ] GC(633) Using 2 workers of 2 for marking
[46.490s][info   ][gc,marking    ] GC(633) Concurrent Mark From Roots 0.647ms
[46.490s][info   ][gc,marking    ] GC(633) Concurrent Preclean
[46.490s][info   ][gc,marking    ] GC(633) Concurrent Preclean 0.016ms
[46.490s][info   ][gc,marking    ] GC(633) Concurrent Mark (46.489s, 46.490s) 0.680ms
[46.490s][info   ][gc,start      ] GC(633) Pause Remark
[46.490s][info   ][gc,stringtable] GC(633) Cleaned string and symbol table, strings: 1384 processed, 0 removed, symbols: 16327 processed, 0 removed
[46.490s][info   ][gc            ] GC(633) Pause Remark 173M->173M(256M) 0.301ms
[46.490s][info   ][gc,cpu        ] GC(633) User=0.00s Sys=0.01s Real=0.00s
[46.490s][info   ][gc,marking    ] GC(633) Concurrent Rebuild Remembered Sets
[46.491s][info   ][gc,marking    ] GC(633) Concurrent Rebuild Remembered Sets 0.482ms
[46.491s][info   ][gc,start      ] GC(633) Pause Cleanup
[46.491s][info   ][gc            ] GC(633) Pause Cleanup 173M->173M(256M) 0.059ms
[46.491s][info   ][gc,cpu        ] GC(633) User=0.00s Sys=0.00s Real=0.00s
[46.491s][info   ][gc,marking    ] GC(633) Concurrent Cleanup for Next Mark
[46.491s][info   ][gc,marking    ] GC(633) Concurrent Cleanup for Next Mark 0.131ms
[46.491s][info   ][gc            ] GC(633) Concurrent Cycle 1.904ms
[46.544s][info   ][gc,start      ] GC(634) Pause Young (Concurrent Start) (G1 Humongous Allocation)
[46.544s][info   ][gc,task       ] GC(634) Using 6 workers of 9 for evacuation
[46.545s][info   ][gc,phases     ] GC(634)   Pre Evacuate Collection Set: 0.0ms
[46.545s][info   ][gc,phases     ] GC(634)   Evacuate Collection Set: 0.1ms
[46.545s][info   ][gc,phases     ] GC(634)   Post Evacuate Collection Set: 0.0ms
[46.545s][info   ][gc,phases     ] GC(634)   Other: 0.1ms
[46.545s][info   ][gc,heap       ] GC(634) Eden regions: 0->0(16)
[46.545s][info   ][gc,heap       ] GC(634) Survivor regions: 0->0(2)
[46.545s][info   ][gc,heap       ] GC(634) Old regions: 1->1
[46.545s][info   ][gc,heap       ] GC(634) Archive regions: 0->0
[46.545s][info   ][gc,heap       ] GC(634) Humongous regions: 173->172
[46.545s][info   ][gc,metaspace  ] GC(634) Metaspace: 3424K(4864K)->3424K(4864K) NonClass: 3120K(4352K)->3120K(4352K) Class: 304K(512K)->304K(512K)
[46.545s][info   ][gc            ] GC(634) Pause Young (Concurrent Start) (G1 Humongous Allocation) 173M->172M(256M) 0.378ms
[46.545s][info   ][gc,cpu        ] GC(634) User=0.00s Sys=0.00s Real=0.00s
[46.545s][info   ][gc            ] GC(635) Concurrent Cycle
[46.545s][info   ][gc,marking    ] GC(635) Concurrent Clear Claimed Marks
[46.545s][info   ][gc,marking    ] GC(635) Concurrent Clear Claimed Marks 0.008ms
[46.545s][info   ][gc,marking    ] GC(635) Concurrent Scan Root Regions
[46.545s][info   ][gc,marking    ] GC(635) Concurrent Scan Root Regions 0.004ms
[46.545s][info   ][gc,marking    ] GC(635) Concurrent Mark (46.545s)
[46.545s][info   ][gc,marking    ] GC(635) Concurrent Mark From Roots
[46.545s][info   ][gc,task       ] GC(635) Using 2 workers of 2 for marking
[46.545s][info   ][gc,marking    ] GC(635) Concurrent Mark From Roots 0.630ms
[46.545s][info   ][gc,marking    ] GC(635) Concurrent Preclean
[46.545s][info   ][gc,marking    ] GC(635) Concurrent Preclean 0.017ms
[46.545s][info   ][gc,marking    ] GC(635) Concurrent Mark (46.545s, 46.545s) 0.674ms
[46.545s][info   ][gc,start      ] GC(635) Pause Remark
[46.546s][info   ][gc,stringtable] GC(635) Cleaned string and symbol table, strings: 1384 processed, 0 removed, symbols: 16327 processed, 0 removed
[46.546s][info   ][gc            ] GC(635) Pause Remark 173M->173M(256M) 0.252ms
[46.546s][info   ][gc,cpu        ] GC(635) User=0.00s Sys=0.00s Real=0.00s
[46.546s][info   ][gc,marking    ] GC(635) Concurrent Rebuild Remembered Sets
[46.546s][info   ][gc,marking    ] GC(635) Concurrent Rebuild Remembered Sets 0.426ms
[46.546s][info   ][gc,start      ] GC(635) Pause Cleanup
[46.546s][info   ][gc            ] GC(635) Pause Cleanup 173M->173M(256M) 0.036ms
[46.546s][info   ][gc,cpu        ] GC(635) User=0.00s Sys=0.00s Real=0.00s
[46.546s][info   ][gc,marking    ] GC(635) Concurrent Cleanup for Next Mark
[46.546s][info   ][gc,marking    ] GC(635) Concurrent Cleanup for Next Mark 0.132ms
[46.546s][info   ][gc            ] GC(635) Concurrent Cycle 1.716ms
[46.597s][info   ][gc,start      ] GC(636) Pause Young (Concurrent Start) (G1 Humongous Allocation)
[46.597s][info   ][gc,task       ] GC(636) Using 6 workers of 9 for evacuation
[46.597s][info   ][gc,phases     ] GC(636)   Pre Evacuate Collection Set: 0.0ms
[46.598s][info   ][gc,phases     ] GC(636)   Evacuate Collection Set: 0.2ms
[46.598s][info   ][gc,phases     ] GC(636)   Post Evacuate Collection Set: 0.1ms
[46.598s][info   ][gc,phases     ] GC(636)   Other: 0.1ms
[46.598s][info   ][gc,heap       ] GC(636) Eden regions: 0->0(16)
[46.598s][info   ][gc,heap       ] GC(636) Survivor regions: 0->0(2)
[46.598s][info   ][gc,heap       ] GC(636) Old regions: 1->1
[46.598s][info   ][gc,heap       ] GC(636) Archive regions: 0->0
[46.598s][info   ][gc,heap       ] GC(636) Humongous regions: 173->172
[46.598s][info   ][gc,metaspace  ] GC(636) Metaspace: 3424K(4864K)->3424K(4864K) NonClass: 3120K(4352K)->3120K(4352K) Class: 304K(512K)->304K(512K)
[46.598s][info   ][gc            ] GC(636) Pause Young (Concurrent Start) (G1 Humongous Allocation) 173M->172M(256M) 0.486ms
[46.598s][info   ][gc,cpu        ] GC(636) User=0.00s Sys=0.00s Real=0.00s
[46.598s][info   ][gc            ] GC(637) Concurrent Cycle
[46.598s][info   ][gc,marking    ] GC(637) Concurrent Clear Claimed Marks
[46.598s][info   ][gc,marking    ] GC(637) Concurrent Clear Claimed Marks 0.013ms
[46.598s][info   ][gc,marking    ] GC(637) Concurrent Scan Root Regions
[46.598s][info   ][gc,marking    ] GC(637) Concurrent Scan Root Regions 0.004ms
[46.598s][info   ][gc,marking    ] GC(637) Concurrent Mark (46.598s)
[46.598s][info   ][gc,marking    ] GC(637) Concurrent Mark From Roots
[46.598s][info   ][gc,task       ] GC(637) Using 2 workers of 2 for marking
[46.598s][info   ][gc,marking    ] GC(637) Concurrent Mark From Roots 0.601ms
[46.598s][info   ][gc,marking    ] GC(637) Concurrent Preclean
[46.598s][info   ][gc,marking    ] GC(637) Concurrent Preclean 0.015ms
[46.598s][info   ][gc,marking    ] GC(637) Concurrent Mark (46.598s, 46.598s) 0.634ms
[46.598s][info   ][gc,start      ] GC(637) Pause Remark
[46.599s][info   ][gc,stringtable] GC(637) Cleaned string and symbol table, strings: 1384 processed, 0 removed, symbols: 16327 processed, 0 removed
[46.599s][info   ][gc            ] GC(637) Pause Remark 173M->173M(256M) 0.276ms
[46.599s][info   ][gc,cpu        ] GC(637) User=0.00s Sys=0.00s Real=0.00s
[46.599s][info   ][gc,marking    ] GC(637) Concurrent Rebuild Remembered Sets
[46.599s][info   ][gc,marking    ] GC(637) Concurrent Rebuild Remembered Sets 0.458ms
[46.599s][info   ][gc,start      ] GC(637) Pause Cleanup
[46.599s][info   ][gc            ] GC(637) Pause Cleanup 173M->173M(256M) 0.043ms
[46.599s][info   ][gc,cpu        ] GC(637) User=0.00s Sys=0.00s Real=0.00s
[46.599s][info   ][gc,marking    ] GC(637) Concurrent Cleanup for Next Mark
[46.599s][info   ][gc,marking    ] GC(637) Concurrent Cleanup for Next Mark 0.121ms
[46.599s][info   ][gc            ] GC(637) Concurrent Cycle 1.750ms
[46.653s][info   ][gc,start      ] GC(638) Pause Young (Concurrent Start) (G1 Humongous Allocation)
[46.653s][info   ][gc,task       ] GC(638) Using 6 workers of 9 for evacuation
[46.653s][info   ][gc,phases     ] GC(638)   Pre Evacuate Collection Set: 0.0ms
[46.653s][info   ][gc,phases     ] GC(638)   Evacuate Collection Set: 0.1ms
[46.653s][info   ][gc,phases     ] GC(638)   Post Evacuate Collection Set: 0.0ms
[46.653s][info   ][gc,phases     ] GC(638)   Other: 0.1ms
[46.653s][info   ][gc,heap       ] GC(638) Eden regions: 0->0(16)
[46.653s][info   ][gc,heap       ] GC(638) Survivor regions: 0->0(2)
[46.653s][info   ][gc,heap       ] GC(638) Old regions: 1->1
[46.653s][info   ][gc,heap       ] GC(638) Archive regions: 0->0
[46.653s][info   ][gc,heap       ] GC(638) Humongous regions: 173->172
[46.653s][info   ][gc,metaspace  ] GC(638) Metaspace: 3424K(4864K)->3424K(4864K) NonClass: 3120K(4352K)->3120K(4352K) Class: 304K(512K)->304K(512K)
[46.653s][info   ][gc            ] GC(638) Pause Young (Concurrent Start) (G1 Humongous Allocation) 173M->172M(256M) 0.328ms
[46.653s][info   ][gc,cpu        ] GC(638) User=0.00s Sys=0.00s Real=0.00s
[46.653s][info   ][gc            ] GC(639) Concurrent Cycle
[46.653s][info   ][gc,marking    ] GC(639) Concurrent Clear Claimed Marks
[46.653s][info   ][gc,marking    ] GC(639) Concurrent Clear Claimed Marks 0.004ms
[46.653s][info   ][gc,marking    ] GC(639) Concurrent Scan Root Regions
[46.653s][info   ][gc,marking    ] GC(639) Concurrent Scan Root Regions 0.003ms
[46.653s][info   ][gc,marking    ] GC(639) Concurrent Mark (46.653s)
[46.653s][info   ][gc,marking    ] GC(639) Concurrent Mark From Roots
[46.653s][info   ][gc,task       ] GC(639) Using 2 workers of 2 for marking
[46.654s][info   ][gc,marking    ] GC(639) Concurrent Mark From Roots 0.501ms
[46.654s][info   ][gc,marking    ] GC(639) Concurrent Preclean
[46.654s][info   ][gc,marking    ] GC(639) Concurrent Preclean 0.014ms
[46.654s][info   ][gc,marking    ] GC(639) Concurrent Mark (46.653s, 46.654s) 0.533ms
[46.654s][info   ][gc,start      ] GC(639) Pause Remark
[46.654s][info   ][gc,stringtable] GC(639) Cleaned string and symbol table, strings: 1384 processed, 0 removed, symbols: 16327 processed, 0 removed
[46.654s][info   ][gc            ] GC(639) Pause Remark 173M->173M(256M) 0.225ms
[46.654s][info   ][gc,cpu        ] GC(639) User=0.00s Sys=0.00s Real=0.00s
[46.654s][info   ][gc,marking    ] GC(639) Concurrent Rebuild Remembered Sets
[46.654s][info   ][gc,marking    ] GC(639) Concurrent Rebuild Remembered Sets 0.390ms
[46.654s][info   ][gc,start      ] GC(639) Pause Cleanup
[46.654s][info   ][gc            ] GC(639) Pause Cleanup 173M->173M(256M) 0.041ms
[46.654s][info   ][gc,cpu        ] GC(639) User=0.00s Sys=0.00s Real=0.00s
[46.654s][info   ][gc,marking    ] GC(639) Concurrent Cleanup for Next Mark
[46.655s][info   ][gc,marking    ] GC(639) Concurrent Cleanup for Next Mark 0.138ms
[46.655s][info   ][gc            ] GC(639) Concurrent Cycle 1.479ms
[46.708s][info   ][gc,start      ] GC(640) Pause Young (Concurrent Start) (G1 Humongous Allocation)
[46.708s][info   ][gc,task       ] GC(640) Using 6 workers of 9 for evacuation
[46.708s][info   ][gc,phases     ] GC(640)   Pre Evacuate Collection Set: 0.0ms
[46.708s][info   ][gc,phases     ] GC(640)   Evacuate Collection Set: 0.1ms
[46.708s][info   ][gc,phases     ] GC(640)   Post Evacuate Collection Set: 0.0ms
[46.708s][info   ][gc,phases     ] GC(640)   Other: 0.1ms
[46.708s][info   ][gc,heap       ] GC(640) Eden regions: 0->0(16)
[46.708s][info   ][gc,heap       ] GC(640) Survivor regions: 0->0(2)
[46.708s][info   ][gc,heap       ] GC(640) Old regions: 1->1
[46.708s][info   ][gc,heap       ] GC(640) Archive regions: 0->0
[46.708s][info   ][gc,heap       ] GC(640) Humongous regions: 173->172
[46.708s][info   ][gc,metaspace  ] GC(640) Metaspace: 3424K(4864K)->3424K(4864K) NonClass: 3120K(4352K)->3120K(4352K) Class: 304K(512K)->304K(512K)
[46.709s][info   ][gc            ] GC(640) Pause Young (Concurrent Start) (G1 Humongous Allocation) 173M->172M(256M) 0.257ms
[46.709s][info   ][gc,cpu        ] GC(640) User=0.00s Sys=0.00s Real=0.00s
[46.709s][info   ][gc            ] GC(641) Concurrent Cycle
[46.709s][info   ][gc,marking    ] GC(641) Concurrent Clear Claimed Marks
[46.709s][info   ][gc,marking    ] GC(641) Concurrent Clear Claimed Marks 0.003ms
[46.709s][info   ][gc,marking    ] GC(641) Concurrent Scan Root Regions
[46.709s][info   ][gc,marking    ] GC(641) Concurrent Scan Root Regions 0.003ms
[46.709s][info   ][gc,marking    ] GC(641) Concurrent Mark (46.709s)
[46.709s][info   ][gc,marking    ] GC(641) Concurrent Mark From Roots
[46.709s][info   ][gc,task       ] GC(641) Using 2 workers of 2 for marking
[46.709s][info   ][gc,marking    ] GC(641) Concurrent Mark From Roots 0.589ms
[46.709s][info   ][gc,marking    ] GC(641) Concurrent Preclean
[46.709s][info   ][gc,marking    ] GC(641) Concurrent Preclean 0.013ms
[46.709s][info   ][gc,marking    ] GC(641) Concurrent Mark (46.709s, 46.709s) 0.641ms
[46.709s][info   ][gc,start      ] GC(641) Pause Remark
[46.709s][info   ][gc,stringtable] GC(641) Cleaned string and symbol table, strings: 1384 processed, 0 removed, symbols: 16327 processed, 0 removed
[46.710s][info   ][gc            ] GC(641) Pause Remark 173M->173M(256M) 0.331ms
[46.710s][info   ][gc,cpu        ] GC(641) User=0.00s Sys=0.00s Real=0.00s
[46.710s][info   ][gc,marking    ] GC(641) Concurrent Rebuild Remembered Sets
[46.710s][info   ][gc,marking    ] GC(641) Concurrent Rebuild Remembered Sets 0.381ms
[46.710s][info   ][gc,start      ] GC(641) Pause Cleanup
[46.710s][info   ][gc            ] GC(641) Pause Cleanup 173M->173M(256M) 0.045ms
[46.710s][info   ][gc,cpu        ] GC(641) User=0.00s Sys=0.00s Real=0.00s
[46.710s][info   ][gc,marking    ] GC(641) Concurrent Cleanup for Next Mark
[46.710s][info   ][gc,marking    ] GC(641) Concurrent Cleanup for Next Mark 0.124ms
[46.710s][info   ][gc            ] GC(641) Concurrent Cycle 1.698ms
[46.764s][info   ][gc,start      ] GC(642) Pause Young (Concurrent Start) (G1 Humongous Allocation)
[46.764s][info   ][gc,task       ] GC(642) Using 6 workers of 9 for evacuation
[46.764s][info   ][gc,phases     ] GC(642)   Pre Evacuate Collection Set: 0.0ms
[46.764s][info   ][gc,phases     ] GC(642)   Evacuate Collection Set: 0.2ms
[46.764s][info   ][gc,phases     ] GC(642)   Post Evacuate Collection Set: 0.0ms
[46.764s][info   ][gc,phases     ] GC(642)   Other: 0.1ms
[46.764s][info   ][gc,heap       ] GC(642) Eden regions: 0->0(16)
[46.764s][info   ][gc,heap       ] GC(642) Survivor regions: 0->0(2)
[46.764s][info   ][gc,heap       ] GC(642) Old regions: 1->1
[46.764s][info   ][gc,heap       ] GC(642) Archive regions: 0->0
[46.764s][info   ][gc,heap       ] GC(642) Humongous regions: 173->172
[46.764s][info   ][gc,metaspace  ] GC(642) Metaspace: 3424K(4864K)->3424K(4864K) NonClass: 3120K(4352K)->3120K(4352K) Class: 304K(512K)->304K(512K)
[46.764s][info   ][gc            ] GC(642) Pause Young (Concurrent Start) (G1 Humongous Allocation) 173M->172M(256M) 0.444ms
[46.764s][info   ][gc,cpu        ] GC(642) User=0.00s Sys=0.00s Real=0.00s
[46.764s][info   ][gc            ] GC(643) Concurrent Cycle
[46.764s][info   ][gc,marking    ] GC(643) Concurrent Clear Claimed Marks
[46.764s][info   ][gc,marking    ] GC(643) Concurrent Clear Claimed Marks 0.005ms
[46.764s][info   ][gc,marking    ] GC(643) Concurrent Scan Root Regions
[46.764s][info   ][gc,marking    ] GC(643) Concurrent Scan Root Regions 0.003ms
[46.764s][info   ][gc,marking    ] GC(643) Concurrent Mark (46.764s)
[46.764s][info   ][gc,marking    ] GC(643) Concurrent Mark From Roots
[46.764s][info   ][gc,task       ] GC(643) Using 2 workers of 2 for marking
[46.765s][info   ][gc,marking    ] GC(643) Concurrent Mark From Roots 0.543ms
[46.765s][info   ][gc,marking    ] GC(643) Concurrent Preclean
[46.765s][info   ][gc,marking    ] GC(643) Concurrent Preclean 0.014ms
[46.765s][info   ][gc,marking    ] GC(643) Concurrent Mark (46.764s, 46.765s) 0.575ms
[46.765s][info   ][gc,start      ] GC(643) Pause Remark
[46.765s][info   ][gc,stringtable] GC(643) Cleaned string and symbol table, strings: 1384 processed, 0 removed, symbols: 16327 processed, 0 removed
[46.765s][info   ][gc            ] GC(643) Pause Remark 173M->173M(256M) 0.256ms
[46.765s][info   ][gc,cpu        ] GC(643) User=0.00s Sys=0.00s Real=0.00s
[46.765s][info   ][gc,marking    ] GC(643) Concurrent Rebuild Remembered Sets
[46.765s][info   ][gc,marking    ] GC(643) Concurrent Rebuild Remembered Sets 0.388ms
[46.766s][info   ][gc,start      ] GC(643) Pause Cleanup
[46.766s][info   ][gc            ] GC(643) Pause Cleanup 173M->173M(256M) 0.036ms
[46.766s][info   ][gc,cpu        ] GC(643) User=0.00s Sys=0.00s Real=0.00s
[46.766s][info   ][gc,marking    ] GC(643) Concurrent Cleanup for Next Mark
[46.766s][info   ][gc,marking    ] GC(643) Concurrent Cleanup for Next Mark 0.125ms
[46.766s][info   ][gc            ] GC(643) Concurrent Cycle 1.563ms
[46.819s][info   ][gc,start      ] GC(644) Pause Young (Concurrent Start) (G1 Humongous Allocation)
[46.819s][info   ][gc,task       ] GC(644) Using 6 workers of 9 for evacuation
[46.820s][info   ][gc,phases     ] GC(644)   Pre Evacuate Collection Set: 0.0ms
[46.820s][info   ][gc,phases     ] GC(644)   Evacuate Collection Set: 0.1ms
[46.820s][info   ][gc,phases     ] GC(644)   Post Evacuate Collection Set: 0.0ms
[46.820s][info   ][gc,phases     ] GC(644)   Other: 0.1ms
[46.820s][info   ][gc,heap       ] GC(644) Eden regions: 0->0(16)
[46.820s][info   ][gc,heap       ] GC(644) Survivor regions: 0->0(2)
[46.820s][info   ][gc,heap       ] GC(644) Old regions: 1->1
[46.820s][info   ][gc,heap       ] GC(644) Archive regions: 0->0
[46.820s][info   ][gc,heap       ] GC(644) Humongous regions: 173->172
[46.820s][info   ][gc,metaspace  ] GC(644) Metaspace: 3424K(4864K)->3424K(4864K) NonClass: 3120K(4352K)->3120K(4352K) Class: 304K(512K)->304K(512K)
[46.820s][info   ][gc            ] GC(644) Pause Young (Concurrent Start) (G1 Humongous Allocation) 173M->172M(256M) 0.260ms
[46.820s][info   ][gc,cpu        ] GC(644) User=0.00s Sys=0.00s Real=0.00s
[46.820s][info   ][gc            ] GC(645) Concurrent Cycle
[46.820s][info   ][gc,marking    ] GC(645) Concurrent Clear Claimed Marks
[46.820s][info   ][gc,marking    ] GC(645) Concurrent Clear Claimed Marks 0.005ms
[46.820s][info   ][gc,marking    ] GC(645) Concurrent Scan Root Regions
[46.820s][info   ][gc,marking    ] GC(645) Concurrent Scan Root Regions 0.003ms
[46.820s][info   ][gc,marking    ] GC(645) Concurrent Mark (46.820s)
[46.820s][info   ][gc,marking    ] GC(645) Concurrent Mark From Roots
[46.820s][info   ][gc,task       ] GC(645) Using 2 workers of 2 for marking
[46.820s][info   ][gc,marking    ] GC(645) Concurrent Mark From Roots 0.548ms
[46.820s][info   ][gc,marking    ] GC(645) Concurrent Preclean
[46.820s][info   ][gc,marking    ] GC(645) Concurrent Preclean 0.019ms
[46.820s][info   ][gc,marking    ] GC(645) Concurrent Mark (46.820s, 46.820s) 0.590ms
[46.820s][info   ][gc,start      ] GC(645) Pause Remark
[46.820s][info   ][gc,stringtable] GC(645) Cleaned string and symbol table, strings: 1384 processed, 0 removed, symbols: 16327 processed, 0 removed
[46.821s][info   ][gc            ] GC(645) Pause Remark 173M->173M(256M) 0.245ms
[46.821s][info   ][gc,cpu        ] GC(645) User=0.01s Sys=0.00s Real=0.00s
[46.821s][info   ][gc,marking    ] GC(645) Concurrent Rebuild Remembered Sets
[46.821s][info   ][gc,marking    ] GC(645) Concurrent Rebuild Remembered Sets 0.393ms
[46.821s][info   ][gc,start      ] GC(645) Pause Cleanup
[46.821s][info   ][gc            ] GC(645) Pause Cleanup 173M->173M(256M) 0.049ms
[46.821s][info   ][gc,cpu        ] GC(645) User=0.00s Sys=0.00s Real=0.00s
[46.821s][info   ][gc,marking    ] GC(645) Concurrent Cleanup for Next Mark
[46.821s][info   ][gc,marking    ] GC(645) Concurrent Cleanup for Next Mark 0.115ms
[46.821s][info   ][gc            ] GC(645) Concurrent Cycle 1.593ms
[46.875s][info   ][gc,start      ] GC(646) Pause Young (Concurrent Start) (G1 Humongous Allocation)
[46.875s][info   ][gc,task       ] GC(646) Using 6 workers of 9 for evacuation
[46.875s][info   ][gc,phases     ] GC(646)   Pre Evacuate Collection Set: 0.0ms
[46.875s][info   ][gc,phases     ] GC(646)   Evacuate Collection Set: 0.1ms
[46.875s][info   ][gc,phases     ] GC(646)   Post Evacuate Collection Set: 0.1ms
[46.875s][info   ][gc,phases     ] GC(646)   Other: 0.1ms
[46.875s][info   ][gc,heap       ] GC(646) Eden regions: 0->0(16)
[46.875s][info   ][gc,heap       ] GC(646) Survivor regions: 0->0(2)
[46.875s][info   ][gc,heap       ] GC(646) Old regions: 1->1
[46.875s][info   ][gc,heap       ] GC(646) Archive regions: 0->0
[46.875s][info   ][gc,heap       ] GC(646) Humongous regions: 173->172
[46.875s][info   ][gc,metaspace  ] GC(646) Metaspace: 3424K(4864K)->3424K(4864K) NonClass: 3120K(4352K)->3120K(4352K) Class: 304K(512K)->304K(512K)
[46.875s][info   ][gc            ] GC(646) Pause Young (Concurrent Start) (G1 Humongous Allocation) 173M->172M(256M) 0.379ms
[46.875s][info   ][gc,cpu        ] GC(646) User=0.00s Sys=0.00s Real=0.00s
[46.875s][info   ][gc            ] GC(647) Concurrent Cycle
[46.875s][info   ][gc,marking    ] GC(647) Concurrent Clear Claimed Marks
[46.875s][info   ][gc,marking    ] GC(647) Concurrent Clear Claimed Marks 0.003ms
[46.875s][info   ][gc,marking    ] GC(647) Concurrent Scan Root Regions
[46.875s][info   ][gc,marking    ] GC(647) Concurrent Scan Root Regions 0.003ms
[46.875s][info   ][gc,marking    ] GC(647) Concurrent Mark (46.875s)
[46.875s][info   ][gc,marking    ] GC(647) Concurrent Mark From Roots
[46.875s][info   ][gc,task       ] GC(647) Using 2 workers of 2 for marking
[46.876s][info   ][gc,marking    ] GC(647) Concurrent Mark From Roots 0.494ms
[46.876s][info   ][gc,marking    ] GC(647) Concurrent Preclean
[46.876s][info   ][gc,marking    ] GC(647) Concurrent Preclean 0.013ms
[46.876s][info   ][gc,marking    ] GC(647) Concurrent Mark (46.875s, 46.876s) 0.517ms
[46.876s][info   ][gc,start      ] GC(647) Pause Remark
[46.876s][info   ][gc,stringtable] GC(647) Cleaned string and symbol table, strings: 1384 processed, 0 removed, symbols: 16327 processed, 0 removed
[46.876s][info   ][gc            ] GC(647) Pause Remark 175M->175M(256M) 0.387ms
[46.876s][info   ][gc,cpu        ] GC(647) User=0.00s Sys=0.00s Real=0.00s
[46.876s][info   ][gc,marking    ] GC(647) Concurrent Rebuild Remembered Sets
[46.876s][info   ][gc,marking    ] GC(647) Concurrent Rebuild Remembered Sets 0.360ms
[46.877s][info   ][gc,start      ] GC(647) Pause Cleanup
[46.877s][info   ][gc            ] GC(647) Pause Cleanup 175M->175M(256M) 0.049ms
[46.877s][info   ][gc,cpu        ] GC(647) User=0.00s Sys=0.00s Real=0.00s
[46.877s][info   ][gc,marking    ] GC(647) Concurrent Cleanup for Next Mark
[46.877s][info   ][gc,marking    ] GC(647) Concurrent Cleanup for Next Mark 0.113ms
[46.877s][info   ][gc            ] GC(647) Concurrent Cycle 1.606ms
[46.927s][info   ][gc,start      ] GC(648) Pause Young (Concurrent Start) (G1 Humongous Allocation)
[46.927s][info   ][gc,task       ] GC(648) Using 6 workers of 9 for evacuation
[46.928s][info   ][gc,phases     ] GC(648)   Pre Evacuate Collection Set: 0.0ms
[46.928s][info   ][gc,phases     ] GC(648)   Evacuate Collection Set: 0.1ms
[46.928s][info   ][gc,phases     ] GC(648)   Post Evacuate Collection Set: 0.0ms
[46.928s][info   ][gc,phases     ] GC(648)   Other: 0.1ms
[46.928s][info   ][gc,heap       ] GC(648) Eden regions: 0->0(16)
[46.928s][info   ][gc,heap       ] GC(648) Survivor regions: 0->0(2)
[46.928s][info   ][gc,heap       ] GC(648) Old regions: 1->1
[46.928s][info   ][gc,heap       ] GC(648) Archive regions: 0->0
[46.928s][info   ][gc,heap       ] GC(648) Humongous regions: 175->174
[46.928s][info   ][gc,metaspace  ] GC(648) Metaspace: 3424K(4864K)->3424K(4864K) NonClass: 3120K(4352K)->3120K(4352K) Class: 304K(512K)->304K(512K)
[46.928s][info   ][gc            ] GC(648) Pause Young (Concurrent Start) (G1 Humongous Allocation) 175M->174M(256M) 0.365ms
[46.928s][info   ][gc,cpu        ] GC(648) User=0.00s Sys=0.00s Real=0.00s
[46.928s][info   ][gc            ] GC(649) Concurrent Cycle
[46.928s][info   ][gc,marking    ] GC(649) Concurrent Clear Claimed Marks
[46.928s][info   ][gc,marking    ] GC(649) Concurrent Clear Claimed Marks 0.005ms
[46.928s][info   ][gc,marking    ] GC(649) Concurrent Scan Root Regions
[46.928s][info   ][gc,marking    ] GC(649) Concurrent Scan Root Regions 0.003ms
[46.928s][info   ][gc,marking    ] GC(649) Concurrent Mark (46.928s)
[46.928s][info   ][gc,marking    ] GC(649) Concurrent Mark From Roots
[46.928s][info   ][gc,task       ] GC(649) Using 2 workers of 2 for marking
[46.928s][info   ][gc,marking    ] GC(649) Concurrent Mark From Roots 0.518ms
[46.928s][info   ][gc,marking    ] GC(649) Concurrent Preclean
[46.928s][info   ][gc,marking    ] GC(649) Concurrent Preclean 0.015ms
[46.928s][info   ][gc,marking    ] GC(649) Concurrent Mark (46.928s, 46.928s) 0.554ms
[46.928s][info   ][gc,start      ] GC(649) Pause Remark
[46.929s][info   ][gc,stringtable] GC(649) Cleaned string and symbol table, strings: 1384 processed, 0 removed, symbols: 16327 processed, 0 removed
[46.929s][info   ][gc            ] GC(649) Pause Remark 175M->175M(256M) 0.244ms
[46.929s][info   ][gc,cpu        ] GC(649) User=0.00s Sys=0.00s Real=0.00s
[46.929s][info   ][gc,marking    ] GC(649) Concurrent Rebuild Remembered Sets
[46.929s][info   ][gc,marking    ] GC(649) Concurrent Rebuild Remembered Sets 0.428ms
[46.929s][info   ][gc,start      ] GC(649) Pause Cleanup
[46.929s][info   ][gc            ] GC(649) Pause Cleanup 175M->175M(256M) 0.040ms
[46.929s][info   ][gc,cpu        ] GC(649) User=0.00s Sys=0.00s Real=0.01s
[46.929s][info   ][gc,marking    ] GC(649) Concurrent Cleanup for Next Mark
[46.929s][info   ][gc,marking    ] GC(649) Concurrent Cleanup for Next Mark 0.106ms
[46.929s][info   ][gc            ] GC(649) Concurrent Cycle 1.539ms
[46.983s][info   ][gc,start      ] GC(650) Pause Young (Concurrent Start) (G1 Humongous Allocation)
[46.983s][info   ][gc,task       ] GC(650) Using 6 workers of 9 for evacuation
[46.983s][info   ][gc,phases     ] GC(650)   Pre Evacuate Collection Set: 0.0ms
[46.983s][info   ][gc,phases     ] GC(650)   Evacuate Collection Set: 0.1ms
[46.983s][info   ][gc,phases     ] GC(650)   Post Evacuate Collection Set: 0.1ms
[46.983s][info   ][gc,phases     ] GC(650)   Other: 0.1ms
[46.983s][info   ][gc,heap       ] GC(650) Eden regions: 0->0(16)
[46.983s][info   ][gc,heap       ] GC(650) Survivor regions: 0->0(2)
[46.983s][info   ][gc,heap       ] GC(650) Old regions: 1->1
[46.983s][info   ][gc,heap       ] GC(650) Archive regions: 0->0
[46.983s][info   ][gc,heap       ] GC(650) Humongous regions: 175->174
[46.983s][info   ][gc,metaspace  ] GC(650) Metaspace: 3424K(4864K)->3424K(4864K) NonClass: 3120K(4352K)->3120K(4352K) Class: 304K(512K)->304K(512K)
[46.983s][info   ][gc            ] GC(650) Pause Young (Concurrent Start) (G1 Humongous Allocation) 175M->174M(256M) 0.298ms
[46.983s][info   ][gc,cpu        ] GC(650) User=0.00s Sys=0.00s Real=0.00s
[46.983s][info   ][gc            ] GC(651) Concurrent Cycle
[46.983s][info   ][gc,marking    ] GC(651) Concurrent Clear Claimed Marks
[46.983s][info   ][gc,marking    ] GC(651) Concurrent Clear Claimed Marks 0.006ms
[46.983s][info   ][gc,marking    ] GC(651) Concurrent Scan Root Regions
[46.983s][info   ][gc,marking    ] GC(651) Concurrent Scan Root Regions 0.003ms
[46.983s][info   ][gc,marking    ] GC(651) Concurrent Mark (46.983s)
[46.983s][info   ][gc,marking    ] GC(651) Concurrent Mark From Roots
[46.983s][info   ][gc,task       ] GC(651) Using 2 workers of 2 for marking
[46.984s][info   ][gc,marking    ] GC(651) Concurrent Mark From Roots 0.577ms
[46.984s][info   ][gc,marking    ] GC(651) Concurrent Preclean
[46.984s][info   ][gc,marking    ] GC(651) Concurrent Preclean 0.015ms
[46.984s][info   ][gc,marking    ] GC(651) Concurrent Mark (46.983s, 46.984s) 0.609ms
[46.984s][info   ][gc,start      ] GC(651) Pause Remark
[46.984s][info   ][gc,stringtable] GC(651) Cleaned string and symbol table, strings: 1384 processed, 0 removed, symbols: 16327 processed, 0 removed
[46.984s][info   ][gc            ] GC(651) Pause Remark 175M->175M(256M) 0.343ms
[46.984s][info   ][gc,cpu        ] GC(651) User=0.00s Sys=0.00s Real=0.00s
[46.984s][info   ][gc,marking    ] GC(651) Concurrent Rebuild Remembered Sets
[46.985s][info   ][gc,marking    ] GC(651) Concurrent Rebuild Remembered Sets 0.440ms
[46.985s][info   ][gc,start      ] GC(651) Pause Cleanup
[46.985s][info   ][gc            ] GC(651) Pause Cleanup 175M->175M(256M) 0.046ms
[46.985s][info   ][gc,cpu        ] GC(651) User=0.00s Sys=0.00s Real=0.00s
[46.985s][info   ][gc,marking    ] GC(651) Concurrent Cleanup for Next Mark
[46.985s][info   ][gc,marking    ] GC(651) Concurrent Cleanup for Next Mark 0.129ms
[46.985s][info   ][gc            ] GC(651) Concurrent Cycle 1.779ms
[47.038s][info   ][gc,start      ] GC(652) Pause Young (Concurrent Start) (G1 Humongous Allocation)
[47.038s][info   ][gc,task       ] GC(652) Using 6 workers of 9 for evacuation
[47.039s][info   ][gc,phases     ] GC(652)   Pre Evacuate Collection Set: 0.0ms
[47.039s][info   ][gc,phases     ] GC(652)   Evacuate Collection Set: 0.1ms
[47.039s][info   ][gc,phases     ] GC(652)   Post Evacuate Collection Set: 0.0ms
[47.039s][info   ][gc,phases     ] GC(652)   Other: 0.1ms
[47.039s][info   ][gc,heap       ] GC(652) Eden regions: 0->0(16)
[47.039s][info   ][gc,heap       ] GC(652) Survivor regions: 0->0(2)
[47.039s][info   ][gc,heap       ] GC(652) Old regions: 1->1
[47.039s][info   ][gc,heap       ] GC(652) Archive regions: 0->0
[47.039s][info   ][gc,heap       ] GC(652) Humongous regions: 175->174
[47.039s][info   ][gc,metaspace  ] GC(652) Metaspace: 3424K(4864K)->3424K(4864K) NonClass: 3120K(4352K)->3120K(4352K) Class: 304K(512K)->304K(512K)
[47.039s][info   ][gc            ] GC(652) Pause Young (Concurrent Start) (G1 Humongous Allocation) 175M->174M(256M) 0.295ms
[47.039s][info   ][gc,cpu        ] GC(652) User=0.00s Sys=0.00s Real=0.00s
[47.039s][info   ][gc            ] GC(653) Concurrent Cycle
[47.039s][info   ][gc,marking    ] GC(653) Concurrent Clear Claimed Marks
[47.039s][info   ][gc,marking    ] GC(653) Concurrent Clear Claimed Marks 0.011ms
[47.039s][info   ][gc,marking    ] GC(653) Concurrent Scan Root Regions
[47.039s][info   ][gc,marking    ] GC(653) Concurrent Scan Root Regions 0.004ms
[47.039s][info   ][gc,marking    ] GC(653) Concurrent Mark (47.039s)
[47.039s][info   ][gc,marking    ] GC(653) Concurrent Mark From Roots
[47.039s][info   ][gc,task       ] GC(653) Using 2 workers of 2 for marking
[47.039s][info   ][gc,marking    ] GC(653) Concurrent Mark From Roots 0.551ms
[47.039s][info   ][gc,marking    ] GC(653) Concurrent Preclean
[47.039s][info   ][gc,marking    ] GC(653) Concurrent Preclean 0.015ms
[47.039s][info   ][gc,marking    ] GC(653) Concurrent Mark (47.039s, 47.039s) 0.583ms
[47.039s][info   ][gc,start      ] GC(653) Pause Remark
[47.040s][info   ][gc,stringtable] GC(653) Cleaned string and symbol table, strings: 1384 processed, 0 removed, symbols: 16327 processed, 0 removed
[47.040s][info   ][gc            ] GC(653) Pause Remark 175M->175M(256M) 0.287ms
[47.040s][info   ][gc,cpu        ] GC(653) User=0.00s Sys=0.00s Real=0.00s
[47.040s][info   ][gc,marking    ] GC(653) Concurrent Rebuild Remembered Sets
[47.040s][info   ][gc,marking    ] GC(653) Concurrent Rebuild Remembered Sets 0.461ms
[47.040s][info   ][gc,start      ] GC(653) Pause Cleanup
[47.040s][info   ][gc            ] GC(653) Pause Cleanup 175M->175M(256M) 0.043ms
[47.040s][info   ][gc,cpu        ] GC(653) User=0.00s Sys=0.00s Real=0.00s
[47.040s][info   ][gc,marking    ] GC(653) Concurrent Cleanup for Next Mark
[47.040s][info   ][gc,marking    ] GC(653) Concurrent Cleanup for Next Mark 0.116ms
[47.040s][info   ][gc            ] GC(653) Concurrent Cycle 1.711ms
[47.093s][info   ][gc,start      ] GC(654) Pause Young (Concurrent Start) (G1 Humongous Allocation)
[47.093s][info   ][gc,task       ] GC(654) Using 6 workers of 9 for evacuation
[47.094s][info   ][gc,phases     ] GC(654)   Pre Evacuate Collection Set: 0.0ms
[47.094s][info   ][gc,phases     ] GC(654)   Evacuate Collection Set: 0.1ms
[47.094s][info   ][gc,phases     ] GC(654)   Post Evacuate Collection Set: 0.1ms
[47.094s][info   ][gc,phases     ] GC(654)   Other: 0.1ms
[47.094s][info   ][gc,heap       ] GC(654) Eden regions: 0->0(16)
[47.094s][info   ][gc,heap       ] GC(654) Survivor regions: 0->0(2)
[47.094s][info   ][gc,heap       ] GC(654) Old regions: 1->1
[47.094s][info   ][gc,heap       ] GC(654) Archive regions: 0->0
[47.094s][info   ][gc,heap       ] GC(654) Humongous regions: 175->174
[47.094s][info   ][gc,metaspace  ] GC(654) Metaspace: 3424K(4864K)->3424K(4864K) NonClass: 3120K(4352K)->3120K(4352K) Class: 304K(512K)->304K(512K)
[47.094s][info   ][gc            ] GC(654) Pause Young (Concurrent Start) (G1 Humongous Allocation) 175M->174M(256M) 0.345ms
[47.094s][info   ][gc,cpu        ] GC(654) User=0.00s Sys=0.00s Real=0.00s
[47.094s][info   ][gc            ] GC(655) Concurrent Cycle
[47.094s][info   ][gc,marking    ] GC(655) Concurrent Clear Claimed Marks
[47.094s][info   ][gc,marking    ] GC(655) Concurrent Clear Claimed Marks 0.004ms
[47.094s][info   ][gc,marking    ] GC(655) Concurrent Scan Root Regions
[47.094s][info   ][gc,marking    ] GC(655) Concurrent Scan Root Regions 0.004ms
[47.094s][info   ][gc,marking    ] GC(655) Concurrent Mark (47.094s)
[47.094s][info   ][gc,marking    ] GC(655) Concurrent Mark From Roots
[47.094s][info   ][gc,task       ] GC(655) Using 2 workers of 2 for marking
[47.094s][info   ][gc,marking    ] GC(655) Concurrent Mark From Roots 0.556ms
[47.094s][info   ][gc,marking    ] GC(655) Concurrent Preclean
[47.094s][info   ][gc,marking    ] GC(655) Concurrent Preclean 0.014ms
[47.094s][info   ][gc,marking    ] GC(655) Concurrent Mark (47.094s, 47.094s) 0.580ms
[47.094s][info   ][gc,start      ] GC(655) Pause Remark
[47.094s][info   ][gc,stringtable] GC(655) Cleaned string and symbol table, strings: 1384 processed, 0 removed, symbols: 16327 processed, 0 removed
[47.095s][info   ][gc            ] GC(655) Pause Remark 175M->175M(256M) 0.246ms
[47.095s][info   ][gc,cpu        ] GC(655) User=0.00s Sys=0.00s Real=0.00s
[47.095s][info   ][gc,marking    ] GC(655) Concurrent Rebuild Remembered Sets
[47.095s][info   ][gc,marking    ] GC(655) Concurrent Rebuild Remembered Sets 0.487ms
[47.095s][info   ][gc,start      ] GC(655) Pause Cleanup
[47.095s][info   ][gc            ] GC(655) Pause Cleanup 175M->175M(256M) 0.042ms
[47.095s][info   ][gc,cpu        ] GC(655) User=0.00s Sys=0.00s Real=0.00s
[47.095s][info   ][gc,marking    ] GC(655) Concurrent Cleanup for Next Mark
[47.095s][info   ][gc,marking    ] GC(655) Concurrent Cleanup for Next Mark 0.114ms
[47.095s][info   ][gc            ] GC(655) Concurrent Cycle 1.640ms
[47.147s][info   ][gc,start      ] GC(656) Pause Young (Concurrent Start) (G1 Humongous Allocation)
[47.147s][info   ][gc,task       ] GC(656) Using 6 workers of 9 for evacuation
[47.147s][info   ][gc,phases     ] GC(656)   Pre Evacuate Collection Set: 0.0ms
[47.147s][info   ][gc,phases     ] GC(656)   Evacuate Collection Set: 0.1ms
[47.147s][info   ][gc,phases     ] GC(656)   Post Evacuate Collection Set: 0.1ms
[47.147s][info   ][gc,phases     ] GC(656)   Other: 0.1ms
[47.147s][info   ][gc,heap       ] GC(656) Eden regions: 0->0(16)
[47.147s][info   ][gc,heap       ] GC(656) Survivor regions: 0->0(2)
[47.147s][info   ][gc,heap       ] GC(656) Old regions: 1->1
[47.147s][info   ][gc,heap       ] GC(656) Archive regions: 0->0
[47.147s][info   ][gc,heap       ] GC(656) Humongous regions: 175->174
[47.147s][info   ][gc,metaspace  ] GC(656) Metaspace: 3424K(4864K)->3424K(4864K) NonClass: 3120K(4352K)->3120K(4352K) Class: 304K(512K)->304K(512K)
[47.147s][info   ][gc            ] GC(656) Pause Young (Concurrent Start) (G1 Humongous Allocation) 175M->174M(256M) 0.349ms
[47.147s][info   ][gc,cpu        ] GC(656) User=0.00s Sys=0.00s Real=0.00s
[47.147s][info   ][gc            ] GC(657) Concurrent Cycle
[47.147s][info   ][gc,marking    ] GC(657) Concurrent Clear Claimed Marks
[47.147s][info   ][gc,marking    ] GC(657) Concurrent Clear Claimed Marks 0.004ms
[47.147s][info   ][gc,marking    ] GC(657) Concurrent Scan Root Regions
[47.147s][info   ][gc,marking    ] GC(657) Concurrent Scan Root Regions 0.003ms
[47.147s][info   ][gc,marking    ] GC(657) Concurrent Mark (47.147s)
[47.147s][info   ][gc,marking    ] GC(657) Concurrent Mark From Roots
[47.147s][info   ][gc,task       ] GC(657) Using 2 workers of 2 for marking
[47.148s][info   ][gc,marking    ] GC(657) Concurrent Mark From Roots 0.577ms
[47.148s][info   ][gc,marking    ] GC(657) Concurrent Preclean
[47.148s][info   ][gc,marking    ] GC(657) Concurrent Preclean 0.019ms
[47.148s][info   ][gc,marking    ] GC(657) Concurrent Mark (47.147s, 47.148s) 0.612ms
[47.148s][info   ][gc,start      ] GC(657) Pause Remark
[47.148s][info   ][gc,stringtable] GC(657) Cleaned string and symbol table, strings: 1384 processed, 0 removed, symbols: 16327 processed, 0 removed
[47.148s][info   ][gc            ] GC(657) Pause Remark 175M->175M(256M) 0.254ms
[47.148s][info   ][gc,cpu        ] GC(657) User=0.00s Sys=0.00s Real=0.00s
[47.148s][info   ][gc,marking    ] GC(657) Concurrent Rebuild Remembered Sets
[47.149s][info   ][gc,marking    ] GC(657) Concurrent Rebuild Remembered Sets 0.409ms
[47.149s][info   ][gc,start      ] GC(657) Pause Cleanup
[47.149s][info   ][gc            ] GC(657) Pause Cleanup 175M->175M(256M) 0.053ms
[47.149s][info   ][gc,cpu        ] GC(657) User=0.00s Sys=0.00s Real=0.00s
[47.149s][info   ][gc,marking    ] GC(657) Concurrent Cleanup for Next Mark
[47.149s][info   ][gc,marking    ] GC(657) Concurrent Cleanup for Next Mark 0.114ms
[47.149s][info   ][gc            ] GC(657) Concurrent Cycle 1.619ms
[47.199s][info   ][gc,start      ] GC(658) Pause Young (Concurrent Start) (G1 Humongous Allocation)
[47.199s][info   ][gc,task       ] GC(658) Using 6 workers of 9 for evacuation
[47.199s][info   ][gc,phases     ] GC(658)   Pre Evacuate Collection Set: 0.0ms
[47.199s][info   ][gc,phases     ] GC(658)   Evacuate Collection Set: 0.1ms
[47.199s][info   ][gc,phases     ] GC(658)   Post Evacuate Collection Set: 0.1ms
[47.199s][info   ][gc,phases     ] GC(658)   Other: 0.1ms
[47.199s][info   ][gc,heap       ] GC(658) Eden regions: 0->0(16)
[47.199s][info   ][gc,heap       ] GC(658) Survivor regions: 0->0(2)
[47.199s][info   ][gc,heap       ] GC(658) Old regions: 1->1
[47.199s][info   ][gc,heap       ] GC(658) Archive regions: 0->0
[47.199s][info   ][gc,heap       ] GC(658) Humongous regions: 175->174
[47.199s][info   ][gc,metaspace  ] GC(658) Metaspace: 3424K(4864K)->3424K(4864K) NonClass: 3120K(4352K)->3120K(4352K) Class: 304K(512K)->304K(512K)
[47.199s][info   ][gc            ] GC(658) Pause Young (Concurrent Start) (G1 Humongous Allocation) 175M->174M(256M) 0.300ms
[47.199s][info   ][gc,cpu        ] GC(658) User=0.00s Sys=0.00s Real=0.01s
[47.199s][info   ][gc            ] GC(659) Concurrent Cycle
[47.199s][info   ][gc,marking    ] GC(659) Concurrent Clear Claimed Marks
[47.199s][info   ][gc,marking    ] GC(659) Concurrent Clear Claimed Marks 0.004ms
[47.199s][info   ][gc,marking    ] GC(659) Concurrent Scan Root Regions
[47.199s][info   ][gc,marking    ] GC(659) Concurrent Scan Root Regions 0.003ms
[47.199s][info   ][gc,marking    ] GC(659) Concurrent Mark (47.199s)
[47.199s][info   ][gc,marking    ] GC(659) Concurrent Mark From Roots
[47.199s][info   ][gc,task       ] GC(659) Using 2 workers of 2 for marking
[47.200s][info   ][gc,marking    ] GC(659) Concurrent Mark From Roots 0.560ms
[47.200s][info   ][gc,marking    ] GC(659) Concurrent Preclean
[47.200s][info   ][gc,marking    ] GC(659) Concurrent Preclean 0.016ms
[47.200s][info   ][gc,marking    ] GC(659) Concurrent Mark (47.199s, 47.200s) 0.596ms
[47.200s][info   ][gc,start      ] GC(659) Pause Remark
[47.200s][info   ][gc,stringtable] GC(659) Cleaned string and symbol table, strings: 1384 processed, 0 removed, symbols: 16327 processed, 0 removed
[47.200s][info   ][gc            ] GC(659) Pause Remark 175M->175M(256M) 0.257ms
[47.200s][info   ][gc,cpu        ] GC(659) User=0.00s Sys=0.00s Real=0.00s
[47.200s][info   ][gc,marking    ] GC(659) Concurrent Rebuild Remembered Sets
[47.201s][info   ][gc,marking    ] GC(659) Concurrent Rebuild Remembered Sets 0.410ms
[47.201s][info   ][gc,start      ] GC(659) Pause Cleanup
[47.201s][info   ][gc            ] GC(659) Pause Cleanup 175M->175M(256M) 0.056ms
[47.201s][info   ][gc,cpu        ] GC(659) User=0.00s Sys=0.00s Real=0.00s
[47.201s][info   ][gc,marking    ] GC(659) Concurrent Cleanup for Next Mark
[47.201s][info   ][gc,marking    ] GC(659) Concurrent Cleanup for Next Mark 0.123ms
[47.201s][info   ][gc            ] GC(659) Concurrent Cycle 1.643ms
[47.255s][info   ][gc,start      ] GC(660) Pause Young (Concurrent Start) (G1 Humongous Allocation)
[47.255s][info   ][gc,task       ] GC(660) Using 6 workers of 9 for evacuation
[47.255s][info   ][gc,phases     ] GC(660)   Pre Evacuate Collection Set: 0.0ms
[47.255s][info   ][gc,phases     ] GC(660)   Evacuate Collection Set: 0.1ms
[47.255s][info   ][gc,phases     ] GC(660)   Post Evacuate Collection Set: 0.1ms
[47.255s][info   ][gc,phases     ] GC(660)   Other: 0.1ms
[47.255s][info   ][gc,heap       ] GC(660) Eden regions: 0->0(16)
[47.255s][info   ][gc,heap       ] GC(660) Survivor regions: 0->0(2)
[47.255s][info   ][gc,heap       ] GC(660) Old regions: 1->1
[47.255s][info   ][gc,heap       ] GC(660) Archive regions: 0->0
[47.255s][info   ][gc,heap       ] GC(660) Humongous regions: 175->174
[47.255s][info   ][gc,metaspace  ] GC(660) Metaspace: 3424K(4864K)->3424K(4864K) NonClass: 3120K(4352K)->3120K(4352K) Class: 304K(512K)->304K(512K)
[47.255s][info   ][gc            ] GC(660) Pause Young (Concurrent Start) (G1 Humongous Allocation) 175M->174M(256M) 0.275ms
[47.255s][info   ][gc,cpu        ] GC(660) User=0.00s Sys=0.00s Real=0.00s
[47.255s][info   ][gc            ] GC(661) Concurrent Cycle
[47.255s][info   ][gc,marking    ] GC(661) Concurrent Clear Claimed Marks
[47.255s][info   ][gc,marking    ] GC(661) Concurrent Clear Claimed Marks 0.004ms
[47.255s][info   ][gc,marking    ] GC(661) Concurrent Scan Root Regions
[47.255s][info   ][gc,marking    ] GC(661) Concurrent Scan Root Regions 0.003ms
[47.255s][info   ][gc,marking    ] GC(661) Concurrent Mark (47.255s)
[47.255s][info   ][gc,marking    ] GC(661) Concurrent Mark From Roots
[47.255s][info   ][gc,task       ] GC(661) Using 2 workers of 2 for marking
[47.256s][info   ][gc,marking    ] GC(661) Concurrent Mark From Roots 0.624ms
[47.256s][info   ][gc,marking    ] GC(661) Concurrent Preclean
[47.256s][info   ][gc,marking    ] GC(661) Concurrent Preclean 0.018ms
[47.256s][info   ][gc,marking    ] GC(661) Concurrent Mark (47.255s, 47.256s) 0.655ms
[47.256s][info   ][gc,start      ] GC(661) Pause Remark
[47.256s][info   ][gc,stringtable] GC(661) Cleaned string and symbol table, strings: 1384 processed, 0 removed, symbols: 16327 processed, 0 removed
[47.256s][info   ][gc            ] GC(661) Pause Remark 175M->175M(256M) 0.267ms
[47.256s][info   ][gc,cpu        ] GC(661) User=0.00s Sys=0.00s Real=0.00s
[47.256s][info   ][gc,marking    ] GC(661) Concurrent Rebuild Remembered Sets
[47.256s][info   ][gc,marking    ] GC(661) Concurrent Rebuild Remembered Sets 0.439ms
[47.256s][info   ][gc,start      ] GC(661) Pause Cleanup
[47.256s][info   ][gc            ] GC(661) Pause Cleanup 175M->175M(256M) 0.039ms
[47.256s][info   ][gc,cpu        ] GC(661) User=0.00s Sys=0.00s Real=0.00s
[47.256s][info   ][gc,marking    ] GC(661) Concurrent Cleanup for Next Mark
[47.257s][info   ][gc,marking    ] GC(661) Concurrent Cleanup for Next Mark 0.114ms
[47.257s][info   ][gc            ] GC(661) Concurrent Cycle 1.685ms
[47.310s][info   ][gc,start      ] GC(662) Pause Young (Concurrent Start) (G1 Humongous Allocation)
[47.310s][info   ][gc,task       ] GC(662) Using 6 workers of 9 for evacuation
[47.310s][info   ][gc,phases     ] GC(662)   Pre Evacuate Collection Set: 0.0ms
[47.310s][info   ][gc,phases     ] GC(662)   Evacuate Collection Set: 0.1ms
[47.310s][info   ][gc,phases     ] GC(662)   Post Evacuate Collection Set: 0.1ms
[47.310s][info   ][gc,phases     ] GC(662)   Other: 0.1ms
[47.310s][info   ][gc,heap       ] GC(662) Eden regions: 0->0(16)
[47.310s][info   ][gc,heap       ] GC(662) Survivor regions: 0->0(2)
[47.310s][info   ][gc,heap       ] GC(662) Old regions: 1->1
[47.310s][info   ][gc,heap       ] GC(662) Archive regions: 0->0
[47.310s][info   ][gc,heap       ] GC(662) Humongous regions: 175->174
[47.310s][info   ][gc,metaspace  ] GC(662) Metaspace: 3424K(4864K)->3424K(4864K) NonClass: 3120K(4352K)->3120K(4352K) Class: 304K(512K)->304K(512K)
[47.310s][info   ][gc            ] GC(662) Pause Young (Concurrent Start) (G1 Humongous Allocation) 175M->174M(256M) 0.257ms
[47.310s][info   ][gc,cpu        ] GC(662) User=0.00s Sys=0.00s Real=0.00s
[47.310s][info   ][gc            ] GC(663) Concurrent Cycle
[47.310s][info   ][gc,marking    ] GC(663) Concurrent Clear Claimed Marks
[47.310s][info   ][gc,marking    ] GC(663) Concurrent Clear Claimed Marks 0.006ms
[47.310s][info   ][gc,marking    ] GC(663) Concurrent Scan Root Regions
[47.310s][info   ][gc,marking    ] GC(663) Concurrent Scan Root Regions 0.005ms
[47.310s][info   ][gc,marking    ] GC(663) Concurrent Mark (47.310s)
[47.310s][info   ][gc,marking    ] GC(663) Concurrent Mark From Roots
[47.310s][info   ][gc,task       ] GC(663) Using 2 workers of 2 for marking
[47.311s][info   ][gc,marking    ] GC(663) Concurrent Mark From Roots 0.647ms
[47.311s][info   ][gc,marking    ] GC(663) Concurrent Preclean
[47.311s][info   ][gc,marking    ] GC(663) Concurrent Preclean 0.017ms
[47.311s][info   ][gc,marking    ] GC(663) Concurrent Mark (47.310s, 47.311s) 0.676ms
[47.311s][info   ][gc,start      ] GC(663) Pause Remark
[47.311s][info   ][gc,stringtable] GC(663) Cleaned string and symbol table, strings: 1384 processed, 0 removed, symbols: 16327 processed, 0 removed
[47.311s][info   ][gc            ] GC(663) Pause Remark 175M->175M(256M) 0.273ms
[47.311s][info   ][gc,cpu        ] GC(663) User=0.00s Sys=0.00s Real=0.00s
[47.311s][info   ][gc,marking    ] GC(663) Concurrent Rebuild Remembered Sets
[47.312s][info   ][gc,marking    ] GC(663) Concurrent Rebuild Remembered Sets 0.493ms
[47.312s][info   ][gc,start      ] GC(663) Pause Cleanup
[47.312s][info   ][gc            ] GC(663) Pause Cleanup 175M->175M(256M) 0.044ms
[47.312s][info   ][gc,cpu        ] GC(663) User=0.00s Sys=0.00s Real=0.00s
[47.312s][info   ][gc,marking    ] GC(663) Concurrent Cleanup for Next Mark
[47.312s][info   ][gc,marking    ] GC(663) Concurrent Cleanup for Next Mark 0.123ms
[47.312s][info   ][gc            ] GC(663) Concurrent Cycle 1.855ms
[47.365s][info   ][gc,start      ] GC(664) Pause Young (Concurrent Start) (G1 Humongous Allocation)
[47.365s][info   ][gc,task       ] GC(664) Using 6 workers of 9 for evacuation
[47.366s][info   ][gc,phases     ] GC(664)   Pre Evacuate Collection Set: 0.0ms
[47.366s][info   ][gc,phases     ] GC(664)   Evacuate Collection Set: 0.1ms
[47.366s][info   ][gc,phases     ] GC(664)   Post Evacuate Collection Set: 0.1ms
[47.366s][info   ][gc,phases     ] GC(664)   Other: 0.1ms
[47.366s][info   ][gc,heap       ] GC(664) Eden regions: 0->0(16)
[47.366s][info   ][gc,heap       ] GC(664) Survivor regions: 0->0(2)
[47.366s][info   ][gc,heap       ] GC(664) Old regions: 1->1
[47.366s][info   ][gc,heap       ] GC(664) Archive regions: 0->0
[47.366s][info   ][gc,heap       ] GC(664) Humongous regions: 175->174
[47.366s][info   ][gc,metaspace  ] GC(664) Metaspace: 3424K(4864K)->3424K(4864K) NonClass: 3120K(4352K)->3120K(4352K) Class: 304K(512K)->304K(512K)
[47.366s][info   ][gc            ] GC(664) Pause Young (Concurrent Start) (G1 Humongous Allocation) 175M->174M(256M) 0.264ms
[47.366s][info   ][gc,cpu        ] GC(664) User=0.00s Sys=0.00s Real=0.00s
[47.366s][info   ][gc            ] GC(665) Concurrent Cycle
[47.366s][info   ][gc,marking    ] GC(665) Concurrent Clear Claimed Marks
[47.366s][info   ][gc,marking    ] GC(665) Concurrent Clear Claimed Marks 0.009ms
[47.366s][info   ][gc,marking    ] GC(665) Concurrent Scan Root Regions
[47.366s][info   ][gc,marking    ] GC(665) Concurrent Scan Root Regions 0.005ms
[47.366s][info   ][gc,marking    ] GC(665) Concurrent Mark (47.366s)
[47.366s][info   ][gc,marking    ] GC(665) Concurrent Mark From Roots
[47.366s][info   ][gc,task       ] GC(665) Using 2 workers of 2 for marking
[47.367s][info   ][gc,marking    ] GC(665) Concurrent Mark From Roots 0.730ms
[47.367s][info   ][gc,marking    ] GC(665) Concurrent Preclean
[47.367s][info   ][gc,marking    ] GC(665) Concurrent Preclean 0.020ms
[47.367s][info   ][gc,marking    ] GC(665) Concurrent Mark (47.366s, 47.367s) 0.773ms
[47.367s][info   ][gc,start      ] GC(665) Pause Remark
[47.367s][info   ][gc,stringtable] GC(665) Cleaned string and symbol table, strings: 1384 processed, 0 removed, symbols: 16327 processed, 0 removed
[47.367s][info   ][gc            ] GC(665) Pause Remark 175M->175M(256M) 0.290ms
[47.367s][info   ][gc,cpu        ] GC(665) User=0.00s Sys=0.00s Real=0.00s
[47.367s][info   ][gc,marking    ] GC(665) Concurrent Rebuild Remembered Sets
[47.368s][info   ][gc,marking    ] GC(665) Concurrent Rebuild Remembered Sets 0.553ms
[47.368s][info   ][gc,start      ] GC(665) Pause Cleanup
[47.368s][info   ][gc            ] GC(665) Pause Cleanup 175M->175M(256M) 0.051ms
[47.368s][info   ][gc,cpu        ] GC(665) User=0.00s Sys=0.00s Real=0.00s
[47.368s][info   ][gc,marking    ] GC(665) Concurrent Cleanup for Next Mark
[47.368s][info   ][gc,marking    ] GC(665) Concurrent Cleanup for Next Mark 0.214ms
[47.368s][info   ][gc            ] GC(665) Concurrent Cycle 2.176ms
[47.421s][info   ][gc,start      ] GC(666) Pause Young (Concurrent Start) (G1 Humongous Allocation)
[47.421s][info   ][gc,task       ] GC(666) Using 6 workers of 9 for evacuation
[47.421s][info   ][gc,phases     ] GC(666)   Pre Evacuate Collection Set: 0.0ms
[47.421s][info   ][gc,phases     ] GC(666)   Evacuate Collection Set: 0.1ms
[47.421s][info   ][gc,phases     ] GC(666)   Post Evacuate Collection Set: 0.1ms
[47.421s][info   ][gc,phases     ] GC(666)   Other: 0.1ms
[47.421s][info   ][gc,heap       ] GC(666) Eden regions: 0->0(16)
[47.421s][info   ][gc,heap       ] GC(666) Survivor regions: 0->0(2)
[47.421s][info   ][gc,heap       ] GC(666) Old regions: 1->1
[47.421s][info   ][gc,heap       ] GC(666) Archive regions: 0->0
[47.421s][info   ][gc,heap       ] GC(666) Humongous regions: 175->174
[47.421s][info   ][gc,metaspace  ] GC(666) Metaspace: 3424K(4864K)->3424K(4864K) NonClass: 3120K(4352K)->3120K(4352K) Class: 304K(512K)->304K(512K)
[47.421s][info   ][gc            ] GC(666) Pause Young (Concurrent Start) (G1 Humongous Allocation) 175M->174M(256M) 0.367ms
[47.421s][info   ][gc,cpu        ] GC(666) User=0.00s Sys=0.00s Real=0.00s
[47.421s][info   ][gc            ] GC(667) Concurrent Cycle
[47.421s][info   ][gc,marking    ] GC(667) Concurrent Clear Claimed Marks
[47.421s][info   ][gc,marking    ] GC(667) Concurrent Clear Claimed Marks 0.008ms
[47.421s][info   ][gc,marking    ] GC(667) Concurrent Scan Root Regions
[47.421s][info   ][gc,marking    ] GC(667) Concurrent Scan Root Regions 0.005ms
[47.421s][info   ][gc,marking    ] GC(667) Concurrent Mark (47.421s)
[47.421s][info   ][gc,marking    ] GC(667) Concurrent Mark From Roots
[47.421s][info   ][gc,task       ] GC(667) Using 2 workers of 2 for marking
[47.422s][info   ][gc,marking    ] GC(667) Concurrent Mark From Roots 0.781ms
[47.422s][info   ][gc,marking    ] GC(667) Concurrent Preclean
[47.422s][info   ][gc,marking    ] GC(667) Concurrent Preclean 0.022ms
[47.422s][info   ][gc,marking    ] GC(667) Concurrent Mark (47.421s, 47.422s) 0.831ms
[47.422s][info   ][gc,start      ] GC(667) Pause Remark
[47.422s][info   ][gc,stringtable] GC(667) Cleaned string and symbol table, strings: 1384 processed, 0 removed, symbols: 16327 processed, 0 removed
[47.423s][info   ][gc            ] GC(667) Pause Remark 177M->177M(256M) 0.319ms
[47.423s][info   ][gc,cpu        ] GC(667) User=0.00s Sys=0.00s Real=0.00s
[47.423s][info   ][gc,marking    ] GC(667) Concurrent Rebuild Remembered Sets
[47.423s][info   ][gc,marking    ] GC(667) Concurrent Rebuild Remembered Sets 0.625ms
[47.423s][info   ][gc,start      ] GC(667) Pause Cleanup
[47.423s][info   ][gc            ] GC(667) Pause Cleanup 177M->177M(256M) 0.051ms
[47.423s][info   ][gc,cpu        ] GC(667) User=0.00s Sys=0.00s Real=0.00s
[47.423s][info   ][gc,marking    ] GC(667) Concurrent Cleanup for Next Mark
[47.423s][info   ][gc,marking    ] GC(667) Concurrent Cleanup for Next Mark 0.142ms
[47.423s][info   ][gc            ] GC(667) Concurrent Cycle 2.195ms
[47.474s][info   ][gc,start      ] GC(668) Pause Young (Concurrent Start) (G1 Humongous Allocation)
[47.474s][info   ][gc,task       ] GC(668) Using 6 workers of 9 for evacuation
[47.475s][info   ][gc,phases     ] GC(668)   Pre Evacuate Collection Set: 0.0ms
[47.475s][info   ][gc,phases     ] GC(668)   Evacuate Collection Set: 0.1ms
[47.475s][info   ][gc,phases     ] GC(668)   Post Evacuate Collection Set: 0.1ms
[47.475s][info   ][gc,phases     ] GC(668)   Other: 0.1ms
[47.475s][info   ][gc,heap       ] GC(668) Eden regions: 0->0(16)
[47.475s][info   ][gc,heap       ] GC(668) Survivor regions: 0->0(2)
[47.475s][info   ][gc,heap       ] GC(668) Old regions: 1->1
[47.475s][info   ][gc,heap       ] GC(668) Archive regions: 0->0
[47.475s][info   ][gc,heap       ] GC(668) Humongous regions: 177->176
[47.475s][info   ][gc,metaspace  ] GC(668) Metaspace: 3424K(4864K)->3424K(4864K) NonClass: 3120K(4352K)->3120K(4352K) Class: 304K(512K)->304K(512K)
[47.475s][info   ][gc            ] GC(668) Pause Young (Concurrent Start) (G1 Humongous Allocation) 177M->176M(256M) 0.394ms
[47.475s][info   ][gc,cpu        ] GC(668) User=0.00s Sys=0.00s Real=0.00s
[47.475s][info   ][gc            ] GC(669) Concurrent Cycle
[47.475s][info   ][gc,marking    ] GC(669) Concurrent Clear Claimed Marks
[47.475s][info   ][gc,marking    ] GC(669) Concurrent Clear Claimed Marks 0.007ms
[47.475s][info   ][gc,marking    ] GC(669) Concurrent Scan Root Regions
[47.475s][info   ][gc,marking    ] GC(669) Concurrent Scan Root Regions 0.005ms
[47.475s][info   ][gc,marking    ] GC(669) Concurrent Mark (47.475s)
[47.475s][info   ][gc,marking    ] GC(669) Concurrent Mark From Roots
[47.475s][info   ][gc,task       ] GC(669) Using 2 workers of 2 for marking
[47.476s][info   ][gc,marking    ] GC(669) Concurrent Mark From Roots 0.832ms
[47.476s][info   ][gc,marking    ] GC(669) Concurrent Preclean
[47.476s][info   ][gc,marking    ] GC(669) Concurrent Preclean 0.024ms
[47.476s][info   ][gc,marking    ] GC(669) Concurrent Mark (47.475s, 47.476s) 0.875ms
[47.476s][info   ][gc,start      ] GC(669) Pause Remark
[47.476s][info   ][gc,stringtable] GC(669) Cleaned string and symbol table, strings: 1384 processed, 0 removed, symbols: 16327 processed, 0 removed
[47.476s][info   ][gc            ] GC(669) Pause Remark 177M->177M(256M) 0.350ms
[47.476s][info   ][gc,cpu        ] GC(669) User=0.00s Sys=0.00s Real=0.00s
[47.476s][info   ][gc,marking    ] GC(669) Concurrent Rebuild Remembered Sets
[47.477s][info   ][gc,marking    ] GC(669) Concurrent Rebuild Remembered Sets 0.625ms
[47.477s][info   ][gc,start      ] GC(669) Pause Cleanup
[47.477s][info   ][gc            ] GC(669) Pause Cleanup 177M->177M(256M) 0.056ms
[47.477s][info   ][gc,cpu        ] GC(669) User=0.00s Sys=0.00s Real=0.00s
[47.477s][info   ][gc,marking    ] GC(669) Concurrent Cleanup for Next Mark
[47.477s][info   ][gc,marking    ] GC(669) Concurrent Cleanup for Next Mark 0.225ms
[47.477s][info   ][gc            ] GC(669) Concurrent Cycle 2.346ms
[47.530s][info   ][gc,start      ] GC(670) Pause Young (Concurrent Start) (G1 Humongous Allocation)
[47.530s][info   ][gc,task       ] GC(670) Using 6 workers of 9 for evacuation
[47.530s][info   ][gc,phases     ] GC(670)   Pre Evacuate Collection Set: 0.1ms
[47.530s][info   ][gc,phases     ] GC(670)   Evacuate Collection Set: 0.1ms
[47.530s][info   ][gc,phases     ] GC(670)   Post Evacuate Collection Set: 0.1ms
[47.530s][info   ][gc,phases     ] GC(670)   Other: 0.1ms
[47.530s][info   ][gc,heap       ] GC(670) Eden regions: 0->0(16)
[47.530s][info   ][gc,heap       ] GC(670) Survivor regions: 0->0(2)
[47.530s][info   ][gc,heap       ] GC(670) Old regions: 1->1
[47.530s][info   ][gc,heap       ] GC(670) Archive regions: 0->0
[47.530s][info   ][gc,heap       ] GC(670) Humongous regions: 177->176
[47.530s][info   ][gc,metaspace  ] GC(670) Metaspace: 3424K(4864K)->3424K(4864K) NonClass: 3120K(4352K)->3120K(4352K) Class: 304K(512K)->304K(512K)
[47.530s][info   ][gc            ] GC(670) Pause Young (Concurrent Start) (G1 Humongous Allocation) 177M->176M(256M) 0.488ms
[47.530s][info   ][gc,cpu        ] GC(670) User=0.00s Sys=0.00s Real=0.00s
[47.530s][info   ][gc            ] GC(671) Concurrent Cycle
[47.530s][info   ][gc,marking    ] GC(671) Concurrent Clear Claimed Marks
[47.530s][info   ][gc,marking    ] GC(671) Concurrent Clear Claimed Marks 0.010ms
[47.530s][info   ][gc,marking    ] GC(671) Concurrent Scan Root Regions
[47.530s][info   ][gc,marking    ] GC(671) Concurrent Scan Root Regions 0.005ms
[47.530s][info   ][gc,marking    ] GC(671) Concurrent Mark (47.530s)
[47.530s][info   ][gc,marking    ] GC(671) Concurrent Mark From Roots
[47.530s][info   ][gc,task       ] GC(671) Using 2 workers of 2 for marking
[47.532s][info   ][gc,marking    ] GC(671) Concurrent Mark From Roots 1.066ms
[47.532s][info   ][gc,marking    ] GC(671) Concurrent Preclean
[47.532s][info   ][gc,marking    ] GC(671) Concurrent Preclean 0.024ms
[47.532s][info   ][gc,marking    ] GC(671) Concurrent Mark (47.530s, 47.532s) 1.119ms
[47.532s][info   ][gc,start      ] GC(671) Pause Remark
[47.532s][info   ][gc,stringtable] GC(671) Cleaned string and symbol table, strings: 1384 processed, 0 removed, symbols: 16327 processed, 0 removed
[47.532s][info   ][gc            ] GC(671) Pause Remark 177M->177M(256M) 0.465ms
[47.532s][info   ][gc,cpu        ] GC(671) User=0.00s Sys=0.00s Real=0.00s
[47.532s][info   ][gc,marking    ] GC(671) Concurrent Rebuild Remembered Sets
[47.533s][info   ][gc,marking    ] GC(671) Concurrent Rebuild Remembered Sets 0.689ms
[47.533s][info   ][gc,start      ] GC(671) Pause Cleanup
[47.533s][info   ][gc            ] GC(671) Pause Cleanup 177M->177M(256M) 0.100ms
[47.533s][info   ][gc,cpu        ] GC(671) User=0.00s Sys=0.00s Real=0.00s
[47.533s][info   ][gc,marking    ] GC(671) Concurrent Cleanup for Next Mark
[47.533s][info   ][gc,marking    ] GC(671) Concurrent Cleanup for Next Mark 0.277ms
[47.533s][info   ][gc            ] GC(671) Concurrent Cycle 2.958ms
[47.583s][info   ][gc,start      ] GC(672) Pause Young (Concurrent Start) (G1 Humongous Allocation)
[47.583s][info   ][gc,task       ] GC(672) Using 6 workers of 9 for evacuation
[47.584s][info   ][gc,phases     ] GC(672)   Pre Evacuate Collection Set: 0.0ms
[47.584s][info   ][gc,phases     ] GC(672)   Evacuate Collection Set: 0.4ms
[47.584s][info   ][gc,phases     ] GC(672)   Post Evacuate Collection Set: 0.0ms
[47.584s][info   ][gc,phases     ] GC(672)   Other: 0.1ms
[47.584s][info   ][gc,heap       ] GC(672) Eden regions: 0->0(16)
[47.584s][info   ][gc,heap       ] GC(672) Survivor regions: 0->0(2)
[47.584s][info   ][gc,heap       ] GC(672) Old regions: 1->1
[47.584s][info   ][gc,heap       ] GC(672) Archive regions: 0->0
[47.584s][info   ][gc,heap       ] GC(672) Humongous regions: 177->176
[47.584s][info   ][gc,metaspace  ] GC(672) Metaspace: 3424K(4864K)->3424K(4864K) NonClass: 3120K(4352K)->3120K(4352K) Class: 304K(512K)->304K(512K)
[47.584s][info   ][gc            ] GC(672) Pause Young (Concurrent Start) (G1 Humongous Allocation) 177M->176M(256M) 0.671ms
[47.584s][info   ][gc,cpu        ] GC(672) User=0.00s Sys=0.00s Real=0.00s
[47.584s][info   ][gc            ] GC(673) Concurrent Cycle
[47.584s][info   ][gc,marking    ] GC(673) Concurrent Clear Claimed Marks
[47.584s][info   ][gc,marking    ] GC(673) Concurrent Clear Claimed Marks 0.011ms
[47.584s][info   ][gc,marking    ] GC(673) Concurrent Scan Root Regions
[47.584s][info   ][gc,marking    ] GC(673) Concurrent Scan Root Regions 0.008ms
[47.584s][info   ][gc,marking    ] GC(673) Concurrent Mark (47.584s)
[47.584s][info   ][gc,marking    ] GC(673) Concurrent Mark From Roots
[47.584s][info   ][gc,task       ] GC(673) Using 2 workers of 2 for marking
[47.585s][info   ][gc,marking    ] GC(673) Concurrent Mark From Roots 1.031ms
[47.585s][info   ][gc,marking    ] GC(673) Concurrent Preclean
[47.585s][info   ][gc,marking    ] GC(673) Concurrent Preclean 0.014ms
[47.585s][info   ][gc,marking    ] GC(673) Concurrent Mark (47.584s, 47.585s) 1.080ms
[47.585s][info   ][gc,start      ] GC(673) Pause Remark
[47.586s][info   ][gc,stringtable] GC(673) Cleaned string and symbol table, strings: 1384 processed, 0 removed, symbols: 16327 processed, 0 removed
[47.586s][info   ][gc            ] GC(673) Pause Remark 177M->177M(256M) 1.155ms
[47.586s][info   ][gc,cpu        ] GC(673) User=0.00s Sys=0.00s Real=0.00s
[47.586s][info   ][gc,marking    ] GC(673) Concurrent Rebuild Remembered Sets
[47.587s][info   ][gc,marking    ] GC(673) Concurrent Rebuild Remembered Sets 0.672ms
[47.587s][info   ][gc,start      ] GC(673) Pause Cleanup
[47.587s][info   ][gc            ] GC(673) Pause Cleanup 177M->177M(256M) 0.111ms
[47.587s][info   ][gc,cpu        ] GC(673) User=0.00s Sys=0.00s Real=0.00s
[47.587s][info   ][gc,marking    ] GC(673) Concurrent Cleanup for Next Mark
[47.587s][info   ][gc,marking    ] GC(673) Concurrent Cleanup for Next Mark 0.208ms
[47.587s][info   ][gc            ] GC(673) Concurrent Cycle 3.614ms
[47.634s][info   ][gc,start      ] GC(674) Pause Young (Concurrent Start) (G1 Humongous Allocation)
[47.635s][info   ][gc,task       ] GC(674) Using 6 workers of 9 for evacuation
[47.635s][info   ][gc,phases     ] GC(674)   Pre Evacuate Collection Set: 0.0ms
[47.635s][info   ][gc,phases     ] GC(674)   Evacuate Collection Set: 0.2ms
[47.635s][info   ][gc,phases     ] GC(674)   Post Evacuate Collection Set: 0.0ms
[47.635s][info   ][gc,phases     ] GC(674)   Other: 0.1ms
[47.635s][info   ][gc,heap       ] GC(674) Eden regions: 0->0(16)
[47.635s][info   ][gc,heap       ] GC(674) Survivor regions: 0->0(2)
[47.635s][info   ][gc,heap       ] GC(674) Old regions: 1->1
[47.635s][info   ][gc,heap       ] GC(674) Archive regions: 0->0
[47.635s][info   ][gc,heap       ] GC(674) Humongous regions: 177->176
[47.635s][info   ][gc,metaspace  ] GC(674) Metaspace: 3424K(4864K)->3424K(4864K) NonClass: 3120K(4352K)->3120K(4352K) Class: 304K(512K)->304K(512K)
[47.635s][info   ][gc            ] GC(674) Pause Young (Concurrent Start) (G1 Humongous Allocation) 177M->176M(256M) 0.455ms
[47.635s][info   ][gc,cpu        ] GC(674) User=0.01s Sys=0.00s Real=0.00s
[47.635s][info   ][gc            ] GC(675) Concurrent Cycle
[47.635s][info   ][gc,marking    ] GC(675) Concurrent Clear Claimed Marks
[47.635s][info   ][gc,marking    ] GC(675) Concurrent Clear Claimed Marks 0.003ms
[47.635s][info   ][gc,marking    ] GC(675) Concurrent Scan Root Regions
[47.635s][info   ][gc,marking    ] GC(675) Concurrent Scan Root Regions 0.002ms
[47.635s][info   ][gc,marking    ] GC(675) Concurrent Mark (47.635s)
[47.635s][info   ][gc,marking    ] GC(675) Concurrent Mark From Roots
[47.635s][info   ][gc,task       ] GC(675) Using 2 workers of 2 for marking
[47.635s][info   ][gc,marking    ] GC(675) Concurrent Mark From Roots 0.541ms
[47.636s][info   ][gc,marking    ] GC(675) Concurrent Preclean
[47.636s][info   ][gc,marking    ] GC(675) Concurrent Preclean 0.012ms
[47.636s][info   ][gc,marking    ] GC(675) Concurrent Mark (47.635s, 47.636s) 0.567ms
[47.636s][info   ][gc,start      ] GC(675) Pause Remark
[47.636s][info   ][gc,stringtable] GC(675) Cleaned string and symbol table, strings: 1384 processed, 0 removed, symbols: 16327 processed, 0 removed
[47.636s][info   ][gc            ] GC(675) Pause Remark 177M->177M(256M) 0.460ms
[47.636s][info   ][gc,cpu        ] GC(675) User=0.00s Sys=0.00s Real=0.00s
[47.636s][info   ][gc,marking    ] GC(675) Concurrent Rebuild Remembered Sets
[47.636s][info   ][gc,marking    ] GC(675) Concurrent Rebuild Remembered Sets 0.354ms
[47.636s][info   ][gc,start      ] GC(675) Pause Cleanup
[47.636s][info   ][gc            ] GC(675) Pause Cleanup 177M->177M(256M) 0.035ms
[47.636s][info   ][gc,cpu        ] GC(675) User=0.00s Sys=0.00s Real=0.00s
[47.636s][info   ][gc,marking    ] GC(675) Concurrent Cleanup for Next Mark
[47.637s][info   ][gc,marking    ] GC(675) Concurrent Cleanup for Next Mark 0.151ms
[47.637s][info   ][gc            ] GC(675) Concurrent Cycle 1.709ms
[47.691s][info   ][gc,start      ] GC(676) Pause Young (Concurrent Start) (G1 Humongous Allocation)
[47.691s][info   ][gc,task       ] GC(676) Using 6 workers of 9 for evacuation
[47.692s][info   ][gc,phases     ] GC(676)   Pre Evacuate Collection Set: 0.1ms
[47.692s][info   ][gc,phases     ] GC(676)   Evacuate Collection Set: 0.2ms
[47.692s][info   ][gc,phases     ] GC(676)   Post Evacuate Collection Set: 0.1ms
[47.692s][info   ][gc,phases     ] GC(676)   Other: 0.2ms
[47.692s][info   ][gc,heap       ] GC(676) Eden regions: 0->0(16)
[47.692s][info   ][gc,heap       ] GC(676) Survivor regions: 0->0(2)
[47.692s][info   ][gc,heap       ] GC(676) Old regions: 1->1
[47.692s][info   ][gc,heap       ] GC(676) Archive regions: 0->0
[47.692s][info   ][gc,heap       ] GC(676) Humongous regions: 177->176
[47.692s][info   ][gc,metaspace  ] GC(676) Metaspace: 3424K(4864K)->3424K(4864K) NonClass: 3120K(4352K)->3120K(4352K) Class: 304K(512K)->304K(512K)
[47.692s][info   ][gc            ] GC(676) Pause Young (Concurrent Start) (G1 Humongous Allocation) 177M->176M(256M) 0.693ms
[47.692s][info   ][gc,cpu        ] GC(676) User=0.00s Sys=0.00s Real=0.00s
[47.692s][info   ][gc            ] GC(677) Concurrent Cycle
[47.692s][info   ][gc,marking    ] GC(677) Concurrent Clear Claimed Marks
[47.692s][info   ][gc,marking    ] GC(677) Concurrent Clear Claimed Marks 0.009ms
[47.692s][info   ][gc,marking    ] GC(677) Concurrent Scan Root Regions
[47.692s][info   ][gc,marking    ] GC(677) Concurrent Scan Root Regions 0.007ms
[47.692s][info   ][gc,marking    ] GC(677) Concurrent Mark (47.692s)
[47.692s][info   ][gc,marking    ] GC(677) Concurrent Mark From Roots
[47.692s][info   ][gc,task       ] GC(677) Using 2 workers of 2 for marking
[47.695s][info   ][gc,marking    ] GC(677) Concurrent Mark From Roots 3.105ms
[47.695s][info   ][gc,marking    ] GC(677) Concurrent Preclean
[47.695s][info   ][gc,marking    ] GC(677) Concurrent Preclean 0.016ms
[47.695s][info   ][gc,marking    ] GC(677) Concurrent Mark (47.692s, 47.695s) 3.163ms
[47.695s][info   ][gc,start      ] GC(677) Pause Remark
[47.696s][info   ][gc,stringtable] GC(677) Cleaned string and symbol table, strings: 1384 processed, 0 removed, symbols: 16327 processed, 0 removed
[47.696s][info   ][gc            ] GC(677) Pause Remark 177M->177M(256M) 0.393ms
[47.696s][info   ][gc,cpu        ] GC(677) User=0.00s Sys=0.00s Real=0.00s
[47.696s][info   ][gc,marking    ] GC(677) Concurrent Rebuild Remembered Sets
[47.696s][info   ][gc,marking    ] GC(677) Concurrent Rebuild Remembered Sets 0.399ms
[47.696s][info   ][gc,start      ] GC(677) Pause Cleanup
[47.696s][info   ][gc            ] GC(677) Pause Cleanup 177M->177M(256M) 0.030ms
[47.696s][info   ][gc,cpu        ] GC(677) User=0.00s Sys=0.00s Real=0.00s
[47.696s][info   ][gc,marking    ] GC(677) Concurrent Cleanup for Next Mark
[47.696s][info   ][gc,marking    ] GC(677) Concurrent Cleanup for Next Mark 0.119ms
[47.696s][info   ][gc            ] GC(677) Concurrent Cycle 4.327ms
[47.744s][info   ][gc,start      ] GC(678) Pause Young (Concurrent Start) (G1 Humongous Allocation)
[47.745s][info   ][gc,task       ] GC(678) Using 6 workers of 9 for evacuation
[47.746s][info   ][gc,phases     ] GC(678)   Pre Evacuate Collection Set: 0.1ms
[47.746s][info   ][gc,phases     ] GC(678)   Evacuate Collection Set: 0.5ms
[47.746s][info   ][gc,phases     ] GC(678)   Post Evacuate Collection Set: 0.1ms
[47.746s][info   ][gc,phases     ] GC(678)   Other: 0.3ms
[47.746s][info   ][gc,heap       ] GC(678) Eden regions: 0->0(16)
[47.746s][info   ][gc,heap       ] GC(678) Survivor regions: 0->0(2)
[47.746s][info   ][gc,heap       ] GC(678) Old regions: 1->1
[47.746s][info   ][gc,heap       ] GC(678) Archive regions: 0->0
[47.746s][info   ][gc,heap       ] GC(678) Humongous regions: 177->176
[47.746s][info   ][gc,metaspace  ] GC(678) Metaspace: 3424K(4864K)->3424K(4864K) NonClass: 3120K(4352K)->3120K(4352K) Class: 304K(512K)->304K(512K)
[47.746s][info   ][gc            ] GC(678) Pause Young (Concurrent Start) (G1 Humongous Allocation) 177M->176M(256M) 1.377ms
[47.746s][info   ][gc,cpu        ] GC(678) User=0.00s Sys=0.00s Real=0.00s
[47.746s][info   ][gc            ] GC(679) Concurrent Cycle
[47.746s][info   ][gc,marking    ] GC(679) Concurrent Clear Claimed Marks
[47.746s][info   ][gc,marking    ] GC(679) Concurrent Clear Claimed Marks 0.027ms
[47.746s][info   ][gc,marking    ] GC(679) Concurrent Scan Root Regions
[47.746s][info   ][gc,marking    ] GC(679) Concurrent Scan Root Regions 0.015ms
[47.746s][info   ][gc,marking    ] GC(679) Concurrent Mark (47.746s)
[47.746s][info   ][gc,marking    ] GC(679) Concurrent Mark From Roots
[47.746s][info   ][gc,task       ] GC(679) Using 2 workers of 2 for marking
[47.748s][info   ][gc,marking    ] GC(679) Concurrent Mark From Roots 1.658ms
[47.748s][info   ][gc,marking    ] GC(679) Concurrent Preclean
[47.748s][info   ][gc,marking    ] GC(679) Concurrent Preclean 0.037ms
[47.748s][info   ][gc,marking    ] GC(679) Concurrent Mark (47.746s, 47.748s) 1.739ms
[47.748s][info   ][gc,start      ] GC(679) Pause Remark
[47.749s][info   ][gc,stringtable] GC(679) Cleaned string and symbol table, strings: 1384 processed, 0 removed, symbols: 16327 processed, 0 removed
[47.749s][info   ][gc            ] GC(679) Pause Remark 177M->177M(256M) 0.825ms
[47.749s][info   ][gc,cpu        ] GC(679) User=0.00s Sys=0.00s Real=0.00s
[47.749s][info   ][gc,marking    ] GC(679) Concurrent Rebuild Remembered Sets
[47.750s][info   ][gc,marking    ] GC(679) Concurrent Rebuild Remembered Sets 1.082ms
[47.750s][info   ][gc,start      ] GC(679) Pause Cleanup
[47.750s][info   ][gc            ] GC(679) Pause Cleanup 177M->177M(256M) 0.119ms
[47.750s][info   ][gc,cpu        ] GC(679) User=0.00s Sys=0.00s Real=0.00s
[47.750s][info   ][gc,marking    ] GC(679) Concurrent Cleanup for Next Mark
[47.750s][info   ][gc,marking    ] GC(679) Concurrent Cleanup for Next Mark 0.228ms
[47.750s][info   ][gc            ] GC(679) Concurrent Cycle 4.528ms
[47.801s][info   ][gc,start      ] GC(680) Pause Young (Concurrent Start) (G1 Humongous Allocation)
[47.801s][info   ][gc,task       ] GC(680) Using 6 workers of 9 for evacuation
[47.802s][info   ][gc,phases     ] GC(680)   Pre Evacuate Collection Set: 0.1ms
[47.802s][info   ][gc,phases     ] GC(680)   Evacuate Collection Set: 0.5ms
[47.802s][info   ][gc,phases     ] GC(680)   Post Evacuate Collection Set: 0.1ms
[47.802s][info   ][gc,phases     ] GC(680)   Other: 0.3ms
[47.802s][info   ][gc,heap       ] GC(680) Eden regions: 0->0(16)
[47.802s][info   ][gc,heap       ] GC(680) Survivor regions: 0->0(2)
[47.802s][info   ][gc,heap       ] GC(680) Old regions: 1->1
[47.802s][info   ][gc,heap       ] GC(680) Archive regions: 0->0
[47.802s][info   ][gc,heap       ] GC(680) Humongous regions: 177->176
[47.802s][info   ][gc,metaspace  ] GC(680) Metaspace: 3424K(4864K)->3424K(4864K) NonClass: 3120K(4352K)->3120K(4352K) Class: 304K(512K)->304K(512K)
[47.802s][info   ][gc            ] GC(680) Pause Young (Concurrent Start) (G1 Humongous Allocation) 177M->176M(256M) 1.217ms
[47.802s][info   ][gc,cpu        ] GC(680) User=0.00s Sys=0.00s Real=0.00s
[47.803s][info   ][gc            ] GC(681) Concurrent Cycle
[47.803s][info   ][gc,marking    ] GC(681) Concurrent Clear Claimed Marks
[47.803s][info   ][gc,marking    ] GC(681) Concurrent Clear Claimed Marks 0.019ms
[47.803s][info   ][gc,marking    ] GC(681) Concurrent Scan Root Regions
[47.803s][info   ][gc,marking    ] GC(681) Concurrent Scan Root Regions 0.015ms
[47.803s][info   ][gc,marking    ] GC(681) Concurrent Mark (47.803s)
[47.803s][info   ][gc,marking    ] GC(681) Concurrent Mark From Roots
[47.803s][info   ][gc,task       ] GC(681) Using 2 workers of 2 for marking
[47.804s][info   ][gc,marking    ] GC(681) Concurrent Mark From Roots 1.672ms
[47.804s][info   ][gc,marking    ] GC(681) Concurrent Preclean
[47.804s][info   ][gc,marking    ] GC(681) Concurrent Preclean 0.040ms
[47.804s][info   ][gc,marking    ] GC(681) Concurrent Mark (47.803s, 47.804s) 1.761ms
[47.804s][info   ][gc,start      ] GC(681) Pause Remark
[47.805s][info   ][gc,stringtable] GC(681) Cleaned string and symbol table, strings: 1384 processed, 0 removed, symbols: 16327 processed, 0 removed
[47.805s][info   ][gc            ] GC(681) Pause Remark 177M->177M(256M) 0.658ms
[47.805s][info   ][gc,cpu        ] GC(681) User=0.01s Sys=0.01s Real=0.00s
[47.805s][info   ][gc,marking    ] GC(681) Concurrent Rebuild Remembered Sets
[47.806s][info   ][gc,marking    ] GC(681) Concurrent Rebuild Remembered Sets 0.807ms
[47.806s][info   ][gc,start      ] GC(681) Pause Cleanup
[47.806s][info   ][gc            ] GC(681) Pause Cleanup 177M->177M(256M) 0.103ms
[47.806s][info   ][gc,cpu        ] GC(681) User=0.00s Sys=0.00s Real=0.00s
[47.806s][info   ][gc,marking    ] GC(681) Concurrent Cleanup for Next Mark
[47.807s][info   ][gc,marking    ] GC(681) Concurrent Cleanup for Next Mark 0.267ms
[47.807s][info   ][gc            ] GC(681) Concurrent Cycle 4.035ms
[47.857s][info   ][gc,start      ] GC(682) Pause Young (Concurrent Start) (G1 Humongous Allocation)
[47.857s][info   ][gc,task       ] GC(682) Using 6 workers of 9 for evacuation
[47.857s][info   ][gc,phases     ] GC(682)   Pre Evacuate Collection Set: 0.1ms
[47.858s][info   ][gc,phases     ] GC(682)   Evacuate Collection Set: 0.2ms
[47.858s][info   ][gc,phases     ] GC(682)   Post Evacuate Collection Set: 0.1ms
[47.858s][info   ][gc,phases     ] GC(682)   Other: 0.3ms
[47.858s][info   ][gc,heap       ] GC(682) Eden regions: 0->0(16)
[47.858s][info   ][gc,heap       ] GC(682) Survivor regions: 0->0(2)
[47.858s][info   ][gc,heap       ] GC(682) Old regions: 1->1
[47.858s][info   ][gc,heap       ] GC(682) Archive regions: 0->0
[47.858s][info   ][gc,heap       ] GC(682) Humongous regions: 177->176
[47.858s][info   ][gc,metaspace  ] GC(682) Metaspace: 3424K(4864K)->3424K(4864K) NonClass: 3120K(4352K)->3120K(4352K) Class: 304K(512K)->304K(512K)
[47.858s][info   ][gc            ] GC(682) Pause Young (Concurrent Start) (G1 Humongous Allocation) 177M->176M(256M) 0.737ms
[47.858s][info   ][gc,cpu        ] GC(682) User=0.00s Sys=0.00s Real=0.00s
[47.858s][info   ][gc            ] GC(683) Concurrent Cycle
[47.858s][info   ][gc,marking    ] GC(683) Concurrent Clear Claimed Marks
[47.858s][info   ][gc,marking    ] GC(683) Concurrent Clear Claimed Marks 0.010ms
[47.858s][info   ][gc,marking    ] GC(683) Concurrent Scan Root Regions
[47.858s][info   ][gc,marking    ] GC(683) Concurrent Scan Root Regions 0.010ms
[47.858s][info   ][gc,marking    ] GC(683) Concurrent Mark (47.858s)
[47.858s][info   ][gc,marking    ] GC(683) Concurrent Mark From Roots
[47.858s][info   ][gc,task       ] GC(683) Using 2 workers of 2 for marking
[47.859s][info   ][gc,marking    ] GC(683) Concurrent Mark From Roots 1.480ms
[47.859s][info   ][gc,marking    ] GC(683) Concurrent Preclean
[47.859s][info   ][gc,marking    ] GC(683) Concurrent Preclean 0.030ms
[47.859s][info   ][gc,marking    ] GC(683) Concurrent Mark (47.858s, 47.859s) 1.548ms
[47.859s][info   ][gc,start      ] GC(683) Pause Remark
[47.860s][info   ][gc,stringtable] GC(683) Cleaned string and symbol table, strings: 1384 processed, 0 removed, symbols: 16327 processed, 0 removed
[47.860s][info   ][gc            ] GC(683) Pause Remark 177M->177M(256M) 1.012ms
[47.860s][info   ][gc,cpu        ] GC(683) User=0.00s Sys=0.00s Real=0.00s
[47.860s][info   ][gc,marking    ] GC(683) Concurrent Rebuild Remembered Sets
[47.861s][info   ][gc,marking    ] GC(683) Concurrent Rebuild Remembered Sets 0.696ms
[47.861s][info   ][gc,start      ] GC(683) Pause Cleanup
[47.861s][info   ][gc            ] GC(683) Pause Cleanup 177M->177M(256M) 0.074ms
[47.861s][info   ][gc,cpu        ] GC(683) User=0.00s Sys=0.00s Real=0.00s
[47.861s][info   ][gc,marking    ] GC(683) Concurrent Cleanup for Next Mark
[47.862s][info   ][gc,marking    ] GC(683) Concurrent Cleanup for Next Mark 0.364ms
[47.862s][info   ][gc            ] GC(683) Concurrent Cycle 4.115ms
[47.910s][info   ][gc,start      ] GC(684) Pause Young (Concurrent Start) (G1 Humongous Allocation)
[47.910s][info   ][gc,task       ] GC(684) Using 6 workers of 9 for evacuation
[47.911s][info   ][gc,phases     ] GC(684)   Pre Evacuate Collection Set: 0.1ms
[47.911s][info   ][gc,phases     ] GC(684)   Evacuate Collection Set: 0.4ms
[47.911s][info   ][gc,phases     ] GC(684)   Post Evacuate Collection Set: 0.1ms
[47.911s][info   ][gc,phases     ] GC(684)   Other: 0.4ms
[47.911s][info   ][gc,heap       ] GC(684) Eden regions: 0->0(16)
[47.911s][info   ][gc,heap       ] GC(684) Survivor regions: 0->0(2)
[47.911s][info   ][gc,heap       ] GC(684) Old regions: 1->1
[47.911s][info   ][gc,heap       ] GC(684) Archive regions: 0->0
[47.911s][info   ][gc,heap       ] GC(684) Humongous regions: 177->176
[47.911s][info   ][gc,metaspace  ] GC(684) Metaspace: 3424K(4864K)->3424K(4864K) NonClass: 3120K(4352K)->3120K(4352K) Class: 304K(512K)->304K(512K)
[47.911s][info   ][gc            ] GC(684) Pause Young (Concurrent Start) (G1 Humongous Allocation) 177M->176M(256M) 1.231ms
[47.911s][info   ][gc,cpu        ] GC(684) User=0.01s Sys=0.00s Real=0.00s
[47.911s][info   ][gc            ] GC(685) Concurrent Cycle
[47.911s][info   ][gc,marking    ] GC(685) Concurrent Clear Claimed Marks
[47.911s][info   ][gc,marking    ] GC(685) Concurrent Clear Claimed Marks 0.020ms
[47.911s][info   ][gc,marking    ] GC(685) Concurrent Scan Root Regions
[47.911s][info   ][gc,marking    ] GC(685) Concurrent Scan Root Regions 0.017ms
[47.911s][info   ][gc,marking    ] GC(685) Concurrent Mark (47.911s)
[47.911s][info   ][gc,marking    ] GC(685) Concurrent Mark From Roots
[47.911s][info   ][gc,task       ] GC(685) Using 2 workers of 2 for marking
[47.913s][info   ][gc,marking    ] GC(685) Concurrent Mark From Roots 1.800ms
[47.913s][info   ][gc,marking    ] GC(685) Concurrent Preclean
[47.913s][info   ][gc,marking    ] GC(685) Concurrent Preclean 0.032ms
[47.913s][info   ][gc,marking    ] GC(685) Concurrent Mark (47.911s, 47.913s) 1.873ms
[47.913s][info   ][gc,start      ] GC(685) Pause Remark
[47.915s][info   ][gc,stringtable] GC(685) Cleaned string and symbol table, strings: 1384 processed, 0 removed, symbols: 16327 processed, 0 removed
[47.915s][info   ][gc            ] GC(685) Pause Remark 177M->177M(256M) 1.427ms
[47.915s][info   ][gc,cpu        ] GC(685) User=0.00s Sys=0.00s Real=0.00s
[47.915s][info   ][gc,marking    ] GC(685) Concurrent Rebuild Remembered Sets
[47.916s][info   ][gc,marking    ] GC(685) Concurrent Rebuild Remembered Sets 1.026ms
[47.916s][info   ][gc,start      ] GC(685) Pause Cleanup
[47.916s][info   ][gc            ] GC(685) Pause Cleanup 177M->177M(256M) 0.115ms
[47.916s][info   ][gc,cpu        ] GC(685) User=0.00s Sys=0.00s Real=0.00s
[47.916s][info   ][gc,marking    ] GC(685) Concurrent Cleanup for Next Mark
[47.917s][info   ][gc,marking    ] GC(685) Concurrent Cleanup for Next Mark 0.291ms
[47.917s][info   ][gc            ] GC(685) Concurrent Cycle 5.241ms
[47.966s][info   ][gc,start      ] GC(686) Pause Young (Concurrent Start) (G1 Humongous Allocation)
[47.966s][info   ][gc,task       ] GC(686) Using 6 workers of 9 for evacuation
[47.967s][info   ][gc,phases     ] GC(686)   Pre Evacuate Collection Set: 0.0ms
[47.967s][info   ][gc,phases     ] GC(686)   Evacuate Collection Set: 0.1ms
[47.967s][info   ][gc,phases     ] GC(686)   Post Evacuate Collection Set: 0.1ms
[47.967s][info   ][gc,phases     ] GC(686)   Other: 0.1ms
[47.967s][info   ][gc,heap       ] GC(686) Eden regions: 0->0(16)
[47.967s][info   ][gc,heap       ] GC(686) Survivor regions: 0->0(2)
[47.967s][info   ][gc,heap       ] GC(686) Old regions: 1->1
[47.967s][info   ][gc,heap       ] GC(686) Archive regions: 0->0
[47.967s][info   ][gc,heap       ] GC(686) Humongous regions: 177->176
[47.967s][info   ][gc,metaspace  ] GC(686) Metaspace: 3424K(4864K)->3424K(4864K) NonClass: 3120K(4352K)->3120K(4352K) Class: 304K(512K)->304K(512K)
[47.967s][info   ][gc            ] GC(686) Pause Young (Concurrent Start) (G1 Humongous Allocation) 177M->176M(256M) 0.429ms
[47.967s][info   ][gc,cpu        ] GC(686) User=0.00s Sys=0.00s Real=0.00s
[47.967s][info   ][gc            ] GC(687) Concurrent Cycle
[47.967s][info   ][gc,marking    ] GC(687) Concurrent Clear Claimed Marks
[47.967s][info   ][gc,marking    ] GC(687) Concurrent Clear Claimed Marks 0.010ms
[47.967s][info   ][gc,marking    ] GC(687) Concurrent Scan Root Regions
[47.967s][info   ][gc,marking    ] GC(687) Concurrent Scan Root Regions 0.008ms
[47.967s][info   ][gc,marking    ] GC(687) Concurrent Mark (47.967s)
[47.967s][info   ][gc,marking    ] GC(687) Concurrent Mark From Roots
[47.967s][info   ][gc,task       ] GC(687) Using 2 workers of 2 for marking
[47.968s][info   ][gc,marking    ] GC(687) Concurrent Mark From Roots 1.290ms
[47.968s][info   ][gc,marking    ] GC(687) Concurrent Preclean
[47.968s][info   ][gc,marking    ] GC(687) Concurrent Preclean 0.033ms
[47.968s][info   ][gc,marking    ] GC(687) Concurrent Mark (47.967s, 47.968s) 1.351ms
[47.968s][info   ][gc,start      ] GC(687) Pause Remark
[47.969s][info   ][gc,stringtable] GC(687) Cleaned string and symbol table, strings: 1384 processed, 0 removed, symbols: 16327 processed, 0 removed
[47.969s][info   ][gc            ] GC(687) Pause Remark 179M->179M(256M) 0.480ms
[47.969s][info   ][gc,cpu        ] GC(687) User=0.00s Sys=0.00s Real=0.00s
[47.969s][info   ][gc,marking    ] GC(687) Concurrent Rebuild Remembered Sets
[47.970s][info   ][gc,marking    ] GC(687) Concurrent Rebuild Remembered Sets 0.884ms
[47.970s][info   ][gc,start      ] GC(687) Pause Cleanup
[47.970s][info   ][gc            ] GC(687) Pause Cleanup 179M->179M(256M) 0.073ms
[47.970s][info   ][gc,cpu        ] GC(687) User=0.00s Sys=0.00s Real=0.00s
[47.970s][info   ][gc,marking    ] GC(687) Concurrent Cleanup for Next Mark
[47.970s][info   ][gc,marking    ] GC(687) Concurrent Cleanup for Next Mark 0.203ms
[47.970s][info   ][gc            ] GC(687) Concurrent Cycle 3.344ms
[48.022s][info   ][gc,start      ] GC(688) Pause Young (Concurrent Start) (G1 Humongous Allocation)
[48.022s][info   ][gc,task       ] GC(688) Using 6 workers of 9 for evacuation
[48.023s][info   ][gc,phases     ] GC(688)   Pre Evacuate Collection Set: 0.1ms
[48.023s][info   ][gc,phases     ] GC(688)   Evacuate Collection Set: 0.1ms
[48.023s][info   ][gc,phases     ] GC(688)   Post Evacuate Collection Set: 0.1ms
[48.023s][info   ][gc,phases     ] GC(688)   Other: 0.1ms
[48.023s][info   ][gc,heap       ] GC(688) Eden regions: 0->0(16)
[48.023s][info   ][gc,heap       ] GC(688) Survivor regions: 0->0(2)
[48.023s][info   ][gc,heap       ] GC(688) Old regions: 1->1
[48.023s][info   ][gc,heap       ] GC(688) Archive regions: 0->0
[48.023s][info   ][gc,heap       ] GC(688) Humongous regions: 179->178
[48.023s][info   ][gc,metaspace  ] GC(688) Metaspace: 3424K(4864K)->3424K(4864K) NonClass: 3120K(4352K)->3120K(4352K) Class: 304K(512K)->304K(512K)
[48.023s][info   ][gc            ] GC(688) Pause Young (Concurrent Start) (G1 Humongous Allocation) 179M->178M(256M) 0.417ms
[48.023s][info   ][gc,cpu        ] GC(688) User=0.00s Sys=0.00s Real=0.00s
[48.023s][info   ][gc            ] GC(689) Concurrent Cycle
[48.023s][info   ][gc,marking    ] GC(689) Concurrent Clear Claimed Marks
[48.023s][info   ][gc,marking    ] GC(689) Concurrent Clear Claimed Marks 0.009ms
[48.023s][info   ][gc,marking    ] GC(689) Concurrent Scan Root Regions
[48.023s][info   ][gc,marking    ] GC(689) Concurrent Scan Root Regions 0.007ms
[48.023s][info   ][gc,marking    ] GC(689) Concurrent Mark (48.023s)
[48.023s][info   ][gc,marking    ] GC(689) Concurrent Mark From Roots
[48.023s][info   ][gc,task       ] GC(689) Using 2 workers of 2 for marking
[48.024s][info   ][gc,marking    ] GC(689) Concurrent Mark From Roots 1.065ms
[48.024s][info   ][gc,marking    ] GC(689) Concurrent Preclean
[48.024s][info   ][gc,marking    ] GC(689) Concurrent Preclean 0.029ms
[48.024s][info   ][gc,marking    ] GC(689) Concurrent Mark (48.023s, 48.024s) 1.152ms
[48.024s][info   ][gc,start      ] GC(689) Pause Remark
[48.024s][info   ][gc,stringtable] GC(689) Cleaned string and symbol table, strings: 1384 processed, 0 removed, symbols: 16327 processed, 0 removed
[48.024s][info   ][gc            ] GC(689) Pause Remark 179M->179M(256M) 0.449ms
[48.024s][info   ][gc,cpu        ] GC(689) User=0.00s Sys=0.00s Real=0.00s
[48.024s][info   ][gc,marking    ] GC(689) Concurrent Rebuild Remembered Sets
[48.025s][info   ][gc,marking    ] GC(689) Concurrent Rebuild Remembered Sets 0.739ms
[48.025s][info   ][gc,start      ] GC(689) Pause Cleanup
[48.025s][info   ][gc            ] GC(689) Pause Cleanup 179M->179M(256M) 0.060ms
[48.025s][info   ][gc,cpu        ] GC(689) User=0.00s Sys=0.00s Real=0.00s
[48.025s][info   ][gc,marking    ] GC(689) Concurrent Cleanup for Next Mark
[48.026s][info   ][gc,marking    ] GC(689) Concurrent Cleanup for Next Mark 0.165ms
[48.026s][info   ][gc            ] GC(689) Concurrent Cycle 2.976ms
[48.078s][info   ][gc,start      ] GC(690) Pause Young (Concurrent Start) (G1 Humongous Allocation)
[48.078s][info   ][gc,task       ] GC(690) Using 6 workers of 9 for evacuation
[48.079s][info   ][gc,phases     ] GC(690)   Pre Evacuate Collection Set: 0.6ms
[48.079s][info   ][gc,phases     ] GC(690)   Evacuate Collection Set: 0.4ms
[48.079s][info   ][gc,phases     ] GC(690)   Post Evacuate Collection Set: 0.1ms
[48.079s][info   ][gc,phases     ] GC(690)   Other: 0.2ms
[48.079s][info   ][gc,heap       ] GC(690) Eden regions: 0->0(16)
[48.079s][info   ][gc,heap       ] GC(690) Survivor regions: 0->0(2)
[48.079s][info   ][gc,heap       ] GC(690) Old regions: 1->1
[48.079s][info   ][gc,heap       ] GC(690) Archive regions: 0->0
[48.079s][info   ][gc,heap       ] GC(690) Humongous regions: 179->178
[48.079s][info   ][gc,metaspace  ] GC(690) Metaspace: 3424K(4864K)->3424K(4864K) NonClass: 3120K(4352K)->3120K(4352K) Class: 304K(512K)->304K(512K)
[48.079s][info   ][gc            ] GC(690) Pause Young (Concurrent Start) (G1 Humongous Allocation) 179M->178M(256M) 1.407ms
[48.079s][info   ][gc,cpu        ] GC(690) User=0.01s Sys=0.00s Real=0.01s
[48.079s][info   ][gc            ] GC(691) Concurrent Cycle
[48.079s][info   ][gc,marking    ] GC(691) Concurrent Clear Claimed Marks
[48.079s][info   ][gc,marking    ] GC(691) Concurrent Clear Claimed Marks 0.011ms
[48.079s][info   ][gc,marking    ] GC(691) Concurrent Scan Root Regions
[48.079s][info   ][gc,marking    ] GC(691) Concurrent Scan Root Regions 0.009ms
[48.079s][info   ][gc,marking    ] GC(691) Concurrent Mark (48.079s)
[48.079s][info   ][gc,marking    ] GC(691) Concurrent Mark From Roots
[48.079s][info   ][gc,task       ] GC(691) Using 2 workers of 2 for marking
[48.081s][info   ][gc,marking    ] GC(691) Concurrent Mark From Roots 1.422ms
[48.081s][info   ][gc,marking    ] GC(691) Concurrent Preclean
[48.081s][info   ][gc,marking    ] GC(691) Concurrent Preclean 0.014ms
[48.081s][info   ][gc,marking    ] GC(691) Concurrent Mark (48.079s, 48.081s) 1.479ms
[48.081s][info   ][gc,start      ] GC(691) Pause Remark
[48.082s][info   ][gc,stringtable] GC(691) Cleaned string and symbol table, strings: 1384 processed, 0 removed, symbols: 16327 processed, 0 removed
[48.082s][info   ][gc            ] GC(691) Pause Remark 179M->179M(256M) 1.003ms
[48.082s][info   ][gc,cpu        ] GC(691) User=0.00s Sys=0.00s Real=0.00s
[48.082s][info   ][gc,marking    ] GC(691) Concurrent Rebuild Remembered Sets
[48.082s][info   ][gc,marking    ] GC(691) Concurrent Rebuild Remembered Sets 0.354ms
[48.082s][info   ][gc,start      ] GC(691) Pause Cleanup
[48.082s][info   ][gc            ] GC(691) Pause Cleanup 179M->179M(256M) 0.032ms
[48.082s][info   ][gc,cpu        ] GC(691) User=0.00s Sys=0.00s Real=0.00s
[48.082s][info   ][gc,marking    ] GC(691) Concurrent Cleanup for Next Mark
[48.083s][info   ][gc,marking    ] GC(691) Concurrent Cleanup for Next Mark 0.119ms
[48.083s][info   ][gc            ] GC(691) Concurrent Cycle 3.228ms
[48.134s][info   ][gc,start      ] GC(692) Pause Young (Concurrent Start) (G1 Humongous Allocation)
[48.134s][info   ][gc,task       ] GC(692) Using 6 workers of 9 for evacuation
[48.134s][info   ][gc,phases     ] GC(692)   Pre Evacuate Collection Set: 0.0ms
[48.134s][info   ][gc,phases     ] GC(692)   Evacuate Collection Set: 0.1ms
[48.134s][info   ][gc,phases     ] GC(692)   Post Evacuate Collection Set: 0.1ms
[48.134s][info   ][gc,phases     ] GC(692)   Other: 0.1ms
[48.134s][info   ][gc,heap       ] GC(692) Eden regions: 0->0(16)
[48.134s][info   ][gc,heap       ] GC(692) Survivor regions: 0->0(2)
[48.134s][info   ][gc,heap       ] GC(692) Old regions: 1->1
[48.134s][info   ][gc,heap       ] GC(692) Archive regions: 0->0
[48.134s][info   ][gc,heap       ] GC(692) Humongous regions: 179->178
[48.134s][info   ][gc,metaspace  ] GC(692) Metaspace: 3424K(4864K)->3424K(4864K) NonClass: 3120K(4352K)->3120K(4352K) Class: 304K(512K)->304K(512K)
[48.135s][info   ][gc            ] GC(692) Pause Young (Concurrent Start) (G1 Humongous Allocation) 179M->178M(256M) 0.337ms
[48.135s][info   ][gc,cpu        ] GC(692) User=0.00s Sys=0.00s Real=0.00s
[48.135s][info   ][gc            ] GC(693) Concurrent Cycle
[48.135s][info   ][gc,marking    ] GC(693) Concurrent Clear Claimed Marks
[48.135s][info   ][gc,marking    ] GC(693) Concurrent Clear Claimed Marks 0.004ms
[48.135s][info   ][gc,marking    ] GC(693) Concurrent Scan Root Regions
[48.135s][info   ][gc,marking    ] GC(693) Concurrent Scan Root Regions 0.003ms
[48.135s][info   ][gc,marking    ] GC(693) Concurrent Mark (48.135s)
[48.135s][info   ][gc,marking    ] GC(693) Concurrent Mark From Roots
[48.135s][info   ][gc,task       ] GC(693) Using 2 workers of 2 for marking
[48.135s][info   ][gc,marking    ] GC(693) Concurrent Mark From Roots 0.590ms
[48.135s][info   ][gc,marking    ] GC(693) Concurrent Preclean
[48.135s][info   ][gc,marking    ] GC(693) Concurrent Preclean 0.016ms
[48.135s][info   ][gc,marking    ] GC(693) Concurrent Mark (48.135s, 48.135s) 0.628ms
[48.135s][info   ][gc,start      ] GC(693) Pause Remark
[48.135s][info   ][gc,stringtable] GC(693) Cleaned string and symbol table, strings: 1384 processed, 0 removed, symbols: 16327 processed, 0 removed
[48.135s][info   ][gc            ] GC(693) Pause Remark 179M->179M(256M) 0.266ms
[48.135s][info   ][gc,cpu        ] GC(693) User=0.00s Sys=0.00s Real=0.00s
[48.136s][info   ][gc,marking    ] GC(693) Concurrent Rebuild Remembered Sets
[48.136s][info   ][gc,marking    ] GC(693) Concurrent Rebuild Remembered Sets 0.465ms
[48.136s][info   ][gc,start      ] GC(693) Pause Cleanup
[48.136s][info   ][gc            ] GC(693) Pause Cleanup 179M->179M(256M) 0.044ms
[48.136s][info   ][gc,cpu        ] GC(693) User=0.00s Sys=0.00s Real=0.00s
[48.136s][info   ][gc,marking    ] GC(693) Concurrent Cleanup for Next Mark
[48.136s][info   ][gc,marking    ] GC(693) Concurrent Cleanup for Next Mark 0.120ms
[48.136s][info   ][gc            ] GC(693) Concurrent Cycle 1.685ms
[48.188s][info   ][gc,start      ] GC(694) Pause Young (Concurrent Start) (G1 Humongous Allocation)
[48.188s][info   ][gc,task       ] GC(694) Using 6 workers of 9 for evacuation
[48.188s][info   ][gc,phases     ] GC(694)   Pre Evacuate Collection Set: 0.1ms
[48.188s][info   ][gc,phases     ] GC(694)   Evacuate Collection Set: 0.1ms
[48.188s][info   ][gc,phases     ] GC(694)   Post Evacuate Collection Set: 0.1ms
[48.188s][info   ][gc,phases     ] GC(694)   Other: 0.1ms
[48.188s][info   ][gc,heap       ] GC(694) Eden regions: 0->0(16)
[48.188s][info   ][gc,heap       ] GC(694) Survivor regions: 0->0(2)
[48.188s][info   ][gc,heap       ] GC(694) Old regions: 1->1
[48.188s][info   ][gc,heap       ] GC(694) Archive regions: 0->0
[48.188s][info   ][gc,heap       ] GC(694) Humongous regions: 179->178
[48.189s][info   ][gc,metaspace  ] GC(694) Metaspace: 3424K(4864K)->3424K(4864K) NonClass: 3120K(4352K)->3120K(4352K) Class: 304K(512K)->304K(512K)
[48.189s][info   ][gc            ] GC(694) Pause Young (Concurrent Start) (G1 Humongous Allocation) 179M->178M(256M) 0.368ms
[48.189s][info   ][gc,cpu        ] GC(694) User=0.00s Sys=0.00s Real=0.00s
[48.189s][info   ][gc            ] GC(695) Concurrent Cycle
[48.189s][info   ][gc,marking    ] GC(695) Concurrent Clear Claimed Marks
[48.189s][info   ][gc,marking    ] GC(695) Concurrent Clear Claimed Marks 0.004ms
[48.189s][info   ][gc,marking    ] GC(695) Concurrent Scan Root Regions
[48.189s][info   ][gc,marking    ] GC(695) Concurrent Scan Root Regions 0.003ms
[48.189s][info   ][gc,marking    ] GC(695) Concurrent Mark (48.189s)
[48.189s][info   ][gc,marking    ] GC(695) Concurrent Mark From Roots
[48.189s][info   ][gc,task       ] GC(695) Using 2 workers of 2 for marking
[48.189s][info   ][gc,marking    ] GC(695) Concurrent Mark From Roots 0.692ms
[48.189s][info   ][gc,marking    ] GC(695) Concurrent Preclean
[48.189s][info   ][gc,marking    ] GC(695) Concurrent Preclean 0.017ms
[48.189s][info   ][gc,marking    ] GC(695) Concurrent Mark (48.189s, 48.189s) 0.726ms
[48.189s][info   ][gc,start      ] GC(695) Pause Remark
[48.190s][info   ][gc,stringtable] GC(695) Cleaned string and symbol table, strings: 1384 processed, 0 removed, symbols: 16327 processed, 0 removed
[48.190s][info   ][gc            ] GC(695) Pause Remark 179M->179M(256M) 0.308ms
[48.190s][info   ][gc,cpu        ] GC(695) User=0.01s Sys=0.00s Real=0.00s
[48.190s][info   ][gc,marking    ] GC(695) Concurrent Rebuild Remembered Sets
[48.190s][info   ][gc,marking    ] GC(695) Concurrent Rebuild Remembered Sets 0.482ms
[48.190s][info   ][gc,start      ] GC(695) Pause Cleanup
[48.190s][info   ][gc            ] GC(695) Pause Cleanup 179M->179M(256M) 0.053ms
[48.190s][info   ][gc,cpu        ] GC(695) User=0.00s Sys=0.00s Real=0.00s
[48.190s][info   ][gc,marking    ] GC(695) Concurrent Cleanup for Next Mark
[48.190s][info   ][gc,marking    ] GC(695) Concurrent Cleanup for Next Mark 0.154ms
[48.190s][info   ][gc            ] GC(695) Concurrent Cycle 1.911ms
[48.244s][info   ][gc,start      ] GC(696) Pause Young (Concurrent Start) (G1 Humongous Allocation)
[48.244s][info   ][gc,task       ] GC(696) Using 6 workers of 9 for evacuation
[48.244s][info   ][gc,phases     ] GC(696)   Pre Evacuate Collection Set: 0.0ms
[48.244s][info   ][gc,phases     ] GC(696)   Evacuate Collection Set: 0.1ms
[48.244s][info   ][gc,phases     ] GC(696)   Post Evacuate Collection Set: 0.1ms
[48.244s][info   ][gc,phases     ] GC(696)   Other: 0.1ms
[48.244s][info   ][gc,heap       ] GC(696) Eden regions: 0->0(16)
[48.244s][info   ][gc,heap       ] GC(696) Survivor regions: 0->0(2)
[48.244s][info   ][gc,heap       ] GC(696) Old regions: 1->1
[48.244s][info   ][gc,heap       ] GC(696) Archive regions: 0->0
[48.244s][info   ][gc,heap       ] GC(696) Humongous regions: 179->178
[48.244s][info   ][gc,metaspace  ] GC(696) Metaspace: 3424K(4864K)->3424K(4864K) NonClass: 3120K(4352K)->3120K(4352K) Class: 304K(512K)->304K(512K)
[48.244s][info   ][gc            ] GC(696) Pause Young (Concurrent Start) (G1 Humongous Allocation) 179M->178M(256M) 0.346ms
[48.244s][info   ][gc,cpu        ] GC(696) User=0.00s Sys=0.00s Real=0.00s
[48.244s][info   ][gc            ] GC(697) Concurrent Cycle
[48.244s][info   ][gc,marking    ] GC(697) Concurrent Clear Claimed Marks
[48.244s][info   ][gc,marking    ] GC(697) Concurrent Clear Claimed Marks 0.006ms
[48.244s][info   ][gc,marking    ] GC(697) Concurrent Scan Root Regions
[48.244s][info   ][gc,marking    ] GC(697) Concurrent Scan Root Regions 0.009ms
[48.244s][info   ][gc,marking    ] GC(697) Concurrent Mark (48.244s)
[48.244s][info   ][gc,marking    ] GC(697) Concurrent Mark From Roots
[48.244s][info   ][gc,task       ] GC(697) Using 2 workers of 2 for marking
[48.245s][info   ][gc,marking    ] GC(697) Concurrent Mark From Roots 0.825ms
[48.245s][info   ][gc,marking    ] GC(697) Concurrent Preclean
[48.245s][info   ][gc,marking    ] GC(697) Concurrent Preclean 0.025ms
[48.245s][info   ][gc,marking    ] GC(697) Concurrent Mark (48.244s, 48.245s) 0.876ms
[48.245s][info   ][gc,start      ] GC(697) Pause Remark
[48.245s][info   ][gc,stringtable] GC(697) Cleaned string and symbol table, strings: 1384 processed, 0 removed, symbols: 16327 processed, 0 removed
[48.245s][info   ][gc            ] GC(697) Pause Remark 179M->179M(256M) 0.308ms
[48.245s][info   ][gc,cpu        ] GC(697) User=0.00s Sys=0.00s Real=0.00s
[48.245s][info   ][gc,marking    ] GC(697) Concurrent Rebuild Remembered Sets
[48.246s][info   ][gc,marking    ] GC(697) Concurrent Rebuild Remembered Sets 0.593ms
[48.246s][info   ][gc,start      ] GC(697) Pause Cleanup
[48.246s][info   ][gc            ] GC(697) Pause Cleanup 179M->179M(256M) 0.074ms
[48.246s][info   ][gc,cpu        ] GC(697) User=0.00s Sys=0.00s Real=0.00s
[48.246s][info   ][gc,marking    ] GC(697) Concurrent Cleanup for Next Mark
[48.246s][info   ][gc,marking    ] GC(697) Concurrent Cleanup for Next Mark 0.151ms
[48.246s][info   ][gc            ] GC(697) Concurrent Cycle 2.242ms
[48.299s][info   ][gc,start      ] GC(698) Pause Young (Concurrent Start) (G1 Humongous Allocation)
[48.299s][info   ][gc,task       ] GC(698) Using 6 workers of 9 for evacuation
[48.300s][info   ][gc,phases     ] GC(698)   Pre Evacuate Collection Set: 0.1ms
[48.300s][info   ][gc,phases     ] GC(698)   Evacuate Collection Set: 0.1ms
[48.300s][info   ][gc,phases     ] GC(698)   Post Evacuate Collection Set: 0.1ms
[48.300s][info   ][gc,phases     ] GC(698)   Other: 0.2ms
[48.300s][info   ][gc,heap       ] GC(698) Eden regions: 0->0(16)
[48.300s][info   ][gc,heap       ] GC(698) Survivor regions: 0->0(2)
[48.300s][info   ][gc,heap       ] GC(698) Old regions: 1->1
[48.300s][info   ][gc,heap       ] GC(698) Archive regions: 0->0
[48.300s][info   ][gc,heap       ] GC(698) Humongous regions: 179->178
[48.300s][info   ][gc,metaspace  ] GC(698) Metaspace: 3424K(4864K)->3424K(4864K) NonClass: 3120K(4352K)->3120K(4352K) Class: 304K(512K)->304K(512K)
[48.300s][info   ][gc            ] GC(698) Pause Young (Concurrent Start) (G1 Humongous Allocation) 179M->178M(256M) 0.492ms
[48.300s][info   ][gc,cpu        ] GC(698) User=0.00s Sys=0.00s Real=0.00s
[48.300s][info   ][gc            ] GC(699) Concurrent Cycle
[48.300s][info   ][gc,marking    ] GC(699) Concurrent Clear Claimed Marks
[48.300s][info   ][gc,marking    ] GC(699) Concurrent Clear Claimed Marks 0.008ms
[48.300s][info   ][gc,marking    ] GC(699) Concurrent Scan Root Regions
[48.300s][info   ][gc,marking    ] GC(699) Concurrent Scan Root Regions 0.005ms
[48.300s][info   ][gc,marking    ] GC(699) Concurrent Mark (48.300s)
[48.300s][info   ][gc,marking    ] GC(699) Concurrent Mark From Roots
[48.300s][info   ][gc,task       ] GC(699) Using 2 workers of 2 for marking
[48.301s][info   ][gc,marking    ] GC(699) Concurrent Mark From Roots 0.910ms
[48.301s][info   ][gc,marking    ] GC(699) Concurrent Preclean
[48.301s][info   ][gc,marking    ] GC(699) Concurrent Preclean 0.025ms
[48.301s][info   ][gc,marking    ] GC(699) Concurrent Mark (48.300s, 48.301s) 0.959ms
[48.301s][info   ][gc,start      ] GC(699) Pause Remark
[48.301s][info   ][gc,stringtable] GC(699) Cleaned string and symbol table, strings: 1384 processed, 0 removed, symbols: 16327 processed, 0 removed
[48.301s][info   ][gc            ] GC(699) Pause Remark 179M->179M(256M) 0.438ms
[48.301s][info   ][gc,cpu        ] GC(699) User=0.00s Sys=0.00s Real=0.00s
[48.301s][info   ][gc,marking    ] GC(699) Concurrent Rebuild Remembered Sets
[48.302s][info   ][gc,marking    ] GC(699) Concurrent Rebuild Remembered Sets 0.737ms
[48.302s][info   ][gc,start      ] GC(699) Pause Cleanup
[48.302s][info   ][gc            ] GC(699) Pause Cleanup 179M->179M(256M) 0.069ms
[48.302s][info   ][gc,cpu        ] GC(699) User=0.00s Sys=0.00s Real=0.00s
[48.302s][info   ][gc,marking    ] GC(699) Concurrent Cleanup for Next Mark
[48.303s][info   ][gc,marking    ] GC(699) Concurrent Cleanup for Next Mark 0.298ms
[48.303s][info   ][gc            ] GC(699) Concurrent Cycle 2.835ms
[48.355s][info   ][gc,start      ] GC(700) Pause Young (Concurrent Start) (G1 Humongous Allocation)
[48.355s][info   ][gc,task       ] GC(700) Using 6 workers of 9 for evacuation
[48.355s][info   ][gc,phases     ] GC(700)   Pre Evacuate Collection Set: 0.0ms
[48.355s][info   ][gc,phases     ] GC(700)   Evacuate Collection Set: 0.1ms
[48.355s][info   ][gc,phases     ] GC(700)   Post Evacuate Collection Set: 0.1ms
[48.355s][info   ][gc,phases     ] GC(700)   Other: 0.1ms
[48.355s][info   ][gc,heap       ] GC(700) Eden regions: 0->0(16)
[48.355s][info   ][gc,heap       ] GC(700) Survivor regions: 0->0(2)
[48.355s][info   ][gc,heap       ] GC(700) Old regions: 1->1
[48.355s][info   ][gc,heap       ] GC(700) Archive regions: 0->0
[48.355s][info   ][gc,heap       ] GC(700) Humongous regions: 179->178
[48.355s][info   ][gc,metaspace  ] GC(700) Metaspace: 3424K(4864K)->3424K(4864K) NonClass: 3120K(4352K)->3120K(4352K) Class: 304K(512K)->304K(512K)
[48.355s][info   ][gc            ] GC(700) Pause Young (Concurrent Start) (G1 Humongous Allocation) 179M->178M(256M) 0.493ms
[48.355s][info   ][gc,cpu        ] GC(700) User=0.00s Sys=0.00s Real=0.00s
[48.355s][info   ][gc            ] GC(701) Concurrent Cycle
[48.355s][info   ][gc,marking    ] GC(701) Concurrent Clear Claimed Marks
[48.355s][info   ][gc,marking    ] GC(701) Concurrent Clear Claimed Marks 0.007ms
[48.355s][info   ][gc,marking    ] GC(701) Concurrent Scan Root Regions
[48.356s][info   ][gc,marking    ] GC(701) Concurrent Scan Root Regions 0.006ms
[48.356s][info   ][gc,marking    ] GC(701) Concurrent Mark (48.356s)
[48.356s][info   ][gc,marking    ] GC(701) Concurrent Mark From Roots
[48.356s][info   ][gc,task       ] GC(701) Using 2 workers of 2 for marking
[48.357s][info   ][gc,marking    ] GC(701) Concurrent Mark From Roots 1.181ms
[48.357s][info   ][gc,marking    ] GC(701) Concurrent Preclean
[48.357s][info   ][gc,marking    ] GC(701) Concurrent Preclean 0.028ms
[48.357s][info   ][gc,marking    ] GC(701) Concurrent Mark (48.356s, 48.357s) 1.239ms
[48.357s][info   ][gc,start      ] GC(701) Pause Remark
[48.357s][info   ][gc,stringtable] GC(701) Cleaned string and symbol table, strings: 1384 processed, 0 removed, symbols: 16327 processed, 0 removed
[48.357s][info   ][gc            ] GC(701) Pause Remark 179M->179M(256M) 0.409ms
[48.357s][info   ][gc,cpu        ] GC(701) User=0.00s Sys=0.00s Real=0.00s
[48.357s][info   ][gc,marking    ] GC(701) Concurrent Rebuild Remembered Sets
[48.358s][info   ][gc,marking    ] GC(701) Concurrent Rebuild Remembered Sets 0.818ms
[48.358s][info   ][gc,start      ] GC(701) Pause Cleanup
[48.358s][info   ][gc            ] GC(701) Pause Cleanup 179M->179M(256M) 0.082ms
[48.358s][info   ][gc,cpu        ] GC(701) User=0.00s Sys=0.00s Real=0.00s
[48.358s][info   ][gc,marking    ] GC(701) Concurrent Cleanup for Next Mark
[48.358s][info   ][gc,marking    ] GC(701) Concurrent Cleanup for Next Mark 0.199ms
[48.359s][info   ][gc            ] GC(701) Concurrent Cycle 3.036ms
[48.411s][info   ][gc,start      ] GC(702) Pause Young (Concurrent Start) (G1 Humongous Allocation)
[48.411s][info   ][gc,task       ] GC(702) Using 6 workers of 9 for evacuation
[48.411s][info   ][gc,phases     ] GC(702)   Pre Evacuate Collection Set: 0.1ms
[48.411s][info   ][gc,phases     ] GC(702)   Evacuate Collection Set: 0.1ms
[48.411s][info   ][gc,phases     ] GC(702)   Post Evacuate Collection Set: 0.1ms
[48.411s][info   ][gc,phases     ] GC(702)   Other: 0.2ms
[48.411s][info   ][gc,heap       ] GC(702) Eden regions: 0->0(16)
[48.411s][info   ][gc,heap       ] GC(702) Survivor regions: 0->0(2)
[48.411s][info   ][gc,heap       ] GC(702) Old regions: 1->1
[48.411s][info   ][gc,heap       ] GC(702) Archive regions: 0->0
[48.411s][info   ][gc,heap       ] GC(702) Humongous regions: 179->178
[48.411s][info   ][gc,metaspace  ] GC(702) Metaspace: 3424K(4864K)->3424K(4864K) NonClass: 3120K(4352K)->3120K(4352K) Class: 304K(512K)->304K(512K)
[48.411s][info   ][gc            ] GC(702) Pause Young (Concurrent Start) (G1 Humongous Allocation) 179M->178M(256M) 0.554ms
[48.411s][info   ][gc,cpu        ] GC(702) User=0.00s Sys=0.00s Real=0.00s
[48.411s][info   ][gc            ] GC(703) Concurrent Cycle
[48.411s][info   ][gc,marking    ] GC(703) Concurrent Clear Claimed Marks
[48.411s][info   ][gc,marking    ] GC(703) Concurrent Clear Claimed Marks 0.034ms
[48.411s][info   ][gc,marking    ] GC(703) Concurrent Scan Root Regions
[48.411s][info   ][gc,marking    ] GC(703) Concurrent Scan Root Regions 0.006ms
[48.411s][info   ][gc,marking    ] GC(703) Concurrent Mark (48.411s)
[48.411s][info   ][gc,marking    ] GC(703) Concurrent Mark From Roots
[48.411s][info   ][gc,task       ] GC(703) Using 2 workers of 2 for marking
[48.412s][info   ][gc,marking    ] GC(703) Concurrent Mark From Roots 0.982ms
[48.412s][info   ][gc,marking    ] GC(703) Concurrent Preclean
[48.412s][info   ][gc,marking    ] GC(703) Concurrent Preclean 0.026ms
[48.412s][info   ][gc,marking    ] GC(703) Concurrent Mark (48.411s, 48.412s) 1.031ms
[48.412s][info   ][gc,start      ] GC(703) Pause Remark
[48.413s][info   ][gc,stringtable] GC(703) Cleaned string and symbol table, strings: 1384 processed, 0 removed, symbols: 16327 processed, 0 removed
[48.413s][info   ][gc            ] GC(703) Pause Remark 179M->179M(256M) 0.385ms
[48.413s][info   ][gc,cpu        ] GC(703) User=0.00s Sys=0.00s Real=0.00s
[48.413s][info   ][gc,marking    ] GC(703) Concurrent Rebuild Remembered Sets
[48.414s][info   ][gc,marking    ] GC(703) Concurrent Rebuild Remembered Sets 0.695ms
[48.414s][info   ][gc,start      ] GC(703) Pause Cleanup
[48.414s][info   ][gc            ] GC(703) Pause Cleanup 179M->179M(256M) 0.119ms
[48.414s][info   ][gc,cpu        ] GC(703) User=0.00s Sys=0.00s Real=0.00s
[48.414s][info   ][gc,marking    ] GC(703) Concurrent Cleanup for Next Mark
[48.414s][info   ][gc,marking    ] GC(703) Concurrent Cleanup for Next Mark 0.211ms
[48.414s][info   ][gc            ] GC(703) Concurrent Cycle 2.721ms
[48.466s][info   ][gc,start      ] GC(704) Pause Young (Concurrent Start) (G1 Humongous Allocation)
[48.467s][info   ][gc,task       ] GC(704) Using 6 workers of 9 for evacuation
[48.467s][info   ][gc,phases     ] GC(704)   Pre Evacuate Collection Set: 0.0ms
[48.467s][info   ][gc,phases     ] GC(704)   Evacuate Collection Set: 0.1ms
[48.467s][info   ][gc,phases     ] GC(704)   Post Evacuate Collection Set: 0.1ms
[48.467s][info   ][gc,phases     ] GC(704)   Other: 0.1ms
[48.467s][info   ][gc,heap       ] GC(704) Eden regions: 0->0(16)
[48.467s][info   ][gc,heap       ] GC(704) Survivor regions: 0->0(2)
[48.467s][info   ][gc,heap       ] GC(704) Old regions: 1->1
[48.467s][info   ][gc,heap       ] GC(704) Archive regions: 0->0
[48.467s][info   ][gc,heap       ] GC(704) Humongous regions: 179->178
[48.467s][info   ][gc,metaspace  ] GC(704) Metaspace: 3424K(4864K)->3424K(4864K) NonClass: 3120K(4352K)->3120K(4352K) Class: 304K(512K)->304K(512K)
[48.467s][info   ][gc            ] GC(704) Pause Young (Concurrent Start) (G1 Humongous Allocation) 179M->178M(256M) 0.331ms
[48.467s][info   ][gc,cpu        ] GC(704) User=0.00s Sys=0.00s Real=0.00s
[48.467s][info   ][gc            ] GC(705) Concurrent Cycle
[48.467s][info   ][gc,marking    ] GC(705) Concurrent Clear Claimed Marks
[48.467s][info   ][gc,marking    ] GC(705) Concurrent Clear Claimed Marks 0.010ms
[48.467s][info   ][gc,marking    ] GC(705) Concurrent Scan Root Regions
[48.467s][info   ][gc,marking    ] GC(705) Concurrent Scan Root Regions 0.007ms
[48.467s][info   ][gc,marking    ] GC(705) Concurrent Mark (48.467s)
[48.467s][info   ][gc,marking    ] GC(705) Concurrent Mark From Roots
[48.467s][info   ][gc,task       ] GC(705) Using 2 workers of 2 for marking
[48.468s][info   ][gc,marking    ] GC(705) Concurrent Mark From Roots 1.004ms
[48.468s][info   ][gc,marking    ] GC(705) Concurrent Preclean
[48.468s][info   ][gc,marking    ] GC(705) Concurrent Preclean 0.026ms
[48.468s][info   ][gc,marking    ] GC(705) Concurrent Mark (48.467s, 48.468s) 1.054ms
[48.468s][info   ][gc,start      ] GC(705) Pause Remark
[48.468s][info   ][gc,stringtable] GC(705) Cleaned string and symbol table, strings: 1384 processed, 0 removed, symbols: 16327 processed, 0 removed
[48.469s][info   ][gc            ] GC(705) Pause Remark 179M->179M(256M) 0.401ms
[48.469s][info   ][gc,cpu        ] GC(705) User=0.00s Sys=0.00s Real=0.00s
[48.469s][info   ][gc,marking    ] GC(705) Concurrent Rebuild Remembered Sets
[48.469s][info   ][gc,marking    ] GC(705) Concurrent Rebuild Remembered Sets 0.674ms
[48.469s][info   ][gc,start      ] GC(705) Pause Cleanup
[48.469s][info   ][gc            ] GC(705) Pause Cleanup 179M->179M(256M) 0.090ms
[48.469s][info   ][gc,cpu        ] GC(705) User=0.00s Sys=0.00s Real=0.00s
[48.469s][info   ][gc,marking    ] GC(705) Concurrent Cleanup for Next Mark
[48.470s][info   ][gc,marking    ] GC(705) Concurrent Cleanup for Next Mark 0.176ms
[48.470s][info   ][gc            ] GC(705) Concurrent Cycle 2.773ms
[48.518s][info   ][gc,start      ] GC(706) Pause Young (Concurrent Start) (G1 Humongous Allocation)
[48.518s][info   ][gc,task       ] GC(706) Using 6 workers of 9 for evacuation
[48.518s][info   ][gc,phases     ] GC(706)   Pre Evacuate Collection Set: 0.1ms
[48.518s][info   ][gc,phases     ] GC(706)   Evacuate Collection Set: 0.1ms
[48.519s][info   ][gc,phases     ] GC(706)   Post Evacuate Collection Set: 0.1ms
[48.519s][info   ][gc,phases     ] GC(706)   Other: 0.2ms
[48.519s][info   ][gc,heap       ] GC(706) Eden regions: 0->0(16)
[48.519s][info   ][gc,heap       ] GC(706) Survivor regions: 0->0(2)
[48.519s][info   ][gc,heap       ] GC(706) Old regions: 1->1
[48.519s][info   ][gc,heap       ] GC(706) Archive regions: 0->0
[48.519s][info   ][gc,heap       ] GC(706) Humongous regions: 179->178
[48.519s][info   ][gc,metaspace  ] GC(706) Metaspace: 3424K(4864K)->3424K(4864K) NonClass: 3120K(4352K)->3120K(4352K) Class: 304K(512K)->304K(512K)
[48.519s][info   ][gc            ] GC(706) Pause Young (Concurrent Start) (G1 Humongous Allocation) 179M->178M(256M) 0.528ms
[48.519s][info   ][gc,cpu        ] GC(706) User=0.00s Sys=0.00s Real=0.00s
[48.519s][info   ][gc            ] GC(707) Concurrent Cycle
[48.519s][info   ][gc,marking    ] GC(707) Concurrent Clear Claimed Marks
[48.519s][info   ][gc,marking    ] GC(707) Concurrent Clear Claimed Marks 0.009ms
[48.519s][info   ][gc,marking    ] GC(707) Concurrent Scan Root Regions
[48.519s][info   ][gc,marking    ] GC(707) Concurrent Scan Root Regions 0.006ms
[48.519s][info   ][gc,marking    ] GC(707) Concurrent Mark (48.519s)
[48.519s][info   ][gc,marking    ] GC(707) Concurrent Mark From Roots
[48.519s][info   ][gc,task       ] GC(707) Using 2 workers of 2 for marking
[48.520s][info   ][gc,marking    ] GC(707) Concurrent Mark From Roots 0.973ms
[48.520s][info   ][gc,marking    ] GC(707) Concurrent Preclean
[48.520s][info   ][gc,marking    ] GC(707) Concurrent Preclean 0.025ms
[48.520s][info   ][gc,marking    ] GC(707) Concurrent Mark (48.519s, 48.520s) 1.021ms
[48.520s][info   ][gc,start      ] GC(707) Pause Remark
[48.520s][info   ][gc,stringtable] GC(707) Cleaned string and symbol table, strings: 1384 processed, 0 removed, symbols: 16327 processed, 0 removed
[48.520s][info   ][gc            ] GC(707) Pause Remark 181M->181M(256M) 0.389ms
[48.520s][info   ][gc,cpu        ] GC(707) User=0.00s Sys=0.00s Real=0.00s
[48.520s][info   ][gc,marking    ] GC(707) Concurrent Rebuild Remembered Sets
[48.521s][info   ][gc,marking    ] GC(707) Concurrent Rebuild Remembered Sets 0.844ms
[48.521s][info   ][gc,start      ] GC(707) Pause Cleanup
[48.521s][info   ][gc            ] GC(707) Pause Cleanup 181M->181M(256M) 0.070ms
[48.521s][info   ][gc,cpu        ] GC(707) User=0.00s Sys=0.00s Real=0.00s
[48.521s][info   ][gc,marking    ] GC(707) Concurrent Cleanup for Next Mark
[48.521s][info   ][gc,marking    ] GC(707) Concurrent Cleanup for Next Mark 0.230ms
[48.521s][info   ][gc            ] GC(707) Concurrent Cycle 2.842ms
[48.570s][info   ][gc,start      ] GC(708) Pause Young (Concurrent Start) (G1 Humongous Allocation)
[48.570s][info   ][gc,task       ] GC(708) Using 6 workers of 9 for evacuation
[48.570s][info   ][gc,phases     ] GC(708)   Pre Evacuate Collection Set: 0.1ms
[48.570s][info   ][gc,phases     ] GC(708)   Evacuate Collection Set: 0.1ms
[48.570s][info   ][gc,phases     ] GC(708)   Post Evacuate Collection Set: 0.1ms
[48.570s][info   ][gc,phases     ] GC(708)   Other: 0.2ms
[48.570s][info   ][gc,heap       ] GC(708) Eden regions: 0->0(16)
[48.570s][info   ][gc,heap       ] GC(708) Survivor regions: 0->0(2)
[48.570s][info   ][gc,heap       ] GC(708) Old regions: 1->1
[48.570s][info   ][gc,heap       ] GC(708) Archive regions: 0->0
[48.570s][info   ][gc,heap       ] GC(708) Humongous regions: 181->180
[48.570s][info   ][gc,metaspace  ] GC(708) Metaspace: 3424K(4864K)->3424K(4864K) NonClass: 3120K(4352K)->3120K(4352K) Class: 304K(512K)->304K(512K)
[48.570s][info   ][gc            ] GC(708) Pause Young (Concurrent Start) (G1 Humongous Allocation) 181M->180M(256M) 0.565ms
[48.570s][info   ][gc,cpu        ] GC(708) User=0.00s Sys=0.00s Real=0.00s
[48.570s][info   ][gc            ] GC(709) Concurrent Cycle
[48.570s][info   ][gc,marking    ] GC(709) Concurrent Clear Claimed Marks
[48.570s][info   ][gc,marking    ] GC(709) Concurrent Clear Claimed Marks 0.011ms
[48.570s][info   ][gc,marking    ] GC(709) Concurrent Scan Root Regions
[48.570s][info   ][gc,marking    ] GC(709) Concurrent Scan Root Regions 0.008ms
[48.570s][info   ][gc,marking    ] GC(709) Concurrent Mark (48.570s)
[48.570s][info   ][gc,marking    ] GC(709) Concurrent Mark From Roots
[48.570s][info   ][gc,task       ] GC(709) Using 2 workers of 2 for marking
[48.572s][info   ][gc,marking    ] GC(709) Concurrent Mark From Roots 1.303ms
[48.572s][info   ][gc,marking    ] GC(709) Concurrent Preclean
[48.572s][info   ][gc,marking    ] GC(709) Concurrent Preclean 0.040ms
[48.572s][info   ][gc,marking    ] GC(709) Concurrent Mark (48.570s, 48.572s) 1.390ms
[48.572s][info   ][gc,start      ] GC(709) Pause Remark
[48.572s][info   ][gc,stringtable] GC(709) Cleaned string and symbol table, strings: 1384 processed, 0 removed, symbols: 16327 processed, 0 removed
[48.572s][info   ][gc            ] GC(709) Pause Remark 181M->181M(256M) 0.495ms
[48.572s][info   ][gc,cpu        ] GC(709) User=0.00s Sys=0.00s Real=0.00s
[48.572s][info   ][gc,marking    ] GC(709) Concurrent Rebuild Remembered Sets
[48.573s][info   ][gc,marking    ] GC(709) Concurrent Rebuild Remembered Sets 0.965ms
[48.574s][info   ][gc,start      ] GC(709) Pause Cleanup
[48.574s][info   ][gc            ] GC(709) Pause Cleanup 181M->181M(256M) 0.084ms
[48.574s][info   ][gc,cpu        ] GC(709) User=0.00s Sys=0.00s Real=0.00s
[48.574s][info   ][gc,marking    ] GC(709) Concurrent Cleanup for Next Mark
[48.574s][info   ][gc,marking    ] GC(709) Concurrent Cleanup for Next Mark 0.267ms
[48.574s][info   ][gc            ] GC(709) Concurrent Cycle 3.565ms
[48.626s][info   ][gc,start      ] GC(710) Pause Young (Concurrent Start) (G1 Humongous Allocation)
[48.626s][info   ][gc,task       ] GC(710) Using 6 workers of 9 for evacuation
[48.627s][info   ][gc,phases     ] GC(710)   Pre Evacuate Collection Set: 0.1ms
[48.628s][info   ][gc,phases     ] GC(710)   Evacuate Collection Set: 1.4ms
[48.628s][info   ][gc,phases     ] GC(710)   Post Evacuate Collection Set: 0.1ms
[48.628s][info   ][gc,phases     ] GC(710)   Other: 0.3ms
[48.628s][info   ][gc,heap       ] GC(710) Eden regions: 0->0(16)
[48.628s][info   ][gc,heap       ] GC(710) Survivor regions: 0->0(2)
[48.628s][info   ][gc,heap       ] GC(710) Old regions: 1->1
[48.628s][info   ][gc,heap       ] GC(710) Archive regions: 0->0
[48.628s][info   ][gc,heap       ] GC(710) Humongous regions: 181->180
[48.628s][info   ][gc,metaspace  ] GC(710) Metaspace: 3424K(4864K)->3424K(4864K) NonClass: 3120K(4352K)->3120K(4352K) Class: 304K(512K)->304K(512K)
[48.628s][info   ][gc            ] GC(710) Pause Young (Concurrent Start) (G1 Humongous Allocation) 181M->180M(256M) 2.264ms
[48.628s][info   ][gc,cpu        ] GC(710) User=0.00s Sys=0.00s Real=0.00s
[48.628s][info   ][gc            ] GC(711) Concurrent Cycle
[48.628s][info   ][gc,marking    ] GC(711) Concurrent Clear Claimed Marks
[48.628s][info   ][gc,marking    ] GC(711) Concurrent Clear Claimed Marks 0.014ms
[48.628s][info   ][gc,marking    ] GC(711) Concurrent Scan Root Regions
[48.628s][info   ][gc,marking    ] GC(711) Concurrent Scan Root Regions 0.008ms
[48.628s][info   ][gc,marking    ] GC(711) Concurrent Mark (48.628s)
[48.628s][info   ][gc,marking    ] GC(711) Concurrent Mark From Roots
[48.628s][info   ][gc,task       ] GC(711) Using 2 workers of 2 for marking
[48.630s][info   ][gc,marking    ] GC(711) Concurrent Mark From Roots 1.917ms
[48.630s][info   ][gc,marking    ] GC(711) Concurrent Preclean
[48.630s][info   ][gc,marking    ] GC(711) Concurrent Preclean 0.046ms
[48.630s][info   ][gc,marking    ] GC(711) Concurrent Mark (48.628s, 48.630s) 2.067ms
[48.630s][info   ][gc,start      ] GC(711) Pause Remark
[48.631s][info   ][gc,stringtable] GC(711) Cleaned string and symbol table, strings: 1384 processed, 0 removed, symbols: 16327 processed, 0 removed
[48.631s][info   ][gc            ] GC(711) Pause Remark 181M->181M(256M) 0.525ms
[48.631s][info   ][gc,cpu        ] GC(711) User=0.00s Sys=0.00s Real=0.00s
[48.631s][info   ][gc,marking    ] GC(711) Concurrent Rebuild Remembered Sets
[48.632s][info   ][gc,marking    ] GC(711) Concurrent Rebuild Remembered Sets 1.016ms
[48.632s][info   ][gc,start      ] GC(711) Pause Cleanup
[48.632s][info   ][gc            ] GC(711) Pause Cleanup 181M->181M(256M) 0.089ms
[48.632s][info   ][gc,cpu        ] GC(711) User=0.00s Sys=0.00s Real=0.00s
[48.632s][info   ][gc,marking    ] GC(711) Concurrent Cleanup for Next Mark
[48.632s][info   ][gc,marking    ] GC(711) Concurrent Cleanup for Next Mark 0.260ms
[48.632s][info   ][gc            ] GC(711) Concurrent Cycle 4.397ms
[48.680s][info   ][gc,start      ] GC(712) Pause Young (Concurrent Start) (G1 Humongous Allocation)
[48.681s][info   ][gc,task       ] GC(712) Using 6 workers of 9 for evacuation
[48.681s][info   ][gc,phases     ] GC(712)   Pre Evacuate Collection Set: 0.1ms
[48.681s][info   ][gc,phases     ] GC(712)   Evacuate Collection Set: 0.4ms
[48.681s][info   ][gc,phases     ] GC(712)   Post Evacuate Collection Set: 0.1ms
[48.682s][info   ][gc,phases     ] GC(712)   Other: 0.4ms
[48.682s][info   ][gc,heap       ] GC(712) Eden regions: 0->0(16)
[48.682s][info   ][gc,heap       ] GC(712) Survivor regions: 0->0(2)
[48.682s][info   ][gc,heap       ] GC(712) Old regions: 1->1
[48.682s][info   ][gc,heap       ] GC(712) Archive regions: 0->0
[48.682s][info   ][gc,heap       ] GC(712) Humongous regions: 181->180
[48.682s][info   ][gc,metaspace  ] GC(712) Metaspace: 3424K(4864K)->3424K(4864K) NonClass: 3120K(4352K)->3120K(4352K) Class: 304K(512K)->304K(512K)
[48.682s][info   ][gc            ] GC(712) Pause Young (Concurrent Start) (G1 Humongous Allocation) 181M->180M(256M) 1.302ms
[48.682s][info   ][gc,cpu        ] GC(712) User=0.00s Sys=0.00s Real=0.00s
[48.682s][info   ][gc            ] GC(713) Concurrent Cycle
[48.682s][info   ][gc,marking    ] GC(713) Concurrent Clear Claimed Marks
[48.682s][info   ][gc,marking    ] GC(713) Concurrent Clear Claimed Marks 0.026ms
[48.682s][info   ][gc,marking    ] GC(713) Concurrent Scan Root Regions
[48.682s][info   ][gc,marking    ] GC(713) Concurrent Scan Root Regions 0.018ms
[48.682s][info   ][gc,marking    ] GC(713) Concurrent Mark (48.682s)
[48.682s][info   ][gc,marking    ] GC(713) Concurrent Mark From Roots
[48.682s][info   ][gc,task       ] GC(713) Using 2 workers of 2 for marking
[48.684s][info   ][gc,marking    ] GC(713) Concurrent Mark From Roots 2.256ms
[48.684s][info   ][gc,marking    ] GC(713) Concurrent Preclean
[48.684s][info   ][gc,marking    ] GC(713) Concurrent Preclean 0.032ms
[48.684s][info   ][gc,marking    ] GC(713) Concurrent Mark (48.682s, 48.684s) 2.331ms
[48.685s][info   ][gc,start      ] GC(713) Pause Remark
[48.686s][info   ][gc,stringtable] GC(713) Cleaned string and symbol table, strings: 1384 processed, 0 removed, symbols: 16327 processed, 0 removed
[48.686s][info   ][gc            ] GC(713) Pause Remark 181M->181M(256M) 1.262ms
[48.686s][info   ][gc,cpu        ] GC(713) User=0.00s Sys=0.00s Real=0.00s
[48.686s][info   ][gc,marking    ] GC(713) Concurrent Rebuild Remembered Sets
[48.687s][info   ][gc,marking    ] GC(713) Concurrent Rebuild Remembered Sets 0.956ms
[48.687s][info   ][gc,start      ] GC(713) Pause Cleanup
[48.687s][info   ][gc            ] GC(713) Pause Cleanup 181M->181M(256M) 0.081ms
[48.687s][info   ][gc,cpu        ] GC(713) User=0.00s Sys=0.00s Real=0.00s
[48.687s][info   ][gc,marking    ] GC(713) Concurrent Cleanup for Next Mark
[48.688s][info   ][gc,marking    ] GC(713) Concurrent Cleanup for Next Mark 0.232ms
[48.688s][info   ][gc            ] GC(713) Concurrent Cycle 5.947ms
[48.735s][info   ][gc,start      ] GC(714) Pause Young (Concurrent Start) (G1 Humongous Allocation)
[48.735s][info   ][gc,task       ] GC(714) Using 6 workers of 9 for evacuation
[48.742s][info   ][gc,phases     ] GC(714)   Pre Evacuate Collection Set: 0.2ms
[48.742s][info   ][gc,phases     ] GC(714)   Evacuate Collection Set: 4.9ms
[48.742s][info   ][gc,phases     ] GC(714)   Post Evacuate Collection Set: 0.1ms
[48.742s][info   ][gc,phases     ] GC(714)   Other: 1.3ms
[48.742s][info   ][gc,heap       ] GC(714) Eden regions: 0->0(16)
[48.742s][info   ][gc,heap       ] GC(714) Survivor regions: 0->0(2)
[48.742s][info   ][gc,heap       ] GC(714) Old regions: 1->1
[48.742s][info   ][gc,heap       ] GC(714) Archive regions: 0->0
[48.742s][info   ][gc,heap       ] GC(714) Humongous regions: 181->180
[48.742s][info   ][gc,metaspace  ] GC(714) Metaspace: 3424K(4864K)->3424K(4864K) NonClass: 3120K(4352K)->3120K(4352K) Class: 304K(512K)->304K(512K)
[48.742s][info   ][gc            ] GC(714) Pause Young (Concurrent Start) (G1 Humongous Allocation) 181M->180M(256M) 6.579ms
[48.742s][info   ][gc,cpu        ] GC(714) User=0.00s Sys=0.00s Real=0.01s
[48.742s][info   ][gc            ] GC(715) Concurrent Cycle
[48.742s][info   ][gc,marking    ] GC(715) Concurrent Clear Claimed Marks
[48.743s][info   ][gc,marking    ] GC(715) Concurrent Clear Claimed Marks 0.019ms
[48.743s][info   ][gc,marking    ] GC(715) Concurrent Scan Root Regions
[48.743s][info   ][gc,marking    ] GC(715) Concurrent Scan Root Regions 0.009ms
[48.743s][info   ][gc,marking    ] GC(715) Concurrent Mark (48.743s)
[48.743s][info   ][gc,marking    ] GC(715) Concurrent Mark From Roots
[48.743s][info   ][gc,task       ] GC(715) Using 2 workers of 2 for marking
[48.744s][info   ][gc,marking    ] GC(715) Concurrent Mark From Roots 1.470ms
[48.744s][info   ][gc,marking    ] GC(715) Concurrent Preclean
[48.744s][info   ][gc,marking    ] GC(715) Concurrent Preclean 0.034ms
[48.744s][info   ][gc,marking    ] GC(715) Concurrent Mark (48.743s, 48.744s) 1.549ms
[48.744s][info   ][gc,start      ] GC(715) Pause Remark
[48.745s][info   ][gc,stringtable] GC(715) Cleaned string and symbol table, strings: 1384 processed, 0 removed, symbols: 16327 processed, 0 removed
[48.745s][info   ][gc            ] GC(715) Pause Remark 181M->181M(256M) 0.446ms
[48.745s][info   ][gc,cpu        ] GC(715) User=0.00s Sys=0.00s Real=0.00s
[48.745s][info   ][gc,marking    ] GC(715) Concurrent Rebuild Remembered Sets
[48.746s][info   ][gc,marking    ] GC(715) Concurrent Rebuild Remembered Sets 0.974ms
[48.746s][info   ][gc,start      ] GC(715) Pause Cleanup
[48.746s][info   ][gc            ] GC(715) Pause Cleanup 181M->181M(256M) 0.074ms
[48.746s][info   ][gc,cpu        ] GC(715) User=0.00s Sys=0.00s Real=0.00s
[48.746s][info   ][gc,marking    ] GC(715) Concurrent Cleanup for Next Mark
[48.746s][info   ][gc,marking    ] GC(715) Concurrent Cleanup for Next Mark 0.236ms
[48.746s][info   ][gc            ] GC(715) Concurrent Cycle 4.208ms
[48.799s][info   ][gc,start      ] GC(716) Pause Young (Concurrent Start) (G1 Humongous Allocation)
[48.799s][info   ][gc,task       ] GC(716) Using 6 workers of 9 for evacuation
[48.799s][info   ][gc,phases     ] GC(716)   Pre Evacuate Collection Set: 0.1ms
[48.799s][info   ][gc,phases     ] GC(716)   Evacuate Collection Set: 0.1ms
[48.799s][info   ][gc,phases     ] GC(716)   Post Evacuate Collection Set: 0.1ms
[48.799s][info   ][gc,phases     ] GC(716)   Other: 0.1ms
[48.799s][info   ][gc,heap       ] GC(716) Eden regions: 0->0(16)
[48.799s][info   ][gc,heap       ] GC(716) Survivor regions: 0->0(2)
[48.799s][info   ][gc,heap       ] GC(716) Old regions: 1->1
[48.799s][info   ][gc,heap       ] GC(716) Archive regions: 0->0
[48.799s][info   ][gc,heap       ] GC(716) Humongous regions: 181->180
[48.799s][info   ][gc,metaspace  ] GC(716) Metaspace: 3424K(4864K)->3424K(4864K) NonClass: 3120K(4352K)->3120K(4352K) Class: 304K(512K)->304K(512K)
[48.799s][info   ][gc            ] GC(716) Pause Young (Concurrent Start) (G1 Humongous Allocation) 181M->180M(256M) 0.453ms
[48.799s][info   ][gc,cpu        ] GC(716) User=0.01s Sys=0.00s Real=0.01s
[48.799s][info   ][gc            ] GC(717) Concurrent Cycle
[48.799s][info   ][gc,marking    ] GC(717) Concurrent Clear Claimed Marks
[48.799s][info   ][gc,marking    ] GC(717) Concurrent Clear Claimed Marks 0.013ms
[48.799s][info   ][gc,marking    ] GC(717) Concurrent Scan Root Regions
[48.799s][info   ][gc,marking    ] GC(717) Concurrent Scan Root Regions 0.010ms
[48.799s][info   ][gc,marking    ] GC(717) Concurrent Mark (48.799s)
[48.799s][info   ][gc,marking    ] GC(717) Concurrent Mark From Roots
[48.799s][info   ][gc,task       ] GC(717) Using 2 workers of 2 for marking
[48.801s][info   ][gc,marking    ] GC(717) Concurrent Mark From Roots 1.442ms
[48.801s][info   ][gc,marking    ] GC(717) Concurrent Preclean
[48.801s][info   ][gc,marking    ] GC(717) Concurrent Preclean 0.033ms
[48.801s][info   ][gc,marking    ] GC(717) Concurrent Mark (48.799s, 48.801s) 1.512ms
[48.801s][info   ][gc,start      ] GC(717) Pause Remark
[48.801s][info   ][gc,stringtable] GC(717) Cleaned string and symbol table, strings: 1384 processed, 0 removed, symbols: 16327 processed, 0 removed
[48.802s][info   ][gc            ] GC(717) Pause Remark 181M->181M(256M) 0.528ms
[48.802s][info   ][gc,cpu        ] GC(717) User=0.00s Sys=0.00s Real=0.00s
[48.802s][info   ][gc,marking    ] GC(717) Concurrent Rebuild Remembered Sets
[48.803s][info   ][gc,marking    ] GC(717) Concurrent Rebuild Remembered Sets 1.057ms
[48.803s][info   ][gc,start      ] GC(717) Pause Cleanup
[48.803s][info   ][gc            ] GC(717) Pause Cleanup 181M->181M(256M) 0.080ms
[48.803s][info   ][gc,cpu        ] GC(717) User=0.00s Sys=0.00s Real=0.00s
[48.803s][info   ][gc,marking    ] GC(717) Concurrent Cleanup for Next Mark
[48.803s][info   ][gc,marking    ] GC(717) Concurrent Cleanup for Next Mark 0.269ms
[48.803s][info   ][gc            ] GC(717) Concurrent Cycle 3.956ms
[48.854s][info   ][gc,start      ] GC(718) Pause Young (Concurrent Start) (G1 Humongous Allocation)
[48.855s][info   ][gc,task       ] GC(718) Using 6 workers of 9 for evacuation
[48.855s][info   ][gc,phases     ] GC(718)   Pre Evacuate Collection Set: 0.1ms
[48.855s][info   ][gc,phases     ] GC(718)   Evacuate Collection Set: 0.2ms
[48.855s][info   ][gc,phases     ] GC(718)   Post Evacuate Collection Set: 0.1ms
[48.855s][info   ][gc,phases     ] GC(718)   Other: 0.2ms
[48.855s][info   ][gc,heap       ] GC(718) Eden regions: 0->0(16)
[48.855s][info   ][gc,heap       ] GC(718) Survivor regions: 0->0(2)
[48.855s][info   ][gc,heap       ] GC(718) Old regions: 1->1
[48.855s][info   ][gc,heap       ] GC(718) Archive regions: 0->0
[48.855s][info   ][gc,heap       ] GC(718) Humongous regions: 181->180
[48.855s][info   ][gc,metaspace  ] GC(718) Metaspace: 3424K(4864K)->3424K(4864K) NonClass: 3120K(4352K)->3120K(4352K) Class: 304K(512K)->304K(512K)
[48.855s][info   ][gc            ] GC(718) Pause Young (Concurrent Start) (G1 Humongous Allocation) 181M->180M(256M) 0.671ms
[48.855s][info   ][gc,cpu        ] GC(718) User=0.00s Sys=0.00s Real=0.00s
[48.855s][info   ][gc            ] GC(719) Concurrent Cycle
[48.855s][info   ][gc,marking    ] GC(719) Concurrent Clear Claimed Marks
[48.855s][info   ][gc,marking    ] GC(719) Concurrent Clear Claimed Marks 0.009ms
[48.855s][info   ][gc,marking    ] GC(719) Concurrent Scan Root Regions
[48.855s][info   ][gc,marking    ] GC(719) Concurrent Scan Root Regions 0.006ms
[48.855s][info   ][gc,marking    ] GC(719) Concurrent Mark (48.855s)
[48.855s][info   ][gc,marking    ] GC(719) Concurrent Mark From Roots
[48.855s][info   ][gc,task       ] GC(719) Using 2 workers of 2 for marking
[48.856s][info   ][gc,marking    ] GC(719) Concurrent Mark From Roots 1.128ms
[48.856s][info   ][gc,marking    ] GC(719) Concurrent Preclean
[48.856s][info   ][gc,marking    ] GC(719) Concurrent Preclean 0.029ms
[48.856s][info   ][gc,marking    ] GC(719) Concurrent Mark (48.855s, 48.856s) 1.194ms
[48.857s][info   ][gc,start      ] GC(719) Pause Remark
[48.857s][info   ][gc,stringtable] GC(719) Cleaned string and symbol table, strings: 1384 processed, 0 removed, symbols: 16327 processed, 0 removed
[48.857s][info   ][gc            ] GC(719) Pause Remark 181M->181M(256M) 0.475ms
[48.857s][info   ][gc,cpu        ] GC(719) User=0.01s Sys=0.00s Real=0.00s
[48.857s][info   ][gc,marking    ] GC(719) Concurrent Rebuild Remembered Sets
[48.858s][info   ][gc,marking    ] GC(719) Concurrent Rebuild Remembered Sets 0.848ms
[48.858s][info   ][gc,start      ] GC(719) Pause Cleanup
[48.858s][info   ][gc            ] GC(719) Pause Cleanup 181M->181M(256M) 0.071ms
[48.858s][info   ][gc,cpu        ] GC(719) User=0.00s Sys=0.00s Real=0.00s
[48.858s][info   ][gc,marking    ] GC(719) Concurrent Cleanup for Next Mark
[48.858s][info   ][gc,marking    ] GC(719) Concurrent Cleanup for Next Mark 0.201ms
[48.858s][info   ][gc            ] GC(719) Concurrent Cycle 3.169ms
[48.909s][info   ][gc,start      ] GC(720) Pause Young (Concurrent Start) (G1 Humongous Allocation)
[48.909s][info   ][gc,task       ] GC(720) Using 6 workers of 9 for evacuation
[48.909s][info   ][gc,phases     ] GC(720)   Pre Evacuate Collection Set: 0.1ms
[48.909s][info   ][gc,phases     ] GC(720)   Evacuate Collection Set: 0.1ms
[48.909s][info   ][gc,phases     ] GC(720)   Post Evacuate Collection Set: 0.1ms
[48.909s][info   ][gc,phases     ] GC(720)   Other: 0.2ms
[48.909s][info   ][gc,heap       ] GC(720) Eden regions: 0->0(16)
[48.909s][info   ][gc,heap       ] GC(720) Survivor regions: 0->0(2)
[48.909s][info   ][gc,heap       ] GC(720) Old regions: 1->1
[48.909s][info   ][gc,heap       ] GC(720) Archive regions: 0->0
[48.909s][info   ][gc,heap       ] GC(720) Humongous regions: 181->180
[48.909s][info   ][gc,metaspace  ] GC(720) Metaspace: 3424K(4864K)->3424K(4864K) NonClass: 3120K(4352K)->3120K(4352K) Class: 304K(512K)->304K(512K)
[48.909s][info   ][gc            ] GC(720) Pause Young (Concurrent Start) (G1 Humongous Allocation) 181M->180M(256M) 0.491ms
[48.909s][info   ][gc,cpu        ] GC(720) User=0.00s Sys=0.00s Real=0.01s
[48.909s][info   ][gc            ] GC(721) Concurrent Cycle
[48.909s][info   ][gc,marking    ] GC(721) Concurrent Clear Claimed Marks
[48.909s][info   ][gc,marking    ] GC(721) Concurrent Clear Claimed Marks 0.011ms
[48.909s][info   ][gc,marking    ] GC(721) Concurrent Scan Root Regions
[48.909s][info   ][gc,marking    ] GC(721) Concurrent Scan Root Regions 0.006ms
[48.909s][info   ][gc,marking    ] GC(721) Concurrent Mark (48.909s)
[48.909s][info   ][gc,marking    ] GC(721) Concurrent Mark From Roots
[48.909s][info   ][gc,task       ] GC(721) Using 2 workers of 2 for marking
[48.910s][info   ][gc,marking    ] GC(721) Concurrent Mark From Roots 0.947ms
[48.910s][info   ][gc,marking    ] GC(721) Concurrent Preclean
[48.910s][info   ][gc,marking    ] GC(721) Concurrent Preclean 0.027ms
[48.910s][info   ][gc,marking    ] GC(721) Concurrent Mark (48.909s, 48.910s) 1.004ms
[48.910s][info   ][gc,start      ] GC(721) Pause Remark
[48.911s][info   ][gc,stringtable] GC(721) Cleaned string and symbol table, strings: 1384 processed, 0 removed, symbols: 16327 processed, 0 removed
[48.911s][info   ][gc            ] GC(721) Pause Remark 181M->181M(256M) 0.430ms
[48.911s][info   ][gc,cpu        ] GC(721) User=0.00s Sys=0.00s Real=0.00s
[48.911s][info   ][gc,marking    ] GC(721) Concurrent Rebuild Remembered Sets
[48.912s][info   ][gc,marking    ] GC(721) Concurrent Rebuild Remembered Sets 0.726ms
[48.912s][info   ][gc,start      ] GC(721) Pause Cleanup
[48.912s][info   ][gc            ] GC(721) Pause Cleanup 181M->181M(256M) 0.064ms
[48.912s][info   ][gc,cpu        ] GC(721) User=0.00s Sys=0.00s Real=0.00s
[48.912s][info   ][gc,marking    ] GC(721) Concurrent Cleanup for Next Mark
[48.912s][info   ][gc,marking    ] GC(721) Concurrent Cleanup for Next Mark 0.196ms
[48.912s][info   ][gc            ] GC(721) Concurrent Cycle 2.723ms
[48.960s][info   ][gc,start      ] GC(722) Pause Young (Concurrent Start) (G1 Humongous Allocation)
[48.960s][info   ][gc,task       ] GC(722) Using 6 workers of 9 for evacuation
[48.960s][info   ][gc,phases     ] GC(722)   Pre Evacuate Collection Set: 0.0ms
[48.960s][info   ][gc,phases     ] GC(722)   Evacuate Collection Set: 0.1ms
[48.960s][info   ][gc,phases     ] GC(722)   Post Evacuate Collection Set: 0.1ms
[48.960s][info   ][gc,phases     ] GC(722)   Other: 0.1ms
[48.960s][info   ][gc,heap       ] GC(722) Eden regions: 0->0(16)
[48.960s][info   ][gc,heap       ] GC(722) Survivor regions: 0->0(2)
[48.960s][info   ][gc,heap       ] GC(722) Old regions: 1->1
[48.960s][info   ][gc,heap       ] GC(722) Archive regions: 0->0
[48.960s][info   ][gc,heap       ] GC(722) Humongous regions: 181->180
[48.960s][info   ][gc,metaspace  ] GC(722) Metaspace: 3424K(4864K)->3424K(4864K) NonClass: 3120K(4352K)->3120K(4352K) Class: 304K(512K)->304K(512K)
[48.960s][info   ][gc            ] GC(722) Pause Young (Concurrent Start) (G1 Humongous Allocation) 181M->180M(256M) 0.429ms
[48.960s][info   ][gc,cpu        ] GC(722) User=0.00s Sys=0.00s Real=0.00s
[48.960s][info   ][gc            ] GC(723) Concurrent Cycle
[48.960s][info   ][gc,marking    ] GC(723) Concurrent Clear Claimed Marks
[48.960s][info   ][gc,marking    ] GC(723) Concurrent Clear Claimed Marks 0.010ms
[48.960s][info   ][gc,marking    ] GC(723) Concurrent Scan Root Regions
[48.960s][info   ][gc,marking    ] GC(723) Concurrent Scan Root Regions 0.007ms
[48.960s][info   ][gc,marking    ] GC(723) Concurrent Mark (48.960s)
[48.960s][info   ][gc,marking    ] GC(723) Concurrent Mark From Roots
[48.960s][info   ][gc,task       ] GC(723) Using 2 workers of 2 for marking
[48.961s][info   ][gc,marking    ] GC(723) Concurrent Mark From Roots 1.134ms
[48.961s][info   ][gc,marking    ] GC(723) Concurrent Preclean
[48.961s][info   ][gc,marking    ] GC(723) Concurrent Preclean 0.030ms
[48.961s][info   ][gc,marking    ] GC(723) Concurrent Mark (48.960s, 48.961s) 1.207ms
[48.961s][info   ][gc,start      ] GC(723) Pause Remark
[48.962s][info   ][gc,stringtable] GC(723) Cleaned string and symbol table, strings: 1384 processed, 0 removed, symbols: 16327 processed, 0 removed
[48.962s][info   ][gc            ] GC(723) Pause Remark 181M->181M(256M) 0.397ms
[48.962s][info   ][gc,cpu        ] GC(723) User=0.00s Sys=0.00s Real=0.00s
[48.962s][info   ][gc,marking    ] GC(723) Concurrent Rebuild Remembered Sets
[48.963s][info   ][gc,marking    ] GC(723) Concurrent Rebuild Remembered Sets 0.859ms
[48.963s][info   ][gc,start      ] GC(723) Pause Cleanup
[48.963s][info   ][gc            ] GC(723) Pause Cleanup 181M->181M(256M) 0.072ms
[48.963s][info   ][gc,cpu        ] GC(723) User=0.00s Sys=0.00s Real=0.00s
[48.963s][info   ][gc,marking    ] GC(723) Concurrent Cleanup for Next Mark
[48.963s][info   ][gc,marking    ] GC(723) Concurrent Cleanup for Next Mark 0.215ms
[48.963s][info   ][gc            ] GC(723) Concurrent Cycle 3.081ms
[49.016s][info   ][gc,start      ] GC(724) Pause Young (Concurrent Start) (G1 Humongous Allocation)
[49.017s][info   ][gc,task       ] GC(724) Using 6 workers of 9 for evacuation
[49.017s][info   ][gc,phases     ] GC(724)   Pre Evacuate Collection Set: 0.1ms
[49.017s][info   ][gc,phases     ] GC(724)   Evacuate Collection Set: 0.3ms
[49.017s][info   ][gc,phases     ] GC(724)   Post Evacuate Collection Set: 0.1ms
[49.017s][info   ][gc,phases     ] GC(724)   Other: 0.3ms
[49.017s][info   ][gc,heap       ] GC(724) Eden regions: 0->0(16)
[49.017s][info   ][gc,heap       ] GC(724) Survivor regions: 0->0(2)
[49.017s][info   ][gc,heap       ] GC(724) Old regions: 1->1
[49.017s][info   ][gc,heap       ] GC(724) Archive regions: 0->0
[49.017s][info   ][gc,heap       ] GC(724) Humongous regions: 181->180
[49.017s][info   ][gc,metaspace  ] GC(724) Metaspace: 3424K(4864K)->3424K(4864K) NonClass: 3120K(4352K)->3120K(4352K) Class: 304K(512K)->304K(512K)
[49.017s][info   ][gc            ] GC(724) Pause Young (Concurrent Start) (G1 Humongous Allocation) 181M->180M(256M) 0.948ms
[49.017s][info   ][gc,cpu        ] GC(724) User=0.00s Sys=0.00s Real=0.00s
[49.017s][info   ][gc            ] GC(725) Concurrent Cycle
[49.017s][info   ][gc,marking    ] GC(725) Concurrent Clear Claimed Marks
[49.017s][info   ][gc,marking    ] GC(725) Concurrent Clear Claimed Marks 0.018ms
[49.017s][info   ][gc,marking    ] GC(725) Concurrent Scan Root Regions
[49.017s][info   ][gc,marking    ] GC(725) Concurrent Scan Root Regions 0.008ms
[49.017s][info   ][gc,marking    ] GC(725) Concurrent Mark (49.017s)
[49.017s][info   ][gc,marking    ] GC(725) Concurrent Mark From Roots
[49.018s][info   ][gc,task       ] GC(725) Using 2 workers of 2 for marking
[49.019s][info   ][gc,marking    ] GC(725) Concurrent Mark From Roots 1.378ms
[49.019s][info   ][gc,marking    ] GC(725) Concurrent Preclean
[49.019s][info   ][gc,marking    ] GC(725) Concurrent Preclean 0.036ms
[49.019s][info   ][gc,marking    ] GC(725) Concurrent Mark (49.017s, 49.019s) 1.462ms
[49.019s][info   ][gc,start      ] GC(725) Pause Remark
[49.019s][info   ][gc,stringtable] GC(725) Cleaned string and symbol table, strings: 1384 processed, 0 removed, symbols: 16327 processed, 0 removed
[49.020s][info   ][gc            ] GC(725) Pause Remark 181M->181M(256M) 0.551ms
[49.020s][info   ][gc,cpu        ] GC(725) User=0.00s Sys=0.00s Real=0.01s
[49.020s][info   ][gc,marking    ] GC(725) Concurrent Rebuild Remembered Sets
[49.021s][info   ][gc,marking    ] GC(725) Concurrent Rebuild Remembered Sets 0.984ms
[49.021s][info   ][gc,start      ] GC(725) Pause Cleanup
[49.021s][info   ][gc            ] GC(725) Pause Cleanup 181M->181M(256M) 0.103ms
[49.021s][info   ][gc,cpu        ] GC(725) User=0.00s Sys=0.00s Real=0.00s
[49.021s][info   ][gc,marking    ] GC(725) Concurrent Cleanup for Next Mark
[49.021s][info   ][gc,marking    ] GC(725) Concurrent Cleanup for Next Mark 0.215ms
[49.021s][info   ][gc            ] GC(725) Concurrent Cycle 3.732ms
[49.074s][info   ][gc,start      ] GC(726) Pause Young (Concurrent Start) (G1 Humongous Allocation)
[49.074s][info   ][gc,task       ] GC(726) Using 6 workers of 9 for evacuation
[49.074s][info   ][gc,phases     ] GC(726)   Pre Evacuate Collection Set: 0.1ms
[49.074s][info   ][gc,phases     ] GC(726)   Evacuate Collection Set: 0.3ms
[49.074s][info   ][gc,phases     ] GC(726)   Post Evacuate Collection Set: 0.1ms
[49.074s][info   ][gc,phases     ] GC(726)   Other: 0.3ms
[49.074s][info   ][gc,heap       ] GC(726) Eden regions: 0->0(16)
[49.074s][info   ][gc,heap       ] GC(726) Survivor regions: 0->0(2)
[49.074s][info   ][gc,heap       ] GC(726) Old regions: 1->1
[49.074s][info   ][gc,heap       ] GC(726) Archive regions: 0->0
[49.074s][info   ][gc,heap       ] GC(726) Humongous regions: 181->180
[49.074s][info   ][gc,metaspace  ] GC(726) Metaspace: 3424K(4864K)->3424K(4864K) NonClass: 3120K(4352K)->3120K(4352K) Class: 304K(512K)->304K(512K)
[49.075s][info   ][gc            ] GC(726) Pause Young (Concurrent Start) (G1 Humongous Allocation) 181M->180M(256M) 1.032ms
[49.075s][info   ][gc,cpu        ] GC(726) User=0.00s Sys=0.00s Real=0.00s
[49.075s][info   ][gc            ] GC(727) Concurrent Cycle
[49.075s][info   ][gc,marking    ] GC(727) Concurrent Clear Claimed Marks
[49.075s][info   ][gc,marking    ] GC(727) Concurrent Clear Claimed Marks 0.013ms
[49.075s][info   ][gc,marking    ] GC(727) Concurrent Scan Root Regions
[49.075s][info   ][gc,marking    ] GC(727) Concurrent Scan Root Regions 0.009ms
[49.075s][info   ][gc,marking    ] GC(727) Concurrent Mark (49.075s)
[49.075s][info   ][gc,marking    ] GC(727) Concurrent Mark From Roots
[49.075s][info   ][gc,task       ] GC(727) Using 2 workers of 2 for marking
[49.077s][info   ][gc,marking    ] GC(727) Concurrent Mark From Roots 1.937ms
[49.077s][info   ][gc,marking    ] GC(727) Concurrent Preclean
[49.077s][info   ][gc,marking    ] GC(727) Concurrent Preclean 0.033ms
[49.077s][info   ][gc,marking    ] GC(727) Concurrent Mark (49.075s, 49.077s) 2.006ms
[49.077s][info   ][gc,start      ] GC(727) Pause Remark
[49.077s][info   ][gc,stringtable] GC(727) Cleaned string and symbol table, strings: 1384 processed, 0 removed, symbols: 16327 processed, 0 removed
[49.077s][info   ][gc            ] GC(727) Pause Remark 183M->183M(256M) 0.539ms
[49.077s][info   ][gc,cpu        ] GC(727) User=0.00s Sys=0.00s Real=0.00s
[49.077s][info   ][gc,marking    ] GC(727) Concurrent Rebuild Remembered Sets
[49.078s][info   ][gc,marking    ] GC(727) Concurrent Rebuild Remembered Sets 0.995ms
[49.078s][info   ][gc,start      ] GC(727) Pause Cleanup
[49.079s][info   ][gc            ] GC(727) Pause Cleanup 183M->183M(256M) 0.078ms
[49.079s][info   ][gc,cpu        ] GC(727) User=0.00s Sys=0.00s Real=0.00s
[49.079s][info   ][gc,marking    ] GC(727) Concurrent Cleanup for Next Mark
[49.079s][info   ][gc,marking    ] GC(727) Concurrent Cleanup for Next Mark 0.255ms
[49.079s][info   ][gc            ] GC(727) Concurrent Cycle 4.247ms
[49.130s][info   ][gc,start      ] GC(728) Pause Young (Concurrent Start) (G1 Humongous Allocation)
[49.131s][info   ][gc,task       ] GC(728) Using 6 workers of 9 for evacuation
[49.131s][info   ][gc,phases     ] GC(728)   Pre Evacuate Collection Set: 0.1ms
[49.131s][info   ][gc,phases     ] GC(728)   Evacuate Collection Set: 0.4ms
[49.131s][info   ][gc,phases     ] GC(728)   Post Evacuate Collection Set: 0.1ms
[49.131s][info   ][gc,phases     ] GC(728)   Other: 0.6ms
[49.131s][info   ][gc,heap       ] GC(728) Eden regions: 0->0(16)
[49.131s][info   ][gc,heap       ] GC(728) Survivor regions: 0->0(2)
[49.132s][info   ][gc,heap       ] GC(728) Old regions: 1->1
[49.132s][info   ][gc,heap       ] GC(728) Archive regions: 0->0
[49.132s][info   ][gc,heap       ] GC(728) Humongous regions: 183->182
[49.132s][info   ][gc,metaspace  ] GC(728) Metaspace: 3424K(4864K)->3424K(4864K) NonClass: 3120K(4352K)->3120K(4352K) Class: 304K(512K)->304K(512K)
[49.132s][info   ][gc            ] GC(728) Pause Young (Concurrent Start) (G1 Humongous Allocation) 183M->182M(256M) 1.391ms
[49.132s][info   ][gc,cpu        ] GC(728) User=0.00s Sys=0.00s Real=0.00s
[49.132s][info   ][gc            ] GC(729) Concurrent Cycle
[49.132s][info   ][gc,marking    ] GC(729) Concurrent Clear Claimed Marks
[49.132s][info   ][gc,marking    ] GC(729) Concurrent Clear Claimed Marks 0.017ms
[49.132s][info   ][gc,marking    ] GC(729) Concurrent Scan Root Regions
[49.132s][info   ][gc,marking    ] GC(729) Concurrent Scan Root Regions 0.013ms
[49.132s][info   ][gc,marking    ] GC(729) Concurrent Mark (49.132s)
[49.132s][info   ][gc,marking    ] GC(729) Concurrent Mark From Roots
[49.132s][info   ][gc,task       ] GC(729) Using 2 workers of 2 for marking
[49.136s][info   ][gc,marking    ] GC(729) Concurrent Mark From Roots 3.816ms
[49.136s][info   ][gc,marking    ] GC(729) Concurrent Preclean
[49.136s][info   ][gc,marking    ] GC(729) Concurrent Preclean 0.037ms
[49.136s][info   ][gc,marking    ] GC(729) Concurrent Mark (49.132s, 49.136s) 3.913ms
[49.136s][info   ][gc,start      ] GC(729) Pause Remark
[49.136s][info   ][gc,stringtable] GC(729) Cleaned string and symbol table, strings: 1384 processed, 0 removed, symbols: 16327 processed, 0 removed
[49.136s][info   ][gc            ] GC(729) Pause Remark 183M->183M(256M) 0.481ms
[49.136s][info   ][gc,cpu        ] GC(729) User=0.00s Sys=0.00s Real=0.00s
[49.136s][info   ][gc,marking    ] GC(729) Concurrent Rebuild Remembered Sets
[49.137s][info   ][gc,marking    ] GC(729) Concurrent Rebuild Remembered Sets 1.022ms
[49.137s][info   ][gc,start      ] GC(729) Pause Cleanup
[49.137s][info   ][gc            ] GC(729) Pause Cleanup 183M->183M(256M) 0.087ms
[49.137s][info   ][gc,cpu        ] GC(729) User=0.00s Sys=0.00s Real=0.00s
[49.138s][info   ][gc,marking    ] GC(729) Concurrent Cleanup for Next Mark
[49.138s][info   ][gc,marking    ] GC(729) Concurrent Cleanup for Next Mark 0.219ms
[49.138s][info   ][gc            ] GC(729) Concurrent Cycle 6.103ms
[49.186s][info   ][gc,start      ] GC(730) Pause Young (Concurrent Start) (G1 Humongous Allocation)
[49.186s][info   ][gc,task       ] GC(730) Using 6 workers of 9 for evacuation
[49.187s][info   ][gc,phases     ] GC(730)   Pre Evacuate Collection Set: 0.0ms
[49.187s][info   ][gc,phases     ] GC(730)   Evacuate Collection Set: 0.2ms
[49.187s][info   ][gc,phases     ] GC(730)   Post Evacuate Collection Set: 0.1ms
[49.187s][info   ][gc,phases     ] GC(730)   Other: 0.1ms
[49.187s][info   ][gc,heap       ] GC(730) Eden regions: 0->0(16)
[49.187s][info   ][gc,heap       ] GC(730) Survivor regions: 0->0(2)
[49.187s][info   ][gc,heap       ] GC(730) Old regions: 1->1
[49.187s][info   ][gc,heap       ] GC(730) Archive regions: 0->0
[49.187s][info   ][gc,heap       ] GC(730) Humongous regions: 183->182
[49.187s][info   ][gc,metaspace  ] GC(730) Metaspace: 3424K(4864K)->3424K(4864K) NonClass: 3120K(4352K)->3120K(4352K) Class: 304K(512K)->304K(512K)
[49.187s][info   ][gc            ] GC(730) Pause Young (Concurrent Start) (G1 Humongous Allocation) 183M->182M(256M) 0.456ms
[49.187s][info   ][gc,cpu        ] GC(730) User=0.00s Sys=0.00s Real=0.00s
[49.187s][info   ][gc            ] GC(731) Concurrent Cycle
[49.187s][info   ][gc,marking    ] GC(731) Concurrent Clear Claimed Marks
[49.187s][info   ][gc,marking    ] GC(731) Concurrent Clear Claimed Marks 0.006ms
[49.187s][info   ][gc,marking    ] GC(731) Concurrent Scan Root Regions
[49.187s][info   ][gc,marking    ] GC(731) Concurrent Scan Root Regions 0.004ms
[49.187s][info   ][gc,marking    ] GC(731) Concurrent Mark (49.187s)
[49.187s][info   ][gc,marking    ] GC(731) Concurrent Mark From Roots
[49.187s][info   ][gc,task       ] GC(731) Using 2 workers of 2 for marking
[49.188s][info   ][gc,marking    ] GC(731) Concurrent Mark From Roots 0.646ms
[49.188s][info   ][gc,marking    ] GC(731) Concurrent Preclean
[49.188s][info   ][gc,marking    ] GC(731) Concurrent Preclean 0.019ms
[49.188s][info   ][gc,marking    ] GC(731) Concurrent Mark (49.187s, 49.188s) 0.702ms
[49.188s][info   ][gc,start      ] GC(731) Pause Remark
[49.188s][info   ][gc,stringtable] GC(731) Cleaned string and symbol table, strings: 1384 processed, 0 removed, symbols: 16327 processed, 0 removed
[49.188s][info   ][gc            ] GC(731) Pause Remark 183M->183M(256M) 0.498ms
[49.188s][info   ][gc,cpu        ] GC(731) User=0.00s Sys=0.00s Real=0.00s
[49.188s][info   ][gc,marking    ] GC(731) Concurrent Rebuild Remembered Sets
[49.189s][info   ][gc,marking    ] GC(731) Concurrent Rebuild Remembered Sets 0.538ms
[49.189s][info   ][gc,start      ] GC(731) Pause Cleanup
[49.189s][info   ][gc            ] GC(731) Pause Cleanup 183M->183M(256M) 0.031ms
[49.189s][info   ][gc,cpu        ] GC(731) User=0.00s Sys=0.00s Real=0.00s
[49.189s][info   ][gc,marking    ] GC(731) Concurrent Cleanup for Next Mark
[49.189s][info   ][gc,marking    ] GC(731) Concurrent Cleanup for Next Mark 0.131ms
[49.189s][info   ][gc            ] GC(731) Concurrent Cycle 2.131ms
[49.239s][info   ][gc,start      ] GC(732) Pause Young (Concurrent Start) (G1 Humongous Allocation)
[49.239s][info   ][gc,task       ] GC(732) Using 6 workers of 9 for evacuation
[49.240s][info   ][gc,phases     ] GC(732)   Pre Evacuate Collection Set: 0.1ms
[49.240s][info   ][gc,phases     ] GC(732)   Evacuate Collection Set: 0.1ms
[49.240s][info   ][gc,phases     ] GC(732)   Post Evacuate Collection Set: 0.0ms
[49.240s][info   ][gc,phases     ] GC(732)   Other: 0.1ms
[49.240s][info   ][gc,heap       ] GC(732) Eden regions: 0->0(16)
[49.240s][info   ][gc,heap       ] GC(732) Survivor regions: 0->0(2)
[49.240s][info   ][gc,heap       ] GC(732) Old regions: 1->1
[49.240s][info   ][gc,heap       ] GC(732) Archive regions: 0->0
[49.240s][info   ][gc,heap       ] GC(732) Humongous regions: 183->182
[49.240s][info   ][gc,metaspace  ] GC(732) Metaspace: 3424K(4864K)->3424K(4864K) NonClass: 3120K(4352K)->3120K(4352K) Class: 304K(512K)->304K(512K)
[49.240s][info   ][gc            ] GC(732) Pause Young (Concurrent Start) (G1 Humongous Allocation) 183M->182M(256M) 0.271ms
[49.240s][info   ][gc,cpu        ] GC(732) User=0.00s Sys=0.00s Real=0.00s
[49.240s][info   ][gc            ] GC(733) Concurrent Cycle
[49.240s][info   ][gc,marking    ] GC(733) Concurrent Clear Claimed Marks
[49.240s][info   ][gc,marking    ] GC(733) Concurrent Clear Claimed Marks 0.007ms
[49.240s][info   ][gc,marking    ] GC(733) Concurrent Scan Root Regions
[49.240s][info   ][gc,marking    ] GC(733) Concurrent Scan Root Regions 0.003ms
[49.240s][info   ][gc,marking    ] GC(733) Concurrent Mark (49.240s)
[49.240s][info   ][gc,marking    ] GC(733) Concurrent Mark From Roots
[49.240s][info   ][gc,task       ] GC(733) Using 2 workers of 2 for marking
[49.240s][info   ][gc,marking    ] GC(733) Concurrent Mark From Roots 0.462ms
[49.240s][info   ][gc,marking    ] GC(733) Concurrent Preclean
[49.240s][info   ][gc,marking    ] GC(733) Concurrent Preclean 0.013ms
[49.240s][info   ][gc,marking    ] GC(733) Concurrent Mark (49.240s, 49.240s) 0.491ms
[49.240s][info   ][gc,start      ] GC(733) Pause Remark
[49.240s][info   ][gc,stringtable] GC(733) Cleaned string and symbol table, strings: 1384 processed, 0 removed, symbols: 16327 processed, 0 removed
[49.240s][info   ][gc            ] GC(733) Pause Remark 183M->183M(256M) 0.228ms
[49.240s][info   ][gc,cpu        ] GC(733) User=0.00s Sys=0.00s Real=0.00s
[49.240s][info   ][gc,marking    ] GC(733) Concurrent Rebuild Remembered Sets
[49.241s][info   ][gc,marking    ] GC(733) Concurrent Rebuild Remembered Sets 0.350ms
[49.241s][info   ][gc,start      ] GC(733) Pause Cleanup
[49.241s][info   ][gc            ] GC(733) Pause Cleanup 183M->183M(256M) 0.030ms
[49.241s][info   ][gc,cpu        ] GC(733) User=0.00s Sys=0.00s Real=0.00s
[49.241s][info   ][gc,marking    ] GC(733) Concurrent Cleanup for Next Mark
[49.241s][info   ][gc,marking    ] GC(733) Concurrent Cleanup for Next Mark 0.123ms
[49.241s][info   ][gc            ] GC(733) Concurrent Cycle 1.363ms
[49.295s][info   ][gc,start      ] GC(734) Pause Young (Concurrent Start) (G1 Humongous Allocation)
[49.295s][info   ][gc,task       ] GC(734) Using 6 workers of 9 for evacuation
[49.295s][info   ][gc,phases     ] GC(734)   Pre Evacuate Collection Set: 0.0ms
[49.295s][info   ][gc,phases     ] GC(734)   Evacuate Collection Set: 0.1ms
[49.295s][info   ][gc,phases     ] GC(734)   Post Evacuate Collection Set: 0.1ms
[49.295s][info   ][gc,phases     ] GC(734)   Other: 0.1ms
[49.295s][info   ][gc,heap       ] GC(734) Eden regions: 0->0(16)
[49.295s][info   ][gc,heap       ] GC(734) Survivor regions: 0->0(2)
[49.295s][info   ][gc,heap       ] GC(734) Old regions: 1->1
[49.295s][info   ][gc,heap       ] GC(734) Archive regions: 0->0
[49.295s][info   ][gc,heap       ] GC(734) Humongous regions: 183->182
[49.295s][info   ][gc,metaspace  ] GC(734) Metaspace: 3424K(4864K)->3424K(4864K) NonClass: 3120K(4352K)->3120K(4352K) Class: 304K(512K)->304K(512K)
[49.295s][info   ][gc            ] GC(734) Pause Young (Concurrent Start) (G1 Humongous Allocation) 183M->182M(256M) 0.351ms
[49.295s][info   ][gc,cpu        ] GC(734) User=0.00s Sys=0.00s Real=0.00s
[49.295s][info   ][gc            ] GC(735) Concurrent Cycle
[49.295s][info   ][gc,marking    ] GC(735) Concurrent Clear Claimed Marks
[49.295s][info   ][gc,marking    ] GC(735) Concurrent Clear Claimed Marks 0.006ms
[49.295s][info   ][gc,marking    ] GC(735) Concurrent Scan Root Regions
[49.295s][info   ][gc,marking    ] GC(735) Concurrent Scan Root Regions 0.003ms
[49.295s][info   ][gc,marking    ] GC(735) Concurrent Mark (49.295s)
[49.295s][info   ][gc,marking    ] GC(735) Concurrent Mark From Roots
[49.295s][info   ][gc,task       ] GC(735) Using 2 workers of 2 for marking
[49.296s][info   ][gc,marking    ] GC(735) Concurrent Mark From Roots 0.615ms
[49.296s][info   ][gc,marking    ] GC(735) Concurrent Preclean
[49.296s][info   ][gc,marking    ] GC(735) Concurrent Preclean 0.016ms
[49.296s][info   ][gc,marking    ] GC(735) Concurrent Mark (49.295s, 49.296s) 0.651ms
[49.296s][info   ][gc,start      ] GC(735) Pause Remark
[49.296s][info   ][gc,stringtable] GC(735) Cleaned string and symbol table, strings: 1384 processed, 0 removed, symbols: 16327 processed, 0 removed
[49.296s][info   ][gc            ] GC(735) Pause Remark 183M->183M(256M) 0.264ms
[49.296s][info   ][gc,cpu        ] GC(735) User=0.00s Sys=0.00s Real=0.00s
[49.296s][info   ][gc,marking    ] GC(735) Concurrent Rebuild Remembered Sets
[49.297s][info   ][gc,marking    ] GC(735) Concurrent Rebuild Remembered Sets 0.476ms
[49.297s][info   ][gc,start      ] GC(735) Pause Cleanup
[49.297s][info   ][gc            ] GC(735) Pause Cleanup 183M->183M(256M) 0.048ms
[49.297s][info   ][gc,cpu        ] GC(735) User=0.00s Sys=0.00s Real=0.00s
[49.297s][info   ][gc,marking    ] GC(735) Concurrent Cleanup for Next Mark
[49.297s][info   ][gc,marking    ] GC(735) Concurrent Cleanup for Next Mark 0.143ms
[49.297s][info   ][gc            ] GC(735) Concurrent Cycle 1.786ms
[49.350s][info   ][gc,start      ] GC(736) Pause Young (Concurrent Start) (G1 Humongous Allocation)
[49.350s][info   ][gc,task       ] GC(736) Using 6 workers of 9 for evacuation
[49.351s][info   ][gc,phases     ] GC(736)   Pre Evacuate Collection Set: 0.0ms
[49.351s][info   ][gc,phases     ] GC(736)   Evacuate Collection Set: 0.1ms
[49.351s][info   ][gc,phases     ] GC(736)   Post Evacuate Collection Set: 0.0ms
[49.351s][info   ][gc,phases     ] GC(736)   Other: 0.1ms
[49.351s][info   ][gc,heap       ] GC(736) Eden regions: 0->0(16)
[49.351s][info   ][gc,heap       ] GC(736) Survivor regions: 0->0(2)
[49.351s][info   ][gc,heap       ] GC(736) Old regions: 1->1
[49.351s][info   ][gc,heap       ] GC(736) Archive regions: 0->0
[49.351s][info   ][gc,heap       ] GC(736) Humongous regions: 183->182
[49.351s][info   ][gc,metaspace  ] GC(736) Metaspace: 3424K(4864K)->3424K(4864K) NonClass: 3120K(4352K)->3120K(4352K) Class: 304K(512K)->304K(512K)
[49.351s][info   ][gc            ] GC(736) Pause Young (Concurrent Start) (G1 Humongous Allocation) 183M->182M(256M) 0.383ms
[49.351s][info   ][gc,cpu        ] GC(736) User=0.00s Sys=0.00s Real=0.00s
[49.351s][info   ][gc            ] GC(737) Concurrent Cycle
[49.351s][info   ][gc,marking    ] GC(737) Concurrent Clear Claimed Marks
[49.351s][info   ][gc,marking    ] GC(737) Concurrent Clear Claimed Marks 0.005ms
[49.351s][info   ][gc,marking    ] GC(737) Concurrent Scan Root Regions
[49.351s][info   ][gc,marking    ] GC(737) Concurrent Scan Root Regions 0.004ms
[49.351s][info   ][gc,marking    ] GC(737) Concurrent Mark (49.351s)
[49.351s][info   ][gc,marking    ] GC(737) Concurrent Mark From Roots
[49.351s][info   ][gc,task       ] GC(737) Using 2 workers of 2 for marking
[49.351s][info   ][gc,marking    ] GC(737) Concurrent Mark From Roots 0.764ms
[49.351s][info   ][gc,marking    ] GC(737) Concurrent Preclean
[49.352s][info   ][gc,marking    ] GC(737) Concurrent Preclean 0.018ms
[49.352s][info   ][gc,marking    ] GC(737) Concurrent Mark (49.351s, 49.352s) 0.804ms
[49.352s][info   ][gc,start      ] GC(737) Pause Remark
[49.352s][info   ][gc,stringtable] GC(737) Cleaned string and symbol table, strings: 1384 processed, 0 removed, symbols: 16327 processed, 0 removed
[49.352s][info   ][gc            ] GC(737) Pause Remark 183M->183M(256M) 0.321ms
[49.352s][info   ][gc,cpu        ] GC(737) User=0.00s Sys=0.00s Real=0.00s
[49.352s][info   ][gc,marking    ] GC(737) Concurrent Rebuild Remembered Sets
[49.352s][info   ][gc,marking    ] GC(737) Concurrent Rebuild Remembered Sets 0.553ms
[49.353s][info   ][gc,start      ] GC(737) Pause Cleanup
[49.353s][info   ][gc            ] GC(737) Pause Cleanup 183M->183M(256M) 0.058ms
[49.353s][info   ][gc,cpu        ] GC(737) User=0.00s Sys=0.00s Real=0.00s
[49.353s][info   ][gc,marking    ] GC(737) Concurrent Cleanup for Next Mark
[49.353s][info   ][gc,marking    ] GC(737) Concurrent Cleanup for Next Mark 0.166ms
[49.353s][info   ][gc            ] GC(737) Concurrent Cycle 2.144ms
[49.406s][info   ][gc,start      ] GC(738) Pause Young (Concurrent Start) (G1 Humongous Allocation)
[49.406s][info   ][gc,task       ] GC(738) Using 6 workers of 9 for evacuation
[49.406s][info   ][gc,phases     ] GC(738)   Pre Evacuate Collection Set: 0.0ms
[49.406s][info   ][gc,phases     ] GC(738)   Evacuate Collection Set: 0.1ms
[49.406s][info   ][gc,phases     ] GC(738)   Post Evacuate Collection Set: 0.1ms
[49.406s][info   ][gc,phases     ] GC(738)   Other: 0.1ms
[49.406s][info   ][gc,heap       ] GC(738) Eden regions: 0->0(16)
[49.406s][info   ][gc,heap       ] GC(738) Survivor regions: 0->0(2)
[49.406s][info   ][gc,heap       ] GC(738) Old regions: 1->1
[49.406s][info   ][gc,heap       ] GC(738) Archive regions: 0->0
[49.406s][info   ][gc,heap       ] GC(738) Humongous regions: 183->182
[49.406s][info   ][gc,metaspace  ] GC(738) Metaspace: 3424K(4864K)->3424K(4864K) NonClass: 3120K(4352K)->3120K(4352K) Class: 304K(512K)->304K(512K)
[49.406s][info   ][gc            ] GC(738) Pause Young (Concurrent Start) (G1 Humongous Allocation) 183M->182M(256M) 0.356ms
[49.406s][info   ][gc,cpu        ] GC(738) User=0.00s Sys=0.00s Real=0.00s
[49.406s][info   ][gc            ] GC(739) Concurrent Cycle
[49.406s][info   ][gc,marking    ] GC(739) Concurrent Clear Claimed Marks
[49.406s][info   ][gc,marking    ] GC(739) Concurrent Clear Claimed Marks 0.003ms
[49.406s][info   ][gc,marking    ] GC(739) Concurrent Scan Root Regions
[49.406s][info   ][gc,marking    ] GC(739) Concurrent Scan Root Regions 0.003ms
[49.406s][info   ][gc,marking    ] GC(739) Concurrent Mark (49.406s)
[49.406s][info   ][gc,marking    ] GC(739) Concurrent Mark From Roots
[49.406s][info   ][gc,task       ] GC(739) Using 2 workers of 2 for marking
[49.407s][info   ][gc,marking    ] GC(739) Concurrent Mark From Roots 0.535ms
[49.407s][info   ][gc,marking    ] GC(739) Concurrent Preclean
[49.407s][info   ][gc,marking    ] GC(739) Concurrent Preclean 0.015ms
[49.407s][info   ][gc,marking    ] GC(739) Concurrent Mark (49.406s, 49.407s) 0.569ms
[49.407s][info   ][gc,start      ] GC(739) Pause Remark
[49.407s][info   ][gc,stringtable] GC(739) Cleaned string and symbol table, strings: 1384 processed, 0 removed, symbols: 16327 processed, 0 removed
[49.407s][info   ][gc            ] GC(739) Pause Remark 183M->183M(256M) 0.325ms
[49.407s][info   ][gc,cpu        ] GC(739) User=0.00s Sys=0.00s Real=0.00s
[49.407s][info   ][gc,marking    ] GC(739) Concurrent Rebuild Remembered Sets
[49.408s][info   ][gc,marking    ] GC(739) Concurrent Rebuild Remembered Sets 0.457ms
[49.408s][info   ][gc,start      ] GC(739) Pause Cleanup
[49.408s][info   ][gc            ] GC(739) Pause Cleanup 183M->183M(256M) 0.050ms
[49.408s][info   ][gc,cpu        ] GC(739) User=0.00s Sys=0.00s Real=0.00s
[49.408s][info   ][gc,marking    ] GC(739) Concurrent Cleanup for Next Mark
[49.408s][info   ][gc,marking    ] GC(739) Concurrent Cleanup for Next Mark 0.117ms
[49.408s][info   ][gc            ] GC(739) Concurrent Cycle 1.693ms
[49.460s][info   ][gc,start      ] GC(740) Pause Young (Concurrent Start) (G1 Humongous Allocation)
[49.460s][info   ][gc,task       ] GC(740) Using 6 workers of 9 for evacuation
[49.460s][info   ][gc,phases     ] GC(740)   Pre Evacuate Collection Set: 0.0ms
[49.460s][info   ][gc,phases     ] GC(740)   Evacuate Collection Set: 0.1ms
[49.460s][info   ][gc,phases     ] GC(740)   Post Evacuate Collection Set: 0.1ms
[49.460s][info   ][gc,phases     ] GC(740)   Other: 0.1ms
[49.460s][info   ][gc,heap       ] GC(740) Eden regions: 0->0(16)
[49.460s][info   ][gc,heap       ] GC(740) Survivor regions: 0->0(2)
[49.460s][info   ][gc,heap       ] GC(740) Old regions: 1->1
[49.460s][info   ][gc,heap       ] GC(740) Archive regions: 0->0
[49.460s][info   ][gc,heap       ] GC(740) Humongous regions: 183->182
[49.460s][info   ][gc,metaspace  ] GC(740) Metaspace: 3424K(4864K)->3424K(4864K) NonClass: 3120K(4352K)->3120K(4352K) Class: 304K(512K)->304K(512K)
[49.460s][info   ][gc            ] GC(740) Pause Young (Concurrent Start) (G1 Humongous Allocation) 183M->182M(256M) 0.331ms
[49.460s][info   ][gc,cpu        ] GC(740) User=0.00s Sys=0.00s Real=0.00s
[49.460s][info   ][gc            ] GC(741) Concurrent Cycle
[49.460s][info   ][gc,marking    ] GC(741) Concurrent Clear Claimed Marks
[49.460s][info   ][gc,marking    ] GC(741) Concurrent Clear Claimed Marks 0.003ms
[49.460s][info   ][gc,marking    ] GC(741) Concurrent Scan Root Regions
[49.460s][info   ][gc,marking    ] GC(741) Concurrent Scan Root Regions 0.003ms
[49.460s][info   ][gc,marking    ] GC(741) Concurrent Mark (49.460s)
[49.460s][info   ][gc,marking    ] GC(741) Concurrent Mark From Roots
[49.460s][info   ][gc,task       ] GC(741) Using 2 workers of 2 for marking
[49.461s][info   ][gc,marking    ] GC(741) Concurrent Mark From Roots 0.529ms
[49.461s][info   ][gc,marking    ] GC(741) Concurrent Preclean
[49.461s][info   ][gc,marking    ] GC(741) Concurrent Preclean 0.014ms
[49.461s][info   ][gc,marking    ] GC(741) Concurrent Mark (49.460s, 49.461s) 0.556ms
[49.461s][info   ][gc,start      ] GC(741) Pause Remark
[49.461s][info   ][gc,stringtable] GC(741) Cleaned string and symbol table, strings: 1384 processed, 0 removed, symbols: 16327 processed, 0 removed
[49.461s][info   ][gc            ] GC(741) Pause Remark 183M->183M(256M) 0.283ms
[49.461s][info   ][gc,cpu        ] GC(741) User=0.00s Sys=0.00s Real=0.00s
[49.461s][info   ][gc,marking    ] GC(741) Concurrent Rebuild Remembered Sets
[49.461s][info   ][gc,marking    ] GC(741) Concurrent Rebuild Remembered Sets 0.382ms
[49.461s][info   ][gc,start      ] GC(741) Pause Cleanup
[49.461s][info   ][gc            ] GC(741) Pause Cleanup 183M->183M(256M) 0.043ms
[49.461s][info   ][gc,cpu        ] GC(741) User=0.00s Sys=0.00s Real=0.00s
[49.461s][info   ][gc,marking    ] GC(741) Concurrent Cleanup for Next Mark
[49.462s][info   ][gc,marking    ] GC(741) Concurrent Cleanup for Next Mark 0.137ms
[49.462s][info   ][gc            ] GC(741) Concurrent Cycle 1.583ms
[49.514s][info   ][gc,start      ] GC(742) Pause Young (Concurrent Start) (G1 Humongous Allocation)
[49.514s][info   ][gc,task       ] GC(742) Using 6 workers of 9 for evacuation
[49.515s][info   ][gc,phases     ] GC(742)   Pre Evacuate Collection Set: 0.0ms
[49.515s][info   ][gc,phases     ] GC(742)   Evacuate Collection Set: 0.1ms
[49.515s][info   ][gc,phases     ] GC(742)   Post Evacuate Collection Set: 0.1ms
[49.515s][info   ][gc,phases     ] GC(742)   Other: 0.1ms
[49.515s][info   ][gc,heap       ] GC(742) Eden regions: 0->0(16)
[49.515s][info   ][gc,heap       ] GC(742) Survivor regions: 0->0(2)
[49.515s][info   ][gc,heap       ] GC(742) Old regions: 1->1
[49.515s][info   ][gc,heap       ] GC(742) Archive regions: 0->0
[49.515s][info   ][gc,heap       ] GC(742) Humongous regions: 183->182
[49.515s][info   ][gc,metaspace  ] GC(742) Metaspace: 3424K(4864K)->3424K(4864K) NonClass: 3120K(4352K)->3120K(4352K) Class: 304K(512K)->304K(512K)
[49.515s][info   ][gc            ] GC(742) Pause Young (Concurrent Start) (G1 Humongous Allocation) 183M->182M(256M) 0.340ms
[49.515s][info   ][gc,cpu        ] GC(742) User=0.00s Sys=0.00s Real=0.00s
[49.515s][info   ][gc            ] GC(743) Concurrent Cycle
[49.515s][info   ][gc,marking    ] GC(743) Concurrent Clear Claimed Marks
[49.515s][info   ][gc,marking    ] GC(743) Concurrent Clear Claimed Marks 0.005ms
[49.515s][info   ][gc,marking    ] GC(743) Concurrent Scan Root Regions
[49.515s][info   ][gc,marking    ] GC(743) Concurrent Scan Root Regions 0.003ms
[49.515s][info   ][gc,marking    ] GC(743) Concurrent Mark (49.515s)
[49.515s][info   ][gc,marking    ] GC(743) Concurrent Mark From Roots
[49.515s][info   ][gc,task       ] GC(743) Using 2 workers of 2 for marking
[49.515s][info   ][gc,marking    ] GC(743) Concurrent Mark From Roots 0.542ms
[49.515s][info   ][gc,marking    ] GC(743) Concurrent Preclean
[49.515s][info   ][gc,marking    ] GC(743) Concurrent Preclean 0.015ms
[49.515s][info   ][gc,marking    ] GC(743) Concurrent Mark (49.515s, 49.515s) 0.578ms
[49.515s][info   ][gc,start      ] GC(743) Pause Remark
[49.516s][info   ][gc,stringtable] GC(743) Cleaned string and symbol table, strings: 1384 processed, 0 removed, symbols: 16327 processed, 0 removed
[49.516s][info   ][gc            ] GC(743) Pause Remark 183M->183M(256M) 0.249ms
[49.516s][info   ][gc,cpu        ] GC(743) User=0.00s Sys=0.00s Real=0.00s
[49.516s][info   ][gc,marking    ] GC(743) Concurrent Rebuild Remembered Sets
[49.516s][info   ][gc,marking    ] GC(743) Concurrent Rebuild Remembered Sets 0.381ms
[49.516s][info   ][gc,start      ] GC(743) Pause Cleanup
[49.516s][info   ][gc            ] GC(743) Pause Cleanup 183M->183M(256M) 0.039ms
[49.516s][info   ][gc,cpu        ] GC(743) User=0.00s Sys=0.00s Real=0.00s
[49.516s][info   ][gc,marking    ] GC(743) Concurrent Cleanup for Next Mark
[49.516s][info   ][gc,marking    ] GC(743) Concurrent Cleanup for Next Mark 0.121ms
[49.516s][info   ][gc            ] GC(743) Concurrent Cycle 1.561ms
[49.570s][info   ][gc,start      ] GC(744) Pause Young (Concurrent Start) (G1 Humongous Allocation)
[49.570s][info   ][gc,task       ] GC(744) Using 6 workers of 9 for evacuation
[49.570s][info   ][gc,phases     ] GC(744)   Pre Evacuate Collection Set: 0.0ms
[49.570s][info   ][gc,phases     ] GC(744)   Evacuate Collection Set: 0.1ms
[49.570s][info   ][gc,phases     ] GC(744)   Post Evacuate Collection Set: 0.1ms
[49.570s][info   ][gc,phases     ] GC(744)   Other: 0.1ms
[49.570s][info   ][gc,heap       ] GC(744) Eden regions: 0->0(16)
[49.570s][info   ][gc,heap       ] GC(744) Survivor regions: 0->0(2)
[49.570s][info   ][gc,heap       ] GC(744) Old regions: 1->1
[49.570s][info   ][gc,heap       ] GC(744) Archive regions: 0->0
[49.570s][info   ][gc,heap       ] GC(744) Humongous regions: 183->182
[49.570s][info   ][gc,metaspace  ] GC(744) Metaspace: 3424K(4864K)->3424K(4864K) NonClass: 3120K(4352K)->3120K(4352K) Class: 304K(512K)->304K(512K)
[49.570s][info   ][gc            ] GC(744) Pause Young (Concurrent Start) (G1 Humongous Allocation) 183M->182M(256M) 0.378ms
[49.570s][info   ][gc,cpu        ] GC(744) User=0.00s Sys=0.00s Real=0.00s
[49.570s][info   ][gc            ] GC(745) Concurrent Cycle
[49.570s][info   ][gc,marking    ] GC(745) Concurrent Clear Claimed Marks
[49.570s][info   ][gc,marking    ] GC(745) Concurrent Clear Claimed Marks 0.004ms
[49.570s][info   ][gc,marking    ] GC(745) Concurrent Scan Root Regions
[49.570s][info   ][gc,marking    ] GC(745) Concurrent Scan Root Regions 0.003ms
[49.570s][info   ][gc,marking    ] GC(745) Concurrent Mark (49.570s)
[49.570s][info   ][gc,marking    ] GC(745) Concurrent Mark From Roots
[49.570s][info   ][gc,task       ] GC(745) Using 2 workers of 2 for marking
[49.571s][info   ][gc,marking    ] GC(745) Concurrent Mark From Roots 0.511ms
[49.571s][info   ][gc,marking    ] GC(745) Concurrent Preclean
[49.571s][info   ][gc,marking    ] GC(745) Concurrent Preclean 0.014ms
[49.571s][info   ][gc,marking    ] GC(745) Concurrent Mark (49.570s, 49.571s) 0.547ms
[49.571s][info   ][gc,start      ] GC(745) Pause Remark
[49.571s][info   ][gc,stringtable] GC(745) Cleaned string and symbol table, strings: 1384 processed, 0 removed, symbols: 16327 processed, 0 removed
[49.571s][info   ][gc            ] GC(745) Pause Remark 183M->183M(256M) 0.249ms
[49.571s][info   ][gc,cpu        ] GC(745) User=0.00s Sys=0.00s Real=0.00s
[49.571s][info   ][gc,marking    ] GC(745) Concurrent Rebuild Remembered Sets
[49.572s][info   ][gc,marking    ] GC(745) Concurrent Rebuild Remembered Sets 0.383ms
[49.572s][info   ][gc,start      ] GC(745) Pause Cleanup
[49.572s][info   ][gc            ] GC(745) Pause Cleanup 183M->183M(256M) 0.043ms
[49.572s][info   ][gc,cpu        ] GC(745) User=0.00s Sys=0.00s Real=0.00s
[49.572s][info   ][gc,marking    ] GC(745) Concurrent Cleanup for Next Mark
[49.572s][info   ][gc,marking    ] GC(745) Concurrent Cleanup for Next Mark 0.132ms
[49.572s][info   ][gc            ] GC(745) Concurrent Cycle 1.590ms
[49.625s][info   ][gc,start      ] GC(746) Pause Young (Concurrent Start) (G1 Humongous Allocation)
[49.625s][info   ][gc,task       ] GC(746) Using 6 workers of 9 for evacuation
[49.626s][info   ][gc,phases     ] GC(746)   Pre Evacuate Collection Set: 0.0ms
[49.626s][info   ][gc,phases     ] GC(746)   Evacuate Collection Set: 0.1ms
[49.626s][info   ][gc,phases     ] GC(746)   Post Evacuate Collection Set: 0.0ms
[49.626s][info   ][gc,phases     ] GC(746)   Other: 0.1ms
[49.626s][info   ][gc,heap       ] GC(746) Eden regions: 0->0(16)
[49.626s][info   ][gc,heap       ] GC(746) Survivor regions: 0->0(2)
[49.626s][info   ][gc,heap       ] GC(746) Old regions: 1->1
[49.626s][info   ][gc,heap       ] GC(746) Archive regions: 0->0
[49.626s][info   ][gc,heap       ] GC(746) Humongous regions: 183->182
[49.626s][info   ][gc,metaspace  ] GC(746) Metaspace: 3424K(4864K)->3424K(4864K) NonClass: 3120K(4352K)->3120K(4352K) Class: 304K(512K)->304K(512K)
[49.626s][info   ][gc            ] GC(746) Pause Young (Concurrent Start) (G1 Humongous Allocation) 183M->182M(256M) 0.324ms
[49.626s][info   ][gc,cpu        ] GC(746) User=0.00s Sys=0.00s Real=0.00s
[49.626s][info   ][gc            ] GC(747) Concurrent Cycle
[49.626s][info   ][gc,marking    ] GC(747) Concurrent Clear Claimed Marks
[49.626s][info   ][gc,marking    ] GC(747) Concurrent Clear Claimed Marks 0.003ms
[49.626s][info   ][gc,marking    ] GC(747) Concurrent Scan Root Regions
[49.626s][info   ][gc,marking    ] GC(747) Concurrent Scan Root Regions 0.003ms
[49.626s][info   ][gc,marking    ] GC(747) Concurrent Mark (49.626s)
[49.626s][info   ][gc,marking    ] GC(747) Concurrent Mark From Roots
[49.626s][info   ][gc,task       ] GC(747) Using 2 workers of 2 for marking
[49.626s][info   ][gc,marking    ] GC(747) Concurrent Mark From Roots 0.498ms
[49.626s][info   ][gc,marking    ] GC(747) Concurrent Preclean
[49.626s][info   ][gc,marking    ] GC(747) Concurrent Preclean 0.016ms
[49.626s][info   ][gc,marking    ] GC(747) Concurrent Mark (49.626s, 49.626s) 0.536ms
[49.626s][info   ][gc,start      ] GC(747) Pause Remark
[49.627s][info   ][gc,stringtable] GC(747) Cleaned string and symbol table, strings: 1384 processed, 0 removed, symbols: 16327 processed, 0 removed
[49.627s][info   ][gc            ] GC(747) Pause Remark 185M->185M(256M) 0.389ms
[49.627s][info   ][gc,cpu        ] GC(747) User=0.00s Sys=0.00s Real=0.00s
[49.627s][info   ][gc,marking    ] GC(747) Concurrent Rebuild Remembered Sets
[49.627s][info   ][gc,marking    ] GC(747) Concurrent Rebuild Remembered Sets 0.360ms
[49.627s][info   ][gc,start      ] GC(747) Pause Cleanup
[49.627s][info   ][gc            ] GC(747) Pause Cleanup 185M->185M(256M) 0.050ms
[49.627s][info   ][gc,cpu        ] GC(747) User=0.00s Sys=0.00s Real=0.00s
[49.627s][info   ][gc,marking    ] GC(747) Concurrent Cleanup for Next Mark
[49.627s][info   ][gc,marking    ] GC(747) Concurrent Cleanup for Next Mark 0.167ms
[49.627s][info   ][gc            ] GC(747) Concurrent Cycle 1.740ms
[49.681s][info   ][gc,start      ] GC(748) Pause Young (Concurrent Start) (G1 Humongous Allocation)
[49.681s][info   ][gc,task       ] GC(748) Using 6 workers of 9 for evacuation
[49.681s][info   ][gc,phases     ] GC(748)   Pre Evacuate Collection Set: 0.0ms
[49.681s][info   ][gc,phases     ] GC(748)   Evacuate Collection Set: 0.1ms
[49.681s][info   ][gc,phases     ] GC(748)   Post Evacuate Collection Set: 0.1ms
[49.681s][info   ][gc,phases     ] GC(748)   Other: 0.1ms
[49.681s][info   ][gc,heap       ] GC(748) Eden regions: 0->0(16)
[49.681s][info   ][gc,heap       ] GC(748) Survivor regions: 0->0(2)
[49.681s][info   ][gc,heap       ] GC(748) Old regions: 1->1
[49.681s][info   ][gc,heap       ] GC(748) Archive regions: 0->0
[49.681s][info   ][gc,heap       ] GC(748) Humongous regions: 185->184
[49.681s][info   ][gc,metaspace  ] GC(748) Metaspace: 3424K(4864K)->3424K(4864K) NonClass: 3120K(4352K)->3120K(4352K) Class: 304K(512K)->304K(512K)
[49.681s][info   ][gc            ] GC(748) Pause Young (Concurrent Start) (G1 Humongous Allocation) 185M->184M(256M) 0.319ms
[49.681s][info   ][gc,cpu        ] GC(748) User=0.00s Sys=0.00s Real=0.00s
[49.681s][info   ][gc            ] GC(749) Concurrent Cycle
[49.681s][info   ][gc,marking    ] GC(749) Concurrent Clear Claimed Marks
[49.681s][info   ][gc,marking    ] GC(749) Concurrent Clear Claimed Marks 0.003ms
[49.681s][info   ][gc,marking    ] GC(749) Concurrent Scan Root Regions
[49.681s][info   ][gc,marking    ] GC(749) Concurrent Scan Root Regions 0.003ms
[49.681s][info   ][gc,marking    ] GC(749) Concurrent Mark (49.681s)
[49.681s][info   ][gc,marking    ] GC(749) Concurrent Mark From Roots
[49.681s][info   ][gc,task       ] GC(749) Using 2 workers of 2 for marking
[49.682s][info   ][gc,marking    ] GC(749) Concurrent Mark From Roots 0.454ms
[49.682s][info   ][gc,marking    ] GC(749) Concurrent Preclean
[49.682s][info   ][gc,marking    ] GC(749) Concurrent Preclean 0.012ms
[49.682s][info   ][gc,marking    ] GC(749) Concurrent Mark (49.681s, 49.682s) 0.478ms
[49.682s][info   ][gc,start      ] GC(749) Pause Remark
[49.682s][info   ][gc,stringtable] GC(749) Cleaned string and symbol table, strings: 1384 processed, 0 removed, symbols: 16327 processed, 0 removed
[49.682s][info   ][gc            ] GC(749) Pause Remark 185M->185M(256M) 0.240ms
[49.682s][info   ][gc,cpu        ] GC(749) User=0.00s Sys=0.00s Real=0.00s
[49.682s][info   ][gc,marking    ] GC(749) Concurrent Rebuild Remembered Sets
[49.682s][info   ][gc,marking    ] GC(749) Concurrent Rebuild Remembered Sets 0.327ms
[49.682s][info   ][gc,start      ] GC(749) Pause Cleanup
[49.682s][info   ][gc            ] GC(749) Pause Cleanup 185M->185M(256M) 0.041ms
[49.682s][info   ][gc,cpu        ] GC(749) User=0.00s Sys=0.00s Real=0.00s
[49.682s][info   ][gc,marking    ] GC(749) Concurrent Cleanup for Next Mark
[49.683s][info   ][gc,marking    ] GC(749) Concurrent Cleanup for Next Mark 0.118ms
[49.683s][info   ][gc            ] GC(749) Concurrent Cycle 1.349ms
[49.735s][info   ][gc,start      ] GC(750) Pause Young (Concurrent Start) (G1 Humongous Allocation)
[49.735s][info   ][gc,task       ] GC(750) Using 6 workers of 9 for evacuation
[49.735s][info   ][gc,phases     ] GC(750)   Pre Evacuate Collection Set: 0.0ms
[49.735s][info   ][gc,phases     ] GC(750)   Evacuate Collection Set: 0.1ms
[49.735s][info   ][gc,phases     ] GC(750)   Post Evacuate Collection Set: 0.1ms
[49.735s][info   ][gc,phases     ] GC(750)   Other: 0.1ms
[49.735s][info   ][gc,heap       ] GC(750) Eden regions: 0->0(16)
[49.735s][info   ][gc,heap       ] GC(750) Survivor regions: 0->0(2)
[49.735s][info   ][gc,heap       ] GC(750) Old regions: 1->1
[49.735s][info   ][gc,heap       ] GC(750) Archive regions: 0->0
[49.735s][info   ][gc,heap       ] GC(750) Humongous regions: 185->184
[49.735s][info   ][gc,metaspace  ] GC(750) Metaspace: 3424K(4864K)->3424K(4864K) NonClass: 3120K(4352K)->3120K(4352K) Class: 304K(512K)->304K(512K)
[49.735s][info   ][gc            ] GC(750) Pause Young (Concurrent Start) (G1 Humongous Allocation) 185M->184M(256M) 0.306ms
[49.735s][info   ][gc,cpu        ] GC(750) User=0.00s Sys=0.00s Real=0.00s
[49.735s][info   ][gc            ] GC(751) Concurrent Cycle
[49.735s][info   ][gc,marking    ] GC(751) Concurrent Clear Claimed Marks
[49.735s][info   ][gc,marking    ] GC(751) Concurrent Clear Claimed Marks 0.005ms
[49.735s][info   ][gc,marking    ] GC(751) Concurrent Scan Root Regions
[49.735s][info   ][gc,marking    ] GC(751) Concurrent Scan Root Regions 0.003ms
[49.735s][info   ][gc,marking    ] GC(751) Concurrent Mark (49.735s)
[49.735s][info   ][gc,marking    ] GC(751) Concurrent Mark From Roots
[49.735s][info   ][gc,task       ] GC(751) Using 2 workers of 2 for marking
[49.735s][info   ][gc,marking    ] GC(751) Concurrent Mark From Roots 0.533ms
[49.735s][info   ][gc,marking    ] GC(751) Concurrent Preclean
[49.735s][info   ][gc,marking    ] GC(751) Concurrent Preclean 0.015ms
[49.735s][info   ][gc,marking    ] GC(751) Concurrent Mark (49.735s, 49.735s) 0.566ms
[49.736s][info   ][gc,start      ] GC(751) Pause Remark
[49.736s][info   ][gc,stringtable] GC(751) Cleaned string and symbol table, strings: 1384 processed, 0 removed, symbols: 16327 processed, 0 removed
[49.736s][info   ][gc            ] GC(751) Pause Remark 185M->185M(256M) 0.365ms
[49.736s][info   ][gc,cpu        ] GC(751) User=0.00s Sys=0.00s Real=0.00s
[49.736s][info   ][gc,marking    ] GC(751) Concurrent Rebuild Remembered Sets
[49.736s][info   ][gc,marking    ] GC(751) Concurrent Rebuild Remembered Sets 0.342ms
[49.736s][info   ][gc,start      ] GC(751) Pause Cleanup
[49.736s][info   ][gc            ] GC(751) Pause Cleanup 185M->185M(256M) 0.040ms
[49.736s][info   ][gc,cpu        ] GC(751) User=0.00s Sys=0.00s Real=0.00s
[49.736s][info   ][gc,marking    ] GC(751) Concurrent Cleanup for Next Mark
[49.737s][info   ][gc,marking    ] GC(751) Concurrent Cleanup for Next Mark 0.143ms
[49.737s][info   ][gc            ] GC(751) Concurrent Cycle 1.681ms
[49.790s][info   ][gc,start      ] GC(752) Pause Young (Concurrent Start) (G1 Humongous Allocation)
[49.790s][info   ][gc,task       ] GC(752) Using 6 workers of 9 for evacuation
[49.790s][info   ][gc,phases     ] GC(752)   Pre Evacuate Collection Set: 0.0ms
[49.790s][info   ][gc,phases     ] GC(752)   Evacuate Collection Set: 0.1ms
[49.790s][info   ][gc,phases     ] GC(752)   Post Evacuate Collection Set: 0.0ms
[49.790s][info   ][gc,phases     ] GC(752)   Other: 0.1ms
[49.790s][info   ][gc,heap       ] GC(752) Eden regions: 0->0(16)
[49.790s][info   ][gc,heap       ] GC(752) Survivor regions: 0->0(2)
[49.790s][info   ][gc,heap       ] GC(752) Old regions: 1->1
[49.790s][info   ][gc,heap       ] GC(752) Archive regions: 0->0
[49.790s][info   ][gc,heap       ] GC(752) Humongous regions: 185->184
[49.790s][info   ][gc,metaspace  ] GC(752) Metaspace: 3424K(4864K)->3424K(4864K) NonClass: 3120K(4352K)->3120K(4352K) Class: 304K(512K)->304K(512K)
[49.790s][info   ][gc            ] GC(752) Pause Young (Concurrent Start) (G1 Humongous Allocation) 185M->184M(256M) 0.335ms
[49.790s][info   ][gc,cpu        ] GC(752) User=0.00s Sys=0.00s Real=0.00s
[49.790s][info   ][gc            ] GC(753) Concurrent Cycle
[49.790s][info   ][gc,marking    ] GC(753) Concurrent Clear Claimed Marks
[49.790s][info   ][gc,marking    ] GC(753) Concurrent Clear Claimed Marks 0.003ms
[49.790s][info   ][gc,marking    ] GC(753) Concurrent Scan Root Regions
[49.790s][info   ][gc,marking    ] GC(753) Concurrent Scan Root Regions 0.003ms
[49.790s][info   ][gc,marking    ] GC(753) Concurrent Mark (49.790s)
[49.790s][info   ][gc,marking    ] GC(753) Concurrent Mark From Roots
[49.790s][info   ][gc,task       ] GC(753) Using 2 workers of 2 for marking
[49.791s][info   ][gc,marking    ] GC(753) Concurrent Mark From Roots 0.476ms
[49.791s][info   ][gc,marking    ] GC(753) Concurrent Preclean
[49.791s][info   ][gc,marking    ] GC(753) Concurrent Preclean 0.012ms
[49.791s][info   ][gc,marking    ] GC(753) Concurrent Mark (49.790s, 49.791s) 0.497ms
[49.791s][info   ][gc,start      ] GC(753) Pause Remark
[49.791s][info   ][gc,stringtable] GC(753) Cleaned string and symbol table, strings: 1384 processed, 0 removed, symbols: 16327 processed, 0 removed
[49.791s][info   ][gc            ] GC(753) Pause Remark 185M->185M(256M) 0.264ms
[49.791s][info   ][gc,cpu        ] GC(753) User=0.00s Sys=0.00s Real=0.00s
[49.791s][info   ][gc,marking    ] GC(753) Concurrent Rebuild Remembered Sets
[49.792s][info   ][gc,marking    ] GC(753) Concurrent Rebuild Remembered Sets 0.341ms
[49.792s][info   ][gc,start      ] GC(753) Pause Cleanup
[49.792s][info   ][gc            ] GC(753) Pause Cleanup 185M->185M(256M) 0.043ms
[49.792s][info   ][gc,cpu        ] GC(753) User=0.00s Sys=0.00s Real=0.00s
[49.792s][info   ][gc,marking    ] GC(753) Concurrent Cleanup for Next Mark
[49.792s][info   ][gc,marking    ] GC(753) Concurrent Cleanup for Next Mark 0.147ms
[49.792s][info   ][gc            ] GC(753) Concurrent Cycle 1.477ms
[49.843s][info   ][gc,start      ] GC(754) Pause Young (Concurrent Start) (G1 Humongous Allocation)
[49.843s][info   ][gc,task       ] GC(754) Using 6 workers of 9 for evacuation
[49.843s][info   ][gc,phases     ] GC(754)   Pre Evacuate Collection Set: 0.0ms
[49.843s][info   ][gc,phases     ] GC(754)   Evacuate Collection Set: 0.2ms
[49.843s][info   ][gc,phases     ] GC(754)   Post Evacuate Collection Set: 0.1ms
[49.843s][info   ][gc,phases     ] GC(754)   Other: 0.1ms
[49.843s][info   ][gc,heap       ] GC(754) Eden regions: 0->0(16)
[49.843s][info   ][gc,heap       ] GC(754) Survivor regions: 0->0(2)
[49.843s][info   ][gc,heap       ] GC(754) Old regions: 1->1
[49.843s][info   ][gc,heap       ] GC(754) Archive regions: 0->0
[49.843s][info   ][gc,heap       ] GC(754) Humongous regions: 185->184
[49.843s][info   ][gc,metaspace  ] GC(754) Metaspace: 3424K(4864K)->3424K(4864K) NonClass: 3120K(4352K)->3120K(4352K) Class: 304K(512K)->304K(512K)
[49.843s][info   ][gc            ] GC(754) Pause Young (Concurrent Start) (G1 Humongous Allocation) 185M->184M(256M) 0.404ms
[49.843s][info   ][gc,cpu        ] GC(754) User=0.00s Sys=0.00s Real=0.00s
[49.843s][info   ][gc            ] GC(755) Concurrent Cycle
[49.843s][info   ][gc,marking    ] GC(755) Concurrent Clear Claimed Marks
[49.843s][info   ][gc,marking    ] GC(755) Concurrent Clear Claimed Marks 0.005ms
[49.843s][info   ][gc,marking    ] GC(755) Concurrent Scan Root Regions
[49.843s][info   ][gc,marking    ] GC(755) Concurrent Scan Root Regions 0.003ms
[49.843s][info   ][gc,marking    ] GC(755) Concurrent Mark (49.843s)
[49.843s][info   ][gc,marking    ] GC(755) Concurrent Mark From Roots
[49.843s][info   ][gc,task       ] GC(755) Using 2 workers of 2 for marking
[49.844s][info   ][gc,marking    ] GC(755) Concurrent Mark From Roots 0.574ms
[49.844s][info   ][gc,marking    ] GC(755) Concurrent Preclean
[49.844s][info   ][gc,marking    ] GC(755) Concurrent Preclean 0.013ms
[49.844s][info   ][gc,marking    ] GC(755) Concurrent Mark (49.843s, 49.844s) 0.600ms
[49.844s][info   ][gc,start      ] GC(755) Pause Remark
[49.844s][info   ][gc,stringtable] GC(755) Cleaned string and symbol table, strings: 1384 processed, 0 removed, symbols: 16327 processed, 0 removed
[49.844s][info   ][gc            ] GC(755) Pause Remark 185M->185M(256M) 0.294ms
[49.844s][info   ][gc,cpu        ] GC(755) User=0.00s Sys=0.01s Real=0.00s
[49.844s][info   ][gc,marking    ] GC(755) Concurrent Rebuild Remembered Sets
[49.845s][info   ][gc,marking    ] GC(755) Concurrent Rebuild Remembered Sets 0.425ms
[49.845s][info   ][gc,start      ] GC(755) Pause Cleanup
[49.845s][info   ][gc            ] GC(755) Pause Cleanup 185M->185M(256M) 0.042ms
[49.845s][info   ][gc,cpu        ] GC(755) User=0.00s Sys=0.00s Real=0.00s
[49.845s][info   ][gc,marking    ] GC(755) Concurrent Cleanup for Next Mark
[49.845s][info   ][gc,marking    ] GC(755) Concurrent Cleanup for Next Mark 0.125ms
[49.845s][info   ][gc            ] GC(755) Concurrent Cycle 1.664ms
[49.898s][info   ][gc,start      ] GC(756) Pause Young (Concurrent Start) (G1 Humongous Allocation)
[49.898s][info   ][gc,task       ] GC(756) Using 6 workers of 9 for evacuation
[49.899s][info   ][gc,phases     ] GC(756)   Pre Evacuate Collection Set: 0.0ms
[49.899s][info   ][gc,phases     ] GC(756)   Evacuate Collection Set: 0.1ms
[49.899s][info   ][gc,phases     ] GC(756)   Post Evacuate Collection Set: 0.1ms
[49.899s][info   ][gc,phases     ] GC(756)   Other: 0.1ms
[49.899s][info   ][gc,heap       ] GC(756) Eden regions: 0->0(16)
[49.899s][info   ][gc,heap       ] GC(756) Survivor regions: 0->0(2)
[49.899s][info   ][gc,heap       ] GC(756) Old regions: 1->1
[49.899s][info   ][gc,heap       ] GC(756) Archive regions: 0->0
[49.899s][info   ][gc,heap       ] GC(756) Humongous regions: 185->184
[49.899s][info   ][gc,metaspace  ] GC(756) Metaspace: 3424K(4864K)->3424K(4864K) NonClass: 3120K(4352K)->3120K(4352K) Class: 304K(512K)->304K(512K)
[49.899s][info   ][gc            ] GC(756) Pause Young (Concurrent Start) (G1 Humongous Allocation) 185M->184M(256M) 0.339ms
[49.899s][info   ][gc,cpu        ] GC(756) User=0.00s Sys=0.00s Real=0.00s
[49.899s][info   ][gc            ] GC(757) Concurrent Cycle
[49.899s][info   ][gc,marking    ] GC(757) Concurrent Clear Claimed Marks
[49.899s][info   ][gc,marking    ] GC(757) Concurrent Clear Claimed Marks 0.004ms
[49.899s][info   ][gc,marking    ] GC(757) Concurrent Scan Root Regions
[49.899s][info   ][gc,marking    ] GC(757) Concurrent Scan Root Regions 0.003ms
[49.899s][info   ][gc,marking    ] GC(757) Concurrent Mark (49.899s)
[49.899s][info   ][gc,marking    ] GC(757) Concurrent Mark From Roots
[49.899s][info   ][gc,task       ] GC(757) Using 2 workers of 2 for marking
[49.899s][info   ][gc,marking    ] GC(757) Concurrent Mark From Roots 0.505ms
[49.899s][info   ][gc,marking    ] GC(757) Concurrent Preclean
[49.899s][info   ][gc,marking    ] GC(757) Concurrent Preclean 0.014ms
[49.899s][info   ][gc,marking    ] GC(757) Concurrent Mark (49.899s, 49.899s) 0.539ms
[49.899s][info   ][gc,start      ] GC(757) Pause Remark
[49.900s][info   ][gc,stringtable] GC(757) Cleaned string and symbol table, strings: 1384 processed, 0 removed, symbols: 16327 processed, 0 removed
[49.900s][info   ][gc            ] GC(757) Pause Remark 185M->185M(256M) 0.271ms
[49.900s][info   ][gc,cpu        ] GC(757) User=0.00s Sys=0.00s Real=0.00s
[49.900s][info   ][gc,marking    ] GC(757) Concurrent Rebuild Remembered Sets
[49.900s][info   ][gc,marking    ] GC(757) Concurrent Rebuild Remembered Sets 0.321ms
[49.900s][info   ][gc,start      ] GC(757) Pause Cleanup
[49.900s][info   ][gc            ] GC(757) Pause Cleanup 185M->185M(256M) 0.029ms
[49.900s][info   ][gc,cpu        ] GC(757) User=0.00s Sys=0.00s Real=0.00s
[49.900s][info   ][gc,marking    ] GC(757) Concurrent Cleanup for Next Mark
[49.900s][info   ][gc,marking    ] GC(757) Concurrent Cleanup for Next Mark 0.143ms
[49.900s][info   ][gc            ] GC(757) Concurrent Cycle 1.444ms
[49.951s][info   ][gc,start      ] GC(758) Pause Young (Concurrent Start) (G1 Humongous Allocation)
[49.951s][info   ][gc,task       ] GC(758) Using 6 workers of 9 for evacuation
[49.952s][info   ][gc,phases     ] GC(758)   Pre Evacuate Collection Set: 0.0ms
[49.952s][info   ][gc,phases     ] GC(758)   Evacuate Collection Set: 0.2ms
[49.952s][info   ][gc,phases     ] GC(758)   Post Evacuate Collection Set: 0.1ms
[49.952s][info   ][gc,phases     ] GC(758)   Other: 0.1ms
[49.952s][info   ][gc,heap       ] GC(758) Eden regions: 0->0(16)
[49.952s][info   ][gc,heap       ] GC(758) Survivor regions: 0->0(2)
[49.952s][info   ][gc,heap       ] GC(758) Old regions: 1->1
[49.952s][info   ][gc,heap       ] GC(758) Archive regions: 0->0
[49.952s][info   ][gc,heap       ] GC(758) Humongous regions: 185->184
[49.952s][info   ][gc,metaspace  ] GC(758) Metaspace: 3424K(4864K)->3424K(4864K) NonClass: 3120K(4352K)->3120K(4352K) Class: 304K(512K)->304K(512K)
[49.952s][info   ][gc            ] GC(758) Pause Young (Concurrent Start) (G1 Humongous Allocation) 185M->184M(256M) 0.421ms
[49.952s][info   ][gc,cpu        ] GC(758) User=0.00s Sys=0.00s Real=0.00s
[49.952s][info   ][gc            ] GC(759) Concurrent Cycle
[49.952s][info   ][gc,marking    ] GC(759) Concurrent Clear Claimed Marks
[49.952s][info   ][gc,marking    ] GC(759) Concurrent Clear Claimed Marks 0.003ms
[49.952s][info   ][gc,marking    ] GC(759) Concurrent Scan Root Regions
[49.952s][info   ][gc,marking    ] GC(759) Concurrent Scan Root Regions 0.003ms
[49.952s][info   ][gc,marking    ] GC(759) Concurrent Mark (49.952s)
[49.952s][info   ][gc,marking    ] GC(759) Concurrent Mark From Roots
[49.952s][info   ][gc,task       ] GC(759) Using 2 workers of 2 for marking
[49.952s][info   ][gc,marking    ] GC(759) Concurrent Mark From Roots 0.460ms
[49.952s][info   ][gc,marking    ] GC(759) Concurrent Preclean
[49.952s][info   ][gc,marking    ] GC(759) Concurrent Preclean 0.013ms
[49.952s][info   ][gc,marking    ] GC(759) Concurrent Mark (49.952s, 49.952s) 0.487ms
[49.952s][info   ][gc,start      ] GC(759) Pause Remark
[49.952s][info   ][gc,stringtable] GC(759) Cleaned string and symbol table, strings: 1384 processed, 0 removed, symbols: 16327 processed, 0 removed
[49.953s][info   ][gc            ] GC(759) Pause Remark 185M->185M(256M) 0.370ms
[49.953s][info   ][gc,cpu        ] GC(759) User=0.00s Sys=0.00s Real=0.00s
[49.953s][info   ][gc,marking    ] GC(759) Concurrent Rebuild Remembered Sets
[49.953s][info   ][gc,marking    ] GC(759) Concurrent Rebuild Remembered Sets 0.342ms
[49.953s][info   ][gc,start      ] GC(759) Pause Cleanup
[49.953s][info   ][gc            ] GC(759) Pause Cleanup 185M->185M(256M) 0.049ms
[49.953s][info   ][gc,cpu        ] GC(759) User=0.00s Sys=0.00s Real=0.00s
[49.953s][info   ][gc,marking    ] GC(759) Concurrent Cleanup for Next Mark
[49.953s][info   ][gc,marking    ] GC(759) Concurrent Cleanup for Next Mark 0.130ms
[49.953s][info   ][gc            ] GC(759) Concurrent Cycle 1.631ms
[50.007s][info   ][gc,start      ] GC(760) Pause Young (Concurrent Start) (G1 Humongous Allocation)
[50.007s][info   ][gc,task       ] GC(760) Using 6 workers of 9 for evacuation
[50.007s][info   ][gc,phases     ] GC(760)   Pre Evacuate Collection Set: 0.0ms
[50.007s][info   ][gc,phases     ] GC(760)   Evacuate Collection Set: 0.1ms
[50.007s][info   ][gc,phases     ] GC(760)   Post Evacuate Collection Set: 0.1ms
[50.007s][info   ][gc,phases     ] GC(760)   Other: 0.1ms
[50.007s][info   ][gc,heap       ] GC(760) Eden regions: 0->0(16)
[50.007s][info   ][gc,heap       ] GC(760) Survivor regions: 0->0(2)
[50.007s][info   ][gc,heap       ] GC(760) Old regions: 1->1
[50.007s][info   ][gc,heap       ] GC(760) Archive regions: 0->0
[50.007s][info   ][gc,heap       ] GC(760) Humongous regions: 185->184
[50.007s][info   ][gc,metaspace  ] GC(760) Metaspace: 3424K(4864K)->3424K(4864K) NonClass: 3120K(4352K)->3120K(4352K) Class: 304K(512K)->304K(512K)
[50.007s][info   ][gc            ] GC(760) Pause Young (Concurrent Start) (G1 Humongous Allocation) 185M->184M(256M) 0.329ms
[50.007s][info   ][gc,cpu        ] GC(760) User=0.00s Sys=0.00s Real=0.00s
[50.007s][info   ][gc            ] GC(761) Concurrent Cycle
[50.007s][info   ][gc,marking    ] GC(761) Concurrent Clear Claimed Marks
[50.007s][info   ][gc,marking    ] GC(761) Concurrent Clear Claimed Marks 0.005ms
[50.007s][info   ][gc,marking    ] GC(761) Concurrent Scan Root Regions
[50.007s][info   ][gc,marking    ] GC(761) Concurrent Scan Root Regions 0.005ms
[50.007s][info   ][gc,marking    ] GC(761) Concurrent Mark (50.007s)
[50.007s][info   ][gc,marking    ] GC(761) Concurrent Mark From Roots
[50.007s][info   ][gc,task       ] GC(761) Using 2 workers of 2 for marking
[50.008s][info   ][gc,marking    ] GC(761) Concurrent Mark From Roots 0.778ms
[50.008s][info   ][gc,marking    ] GC(761) Concurrent Preclean
[50.008s][info   ][gc,marking    ] GC(761) Concurrent Preclean 0.021ms
[50.008s][info   ][gc,marking    ] GC(761) Concurrent Mark (50.007s, 50.008s) 0.815ms
[50.008s][info   ][gc,start      ] GC(761) Pause Remark
[50.008s][info   ][gc,stringtable] GC(761) Cleaned string and symbol table, strings: 1384 processed, 0 removed, symbols: 16327 processed, 0 removed
[50.008s][info   ][gc            ] GC(761) Pause Remark 185M->185M(256M) 0.315ms
[50.008s][info   ][gc,cpu        ] GC(761) User=0.00s Sys=0.00s Real=0.00s
[50.008s][info   ][gc,marking    ] GC(761) Concurrent Rebuild Remembered Sets
[50.009s][info   ][gc,marking    ] GC(761) Concurrent Rebuild Remembered Sets 0.357ms
[50.009s][info   ][gc,start      ] GC(761) Pause Cleanup
[50.009s][info   ][gc            ] GC(761) Pause Cleanup 185M->185M(256M) 0.038ms
[50.009s][info   ][gc,cpu        ] GC(761) User=0.00s Sys=0.00s Real=0.00s
[50.009s][info   ][gc,marking    ] GC(761) Concurrent Cleanup for Next Mark
[50.009s][info   ][gc,marking    ] GC(761) Concurrent Cleanup for Next Mark 0.117ms
[50.009s][info   ][gc            ] GC(761) Concurrent Cycle 1.830ms
[50.060s][info   ][gc,start      ] GC(762) Pause Young (Concurrent Start) (G1 Humongous Allocation)
[50.060s][info   ][gc,task       ] GC(762) Using 6 workers of 9 for evacuation
[50.060s][info   ][gc,phases     ] GC(762)   Pre Evacuate Collection Set: 0.0ms
[50.060s][info   ][gc,phases     ] GC(762)   Evacuate Collection Set: 0.1ms
[50.060s][info   ][gc,phases     ] GC(762)   Post Evacuate Collection Set: 0.1ms
[50.060s][info   ][gc,phases     ] GC(762)   Other: 0.1ms
[50.060s][info   ][gc,heap       ] GC(762) Eden regions: 0->0(16)
[50.060s][info   ][gc,heap       ] GC(762) Survivor regions: 0->0(2)
[50.060s][info   ][gc,heap       ] GC(762) Old regions: 1->1
[50.060s][info   ][gc,heap       ] GC(762) Archive regions: 0->0
[50.060s][info   ][gc,heap       ] GC(762) Humongous regions: 185->184
[50.060s][info   ][gc,metaspace  ] GC(762) Metaspace: 3424K(4864K)->3424K(4864K) NonClass: 3120K(4352K)->3120K(4352K) Class: 304K(512K)->304K(512K)
[50.060s][info   ][gc            ] GC(762) Pause Young (Concurrent Start) (G1 Humongous Allocation) 185M->184M(256M) 0.339ms
[50.060s][info   ][gc,cpu        ] GC(762) User=0.00s Sys=0.00s Real=0.00s
[50.060s][info   ][gc            ] GC(763) Concurrent Cycle
[50.060s][info   ][gc,marking    ] GC(763) Concurrent Clear Claimed Marks
[50.060s][info   ][gc,marking    ] GC(763) Concurrent Clear Claimed Marks 0.003ms
[50.060s][info   ][gc,marking    ] GC(763) Concurrent Scan Root Regions
[50.060s][info   ][gc,marking    ] GC(763) Concurrent Scan Root Regions 0.015ms
[50.060s][info   ][gc,marking    ] GC(763) Concurrent Mark (50.060s)
[50.060s][info   ][gc,marking    ] GC(763) Concurrent Mark From Roots
[50.060s][info   ][gc,task       ] GC(763) Using 2 workers of 2 for marking
[50.061s][info   ][gc,marking    ] GC(763) Concurrent Mark From Roots 0.587ms
[50.061s][info   ][gc,marking    ] GC(763) Concurrent Preclean
[50.061s][info   ][gc,marking    ] GC(763) Concurrent Preclean 0.012ms
[50.061s][info   ][gc,marking    ] GC(763) Concurrent Mark (50.060s, 50.061s) 0.617ms
[50.061s][info   ][gc,start      ] GC(763) Pause Remark
[50.061s][info   ][gc,stringtable] GC(763) Cleaned string and symbol table, strings: 1384 processed, 0 removed, symbols: 16327 processed, 0 removed
[50.061s][info   ][gc            ] GC(763) Pause Remark 185M->185M(256M) 0.378ms
[50.061s][info   ][gc,cpu        ] GC(763) User=0.00s Sys=0.00s Real=0.00s
[50.061s][info   ][gc,marking    ] GC(763) Concurrent Rebuild Remembered Sets
[50.062s][info   ][gc,marking    ] GC(763) Concurrent Rebuild Remembered Sets 0.366ms
[50.062s][info   ][gc,start      ] GC(763) Pause Cleanup
[50.062s][info   ][gc            ] GC(763) Pause Cleanup 185M->185M(256M) 0.043ms
[50.062s][info   ][gc,cpu        ] GC(763) User=0.00s Sys=0.00s Real=0.00s
[50.062s][info   ][gc,marking    ] GC(763) Concurrent Cleanup for Next Mark
[50.062s][info   ][gc,marking    ] GC(763) Concurrent Cleanup for Next Mark 0.126ms
[50.062s][info   ][gc            ] GC(763) Concurrent Cycle 1.696ms
[50.116s][info   ][gc,start      ] GC(764) Pause Young (Concurrent Start) (G1 Humongous Allocation)
[50.116s][info   ][gc,task       ] GC(764) Using 6 workers of 9 for evacuation
[50.117s][info   ][gc,phases     ] GC(764)   Pre Evacuate Collection Set: 0.1ms
[50.117s][info   ][gc,phases     ] GC(764)   Evacuate Collection Set: 0.6ms
[50.117s][info   ][gc,phases     ] GC(764)   Post Evacuate Collection Set: 0.1ms
[50.117s][info   ][gc,phases     ] GC(764)   Other: 0.3ms
[50.117s][info   ][gc,heap       ] GC(764) Eden regions: 0->0(16)
[50.117s][info   ][gc,heap       ] GC(764) Survivor regions: 0->0(2)
[50.117s][info   ][gc,heap       ] GC(764) Old regions: 1->1
[50.117s][info   ][gc,heap       ] GC(764) Archive regions: 0->0
[50.117s][info   ][gc,heap       ] GC(764) Humongous regions: 185->184
[50.117s][info   ][gc,metaspace  ] GC(764) Metaspace: 3424K(4864K)->3424K(4864K) NonClass: 3120K(4352K)->3120K(4352K) Class: 304K(512K)->304K(512K)
[50.117s][info   ][gc            ] GC(764) Pause Young (Concurrent Start) (G1 Humongous Allocation) 185M->184M(256M) 1.379ms
[50.117s][info   ][gc,cpu        ] GC(764) User=0.00s Sys=0.00s Real=0.00s
[50.117s][info   ][gc            ] GC(765) Concurrent Cycle
[50.117s][info   ][gc,marking    ] GC(765) Concurrent Clear Claimed Marks
[50.117s][info   ][gc,marking    ] GC(765) Concurrent Clear Claimed Marks 0.018ms
[50.117s][info   ][gc,marking    ] GC(765) Concurrent Scan Root Regions
[50.117s][info   ][gc,marking    ] GC(765) Concurrent Scan Root Regions 0.021ms
[50.117s][info   ][gc,marking    ] GC(765) Concurrent Mark (50.117s)
[50.117s][info   ][gc,marking    ] GC(765) Concurrent Mark From Roots
[50.117s][info   ][gc,task       ] GC(765) Using 2 workers of 2 for marking
[50.121s][info   ][gc,marking    ] GC(765) Concurrent Mark From Roots 3.445ms
[50.121s][info   ][gc,marking    ] GC(765) Concurrent Preclean
[50.121s][info   ][gc,marking    ] GC(765) Concurrent Preclean 0.019ms
[50.121s][info   ][gc,marking    ] GC(765) Concurrent Mark (50.117s, 50.121s) 3.511ms
[50.121s][info   ][gc,start      ] GC(765) Pause Remark
[50.121s][info   ][gc,stringtable] GC(765) Cleaned string and symbol table, strings: 1384 processed, 0 removed, symbols: 16327 processed, 0 removed
[50.121s][info   ][gc            ] GC(765) Pause Remark 185M->185M(256M) 0.268ms
[50.121s][info   ][gc,cpu        ] GC(765) User=0.01s Sys=0.00s Real=0.00s
[50.121s][info   ][gc,marking    ] GC(765) Concurrent Rebuild Remembered Sets
[50.121s][info   ][gc,marking    ] GC(765) Concurrent Rebuild Remembered Sets 0.382ms
[50.121s][info   ][gc,start      ] GC(765) Pause Cleanup
[50.121s][info   ][gc            ] GC(765) Pause Cleanup 185M->185M(256M) 0.025ms
[50.121s][info   ][gc,cpu        ] GC(765) User=0.00s Sys=0.00s Real=0.00s
[50.121s][info   ][gc,marking    ] GC(765) Concurrent Cleanup for Next Mark
[50.122s][info   ][gc,marking    ] GC(765) Concurrent Cleanup for Next Mark 0.157ms
[50.122s][info   ][gc            ] GC(765) Concurrent Cycle 4.618ms
[50.171s][info   ][gc,start      ] GC(766) Pause Young (Concurrent Start) (G1 Humongous Allocation)
[50.171s][info   ][gc,task       ] GC(766) Using 6 workers of 9 for evacuation
[50.172s][info   ][gc,phases     ] GC(766)   Pre Evacuate Collection Set: 0.0ms
[50.172s][info   ][gc,phases     ] GC(766)   Evacuate Collection Set: 0.1ms
[50.172s][info   ][gc,phases     ] GC(766)   Post Evacuate Collection Set: 0.0ms
[50.172s][info   ][gc,phases     ] GC(766)   Other: 0.1ms
[50.172s][info   ][gc,heap       ] GC(766) Eden regions: 0->0(16)
[50.172s][info   ][gc,heap       ] GC(766) Survivor regions: 0->0(2)
[50.172s][info   ][gc,heap       ] GC(766) Old regions: 1->1
[50.172s][info   ][gc,heap       ] GC(766) Archive regions: 0->0
[50.172s][info   ][gc,heap       ] GC(766) Humongous regions: 185->184
[50.172s][info   ][gc,metaspace  ] GC(766) Metaspace: 3424K(4864K)->3424K(4864K) NonClass: 3120K(4352K)->3120K(4352K) Class: 304K(512K)->304K(512K)
[50.172s][info   ][gc            ] GC(766) Pause Young (Concurrent Start) (G1 Humongous Allocation) 185M->184M(256M) 0.344ms
[50.172s][info   ][gc,cpu        ] GC(766) User=0.00s Sys=0.00s Real=0.00s
[50.172s][info   ][gc            ] GC(767) Concurrent Cycle
[50.172s][info   ][gc,marking    ] GC(767) Concurrent Clear Claimed Marks
[50.172s][info   ][gc,marking    ] GC(767) Concurrent Clear Claimed Marks 0.003ms
[50.172s][info   ][gc,marking    ] GC(767) Concurrent Scan Root Regions
[50.172s][info   ][gc,marking    ] GC(767) Concurrent Scan Root Regions 0.002ms
[50.172s][info   ][gc,marking    ] GC(767) Concurrent Mark (50.172s)
[50.172s][info   ][gc,marking    ] GC(767) Concurrent Mark From Roots
[50.172s][info   ][gc,task       ] GC(767) Using 2 workers of 2 for marking
[50.172s][info   ][gc,marking    ] GC(767) Concurrent Mark From Roots 0.469ms
[50.172s][info   ][gc,marking    ] GC(767) Concurrent Preclean
[50.172s][info   ][gc,marking    ] GC(767) Concurrent Preclean 0.013ms
[50.172s][info   ][gc,marking    ] GC(767) Concurrent Mark (50.172s, 50.172s) 0.505ms
[50.172s][info   ][gc,start      ] GC(767) Pause Remark
[50.173s][info   ][gc,stringtable] GC(767) Cleaned string and symbol table, strings: 1384 processed, 0 removed, symbols: 16327 processed, 0 removed
[50.173s][info   ][gc            ] GC(767) Pause Remark 187M->187M(256M) 0.255ms
[50.173s][info   ][gc,cpu        ] GC(767) User=0.00s Sys=0.00s Real=0.00s
[50.173s][info   ][gc,marking    ] GC(767) Concurrent Rebuild Remembered Sets
[50.173s][info   ][gc,marking    ] GC(767) Concurrent Rebuild Remembered Sets 0.332ms
[50.173s][info   ][gc,start      ] GC(767) Pause Cleanup
[50.173s][info   ][gc            ] GC(767) Pause Cleanup 187M->187M(256M) 0.037ms
[50.173s][info   ][gc,cpu        ] GC(767) User=0.00s Sys=0.00s Real=0.00s
[50.173s][info   ][gc,marking    ] GC(767) Concurrent Cleanup for Next Mark
[50.173s][info   ][gc,marking    ] GC(767) Concurrent Cleanup for Next Mark 0.126ms
[50.173s][info   ][gc            ] GC(767) Concurrent Cycle 1.446ms
[50.227s][info   ][gc,start      ] GC(768) Pause Young (Concurrent Start) (G1 Humongous Allocation)
[50.227s][info   ][gc,task       ] GC(768) Using 6 workers of 9 for evacuation
[50.227s][info   ][gc,phases     ] GC(768)   Pre Evacuate Collection Set: 0.0ms
[50.227s][info   ][gc,phases     ] GC(768)   Evacuate Collection Set: 0.1ms
[50.227s][info   ][gc,phases     ] GC(768)   Post Evacuate Collection Set: 0.1ms
[50.227s][info   ][gc,phases     ] GC(768)   Other: 0.1ms
[50.227s][info   ][gc,heap       ] GC(768) Eden regions: 0->0(16)
[50.227s][info   ][gc,heap       ] GC(768) Survivor regions: 0->0(2)
[50.227s][info   ][gc,heap       ] GC(768) Old regions: 1->1
[50.227s][info   ][gc,heap       ] GC(768) Archive regions: 0->0
[50.227s][info   ][gc,heap       ] GC(768) Humongous regions: 187->186
[50.227s][info   ][gc,metaspace  ] GC(768) Metaspace: 3424K(4864K)->3424K(4864K) NonClass: 3120K(4352K)->3120K(4352K) Class: 304K(512K)->304K(512K)
[50.227s][info   ][gc            ] GC(768) Pause Young (Concurrent Start) (G1 Humongous Allocation) 187M->186M(256M) 0.345ms
[50.227s][info   ][gc,cpu        ] GC(768) User=0.00s Sys=0.00s Real=0.00s
[50.227s][info   ][gc            ] GC(769) Concurrent Cycle
[50.227s][info   ][gc,marking    ] GC(769) Concurrent Clear Claimed Marks
[50.227s][info   ][gc,marking    ] GC(769) Concurrent Clear Claimed Marks 0.003ms
[50.227s][info   ][gc,marking    ] GC(769) Concurrent Scan Root Regions
[50.227s][info   ][gc,marking    ] GC(769) Concurrent Scan Root Regions 0.003ms
[50.227s][info   ][gc,marking    ] GC(769) Concurrent Mark (50.227s)
[50.227s][info   ][gc,marking    ] GC(769) Concurrent Mark From Roots
[50.227s][info   ][gc,task       ] GC(769) Using 2 workers of 2 for marking
[50.228s][info   ][gc,marking    ] GC(769) Concurrent Mark From Roots 0.555ms
[50.228s][info   ][gc,marking    ] GC(769) Concurrent Preclean
[50.228s][info   ][gc,marking    ] GC(769) Concurrent Preclean 0.014ms
[50.228s][info   ][gc,marking    ] GC(769) Concurrent Mark (50.227s, 50.228s) 0.585ms
[50.228s][info   ][gc,start      ] GC(769) Pause Remark
[50.228s][info   ][gc,stringtable] GC(769) Cleaned string and symbol table, strings: 1384 processed, 0 removed, symbols: 16327 processed, 0 removed
[50.228s][info   ][gc            ] GC(769) Pause Remark 187M->187M(256M) 0.254ms
[50.228s][info   ][gc,cpu        ] GC(769) User=0.00s Sys=0.00s Real=0.00s
[50.228s][info   ][gc,marking    ] GC(769) Concurrent Rebuild Remembered Sets
[50.229s][info   ][gc,marking    ] GC(769) Concurrent Rebuild Remembered Sets 0.350ms
[50.229s][info   ][gc,start      ] GC(769) Pause Cleanup
[50.229s][info   ][gc            ] GC(769) Pause Cleanup 187M->187M(256M) 0.054ms
[50.229s][info   ][gc,cpu        ] GC(769) User=0.00s Sys=0.00s Real=0.00s
[50.229s][info   ][gc,marking    ] GC(769) Concurrent Cleanup for Next Mark
[50.229s][info   ][gc,marking    ] GC(769) Concurrent Cleanup for Next Mark 0.137ms
[50.229s][info   ][gc            ] GC(769) Concurrent Cycle 1.558ms
[50.281s][info   ][gc,start      ] GC(770) Pause Young (Concurrent Start) (G1 Humongous Allocation)
[50.281s][info   ][gc,task       ] GC(770) Using 6 workers of 9 for evacuation
[50.282s][info   ][gc,phases     ] GC(770)   Pre Evacuate Collection Set: 0.0ms
[50.282s][info   ][gc,phases     ] GC(770)   Evacuate Collection Set: 0.2ms
[50.282s][info   ][gc,phases     ] GC(770)   Post Evacuate Collection Set: 0.0ms
[50.282s][info   ][gc,phases     ] GC(770)   Other: 0.1ms
[50.282s][info   ][gc,heap       ] GC(770) Eden regions: 0->0(16)
[50.282s][info   ][gc,heap       ] GC(770) Survivor regions: 0->0(2)
[50.282s][info   ][gc,heap       ] GC(770) Old regions: 1->1
[50.282s][info   ][gc,heap       ] GC(770) Archive regions: 0->0
[50.282s][info   ][gc,heap       ] GC(770) Humongous regions: 187->186
[50.282s][info   ][gc,metaspace  ] GC(770) Metaspace: 3424K(4864K)->3424K(4864K) NonClass: 3120K(4352K)->3120K(4352K) Class: 304K(512K)->304K(512K)
[50.282s][info   ][gc            ] GC(770) Pause Young (Concurrent Start) (G1 Humongous Allocation) 187M->186M(256M) 0.393ms
[50.282s][info   ][gc,cpu        ] GC(770) User=0.00s Sys=0.00s Real=0.00s
[50.282s][info   ][gc            ] GC(771) Concurrent Cycle
[50.282s][info   ][gc,marking    ] GC(771) Concurrent Clear Claimed Marks
[50.282s][info   ][gc,marking    ] GC(771) Concurrent Clear Claimed Marks 0.004ms
[50.282s][info   ][gc,marking    ] GC(771) Concurrent Scan Root Regions
[50.282s][info   ][gc,marking    ] GC(771) Concurrent Scan Root Regions 0.003ms
[50.282s][info   ][gc,marking    ] GC(771) Concurrent Mark (50.282s)
[50.282s][info   ][gc,marking    ] GC(771) Concurrent Mark From Roots
[50.282s][info   ][gc,task       ] GC(771) Using 2 workers of 2 for marking
[50.282s][info   ][gc,marking    ] GC(771) Concurrent Mark From Roots 0.465ms
[50.282s][info   ][gc,marking    ] GC(771) Concurrent Preclean
[50.282s][info   ][gc,marking    ] GC(771) Concurrent Preclean 0.016ms
[50.282s][info   ][gc,marking    ] GC(771) Concurrent Mark (50.282s, 50.282s) 0.495ms
[50.282s][info   ][gc,start      ] GC(771) Pause Remark
[50.282s][info   ][gc,stringtable] GC(771) Cleaned string and symbol table, strings: 1384 processed, 0 removed, symbols: 16327 processed, 0 removed
[50.283s][info   ][gc            ] GC(771) Pause Remark 187M->187M(256M) 0.272ms
[50.283s][info   ][gc,cpu        ] GC(771) User=0.00s Sys=0.00s Real=0.00s
[50.283s][info   ][gc,marking    ] GC(771) Concurrent Rebuild Remembered Sets
[50.283s][info   ][gc,marking    ] GC(771) Concurrent Rebuild Remembered Sets 0.525ms
[50.283s][info   ][gc,start      ] GC(771) Pause Cleanup
[50.283s][info   ][gc            ] GC(771) Pause Cleanup 187M->187M(256M) 0.043ms
[50.283s][info   ][gc,cpu        ] GC(771) User=0.00s Sys=0.00s Real=0.00s
[50.283s][info   ][gc,marking    ] GC(771) Concurrent Cleanup for Next Mark
[50.283s][info   ][gc,marking    ] GC(771) Concurrent Cleanup for Next Mark 0.122ms
[50.283s][info   ][gc            ] GC(771) Concurrent Cycle 1.633ms
[50.337s][info   ][gc,start      ] GC(772) Pause Young (Concurrent Start) (G1 Humongous Allocation)
[50.337s][info   ][gc,task       ] GC(772) Using 6 workers of 9 for evacuation
[50.337s][info   ][gc,phases     ] GC(772)   Pre Evacuate Collection Set: 0.0ms
[50.337s][info   ][gc,phases     ] GC(772)   Evacuate Collection Set: 0.1ms
[50.337s][info   ][gc,phases     ] GC(772)   Post Evacuate Collection Set: 0.1ms
[50.337s][info   ][gc,phases     ] GC(772)   Other: 0.1ms
[50.337s][info   ][gc,heap       ] GC(772) Eden regions: 0->0(16)
[50.337s][info   ][gc,heap       ] GC(772) Survivor regions: 0->0(2)
[50.337s][info   ][gc,heap       ] GC(772) Old regions: 1->1
[50.337s][info   ][gc,heap       ] GC(772) Archive regions: 0->0
[50.337s][info   ][gc,heap       ] GC(772) Humongous regions: 187->186
[50.337s][info   ][gc,metaspace  ] GC(772) Metaspace: 3424K(4864K)->3424K(4864K) NonClass: 3120K(4352K)->3120K(4352K) Class: 304K(512K)->304K(512K)
[50.337s][info   ][gc            ] GC(772) Pause Young (Concurrent Start) (G1 Humongous Allocation) 187M->186M(256M) 0.310ms
[50.337s][info   ][gc,cpu        ] GC(772) User=0.01s Sys=0.00s Real=0.00s
[50.337s][info   ][gc            ] GC(773) Concurrent Cycle
[50.337s][info   ][gc,marking    ] GC(773) Concurrent Clear Claimed Marks
[50.337s][info   ][gc,marking    ] GC(773) Concurrent Clear Claimed Marks 0.003ms
[50.337s][info   ][gc,marking    ] GC(773) Concurrent Scan Root Regions
[50.337s][info   ][gc,marking    ] GC(773) Concurrent Scan Root Regions 0.014ms
[50.337s][info   ][gc,marking    ] GC(773) Concurrent Mark (50.337s)
[50.337s][info   ][gc,marking    ] GC(773) Concurrent Mark From Roots
[50.337s][info   ][gc,task       ] GC(773) Using 2 workers of 2 for marking
[50.338s][info   ][gc,marking    ] GC(773) Concurrent Mark From Roots 0.563ms
[50.338s][info   ][gc,marking    ] GC(773) Concurrent Preclean
[50.338s][info   ][gc,marking    ] GC(773) Concurrent Preclean 0.014ms
[50.338s][info   ][gc,marking    ] GC(773) Concurrent Mark (50.337s, 50.338s) 0.591ms
[50.338s][info   ][gc,start      ] GC(773) Pause Remark
[50.338s][info   ][gc,stringtable] GC(773) Cleaned string and symbol table, strings: 1384 processed, 0 removed, symbols: 16327 processed, 0 removed
[50.338s][info   ][gc            ] GC(773) Pause Remark 187M->187M(256M) 0.259ms
[50.338s][info   ][gc,cpu        ] GC(773) User=0.00s Sys=0.00s Real=0.00s
[50.338s][info   ][gc,marking    ] GC(773) Concurrent Rebuild Remembered Sets
[50.338s][info   ][gc,marking    ] GC(773) Concurrent Rebuild Remembered Sets 0.331ms
[50.339s][info   ][gc,start      ] GC(773) Pause Cleanup
[50.339s][info   ][gc            ] GC(773) Pause Cleanup 187M->187M(256M) 0.031ms
[50.339s][info   ][gc,cpu        ] GC(773) User=0.00s Sys=0.00s Real=0.00s
[50.339s][info   ][gc,marking    ] GC(773) Concurrent Cleanup for Next Mark
[50.339s][info   ][gc,marking    ] GC(773) Concurrent Cleanup for Next Mark 0.107ms
[50.339s][info   ][gc            ] GC(773) Concurrent Cycle 1.474ms
[50.392s][info   ][gc,start      ] GC(774) Pause Young (Concurrent Start) (G1 Humongous Allocation)
[50.392s][info   ][gc,task       ] GC(774) Using 6 workers of 9 for evacuation
[50.393s][info   ][gc,phases     ] GC(774)   Pre Evacuate Collection Set: 0.0ms
[50.393s][info   ][gc,phases     ] GC(774)   Evacuate Collection Set: 0.1ms
[50.393s][info   ][gc,phases     ] GC(774)   Post Evacuate Collection Set: 0.1ms
[50.393s][info   ][gc,phases     ] GC(774)   Other: 0.1ms
[50.393s][info   ][gc,heap       ] GC(774) Eden regions: 0->0(16)
[50.393s][info   ][gc,heap       ] GC(774) Survivor regions: 0->0(2)
[50.393s][info   ][gc,heap       ] GC(774) Old regions: 1->1
[50.393s][info   ][gc,heap       ] GC(774) Archive regions: 0->0
[50.393s][info   ][gc,heap       ] GC(774) Humongous regions: 187->186
[50.393s][info   ][gc,metaspace  ] GC(774) Metaspace: 3424K(4864K)->3424K(4864K) NonClass: 3120K(4352K)->3120K(4352K) Class: 304K(512K)->304K(512K)
[50.393s][info   ][gc            ] GC(774) Pause Young (Concurrent Start) (G1 Humongous Allocation) 187M->186M(256M) 0.375ms
[50.393s][info   ][gc,cpu        ] GC(774) User=0.00s Sys=0.00s Real=0.00s
[50.393s][info   ][gc            ] GC(775) Concurrent Cycle
[50.393s][info   ][gc,marking    ] GC(775) Concurrent Clear Claimed Marks
[50.393s][info   ][gc,marking    ] GC(775) Concurrent Clear Claimed Marks 0.009ms
[50.393s][info   ][gc,marking    ] GC(775) Concurrent Scan Root Regions
[50.393s][info   ][gc,marking    ] GC(775) Concurrent Scan Root Regions 0.003ms
[50.393s][info   ][gc,marking    ] GC(775) Concurrent Mark (50.393s)
[50.393s][info   ][gc,marking    ] GC(775) Concurrent Mark From Roots
[50.393s][info   ][gc,task       ] GC(775) Using 2 workers of 2 for marking
[50.393s][info   ][gc,marking    ] GC(775) Concurrent Mark From Roots 0.548ms
[50.393s][info   ][gc,marking    ] GC(775) Concurrent Preclean
[50.393s][info   ][gc,marking    ] GC(775) Concurrent Preclean 0.028ms
[50.393s][info   ][gc,marking    ] GC(775) Concurrent Mark (50.393s, 50.393s) 0.605ms
[50.393s][info   ][gc,start      ] GC(775) Pause Remark
[50.394s][info   ][gc,stringtable] GC(775) Cleaned string and symbol table, strings: 1384 processed, 0 removed, symbols: 16327 processed, 0 removed
[50.394s][info   ][gc            ] GC(775) Pause Remark 187M->187M(256M) 0.293ms
[50.394s][info   ][gc,cpu        ] GC(775) User=0.00s Sys=0.00s Real=0.00s
[50.394s][info   ][gc,marking    ] GC(775) Concurrent Rebuild Remembered Sets
[50.394s][info   ][gc,marking    ] GC(775) Concurrent Rebuild Remembered Sets 0.405ms
[50.394s][info   ][gc,start      ] GC(775) Pause Cleanup
[50.394s][info   ][gc            ] GC(775) Pause Cleanup 187M->187M(256M) 0.033ms
[50.394s][info   ][gc,cpu        ] GC(775) User=0.00s Sys=0.00s Real=0.00s
[50.394s][info   ][gc,marking    ] GC(775) Concurrent Cleanup for Next Mark
[50.394s][info   ][gc,marking    ] GC(775) Concurrent Cleanup for Next Mark 0.156ms
[50.394s][info   ][gc            ] GC(775) Concurrent Cycle 1.734ms
[50.448s][info   ][gc,start      ] GC(776) Pause Young (Concurrent Start) (G1 Humongous Allocation)
[50.448s][info   ][gc,task       ] GC(776) Using 6 workers of 9 for evacuation
[50.449s][info   ][gc,phases     ] GC(776)   Pre Evacuate Collection Set: 0.1ms
[50.449s][info   ][gc,phases     ] GC(776)   Evacuate Collection Set: 0.3ms
[50.449s][info   ][gc,phases     ] GC(776)   Post Evacuate Collection Set: 0.1ms
[50.449s][info   ][gc,phases     ] GC(776)   Other: 0.3ms
[50.449s][info   ][gc,heap       ] GC(776) Eden regions: 0->0(16)
[50.449s][info   ][gc,heap       ] GC(776) Survivor regions: 0->0(2)
[50.449s][info   ][gc,heap       ] GC(776) Old regions: 1->1
[50.449s][info   ][gc,heap       ] GC(776) Archive regions: 0->0
[50.449s][info   ][gc,heap       ] GC(776) Humongous regions: 187->186
[50.449s][info   ][gc,metaspace  ] GC(776) Metaspace: 3424K(4864K)->3424K(4864K) NonClass: 3120K(4352K)->3120K(4352K) Class: 304K(512K)->304K(512K)
[50.449s][info   ][gc            ] GC(776) Pause Young (Concurrent Start) (G1 Humongous Allocation) 187M->186M(256M) 0.899ms
[50.449s][info   ][gc,cpu        ] GC(776) User=0.00s Sys=0.00s Real=0.00s
[50.449s][info   ][gc            ] GC(777) Concurrent Cycle
[50.449s][info   ][gc,marking    ] GC(777) Concurrent Clear Claimed Marks
[50.449s][info   ][gc,marking    ] GC(777) Concurrent Clear Claimed Marks 0.021ms
[50.449s][info   ][gc,marking    ] GC(777) Concurrent Scan Root Regions
[50.449s][info   ][gc,marking    ] GC(777) Concurrent Scan Root Regions 0.015ms
[50.449s][info   ][gc,marking    ] GC(777) Concurrent Mark (50.449s)
[50.449s][info   ][gc,marking    ] GC(777) Concurrent Mark From Roots
[50.449s][info   ][gc,task       ] GC(777) Using 2 workers of 2 for marking
[50.451s][info   ][gc,marking    ] GC(777) Concurrent Mark From Roots 1.490ms
[50.451s][info   ][gc,marking    ] GC(777) Concurrent Preclean
[50.451s][info   ][gc,marking    ] GC(777) Concurrent Preclean 0.033ms
[50.451s][info   ][gc,marking    ] GC(777) Concurrent Mark (50.449s, 50.451s) 1.558ms
[50.451s][info   ][gc,start      ] GC(777) Pause Remark
[50.452s][info   ][gc,stringtable] GC(777) Cleaned string and symbol table, strings: 1384 processed, 0 removed, symbols: 16327 processed, 0 removed
[50.452s][info   ][gc            ] GC(777) Pause Remark 187M->187M(256M) 1.244ms
[50.452s][info   ][gc,cpu        ] GC(777) User=0.01s Sys=0.00s Real=0.00s
[50.452s][info   ][gc,marking    ] GC(777) Concurrent Rebuild Remembered Sets
[50.452s][info   ][gc,marking    ] GC(777) Concurrent Rebuild Remembered Sets 0.385ms
[50.452s][info   ][gc,start      ] GC(777) Pause Cleanup
[50.452s][info   ][gc            ] GC(777) Pause Cleanup 187M->187M(256M) 0.059ms
[50.452s][info   ][gc,cpu        ] GC(777) User=0.00s Sys=0.00s Real=0.00s
[50.452s][info   ][gc,marking    ] GC(777) Concurrent Cleanup for Next Mark
[50.453s][info   ][gc,marking    ] GC(777) Concurrent Cleanup for Next Mark 0.135ms
[50.453s][info   ][gc            ] GC(777) Concurrent Cycle 3.708ms
[50.503s][info   ][gc,start      ] GC(778) Pause Young (Concurrent Start) (G1 Humongous Allocation)
[50.503s][info   ][gc,task       ] GC(778) Using 6 workers of 9 for evacuation
[50.504s][info   ][gc,phases     ] GC(778)   Pre Evacuate Collection Set: 0.1ms
[50.504s][info   ][gc,phases     ] GC(778)   Evacuate Collection Set: 0.5ms
[50.504s][info   ][gc,phases     ] GC(778)   Post Evacuate Collection Set: 0.1ms
[50.504s][info   ][gc,phases     ] GC(778)   Other: 0.3ms
[50.504s][info   ][gc,heap       ] GC(778) Eden regions: 0->0(16)
[50.504s][info   ][gc,heap       ] GC(778) Survivor regions: 0->0(2)
[50.505s][info   ][gc,heap       ] GC(778) Old regions: 1->1
[50.505s][info   ][gc,heap       ] GC(778) Archive regions: 0->0
[50.505s][info   ][gc,heap       ] GC(778) Humongous regions: 187->186
[50.505s][info   ][gc,metaspace  ] GC(778) Metaspace: 3424K(4864K)->3424K(4864K) NonClass: 3120K(4352K)->3120K(4352K) Class: 304K(512K)->304K(512K)
[50.505s][info   ][gc            ] GC(778) Pause Young (Concurrent Start) (G1 Humongous Allocation) 187M->186M(256M) 1.791ms
[50.505s][info   ][gc,cpu        ] GC(778) User=0.00s Sys=0.00s Real=0.00s
[50.505s][info   ][gc            ] GC(779) Concurrent Cycle
[50.505s][info   ][gc,marking    ] GC(779) Concurrent Clear Claimed Marks
[50.505s][info   ][gc,marking    ] GC(779) Concurrent Clear Claimed Marks 0.015ms
[50.505s][info   ][gc,marking    ] GC(779) Concurrent Scan Root Regions
[50.505s][info   ][gc,marking    ] GC(779) Concurrent Scan Root Regions 0.009ms
[50.505s][info   ][gc,marking    ] GC(779) Concurrent Mark (50.505s)
[50.505s][info   ][gc,marking    ] GC(779) Concurrent Mark From Roots
[50.505s][info   ][gc,task       ] GC(779) Using 2 workers of 2 for marking
[50.507s][info   ][gc,marking    ] GC(779) Concurrent Mark From Roots 1.783ms
[50.507s][info   ][gc,marking    ] GC(779) Concurrent Preclean
[50.507s][info   ][gc,marking    ] GC(779) Concurrent Preclean 0.043ms
[50.507s][info   ][gc,marking    ] GC(779) Concurrent Mark (50.505s, 50.507s) 1.872ms
[50.507s][info   ][gc,start      ] GC(779) Pause Remark
[50.507s][info   ][gc,stringtable] GC(779) Cleaned string and symbol table, strings: 1384 processed, 0 removed, symbols: 16327 processed, 0 removed
[50.507s][info   ][gc            ] GC(779) Pause Remark 187M->187M(256M) 0.413ms
[50.507s][info   ][gc,cpu        ] GC(779) User=0.00s Sys=0.00s Real=0.00s
[50.507s][info   ][gc,marking    ] GC(779) Concurrent Rebuild Remembered Sets
[50.508s][info   ][gc,marking    ] GC(779) Concurrent Rebuild Remembered Sets 0.354ms
[50.508s][info   ][gc,start      ] GC(779) Pause Cleanup
[50.508s][info   ][gc            ] GC(779) Pause Cleanup 187M->187M(256M) 0.081ms
[50.508s][info   ][gc,cpu        ] GC(779) User=0.00s Sys=0.00s Real=0.00s
[50.508s][info   ][gc,marking    ] GC(779) Concurrent Cleanup for Next Mark
[50.508s][info   ][gc,marking    ] GC(779) Concurrent Cleanup for Next Mark 0.164ms
[50.508s][info   ][gc            ] GC(779) Concurrent Cycle 3.177ms
[50.560s][info   ][gc,start      ] GC(780) Pause Young (Concurrent Start) (G1 Humongous Allocation)
[50.560s][info   ][gc,task       ] GC(780) Using 6 workers of 9 for evacuation
[50.560s][info   ][gc,phases     ] GC(780)   Pre Evacuate Collection Set: 0.0ms
[50.560s][info   ][gc,phases     ] GC(780)   Evacuate Collection Set: 0.2ms
[50.560s][info   ][gc,phases     ] GC(780)   Post Evacuate Collection Set: 0.1ms
[50.560s][info   ][gc,phases     ] GC(780)   Other: 0.1ms
[50.560s][info   ][gc,heap       ] GC(780) Eden regions: 0->0(16)
[50.560s][info   ][gc,heap       ] GC(780) Survivor regions: 0->0(2)
[50.560s][info   ][gc,heap       ] GC(780) Old regions: 1->1
[50.560s][info   ][gc,heap       ] GC(780) Archive regions: 0->0
[50.560s][info   ][gc,heap       ] GC(780) Humongous regions: 187->186
[50.560s][info   ][gc,metaspace  ] GC(780) Metaspace: 3424K(4864K)->3424K(4864K) NonClass: 3120K(4352K)->3120K(4352K) Class: 304K(512K)->304K(512K)
[50.560s][info   ][gc            ] GC(780) Pause Young (Concurrent Start) (G1 Humongous Allocation) 187M->186M(256M) 0.447ms
[50.560s][info   ][gc,cpu        ] GC(780) User=0.00s Sys=0.00s Real=0.00s
[50.560s][info   ][gc            ] GC(781) Concurrent Cycle
[50.560s][info   ][gc,marking    ] GC(781) Concurrent Clear Claimed Marks
[50.560s][info   ][gc,marking    ] GC(781) Concurrent Clear Claimed Marks 0.008ms
[50.560s][info   ][gc,marking    ] GC(781) Concurrent Scan Root Regions
[50.560s][info   ][gc,marking    ] GC(781) Concurrent Scan Root Regions 0.002ms
[50.560s][info   ][gc,marking    ] GC(781) Concurrent Mark (50.560s)
[50.560s][info   ][gc,marking    ] GC(781) Concurrent Mark From Roots
[50.560s][info   ][gc,task       ] GC(781) Using 2 workers of 2 for marking
[50.561s][info   ][gc,marking    ] GC(781) Concurrent Mark From Roots 0.491ms
[50.561s][info   ][gc,marking    ] GC(781) Concurrent Preclean
[50.561s][info   ][gc,marking    ] GC(781) Concurrent Preclean 0.014ms
[50.561s][info   ][gc,marking    ] GC(781) Concurrent Mark (50.560s, 50.561s) 0.522ms
[50.561s][info   ][gc,start      ] GC(781) Pause Remark
[50.561s][info   ][gc,stringtable] GC(781) Cleaned string and symbol table, strings: 1384 processed, 0 removed, symbols: 16327 processed, 0 removed
[50.561s][info   ][gc            ] GC(781) Pause Remark 187M->187M(256M) 0.335ms
[50.561s][info   ][gc,cpu        ] GC(781) User=0.00s Sys=0.00s Real=0.00s
[50.561s][info   ][gc,marking    ] GC(781) Concurrent Rebuild Remembered Sets
[50.562s][info   ][gc,marking    ] GC(781) Concurrent Rebuild Remembered Sets 0.343ms
[50.562s][info   ][gc,start      ] GC(781) Pause Cleanup
[50.562s][info   ][gc            ] GC(781) Pause Cleanup 187M->187M(256M) 0.035ms
[50.562s][info   ][gc,cpu        ] GC(781) User=0.00s Sys=0.00s Real=0.00s
[50.562s][info   ][gc,marking    ] GC(781) Concurrent Cleanup for Next Mark
[50.562s][info   ][gc,marking    ] GC(781) Concurrent Cleanup for Next Mark 0.153ms
[50.562s][info   ][gc            ] GC(781) Concurrent Cycle 1.604ms
[50.612s][info   ][gc,start      ] GC(782) Pause Young (Concurrent Start) (G1 Humongous Allocation)
[50.612s][info   ][gc,task       ] GC(782) Using 6 workers of 9 for evacuation
[50.612s][info   ][gc,phases     ] GC(782)   Pre Evacuate Collection Set: 0.0ms
[50.612s][info   ][gc,phases     ] GC(782)   Evacuate Collection Set: 0.1ms
[50.612s][info   ][gc,phases     ] GC(782)   Post Evacuate Collection Set: 0.1ms
[50.612s][info   ][gc,phases     ] GC(782)   Other: 0.1ms
[50.612s][info   ][gc,heap       ] GC(782) Eden regions: 0->0(16)
[50.612s][info   ][gc,heap       ] GC(782) Survivor regions: 0->0(2)
[50.612s][info   ][gc,heap       ] GC(782) Old regions: 1->1
[50.612s][info   ][gc,heap       ] GC(782) Archive regions: 0->0
[50.612s][info   ][gc,heap       ] GC(782) Humongous regions: 187->186
[50.612s][info   ][gc,metaspace  ] GC(782) Metaspace: 3424K(4864K)->3424K(4864K) NonClass: 3120K(4352K)->3120K(4352K) Class: 304K(512K)->304K(512K)
[50.612s][info   ][gc            ] GC(782) Pause Young (Concurrent Start) (G1 Humongous Allocation) 187M->186M(256M) 0.293ms
[50.612s][info   ][gc,cpu        ] GC(782) User=0.01s Sys=0.00s Real=0.00s
[50.613s][info   ][gc            ] GC(783) Concurrent Cycle
[50.613s][info   ][gc,marking    ] GC(783) Concurrent Clear Claimed Marks
[50.613s][info   ][gc,marking    ] GC(783) Concurrent Clear Claimed Marks 0.004ms
[50.613s][info   ][gc,marking    ] GC(783) Concurrent Scan Root Regions
[50.613s][info   ][gc,marking    ] GC(783) Concurrent Scan Root Regions 0.003ms
[50.613s][info   ][gc,marking    ] GC(783) Concurrent Mark (50.613s)
[50.613s][info   ][gc,marking    ] GC(783) Concurrent Mark From Roots
[50.613s][info   ][gc,task       ] GC(783) Using 2 workers of 2 for marking
[50.613s][info   ][gc,marking    ] GC(783) Concurrent Mark From Roots 0.504ms
[50.613s][info   ][gc,marking    ] GC(783) Concurrent Preclean
[50.613s][info   ][gc,marking    ] GC(783) Concurrent Preclean 0.012ms
[50.613s][info   ][gc,marking    ] GC(783) Concurrent Mark (50.613s, 50.613s) 0.529ms
[50.613s][info   ][gc,start      ] GC(783) Pause Remark
[50.613s][info   ][gc,stringtable] GC(783) Cleaned string and symbol table, strings: 1384 processed, 0 removed, symbols: 16327 processed, 0 removed
[50.613s][info   ][gc            ] GC(783) Pause Remark 187M->187M(256M) 0.271ms
[50.613s][info   ][gc,cpu        ] GC(783) User=0.00s Sys=0.00s Real=0.00s
[50.613s][info   ][gc,marking    ] GC(783) Concurrent Rebuild Remembered Sets
[50.614s][info   ][gc,marking    ] GC(783) Concurrent Rebuild Remembered Sets 0.402ms
[50.614s][info   ][gc,start      ] GC(783) Pause Cleanup
[50.614s][info   ][gc            ] GC(783) Pause Cleanup 187M->187M(256M) 0.033ms
[50.614s][info   ][gc,cpu        ] GC(783) User=0.00s Sys=0.00s Real=0.00s
[50.614s][info   ][gc,marking    ] GC(783) Concurrent Cleanup for Next Mark
[50.614s][info   ][gc,marking    ] GC(783) Concurrent Cleanup for Next Mark 0.130ms
[50.614s][info   ][gc            ] GC(783) Concurrent Cycle 1.528ms
[50.663s][info   ][gc,start      ] GC(784) Pause Young (Concurrent Start) (G1 Humongous Allocation)
[50.663s][info   ][gc,task       ] GC(784) Using 6 workers of 9 for evacuation
[50.663s][info   ][gc,phases     ] GC(784)   Pre Evacuate Collection Set: 0.0ms
[50.663s][info   ][gc,phases     ] GC(784)   Evacuate Collection Set: 0.2ms
[50.663s][info   ][gc,phases     ] GC(784)   Post Evacuate Collection Set: 0.0ms
[50.663s][info   ][gc,phases     ] GC(784)   Other: 0.1ms
[50.663s][info   ][gc,heap       ] GC(784) Eden regions: 0->0(16)
[50.663s][info   ][gc,heap       ] GC(784) Survivor regions: 0->0(2)
[50.663s][info   ][gc,heap       ] GC(784) Old regions: 1->1
[50.663s][info   ][gc,heap       ] GC(784) Archive regions: 0->0
[50.663s][info   ][gc,heap       ] GC(784) Humongous regions: 187->186
[50.663s][info   ][gc,metaspace  ] GC(784) Metaspace: 3424K(4864K)->3424K(4864K) NonClass: 3120K(4352K)->3120K(4352K) Class: 304K(512K)->304K(512K)
[50.663s][info   ][gc            ] GC(784) Pause Young (Concurrent Start) (G1 Humongous Allocation) 187M->186M(256M) 0.354ms
[50.663s][info   ][gc,cpu        ] GC(784) User=0.00s Sys=0.00s Real=0.00s
[50.663s][info   ][gc            ] GC(785) Concurrent Cycle
[50.663s][info   ][gc,marking    ] GC(785) Concurrent Clear Claimed Marks
[50.663s][info   ][gc,marking    ] GC(785) Concurrent Clear Claimed Marks 0.003ms
[50.663s][info   ][gc,marking    ] GC(785) Concurrent Scan Root Regions
[50.663s][info   ][gc,marking    ] GC(785) Concurrent Scan Root Regions 0.002ms
[50.663s][info   ][gc,marking    ] GC(785) Concurrent Mark (50.663s)
[50.663s][info   ][gc,marking    ] GC(785) Concurrent Mark From Roots
[50.663s][info   ][gc,task       ] GC(785) Using 2 workers of 2 for marking
[50.664s][info   ][gc,marking    ] GC(785) Concurrent Mark From Roots 0.487ms
[50.664s][info   ][gc,marking    ] GC(785) Concurrent Preclean
[50.664s][info   ][gc,marking    ] GC(785) Concurrent Preclean 0.014ms
[50.664s][info   ][gc,marking    ] GC(785) Concurrent Mark (50.663s, 50.664s) 0.519ms
[50.664s][info   ][gc,start      ] GC(785) Pause Remark
[50.664s][info   ][gc,stringtable] GC(785) Cleaned string and symbol table, strings: 1384 processed, 0 removed, symbols: 16327 processed, 0 removed
[50.664s][info   ][gc            ] GC(785) Pause Remark 187M->187M(256M) 0.244ms
[50.664s][info   ][gc,cpu        ] GC(785) User=0.00s Sys=0.00s Real=0.00s
[50.664s][info   ][gc,marking    ] GC(785) Concurrent Rebuild Remembered Sets
[50.665s][info   ][gc,marking    ] GC(785) Concurrent Rebuild Remembered Sets 0.348ms
[50.665s][info   ][gc,start      ] GC(785) Pause Cleanup
[50.665s][info   ][gc            ] GC(785) Pause Cleanup 187M->187M(256M) 0.046ms
[50.665s][info   ][gc,cpu        ] GC(785) User=0.00s Sys=0.00s Real=0.00s
[50.665s][info   ][gc,marking    ] GC(785) Concurrent Cleanup for Next Mark
[50.665s][info   ][gc,marking    ] GC(785) Concurrent Cleanup for Next Mark 0.160ms
[50.665s][info   ][gc            ] GC(785) Concurrent Cycle 1.513ms
[50.719s][info   ][gc,start      ] GC(786) Pause Young (Concurrent Start) (G1 Humongous Allocation)
[50.719s][info   ][gc,task       ] GC(786) Using 6 workers of 9 for evacuation
[50.719s][info   ][gc,phases     ] GC(786)   Pre Evacuate Collection Set: 0.0ms
[50.719s][info   ][gc,phases     ] GC(786)   Evacuate Collection Set: 0.1ms
[50.719s][info   ][gc,phases     ] GC(786)   Post Evacuate Collection Set: 0.1ms
[50.719s][info   ][gc,phases     ] GC(786)   Other: 0.1ms
[50.719s][info   ][gc,heap       ] GC(786) Eden regions: 0->0(16)
[50.719s][info   ][gc,heap       ] GC(786) Survivor regions: 0->0(2)
[50.719s][info   ][gc,heap       ] GC(786) Old regions: 1->1
[50.719s][info   ][gc,heap       ] GC(786) Archive regions: 0->0
[50.719s][info   ][gc,heap       ] GC(786) Humongous regions: 187->186
[50.719s][info   ][gc,metaspace  ] GC(786) Metaspace: 3424K(4864K)->3424K(4864K) NonClass: 3120K(4352K)->3120K(4352K) Class: 304K(512K)->304K(512K)
[50.719s][info   ][gc            ] GC(786) Pause Young (Concurrent Start) (G1 Humongous Allocation) 187M->186M(256M) 0.286ms
[50.719s][info   ][gc,cpu        ] GC(786) User=0.00s Sys=0.00s Real=0.00s
[50.719s][info   ][gc            ] GC(787) Concurrent Cycle
[50.719s][info   ][gc,marking    ] GC(787) Concurrent Clear Claimed Marks
[50.719s][info   ][gc,marking    ] GC(787) Concurrent Clear Claimed Marks 0.003ms
[50.719s][info   ][gc,marking    ] GC(787) Concurrent Scan Root Regions
[50.719s][info   ][gc,marking    ] GC(787) Concurrent Scan Root Regions 0.002ms
[50.719s][info   ][gc,marking    ] GC(787) Concurrent Mark (50.719s)
[50.719s][info   ][gc,marking    ] GC(787) Concurrent Mark From Roots
[50.719s][info   ][gc,task       ] GC(787) Using 2 workers of 2 for marking
[50.719s][info   ][gc,marking    ] GC(787) Concurrent Mark From Roots 0.596ms
[50.720s][info   ][gc,marking    ] GC(787) Concurrent Preclean
[50.720s][info   ][gc,marking    ] GC(787) Concurrent Preclean 0.014ms
[50.720s][info   ][gc,marking    ] GC(787) Concurrent Mark (50.719s, 50.720s) 0.648ms
[50.720s][info   ][gc,start      ] GC(787) Pause Remark
[50.720s][info   ][gc,stringtable] GC(787) Cleaned string and symbol table, strings: 1384 processed, 0 removed, symbols: 16327 processed, 0 removed
[50.720s][info   ][gc            ] GC(787) Pause Remark 189M->189M(256M) 0.310ms
[50.720s][info   ][gc,cpu        ] GC(787) User=0.00s Sys=0.00s Real=0.00s
[50.720s][info   ][gc,marking    ] GC(787) Concurrent Rebuild Remembered Sets
[50.720s][info   ][gc,marking    ] GC(787) Concurrent Rebuild Remembered Sets 0.375ms
[50.720s][info   ][gc,start      ] GC(787) Pause Cleanup
[50.720s][info   ][gc            ] GC(787) Pause Cleanup 189M->189M(256M) 0.046ms
[50.720s][info   ][gc,cpu        ] GC(787) User=0.00s Sys=0.00s Real=0.00s
[50.720s][info   ][gc,marking    ] GC(787) Concurrent Cleanup for Next Mark
[50.721s][info   ][gc,marking    ] GC(787) Concurrent Cleanup for Next Mark 0.140ms
[50.721s][info   ][gc            ] GC(787) Concurrent Cycle 1.723ms
[50.774s][info   ][gc,start      ] GC(788) Pause Young (Concurrent Start) (G1 Humongous Allocation)
[50.774s][info   ][gc,task       ] GC(788) Using 6 workers of 9 for evacuation
[50.774s][info   ][gc,phases     ] GC(788)   Pre Evacuate Collection Set: 0.0ms
[50.775s][info   ][gc,phases     ] GC(788)   Evacuate Collection Set: 0.1ms
[50.775s][info   ][gc,phases     ] GC(788)   Post Evacuate Collection Set: 0.1ms
[50.775s][info   ][gc,phases     ] GC(788)   Other: 0.1ms
[50.775s][info   ][gc,heap       ] GC(788) Eden regions: 0->0(16)
[50.775s][info   ][gc,heap       ] GC(788) Survivor regions: 0->0(2)
[50.775s][info   ][gc,heap       ] GC(788) Old regions: 1->1
[50.775s][info   ][gc,heap       ] GC(788) Archive regions: 0->0
[50.775s][info   ][gc,heap       ] GC(788) Humongous regions: 189->188
[50.775s][info   ][gc,metaspace  ] GC(788) Metaspace: 3424K(4864K)->3424K(4864K) NonClass: 3120K(4352K)->3120K(4352K) Class: 304K(512K)->304K(512K)
[50.775s][info   ][gc            ] GC(788) Pause Young (Concurrent Start) (G1 Humongous Allocation) 189M->188M(256M) 0.362ms
[50.775s][info   ][gc,cpu        ] GC(788) User=0.00s Sys=0.00s Real=0.00s
[50.775s][info   ][gc            ] GC(789) Concurrent Cycle
[50.775s][info   ][gc,marking    ] GC(789) Concurrent Clear Claimed Marks
[50.775s][info   ][gc,marking    ] GC(789) Concurrent Clear Claimed Marks 0.004ms
[50.775s][info   ][gc,marking    ] GC(789) Concurrent Scan Root Regions
[50.775s][info   ][gc,marking    ] GC(789) Concurrent Scan Root Regions 0.004ms
[50.775s][info   ][gc,marking    ] GC(789) Concurrent Mark (50.775s)
[50.775s][info   ][gc,marking    ] GC(789) Concurrent Mark From Roots
[50.775s][info   ][gc,task       ] GC(789) Using 2 workers of 2 for marking
[50.775s][info   ][gc,marking    ] GC(789) Concurrent Mark From Roots 0.488ms
[50.775s][info   ][gc,marking    ] GC(789) Concurrent Preclean
[50.775s][info   ][gc,marking    ] GC(789) Concurrent Preclean 0.012ms
[50.775s][info   ][gc,marking    ] GC(789) Concurrent Mark (50.775s, 50.775s) 0.512ms
[50.775s][info   ][gc,start      ] GC(789) Pause Remark
[50.775s][info   ][gc,stringtable] GC(789) Cleaned string and symbol table, strings: 1384 processed, 0 removed, symbols: 16327 processed, 0 removed
[50.775s][info   ][gc            ] GC(789) Pause Remark 189M->189M(256M) 0.331ms
[50.775s][info   ][gc,cpu        ] GC(789) User=0.01s Sys=0.00s Real=0.00s
[50.775s][info   ][gc,marking    ] GC(789) Concurrent Rebuild Remembered Sets
[50.776s][info   ][gc,marking    ] GC(789) Concurrent Rebuild Remembered Sets 0.372ms
[50.776s][info   ][gc,start      ] GC(789) Pause Cleanup
[50.776s][info   ][gc            ] GC(789) Pause Cleanup 189M->189M(256M) 0.037ms
[50.776s][info   ][gc,cpu        ] GC(789) User=0.00s Sys=0.00s Real=0.00s
[50.776s][info   ][gc,marking    ] GC(789) Concurrent Cleanup for Next Mark
[50.776s][info   ][gc,marking    ] GC(789) Concurrent Cleanup for Next Mark 0.137ms
[50.776s][info   ][gc            ] GC(789) Concurrent Cycle 1.554ms
[50.830s][info   ][gc,start      ] GC(790) Pause Young (Concurrent Start) (G1 Humongous Allocation)
[50.830s][info   ][gc,task       ] GC(790) Using 6 workers of 9 for evacuation
[50.831s][info   ][gc,phases     ] GC(790)   Pre Evacuate Collection Set: 0.2ms
[50.831s][info   ][gc,phases     ] GC(790)   Evacuate Collection Set: 1.0ms
[50.831s][info   ][gc,phases     ] GC(790)   Post Evacuate Collection Set: 0.1ms
[50.832s][info   ][gc,phases     ] GC(790)   Other: 0.4ms
[50.832s][info   ][gc,heap       ] GC(790) Eden regions: 0->0(16)
[50.832s][info   ][gc,heap       ] GC(790) Survivor regions: 0->0(2)
[50.832s][info   ][gc,heap       ] GC(790) Old regions: 1->1
[50.832s][info   ][gc,heap       ] GC(790) Archive regions: 0->0
[50.832s][info   ][gc,heap       ] GC(790) Humongous regions: 189->188
[50.832s][info   ][gc,metaspace  ] GC(790) Metaspace: 3424K(4864K)->3424K(4864K) NonClass: 3120K(4352K)->3120K(4352K) Class: 304K(512K)->304K(512K)
[50.832s][info   ][gc            ] GC(790) Pause Young (Concurrent Start) (G1 Humongous Allocation) 189M->188M(256M) 1.617ms
[50.832s][info   ][gc,cpu        ] GC(790) User=0.00s Sys=0.00s Real=0.00s
[50.832s][info   ][gc            ] GC(791) Concurrent Cycle
[50.832s][info   ][gc,marking    ] GC(791) Concurrent Clear Claimed Marks
[50.832s][info   ][gc,marking    ] GC(791) Concurrent Clear Claimed Marks 0.013ms
[50.832s][info   ][gc,marking    ] GC(791) Concurrent Scan Root Regions
[50.832s][info   ][gc,marking    ] GC(791) Concurrent Scan Root Regions 0.009ms
[50.832s][info   ][gc,marking    ] GC(791) Concurrent Mark (50.832s)
[50.832s][info   ][gc,marking    ] GC(791) Concurrent Mark From Roots
[50.832s][info   ][gc,task       ] GC(791) Using 2 workers of 2 for marking
[50.833s][info   ][gc,marking    ] GC(791) Concurrent Mark From Roots 1.491ms
[50.833s][info   ][gc,marking    ] GC(791) Concurrent Preclean
[50.833s][info   ][gc,marking    ] GC(791) Concurrent Preclean 0.038ms
[50.833s][info   ][gc,marking    ] GC(791) Concurrent Mark (50.832s, 50.833s) 1.563ms
[50.833s][info   ][gc,start      ] GC(791) Pause Remark
[50.834s][info   ][gc,stringtable] GC(791) Cleaned string and symbol table, strings: 1384 processed, 0 removed, symbols: 16327 processed, 0 removed
[50.834s][info   ][gc            ] GC(791) Pause Remark 189M->189M(256M) 0.538ms
[50.834s][info   ][gc,cpu        ] GC(791) User=0.00s Sys=0.00s Real=0.00s
[50.834s][info   ][gc,marking    ] GC(791) Concurrent Rebuild Remembered Sets
[50.835s][info   ][gc,marking    ] GC(791) Concurrent Rebuild Remembered Sets 0.553ms
[50.835s][info   ][gc,start      ] GC(791) Pause Cleanup
[50.835s][info   ][gc            ] GC(791) Pause Cleanup 189M->189M(256M) 0.060ms
[50.835s][info   ][gc,cpu        ] GC(791) User=0.00s Sys=0.00s Real=0.00s
[50.835s][info   ][gc,marking    ] GC(791) Concurrent Cleanup for Next Mark
[50.835s][info   ][gc,marking    ] GC(791) Concurrent Cleanup for Next Mark 0.151ms
[50.835s][info   ][gc            ] GC(791) Concurrent Cycle 3.209ms
[50.885s][info   ][gc,start      ] GC(792) Pause Young (Concurrent Start) (G1 Humongous Allocation)
[50.885s][info   ][gc,task       ] GC(792) Using 6 workers of 9 for evacuation
[50.886s][info   ][gc,phases     ] GC(792)   Pre Evacuate Collection Set: 0.1ms
[50.886s][info   ][gc,phases     ] GC(792)   Evacuate Collection Set: 0.5ms
[50.886s][info   ][gc,phases     ] GC(792)   Post Evacuate Collection Set: 0.1ms
[50.886s][info   ][gc,phases     ] GC(792)   Other: 0.4ms
[50.886s][info   ][gc,heap       ] GC(792) Eden regions: 0->0(16)
[50.886s][info   ][gc,heap       ] GC(792) Survivor regions: 0->0(2)
[50.886s][info   ][gc,heap       ] GC(792) Old regions: 1->1
[50.886s][info   ][gc,heap       ] GC(792) Archive regions: 0->0
[50.886s][info   ][gc,heap       ] GC(792) Humongous regions: 189->188
[50.886s][info   ][gc,metaspace  ] GC(792) Metaspace: 3424K(4864K)->3424K(4864K) NonClass: 3120K(4352K)->3120K(4352K) Class: 304K(512K)->304K(512K)
[50.886s][info   ][gc            ] GC(792) Pause Young (Concurrent Start) (G1 Humongous Allocation) 189M->188M(256M) 1.317ms
[50.886s][info   ][gc,cpu        ] GC(792) User=0.00s Sys=0.00s Real=0.00s
[50.886s][info   ][gc            ] GC(793) Concurrent Cycle
[50.886s][info   ][gc,marking    ] GC(793) Concurrent Clear Claimed Marks
[50.886s][info   ][gc,marking    ] GC(793) Concurrent Clear Claimed Marks 0.035ms
[50.886s][info   ][gc,marking    ] GC(793) Concurrent Scan Root Regions
[50.886s][info   ][gc,marking    ] GC(793) Concurrent Scan Root Regions 0.016ms
[50.886s][info   ][gc,marking    ] GC(793) Concurrent Mark (50.886s)
[50.886s][info   ][gc,marking    ] GC(793) Concurrent Mark From Roots
[50.886s][info   ][gc,task       ] GC(793) Using 2 workers of 2 for marking
[50.890s][info   ][gc,marking    ] GC(793) Concurrent Mark From Roots 3.529ms
[50.890s][info   ][gc,marking    ] GC(793) Concurrent Preclean
[50.890s][info   ][gc,marking    ] GC(793) Concurrent Preclean 0.022ms
[50.890s][info   ][gc,marking    ] GC(793) Concurrent Mark (50.886s, 50.890s) 3.590ms
[50.890s][info   ][gc,start      ] GC(793) Pause Remark
[50.890s][info   ][gc,stringtable] GC(793) Cleaned string and symbol table, strings: 1384 processed, 0 removed, symbols: 16327 processed, 0 removed
[50.890s][info   ][gc            ] GC(793) Pause Remark 189M->189M(256M) 0.442ms
[50.890s][info   ][gc,cpu        ] GC(793) User=0.00s Sys=0.00s Real=0.00s
[50.890s][info   ][gc,marking    ] GC(793) Concurrent Rebuild Remembered Sets
[50.891s][info   ][gc,marking    ] GC(793) Concurrent Rebuild Remembered Sets 1.046ms
[50.892s][info   ][gc,start      ] GC(793) Pause Cleanup
[50.892s][info   ][gc            ] GC(793) Pause Cleanup 189M->189M(256M) 0.103ms
[50.892s][info   ][gc,cpu        ] GC(793) User=0.00s Sys=0.00s Real=0.00s
[50.892s][info   ][gc,marking    ] GC(793) Concurrent Cleanup for Next Mark
[50.892s][info   ][gc,marking    ] GC(793) Concurrent Cleanup for Next Mark 0.316ms
[50.892s][info   ][gc            ] GC(793) Concurrent Cycle 5.950ms
[50.940s][info   ][gc,start      ] GC(794) Pause Young (Concurrent Start) (G1 Humongous Allocation)
[50.940s][info   ][gc,task       ] GC(794) Using 6 workers of 9 for evacuation
[50.941s][info   ][gc,phases     ] GC(794)   Pre Evacuate Collection Set: 0.2ms
[50.941s][info   ][gc,phases     ] GC(794)   Evacuate Collection Set: 0.7ms
[50.941s][info   ][gc,phases     ] GC(794)   Post Evacuate Collection Set: 0.1ms
[50.941s][info   ][gc,phases     ] GC(794)   Other: 0.5ms
[50.941s][info   ][gc,heap       ] GC(794) Eden regions: 0->0(16)
[50.941s][info   ][gc,heap       ] GC(794) Survivor regions: 0->0(2)
[50.941s][info   ][gc,heap       ] GC(794) Old regions: 1->1
[50.941s][info   ][gc,heap       ] GC(794) Archive regions: 0->0
[50.941s][info   ][gc,heap       ] GC(794) Humongous regions: 189->188
[50.941s][info   ][gc,metaspace  ] GC(794) Metaspace: 3424K(4864K)->3424K(4864K) NonClass: 3120K(4352K)->3120K(4352K) Class: 304K(512K)->304K(512K)
[50.941s][info   ][gc            ] GC(794) Pause Young (Concurrent Start) (G1 Humongous Allocation) 189M->188M(256M) 1.403ms
[50.941s][info   ][gc,cpu        ] GC(794) User=0.00s Sys=0.00s Real=0.00s
[50.941s][info   ][gc            ] GC(795) Concurrent Cycle
[50.941s][info   ][gc,marking    ] GC(795) Concurrent Clear Claimed Marks
[50.941s][info   ][gc,marking    ] GC(795) Concurrent Clear Claimed Marks 0.014ms
[50.941s][info   ][gc,marking    ] GC(795) Concurrent Scan Root Regions
[50.941s][info   ][gc,marking    ] GC(795) Concurrent Scan Root Regions 0.009ms
[50.941s][info   ][gc,marking    ] GC(795) Concurrent Mark (50.941s)
[50.941s][info   ][gc,marking    ] GC(795) Concurrent Mark From Roots
[50.941s][info   ][gc,task       ] GC(795) Using 2 workers of 2 for marking
[50.943s][info   ][gc,marking    ] GC(795) Concurrent Mark From Roots 1.544ms
[50.943s][info   ][gc,marking    ] GC(795) Concurrent Preclean
[50.943s][info   ][gc,marking    ] GC(795) Concurrent Preclean 0.031ms
[50.943s][info   ][gc,marking    ] GC(795) Concurrent Mark (50.941s, 50.943s) 1.608ms
[50.943s][info   ][gc,start      ] GC(795) Pause Remark
[50.944s][info   ][gc,stringtable] GC(795) Cleaned string and symbol table, strings: 1384 processed, 0 removed, symbols: 16327 processed, 0 removed
[50.944s][info   ][gc            ] GC(795) Pause Remark 189M->189M(256M) 0.954ms
[50.944s][info   ][gc,cpu        ] GC(795) User=0.01s Sys=0.00s Real=0.00s
[50.944s][info   ][gc,marking    ] GC(795) Concurrent Rebuild Remembered Sets
[50.945s][info   ][gc,marking    ] GC(795) Concurrent Rebuild Remembered Sets 0.694ms
[50.945s][info   ][gc,start      ] GC(795) Pause Cleanup
[50.945s][info   ][gc            ] GC(795) Pause Cleanup 189M->189M(256M) 0.140ms
[50.945s][info   ][gc,cpu        ] GC(795) User=0.00s Sys=0.00s Real=0.00s
[50.945s][info   ][gc,marking    ] GC(795) Concurrent Cleanup for Next Mark
[50.945s][info   ][gc,marking    ] GC(795) Concurrent Cleanup for Next Mark 0.306ms
[50.945s][info   ][gc            ] GC(795) Concurrent Cycle 4.038ms
[51.000s][info   ][gc,start      ] GC(796) Pause Young (Concurrent Start) (G1 Humongous Allocation)
[51.001s][info   ][gc,task       ] GC(796) Using 6 workers of 9 for evacuation
[51.001s][info   ][gc,phases     ] GC(796)   Pre Evacuate Collection Set: 0.0ms
[51.001s][info   ][gc,phases     ] GC(796)   Evacuate Collection Set: 0.2ms
[51.001s][info   ][gc,phases     ] GC(796)   Post Evacuate Collection Set: 0.2ms
[51.001s][info   ][gc,phases     ] GC(796)   Other: 0.1ms
[51.001s][info   ][gc,heap       ] GC(796) Eden regions: 0->0(16)
[51.001s][info   ][gc,heap       ] GC(796) Survivor regions: 0->0(2)
[51.001s][info   ][gc,heap       ] GC(796) Old regions: 1->1
[51.001s][info   ][gc,heap       ] GC(796) Archive regions: 0->0
[51.001s][info   ][gc,heap       ] GC(796) Humongous regions: 189->188
[51.001s][info   ][gc,metaspace  ] GC(796) Metaspace: 3424K(4864K)->3424K(4864K) NonClass: 3120K(4352K)->3120K(4352K) Class: 304K(512K)->304K(512K)
[51.001s][info   ][gc            ] GC(796) Pause Young (Concurrent Start) (G1 Humongous Allocation) 189M->188M(256M) 0.571ms
[51.001s][info   ][gc,cpu        ] GC(796) User=0.00s Sys=0.00s Real=0.00s
[51.001s][info   ][gc            ] GC(797) Concurrent Cycle
[51.001s][info   ][gc,marking    ] GC(797) Concurrent Clear Claimed Marks
[51.001s][info   ][gc,marking    ] GC(797) Concurrent Clear Claimed Marks 0.008ms
[51.001s][info   ][gc,marking    ] GC(797) Concurrent Scan Root Regions
[51.001s][info   ][gc,marking    ] GC(797) Concurrent Scan Root Regions 0.007ms
[51.001s][info   ][gc,marking    ] GC(797) Concurrent Mark (51.001s)
[51.001s][info   ][gc,marking    ] GC(797) Concurrent Mark From Roots
[51.001s][info   ][gc,task       ] GC(797) Using 2 workers of 2 for marking
[51.002s][info   ][gc,marking    ] GC(797) Concurrent Mark From Roots 1.086ms
[51.002s][info   ][gc,marking    ] GC(797) Concurrent Preclean
[51.002s][info   ][gc,marking    ] GC(797) Concurrent Preclean 0.025ms
[51.002s][info   ][gc,marking    ] GC(797) Concurrent Mark (51.001s, 51.002s) 1.142ms
[51.002s][info   ][gc,start      ] GC(797) Pause Remark
[51.003s][info   ][gc,stringtable] GC(797) Cleaned string and symbol table, strings: 1384 processed, 0 removed, symbols: 16327 processed, 0 removed
[51.003s][info   ][gc            ] GC(797) Pause Remark 189M->189M(256M) 0.462ms
[51.003s][info   ][gc,cpu        ] GC(797) User=0.00s Sys=0.01s Real=0.00s
[51.003s][info   ][gc,marking    ] GC(797) Concurrent Rebuild Remembered Sets
[51.004s][info   ][gc,marking    ] GC(797) Concurrent Rebuild Remembered Sets 0.738ms
[51.004s][info   ][gc,start      ] GC(797) Pause Cleanup
[51.004s][info   ][gc            ] GC(797) Pause Cleanup 189M->189M(256M) 0.082ms
[51.004s][info   ][gc,cpu        ] GC(797) User=0.00s Sys=0.00s Real=0.00s
[51.004s][info   ][gc,marking    ] GC(797) Concurrent Cleanup for Next Mark
[51.004s][info   ][gc,marking    ] GC(797) Concurrent Cleanup for Next Mark 0.250ms
[51.004s][info   ][gc            ] GC(797) Concurrent Cycle 3.027ms
[51.054s][info   ][gc,start      ] GC(798) Pause Young (Concurrent Start) (G1 Humongous Allocation)
[51.054s][info   ][gc,task       ] GC(798) Using 6 workers of 9 for evacuation
[51.054s][info   ][gc,phases     ] GC(798)   Pre Evacuate Collection Set: 0.1ms
[51.054s][info   ][gc,phases     ] GC(798)   Evacuate Collection Set: 0.3ms
[51.054s][info   ][gc,phases     ] GC(798)   Post Evacuate Collection Set: 0.1ms
[51.054s][info   ][gc,phases     ] GC(798)   Other: 0.3ms
[51.054s][info   ][gc,heap       ] GC(798) Eden regions: 0->0(16)
[51.054s][info   ][gc,heap       ] GC(798) Survivor regions: 0->0(2)
[51.054s][info   ][gc,heap       ] GC(798) Old regions: 1->1
[51.054s][info   ][gc,heap       ] GC(798) Archive regions: 0->0
[51.054s][info   ][gc,heap       ] GC(798) Humongous regions: 189->188
[51.054s][info   ][gc,metaspace  ] GC(798) Metaspace: 3424K(4864K)->3424K(4864K) NonClass: 3120K(4352K)->3120K(4352K) Class: 304K(512K)->304K(512K)
[51.055s][info   ][gc            ] GC(798) Pause Young (Concurrent Start) (G1 Humongous Allocation) 189M->188M(256M) 0.972ms
[51.055s][info   ][gc,cpu        ] GC(798) User=0.00s Sys=0.00s Real=0.00s
[51.055s][info   ][gc            ] GC(799) Concurrent Cycle
[51.055s][info   ][gc,marking    ] GC(799) Concurrent Clear Claimed Marks
[51.055s][info   ][gc,marking    ] GC(799) Concurrent Clear Claimed Marks 0.014ms
[51.055s][info   ][gc,marking    ] GC(799) Concurrent Scan Root Regions
[51.055s][info   ][gc,marking    ] GC(799) Concurrent Scan Root Regions 0.009ms
[51.055s][info   ][gc,marking    ] GC(799) Concurrent Mark (51.055s)
[51.055s][info   ][gc,marking    ] GC(799) Concurrent Mark From Roots
[51.055s][info   ][gc,task       ] GC(799) Using 2 workers of 2 for marking
[51.057s][info   ][gc,marking    ] GC(799) Concurrent Mark From Roots 2.073ms
[51.057s][info   ][gc,marking    ] GC(799) Concurrent Preclean
[51.057s][info   ][gc,marking    ] GC(799) Concurrent Preclean 0.040ms
[51.057s][info   ][gc,marking    ] GC(799) Concurrent Mark (51.055s, 51.057s) 2.205ms
[51.057s][info   ][gc,start      ] GC(799) Pause Remark
[51.057s][info   ][gc,stringtable] GC(799) Cleaned string and symbol table, strings: 1384 processed, 0 removed, symbols: 16327 processed, 0 removed
[51.057s][info   ][gc            ] GC(799) Pause Remark 189M->189M(256M) 0.508ms
[51.058s][info   ][gc,cpu        ] GC(799) User=0.00s Sys=0.00s Real=0.00s
[51.058s][info   ][gc,marking    ] GC(799) Concurrent Rebuild Remembered Sets
[51.059s][info   ][gc,marking    ] GC(799) Concurrent Rebuild Remembered Sets 1.042ms
[51.059s][info   ][gc,start      ] GC(799) Pause Cleanup
[51.059s][info   ][gc            ] GC(799) Pause Cleanup 189M->189M(256M) 0.085ms
[51.059s][info   ][gc,cpu        ] GC(799) User=0.00s Sys=0.00s Real=0.00s
[51.059s][info   ][gc,marking    ] GC(799) Concurrent Cleanup for Next Mark
[51.059s][info   ][gc,marking    ] GC(799) Concurrent Cleanup for Next Mark 0.265ms
[51.059s][info   ][gc            ] GC(799) Concurrent Cycle 4.501ms
[51.108s][info   ][gc,start      ] GC(800) Pause Young (Concurrent Start) (G1 Humongous Allocation)
[51.108s][info   ][gc,task       ] GC(800) Using 6 workers of 9 for evacuation
[51.108s][info   ][gc,phases     ] GC(800)   Pre Evacuate Collection Set: 0.1ms
[51.108s][info   ][gc,phases     ] GC(800)   Evacuate Collection Set: 0.1ms
[51.108s][info   ][gc,phases     ] GC(800)   Post Evacuate Collection Set: 0.1ms
[51.108s][info   ][gc,phases     ] GC(800)   Other: 0.1ms
[51.108s][info   ][gc,heap       ] GC(800) Eden regions: 0->0(16)
[51.108s][info   ][gc,heap       ] GC(800) Survivor regions: 0->0(2)
[51.108s][info   ][gc,heap       ] GC(800) Old regions: 1->1
[51.108s][info   ][gc,heap       ] GC(800) Archive regions: 0->0
[51.108s][info   ][gc,heap       ] GC(800) Humongous regions: 189->188
[51.108s][info   ][gc,metaspace  ] GC(800) Metaspace: 3424K(4864K)->3424K(4864K) NonClass: 3120K(4352K)->3120K(4352K) Class: 304K(512K)->304K(512K)
[51.108s][info   ][gc            ] GC(800) Pause Young (Concurrent Start) (G1 Humongous Allocation) 189M->188M(256M) 0.421ms
[51.109s][info   ][gc,cpu        ] GC(800) User=0.00s Sys=0.00s Real=0.00s
[51.109s][info   ][gc            ] GC(801) Concurrent Cycle
[51.109s][info   ][gc,marking    ] GC(801) Concurrent Clear Claimed Marks
[51.109s][info   ][gc,marking    ] GC(801) Concurrent Clear Claimed Marks 0.007ms
[51.109s][info   ][gc,marking    ] GC(801) Concurrent Scan Root Regions
[51.109s][info   ][gc,marking    ] GC(801) Concurrent Scan Root Regions 0.006ms
[51.109s][info   ][gc,marking    ] GC(801) Concurrent Mark (51.109s)
[51.109s][info   ][gc,marking    ] GC(801) Concurrent Mark From Roots
[51.109s][info   ][gc,task       ] GC(801) Using 2 workers of 2 for marking
[51.110s][info   ][gc,marking    ] GC(801) Concurrent Mark From Roots 1.159ms
[51.110s][info   ][gc,marking    ] GC(801) Concurrent Preclean
[51.110s][info   ][gc,marking    ] GC(801) Concurrent Preclean 0.033ms
[51.110s][info   ][gc,marking    ] GC(801) Concurrent Mark (51.109s, 51.110s) 1.275ms
[51.110s][info   ][gc,start      ] GC(801) Pause Remark
[51.110s][info   ][gc,stringtable] GC(801) Cleaned string and symbol table, strings: 1384 processed, 0 removed, symbols: 16327 processed, 0 removed
[51.110s][info   ][gc            ] GC(801) Pause Remark 189M->189M(256M) 0.483ms
[51.110s][info   ][gc,cpu        ] GC(801) User=0.00s Sys=0.00s Real=0.00s
[51.111s][info   ][gc,marking    ] GC(801) Concurrent Rebuild Remembered Sets
[51.111s][info   ][gc,marking    ] GC(801) Concurrent Rebuild Remembered Sets 0.805ms
[51.111s][info   ][gc,start      ] GC(801) Pause Cleanup
[51.111s][info   ][gc            ] GC(801) Pause Cleanup 189M->189M(256M) 0.079ms
[51.111s][info   ][gc,cpu        ] GC(801) User=0.00s Sys=0.00s Real=0.00s
[51.112s][info   ][gc,marking    ] GC(801) Concurrent Cleanup for Next Mark
[51.112s][info   ][gc,marking    ] GC(801) Concurrent Cleanup for Next Mark 0.254ms
[51.112s][info   ][gc            ] GC(801) Concurrent Cycle 3.285ms
[51.164s][info   ][gc,start      ] GC(802) Pause Young (Concurrent Start) (G1 Humongous Allocation)
[51.164s][info   ][gc,task       ] GC(802) Using 6 workers of 9 for evacuation
[51.164s][info   ][gc,phases     ] GC(802)   Pre Evacuate Collection Set: 0.1ms
[51.164s][info   ][gc,phases     ] GC(802)   Evacuate Collection Set: 0.2ms
[51.164s][info   ][gc,phases     ] GC(802)   Post Evacuate Collection Set: 0.1ms
[51.164s][info   ][gc,phases     ] GC(802)   Other: 0.2ms
[51.164s][info   ][gc,heap       ] GC(802) Eden regions: 0->0(16)
[51.164s][info   ][gc,heap       ] GC(802) Survivor regions: 0->0(2)
[51.164s][info   ][gc,heap       ] GC(802) Old regions: 1->1
[51.164s][info   ][gc,heap       ] GC(802) Archive regions: 0->0
[51.164s][info   ][gc,heap       ] GC(802) Humongous regions: 189->188
[51.164s][info   ][gc,metaspace  ] GC(802) Metaspace: 3424K(4864K)->3424K(4864K) NonClass: 3120K(4352K)->3120K(4352K) Class: 304K(512K)->304K(512K)
[51.164s][info   ][gc            ] GC(802) Pause Young (Concurrent Start) (G1 Humongous Allocation) 189M->188M(256M) 0.606ms
[51.164s][info   ][gc,cpu        ] GC(802) User=0.00s Sys=0.00s Real=0.00s
[51.164s][info   ][gc            ] GC(803) Concurrent Cycle
[51.164s][info   ][gc,marking    ] GC(803) Concurrent Clear Claimed Marks
[51.164s][info   ][gc,marking    ] GC(803) Concurrent Clear Claimed Marks 0.011ms
[51.164s][info   ][gc,marking    ] GC(803) Concurrent Scan Root Regions
[51.164s][info   ][gc,marking    ] GC(803) Concurrent Scan Root Regions 0.007ms
[51.164s][info   ][gc,marking    ] GC(803) Concurrent Mark (51.164s)
[51.164s][info   ][gc,marking    ] GC(803) Concurrent Mark From Roots
[51.165s][info   ][gc,task       ] GC(803) Using 2 workers of 2 for marking
[51.166s][info   ][gc,marking    ] GC(803) Concurrent Mark From Roots 1.140ms
[51.166s][info   ][gc,marking    ] GC(803) Concurrent Preclean
[51.166s][info   ][gc,marking    ] GC(803) Concurrent Preclean 0.036ms
[51.166s][info   ][gc,marking    ] GC(803) Concurrent Mark (51.164s, 51.166s) 1.213ms
[51.166s][info   ][gc,start      ] GC(803) Pause Remark
[51.166s][info   ][gc,stringtable] GC(803) Cleaned string and symbol table, strings: 1384 processed, 0 removed, symbols: 16327 processed, 0 removed
[51.166s][info   ][gc            ] GC(803) Pause Remark 189M->189M(256M) 0.415ms
[51.166s][info   ][gc,cpu        ] GC(803) User=0.00s Sys=0.00s Real=0.00s
[51.166s][info   ][gc,marking    ] GC(803) Concurrent Rebuild Remembered Sets
[51.167s][info   ][gc,marking    ] GC(803) Concurrent Rebuild Remembered Sets 0.810ms
[51.167s][info   ][gc,start      ] GC(803) Pause Cleanup
[51.167s][info   ][gc            ] GC(803) Pause Cleanup 189M->189M(256M) 0.078ms
[51.167s][info   ][gc,cpu        ] GC(803) User=0.00s Sys=0.00s Real=0.00s
[51.167s][info   ][gc,marking    ] GC(803) Concurrent Cleanup for Next Mark
[51.167s][info   ][gc,marking    ] GC(803) Concurrent Cleanup for Next Mark 0.244ms
[51.167s][info   ][gc            ] GC(803) Concurrent Cycle 3.073ms
[51.220s][info   ][gc,start      ] GC(804) Pause Young (Concurrent Start) (G1 Humongous Allocation)
[51.220s][info   ][gc,task       ] GC(804) Using 6 workers of 9 for evacuation
[51.221s][info   ][gc,phases     ] GC(804)   Pre Evacuate Collection Set: 0.1ms
[51.221s][info   ][gc,phases     ] GC(804)   Evacuate Collection Set: 0.3ms
[51.221s][info   ][gc,phases     ] GC(804)   Post Evacuate Collection Set: 0.4ms
[51.221s][info   ][gc,phases     ] GC(804)   Other: 0.4ms
[51.221s][info   ][gc,heap       ] GC(804) Eden regions: 0->0(16)
[51.221s][info   ][gc,heap       ] GC(804) Survivor regions: 0->0(2)
[51.221s][info   ][gc,heap       ] GC(804) Old regions: 1->1
[51.221s][info   ][gc,heap       ] GC(804) Archive regions: 0->0
[51.221s][info   ][gc,heap       ] GC(804) Humongous regions: 189->188
[51.221s][info   ][gc,metaspace  ] GC(804) Metaspace: 3424K(4864K)->3424K(4864K) NonClass: 3120K(4352K)->3120K(4352K) Class: 304K(512K)->304K(512K)
[51.222s][info   ][gc            ] GC(804) Pause Young (Concurrent Start) (G1 Humongous Allocation) 189M->188M(256M) 2.228ms
[51.222s][info   ][gc,cpu        ] GC(804) User=0.00s Sys=0.00s Real=0.00s
[51.222s][info   ][gc            ] GC(805) Concurrent Cycle
[51.223s][info   ][gc,marking    ] GC(805) Concurrent Clear Claimed Marks
[51.223s][info   ][gc,marking    ] GC(805) Concurrent Clear Claimed Marks 0.029ms
[51.223s][info   ][gc,marking    ] GC(805) Concurrent Scan Root Regions
[51.223s][info   ][gc,marking    ] GC(805) Concurrent Scan Root Regions 0.015ms
[51.223s][info   ][gc,marking    ] GC(805) Concurrent Mark (51.223s)
[51.223s][info   ][gc,marking    ] GC(805) Concurrent Mark From Roots
[51.223s][info   ][gc,task       ] GC(805) Using 2 workers of 2 for marking
[51.225s][info   ][gc,marking    ] GC(805) Concurrent Mark From Roots 2.279ms
[51.225s][info   ][gc,marking    ] GC(805) Concurrent Preclean
[51.225s][info   ][gc,marking    ] GC(805) Concurrent Preclean 0.036ms
[51.225s][info   ][gc,marking    ] GC(805) Concurrent Mark (51.223s, 51.225s) 2.436ms
[51.225s][info   ][gc,start      ] GC(805) Pause Remark
[51.226s][info   ][gc,stringtable] GC(805) Cleaned string and symbol table, strings: 1384 processed, 0 removed, symbols: 16327 processed, 0 removed
[51.226s][info   ][gc            ] GC(805) Pause Remark 189M->189M(256M) 0.536ms
[51.226s][info   ][gc,cpu        ] GC(805) User=0.01s Sys=0.00s Real=0.00s
[51.226s][info   ][gc,marking    ] GC(805) Concurrent Rebuild Remembered Sets
[51.227s][info   ][gc,marking    ] GC(805) Concurrent Rebuild Remembered Sets 1.031ms
[51.227s][info   ][gc,start      ] GC(805) Pause Cleanup
[51.227s][info   ][gc            ] GC(805) Pause Cleanup 189M->189M(256M) 0.098ms
[51.227s][info   ][gc,cpu        ] GC(805) User=0.00s Sys=0.00s Real=0.00s
[51.227s][info   ][gc,marking    ] GC(805) Concurrent Cleanup for Next Mark
[51.227s][info   ][gc,marking    ] GC(805) Concurrent Cleanup for Next Mark 0.349ms
[51.228s][info   ][gc            ] GC(805) Concurrent Cycle 6.031ms
[51.276s][info   ][gc,start      ] GC(806) Pause Young (Concurrent Start) (G1 Humongous Allocation)
[51.276s][info   ][gc,task       ] GC(806) Using 6 workers of 9 for evacuation
[51.277s][info   ][gc,phases     ] GC(806)   Pre Evacuate Collection Set: 0.1ms
[51.277s][info   ][gc,phases     ] GC(806)   Evacuate Collection Set: 0.2ms
[51.277s][info   ][gc,phases     ] GC(806)   Post Evacuate Collection Set: 0.1ms
[51.277s][info   ][gc,phases     ] GC(806)   Other: 0.2ms
[51.277s][info   ][gc,heap       ] GC(806) Eden regions: 0->0(16)
[51.277s][info   ][gc,heap       ] GC(806) Survivor regions: 0->0(2)
[51.277s][info   ][gc,heap       ] GC(806) Old regions: 1->1
[51.277s][info   ][gc,heap       ] GC(806) Archive regions: 0->0
[51.277s][info   ][gc,heap       ] GC(806) Humongous regions: 189->188
[51.277s][info   ][gc,metaspace  ] GC(806) Metaspace: 3424K(4864K)->3424K(4864K) NonClass: 3120K(4352K)->3120K(4352K) Class: 304K(512K)->304K(512K)
[51.277s][info   ][gc            ] GC(806) Pause Young (Concurrent Start) (G1 Humongous Allocation) 189M->188M(256M) 0.729ms
[51.277s][info   ][gc,cpu        ] GC(806) User=0.00s Sys=0.00s Real=0.00s
[51.277s][info   ][gc            ] GC(807) Concurrent Cycle
[51.277s][info   ][gc,marking    ] GC(807) Concurrent Clear Claimed Marks
[51.277s][info   ][gc,marking    ] GC(807) Concurrent Clear Claimed Marks 0.010ms
[51.277s][info   ][gc,marking    ] GC(807) Concurrent Scan Root Regions
[51.277s][info   ][gc,marking    ] GC(807) Concurrent Scan Root Regions 0.008ms
[51.277s][info   ][gc,marking    ] GC(807) Concurrent Mark (51.277s)
[51.277s][info   ][gc,marking    ] GC(807) Concurrent Mark From Roots
[51.277s][info   ][gc,task       ] GC(807) Using 2 workers of 2 for marking
[51.278s][info   ][gc,marking    ] GC(807) Concurrent Mark From Roots 1.364ms
[51.278s][info   ][gc,marking    ] GC(807) Concurrent Preclean
[51.279s][info   ][gc,marking    ] GC(807) Concurrent Preclean 0.039ms
[51.279s][info   ][gc,marking    ] GC(807) Concurrent Mark (51.277s, 51.279s) 1.452ms
[51.279s][info   ][gc,start      ] GC(807) Pause Remark
[51.279s][info   ][gc,stringtable] GC(807) Cleaned string and symbol table, strings: 1384 processed, 0 removed, symbols: 16327 processed, 0 removed
[51.279s][info   ][gc            ] GC(807) Pause Remark 191M->191M(256M) 0.485ms
[51.279s][info   ][gc,cpu        ] GC(807) User=0.00s Sys=0.00s Real=0.00s
[51.279s][info   ][gc,marking    ] GC(807) Concurrent Rebuild Remembered Sets
[51.280s][info   ][gc,marking    ] GC(807) Concurrent Rebuild Remembered Sets 0.903ms
[51.280s][info   ][gc,start      ] GC(807) Pause Cleanup
[51.280s][info   ][gc            ] GC(807) Pause Cleanup 191M->191M(256M) 0.084ms
[51.280s][info   ][gc,cpu        ] GC(807) User=0.00s Sys=0.00s Real=0.00s
[51.280s][info   ][gc,marking    ] GC(807) Concurrent Cleanup for Next Mark
[51.281s][info   ][gc,marking    ] GC(807) Concurrent Cleanup for Next Mark 0.308ms
[51.281s][info   ][gc            ] GC(807) Concurrent Cycle 3.598ms
[51.333s][info   ][gc,start      ] GC(808) Pause Young (Concurrent Start) (G1 Humongous Allocation)
[51.333s][info   ][gc,task       ] GC(808) Using 6 workers of 9 for evacuation
[51.334s][info   ][gc,phases     ] GC(808)   Pre Evacuate Collection Set: 0.1ms
[51.334s][info   ][gc,phases     ] GC(808)   Evacuate Collection Set: 0.3ms
[51.334s][info   ][gc,phases     ] GC(808)   Post Evacuate Collection Set: 0.2ms
[51.334s][info   ][gc,phases     ] GC(808)   Other: 0.4ms
[51.334s][info   ][gc,heap       ] GC(808) Eden regions: 0->0(16)
[51.334s][info   ][gc,heap       ] GC(808) Survivor regions: 0->0(2)
[51.334s][info   ][gc,heap       ] GC(808) Old regions: 1->1
[51.334s][info   ][gc,heap       ] GC(808) Archive regions: 0->0
[51.334s][info   ][gc,heap       ] GC(808) Humongous regions: 191->190
[51.334s][info   ][gc,metaspace  ] GC(808) Metaspace: 3424K(4864K)->3424K(4864K) NonClass: 3120K(4352K)->3120K(4352K) Class: 304K(512K)->304K(512K)
[51.334s][info   ][gc            ] GC(808) Pause Young (Concurrent Start) (G1 Humongous Allocation) 191M->190M(256M) 1.136ms
[51.334s][info   ][gc,cpu        ] GC(808) User=0.01s Sys=0.00s Real=0.00s
[51.335s][info   ][gc            ] GC(809) Concurrent Cycle
[51.335s][info   ][gc,marking    ] GC(809) Concurrent Clear Claimed Marks
[51.335s][info   ][gc,marking    ] GC(809) Concurrent Clear Claimed Marks 0.014ms
[51.335s][info   ][gc,marking    ] GC(809) Concurrent Scan Root Regions
[51.335s][info   ][gc,marking    ] GC(809) Concurrent Scan Root Regions 0.009ms
[51.335s][info   ][gc,marking    ] GC(809) Concurrent Mark (51.335s)
[51.335s][info   ][gc,marking    ] GC(809) Concurrent Mark From Roots
[51.335s][info   ][gc,task       ] GC(809) Using 2 workers of 2 for marking
[51.336s][info   ][gc,marking    ] GC(809) Concurrent Mark From Roots 1.441ms
[51.336s][info   ][gc,marking    ] GC(809) Concurrent Preclean
[51.336s][info   ][gc,marking    ] GC(809) Concurrent Preclean 0.034ms
[51.336s][info   ][gc,marking    ] GC(809) Concurrent Mark (51.335s, 51.336s) 1.520ms
[51.337s][info   ][gc,start      ] GC(809) Pause Remark
[51.337s][info   ][gc,stringtable] GC(809) Cleaned string and symbol table, strings: 1384 processed, 0 removed, symbols: 16327 processed, 0 removed
[51.337s][info   ][gc            ] GC(809) Pause Remark 191M->191M(256M) 0.519ms
[51.337s][info   ][gc,cpu        ] GC(809) User=0.00s Sys=0.00s Real=0.00s
[51.337s][info   ][gc,marking    ] GC(809) Concurrent Rebuild Remembered Sets
[51.338s][info   ][gc,marking    ] GC(809) Concurrent Rebuild Remembered Sets 0.986ms
[51.338s][info   ][gc,start      ] GC(809) Pause Cleanup
[51.338s][info   ][gc            ] GC(809) Pause Cleanup 191M->191M(256M) 0.093ms
[51.338s][info   ][gc,cpu        ] GC(809) User=0.00s Sys=0.00s Real=0.00s
[51.338s][info   ][gc,marking    ] GC(809) Concurrent Cleanup for Next Mark
[51.339s][info   ][gc,marking    ] GC(809) Concurrent Cleanup for Next Mark 0.262ms
[51.339s][info   ][gc            ] GC(809) Concurrent Cycle 3.759ms
[51.390s][info   ][gc,start      ] GC(810) Pause Young (Concurrent Start) (G1 Humongous Allocation)
[51.390s][info   ][gc,task       ] GC(810) Using 6 workers of 9 for evacuation
[51.390s][info   ][gc,phases     ] GC(810)   Pre Evacuate Collection Set: 0.1ms
[51.391s][info   ][gc,phases     ] GC(810)   Evacuate Collection Set: 0.2ms
[51.391s][info   ][gc,phases     ] GC(810)   Post Evacuate Collection Set: 0.1ms
[51.391s][info   ][gc,phases     ] GC(810)   Other: 0.1ms
[51.391s][info   ][gc,heap       ] GC(810) Eden regions: 0->0(16)
[51.391s][info   ][gc,heap       ] GC(810) Survivor regions: 0->0(2)
[51.391s][info   ][gc,heap       ] GC(810) Old regions: 1->1
[51.391s][info   ][gc,heap       ] GC(810) Archive regions: 0->0
[51.391s][info   ][gc,heap       ] GC(810) Humongous regions: 191->190
[51.391s][info   ][gc,metaspace  ] GC(810) Metaspace: 3424K(4864K)->3424K(4864K) NonClass: 3120K(4352K)->3120K(4352K) Class: 304K(512K)->304K(512K)
[51.391s][info   ][gc            ] GC(810) Pause Young (Concurrent Start) (G1 Humongous Allocation) 191M->190M(256M) 0.633ms
[51.391s][info   ][gc,cpu        ] GC(810) User=0.00s Sys=0.01s Real=0.00s
[51.391s][info   ][gc            ] GC(811) Concurrent Cycle
[51.391s][info   ][gc,marking    ] GC(811) Concurrent Clear Claimed Marks
[51.391s][info   ][gc,marking    ] GC(811) Concurrent Clear Claimed Marks 0.022ms
[51.391s][info   ][gc,marking    ] GC(811) Concurrent Scan Root Regions
[51.391s][info   ][gc,marking    ] GC(811) Concurrent Scan Root Regions 0.008ms
[51.391s][info   ][gc,marking    ] GC(811) Concurrent Mark (51.391s)
[51.391s][info   ][gc,marking    ] GC(811) Concurrent Mark From Roots
[51.391s][info   ][gc,task       ] GC(811) Using 2 workers of 2 for marking
[51.392s][info   ][gc,marking    ] GC(811) Concurrent Mark From Roots 1.153ms
[51.392s][info   ][gc,marking    ] GC(811) Concurrent Preclean
[51.392s][info   ][gc,marking    ] GC(811) Concurrent Preclean 0.028ms
[51.392s][info   ][gc,marking    ] GC(811) Concurrent Mark (51.391s, 51.392s) 1.214ms
[51.392s][info   ][gc,start      ] GC(811) Pause Remark
[51.392s][info   ][gc,stringtable] GC(811) Cleaned string and symbol table, strings: 1384 processed, 0 removed, symbols: 16327 processed, 0 removed
[51.393s][info   ][gc            ] GC(811) Pause Remark 191M->191M(256M) 0.517ms
[51.393s][info   ][gc,cpu        ] GC(811) User=0.01s Sys=0.00s Real=0.00s
[51.393s][info   ][gc,marking    ] GC(811) Concurrent Rebuild Remembered Sets
[51.394s][info   ][gc,marking    ] GC(811) Concurrent Rebuild Remembered Sets 0.902ms
[51.394s][info   ][gc,start      ] GC(811) Pause Cleanup
[51.394s][info   ][gc            ] GC(811) Pause Cleanup 191M->191M(256M) 0.067ms
[51.394s][info   ][gc,cpu        ] GC(811) User=0.00s Sys=0.00s Real=0.00s
[51.394s][info   ][gc,marking    ] GC(811) Concurrent Cleanup for Next Mark
[51.394s][info   ][gc,marking    ] GC(811) Concurrent Cleanup for Next Mark 0.256ms
[51.394s][info   ][gc            ] GC(811) Concurrent Cycle 3.355ms
[51.446s][info   ][gc,start      ] GC(812) Pause Young (Concurrent Start) (G1 Humongous Allocation)
[51.446s][info   ][gc,task       ] GC(812) Using 6 workers of 9 for evacuation
[51.446s][info   ][gc,phases     ] GC(812)   Pre Evacuate Collection Set: 0.1ms
[51.446s][info   ][gc,phases     ] GC(812)   Evacuate Collection Set: 0.1ms
[51.446s][info   ][gc,phases     ] GC(812)   Post Evacuate Collection Set: 0.1ms
[51.446s][info   ][gc,phases     ] GC(812)   Other: 0.2ms
[51.446s][info   ][gc,heap       ] GC(812) Eden regions: 0->0(16)
[51.446s][info   ][gc,heap       ] GC(812) Survivor regions: 0->0(2)
[51.446s][info   ][gc,heap       ] GC(812) Old regions: 1->1
[51.446s][info   ][gc,heap       ] GC(812) Archive regions: 0->0
[51.446s][info   ][gc,heap       ] GC(812) Humongous regions: 191->190
[51.446s][info   ][gc,metaspace  ] GC(812) Metaspace: 3424K(4864K)->3424K(4864K) NonClass: 3120K(4352K)->3120K(4352K) Class: 304K(512K)->304K(512K)
[51.446s][info   ][gc            ] GC(812) Pause Young (Concurrent Start) (G1 Humongous Allocation) 191M->190M(256M) 0.539ms
[51.446s][info   ][gc,cpu        ] GC(812) User=0.00s Sys=0.00s Real=0.00s
[51.447s][info   ][gc            ] GC(813) Concurrent Cycle
[51.447s][info   ][gc,marking    ] GC(813) Concurrent Clear Claimed Marks
[51.447s][info   ][gc,marking    ] GC(813) Concurrent Clear Claimed Marks 0.007ms
[51.447s][info   ][gc,marking    ] GC(813) Concurrent Scan Root Regions
[51.447s][info   ][gc,marking    ] GC(813) Concurrent Scan Root Regions 0.005ms
[51.447s][info   ][gc,marking    ] GC(813) Concurrent Mark (51.447s)
[51.447s][info   ][gc,marking    ] GC(813) Concurrent Mark From Roots
[51.447s][info   ][gc,task       ] GC(813) Using 2 workers of 2 for marking
[51.447s][info   ][gc,marking    ] GC(813) Concurrent Mark From Roots 0.790ms
[51.447s][info   ][gc,marking    ] GC(813) Concurrent Preclean
[51.447s][info   ][gc,marking    ] GC(813) Concurrent Preclean 0.022ms
[51.447s][info   ][gc,marking    ] GC(813) Concurrent Mark (51.447s, 51.447s) 0.849ms
[51.447s][info   ][gc,start      ] GC(813) Pause Remark
[51.448s][info   ][gc,stringtable] GC(813) Cleaned string and symbol table, strings: 1384 processed, 0 removed, symbols: 16327 processed, 0 removed
[51.448s][info   ][gc            ] GC(813) Pause Remark 191M->191M(256M) 0.406ms
[51.448s][info   ][gc,cpu        ] GC(813) User=0.00s Sys=0.00s Real=0.00s
[51.448s][info   ][gc,marking    ] GC(813) Concurrent Rebuild Remembered Sets
[51.449s][info   ][gc,marking    ] GC(813) Concurrent Rebuild Remembered Sets 0.606ms
[51.449s][info   ][gc,start      ] GC(813) Pause Cleanup
[51.449s][info   ][gc            ] GC(813) Pause Cleanup 191M->191M(256M) 0.065ms
[51.449s][info   ][gc,cpu        ] GC(813) User=0.00s Sys=0.00s Real=0.00s
[51.449s][info   ][gc,marking    ] GC(813) Concurrent Cleanup for Next Mark
[51.449s][info   ][gc,marking    ] GC(813) Concurrent Cleanup for Next Mark 0.231ms
[51.449s][info   ][gc            ] GC(813) Concurrent Cycle 2.410ms
[51.502s][info   ][gc,start      ] GC(814) Pause Young (Concurrent Start) (G1 Humongous Allocation)
[51.502s][info   ][gc,task       ] GC(814) Using 6 workers of 9 for evacuation
[51.502s][info   ][gc,phases     ] GC(814)   Pre Evacuate Collection Set: 0.0ms
[51.502s][info   ][gc,phases     ] GC(814)   Evacuate Collection Set: 0.1ms
[51.502s][info   ][gc,phases     ] GC(814)   Post Evacuate Collection Set: 0.1ms
[51.502s][info   ][gc,phases     ] GC(814)   Other: 0.1ms
[51.502s][info   ][gc,heap       ] GC(814) Eden regions: 0->0(16)
[51.502s][info   ][gc,heap       ] GC(814) Survivor regions: 0->0(2)
[51.502s][info   ][gc,heap       ] GC(814) Old regions: 1->1
[51.502s][info   ][gc,heap       ] GC(814) Archive regions: 0->0
[51.502s][info   ][gc,heap       ] GC(814) Humongous regions: 191->190
[51.502s][info   ][gc,metaspace  ] GC(814) Metaspace: 3424K(4864K)->3424K(4864K) NonClass: 3120K(4352K)->3120K(4352K) Class: 304K(512K)->304K(512K)
[51.502s][info   ][gc            ] GC(814) Pause Young (Concurrent Start) (G1 Humongous Allocation) 191M->190M(256M) 0.429ms
[51.502s][info   ][gc,cpu        ] GC(814) User=0.00s Sys=0.00s Real=0.00s
[51.502s][info   ][gc            ] GC(815) Concurrent Cycle
[51.502s][info   ][gc,marking    ] GC(815) Concurrent Clear Claimed Marks
[51.502s][info   ][gc,marking    ] GC(815) Concurrent Clear Claimed Marks 0.008ms
[51.502s][info   ][gc,marking    ] GC(815) Concurrent Scan Root Regions
[51.502s][info   ][gc,marking    ] GC(815) Concurrent Scan Root Regions 0.006ms
[51.502s][info   ][gc,marking    ] GC(815) Concurrent Mark (51.502s)
[51.502s][info   ][gc,marking    ] GC(815) Concurrent Mark From Roots
[51.502s][info   ][gc,task       ] GC(815) Using 2 workers of 2 for marking
[51.503s][info   ][gc,marking    ] GC(815) Concurrent Mark From Roots 0.880ms
[51.503s][info   ][gc,marking    ] GC(815) Concurrent Preclean
[51.503s][info   ][gc,marking    ] GC(815) Concurrent Preclean 0.022ms
[51.503s][info   ][gc,marking    ] GC(815) Concurrent Mark (51.502s, 51.503s) 0.919ms
[51.503s][info   ][gc,start      ] GC(815) Pause Remark
[51.503s][info   ][gc,stringtable] GC(815) Cleaned string and symbol table, strings: 1384 processed, 0 removed, symbols: 16327 processed, 0 removed
[51.504s][info   ][gc            ] GC(815) Pause Remark 191M->191M(256M) 0.380ms
[51.504s][info   ][gc,cpu        ] GC(815) User=0.01s Sys=0.00s Real=0.00s
[51.504s][info   ][gc,marking    ] GC(815) Concurrent Rebuild Remembered Sets
[51.504s][info   ][gc,marking    ] GC(815) Concurrent Rebuild Remembered Sets 0.591ms
[51.504s][info   ][gc,start      ] GC(815) Pause Cleanup
[51.504s][info   ][gc            ] GC(815) Pause Cleanup 191M->191M(256M) 0.056ms
[51.504s][info   ][gc,cpu        ] GC(815) User=0.00s Sys=0.00s Real=0.00s
[51.504s][info   ][gc,marking    ] GC(815) Concurrent Cleanup for Next Mark
[51.505s][info   ][gc,marking    ] GC(815) Concurrent Cleanup for Next Mark 0.194ms
[51.505s][info   ][gc            ] GC(815) Concurrent Cycle 2.386ms
[51.557s][info   ][gc,start      ] GC(816) Pause Young (Concurrent Start) (G1 Humongous Allocation)
[51.557s][info   ][gc,task       ] GC(816) Using 6 workers of 9 for evacuation
[51.558s][info   ][gc,phases     ] GC(816)   Pre Evacuate Collection Set: 0.1ms
[51.558s][info   ][gc,phases     ] GC(816)   Evacuate Collection Set: 0.2ms
[51.558s][info   ][gc,phases     ] GC(816)   Post Evacuate Collection Set: 0.1ms
[51.558s][info   ][gc,phases     ] GC(816)   Other: 0.2ms
[51.558s][info   ][gc,heap       ] GC(816) Eden regions: 0->0(16)
[51.558s][info   ][gc,heap       ] GC(816) Survivor regions: 0->0(2)
[51.558s][info   ][gc,heap       ] GC(816) Old regions: 1->1
[51.558s][info   ][gc,heap       ] GC(816) Archive regions: 0->0
[51.558s][info   ][gc,heap       ] GC(816) Humongous regions: 191->190
[51.558s][info   ][gc,metaspace  ] GC(816) Metaspace: 3424K(4864K)->3424K(4864K) NonClass: 3120K(4352K)->3120K(4352K) Class: 304K(512K)->304K(512K)
[51.558s][info   ][gc            ] GC(816) Pause Young (Concurrent Start) (G1 Humongous Allocation) 191M->190M(256M) 0.695ms
[51.558s][info   ][gc,cpu        ] GC(816) User=0.00s Sys=0.00s Real=0.00s
[51.558s][info   ][gc            ] GC(817) Concurrent Cycle
[51.558s][info   ][gc,marking    ] GC(817) Concurrent Clear Claimed Marks
[51.558s][info   ][gc,marking    ] GC(817) Concurrent Clear Claimed Marks 0.007ms
[51.558s][info   ][gc,marking    ] GC(817) Concurrent Scan Root Regions
[51.558s][info   ][gc,marking    ] GC(817) Concurrent Scan Root Regions 0.006ms
[51.558s][info   ][gc,marking    ] GC(817) Concurrent Mark (51.558s)
[51.558s][info   ][gc,marking    ] GC(817) Concurrent Mark From Roots
[51.558s][info   ][gc,task       ] GC(817) Using 2 workers of 2 for marking
[51.559s][info   ][gc,marking    ] GC(817) Concurrent Mark From Roots 1.127ms
[51.559s][info   ][gc,marking    ] GC(817) Concurrent Preclean
[51.559s][info   ][gc,marking    ] GC(817) Concurrent Preclean 0.026ms
[51.559s][info   ][gc,marking    ] GC(817) Concurrent Mark (51.558s, 51.559s) 1.194ms
[51.559s][info   ][gc,start      ] GC(817) Pause Remark
[51.560s][info   ][gc,stringtable] GC(817) Cleaned string and symbol table, strings: 1384 processed, 0 removed, symbols: 16327 processed, 0 removed
[51.560s][info   ][gc            ] GC(817) Pause Remark 191M->191M(256M) 0.451ms
[51.560s][info   ][gc,cpu        ] GC(817) User=0.00s Sys=0.00s Real=0.00s
[51.560s][info   ][gc,marking    ] GC(817) Concurrent Rebuild Remembered Sets
[51.561s][info   ][gc,marking    ] GC(817) Concurrent Rebuild Remembered Sets 0.695ms
[51.561s][info   ][gc,start      ] GC(817) Pause Cleanup
[51.561s][info   ][gc            ] GC(817) Pause Cleanup 191M->191M(256M) 0.093ms
[51.561s][info   ][gc,cpu        ] GC(817) User=0.00s Sys=0.00s Real=0.00s
[51.561s][info   ][gc,marking    ] GC(817) Concurrent Cleanup for Next Mark
[51.561s][info   ][gc,marking    ] GC(817) Concurrent Cleanup for Next Mark 0.291ms
[51.561s][info   ][gc            ] GC(817) Concurrent Cycle 3.046ms
[51.613s][info   ][gc,start      ] GC(818) Pause Young (Concurrent Start) (G1 Humongous Allocation)
[51.614s][info   ][gc,task       ] GC(818) Using 6 workers of 9 for evacuation
[51.614s][info   ][gc,phases     ] GC(818)   Pre Evacuate Collection Set: 0.1ms
[51.614s][info   ][gc,phases     ] GC(818)   Evacuate Collection Set: 0.2ms
[51.614s][info   ][gc,phases     ] GC(818)   Post Evacuate Collection Set: 0.1ms
[51.614s][info   ][gc,phases     ] GC(818)   Other: 0.3ms
[51.614s][info   ][gc,heap       ] GC(818) Eden regions: 0->0(16)
[51.614s][info   ][gc,heap       ] GC(818) Survivor regions: 0->0(2)
[51.614s][info   ][gc,heap       ] GC(818) Old regions: 1->1
[51.614s][info   ][gc,heap       ] GC(818) Archive regions: 0->0
[51.614s][info   ][gc,heap       ] GC(818) Humongous regions: 191->190
[51.614s][info   ][gc,metaspace  ] GC(818) Metaspace: 3424K(4864K)->3424K(4864K) NonClass: 3120K(4352K)->3120K(4352K) Class: 304K(512K)->304K(512K)
[51.614s][info   ][gc            ] GC(818) Pause Young (Concurrent Start) (G1 Humongous Allocation) 191M->190M(256M) 0.853ms
[51.614s][info   ][gc,cpu        ] GC(818) User=0.00s Sys=0.00s Real=0.00s
[51.614s][info   ][gc            ] GC(819) Concurrent Cycle
[51.614s][info   ][gc,marking    ] GC(819) Concurrent Clear Claimed Marks
[51.614s][info   ][gc,marking    ] GC(819) Concurrent Clear Claimed Marks 0.016ms
[51.614s][info   ][gc,marking    ] GC(819) Concurrent Scan Root Regions
[51.614s][info   ][gc,marking    ] GC(819) Concurrent Scan Root Regions 0.009ms
[51.614s][info   ][gc,marking    ] GC(819) Concurrent Mark (51.614s)
[51.614s][info   ][gc,marking    ] GC(819) Concurrent Mark From Roots
[51.614s][info   ][gc,task       ] GC(819) Using 2 workers of 2 for marking
[51.616s][info   ][gc,marking    ] GC(819) Concurrent Mark From Roots 1.652ms
[51.616s][info   ][gc,marking    ] GC(819) Concurrent Preclean
[51.616s][info   ][gc,marking    ] GC(819) Concurrent Preclean 0.038ms
[51.616s][info   ][gc,marking    ] GC(819) Concurrent Mark (51.614s, 51.616s) 1.732ms
[51.616s][info   ][gc,start      ] GC(819) Pause Remark
[51.617s][info   ][gc,stringtable] GC(819) Cleaned string and symbol table, strings: 1384 processed, 0 removed, symbols: 16327 processed, 0 removed
[51.617s][info   ][gc            ] GC(819) Pause Remark 191M->191M(256M) 1.220ms
[51.617s][info   ][gc,cpu        ] GC(819) User=0.00s Sys=0.00s Real=0.00s
[51.617s][info   ][gc,marking    ] GC(819) Concurrent Rebuild Remembered Sets
[51.618s][info   ][gc,marking    ] GC(819) Concurrent Rebuild Remembered Sets 0.720ms
[51.618s][info   ][gc,start      ] GC(819) Pause Cleanup
[51.618s][info   ][gc            ] GC(819) Pause Cleanup 191M->191M(256M) 0.112ms
[51.618s][info   ][gc,cpu        ] GC(819) User=0.00s Sys=0.00s Real=0.00s
[51.618s][info   ][gc,marking    ] GC(819) Concurrent Cleanup for Next Mark
[51.619s][info   ][gc,marking    ] GC(819) Concurrent Cleanup for Next Mark 0.351ms
[51.619s][info   ][gc            ] GC(819) Concurrent Cycle 4.525ms
[51.667s][info   ][gc,start      ] GC(820) Pause Young (Concurrent Start) (G1 Humongous Allocation)
[51.667s][info   ][gc,task       ] GC(820) Using 6 workers of 9 for evacuation
[51.667s][info   ][gc,phases     ] GC(820)   Pre Evacuate Collection Set: 0.0ms
[51.667s][info   ][gc,phases     ] GC(820)   Evacuate Collection Set: 0.1ms
[51.667s][info   ][gc,phases     ] GC(820)   Post Evacuate Collection Set: 0.1ms
[51.667s][info   ][gc,phases     ] GC(820)   Other: 0.1ms
[51.667s][info   ][gc,heap       ] GC(820) Eden regions: 0->0(16)
[51.667s][info   ][gc,heap       ] GC(820) Survivor regions: 0->0(2)
[51.667s][info   ][gc,heap       ] GC(820) Old regions: 1->1
[51.667s][info   ][gc,heap       ] GC(820) Archive regions: 0->0
[51.667s][info   ][gc,heap       ] GC(820) Humongous regions: 191->190
[51.667s][info   ][gc,metaspace  ] GC(820) Metaspace: 3424K(4864K)->3424K(4864K) NonClass: 3120K(4352K)->3120K(4352K) Class: 304K(512K)->304K(512K)
[51.667s][info   ][gc            ] GC(820) Pause Young (Concurrent Start) (G1 Humongous Allocation) 191M->190M(256M) 0.457ms
[51.667s][info   ][gc,cpu        ] GC(820) User=0.00s Sys=0.00s Real=0.00s
[51.667s][info   ][gc            ] GC(821) Concurrent Cycle
[51.667s][info   ][gc,marking    ] GC(821) Concurrent Clear Claimed Marks
[51.667s][info   ][gc,marking    ] GC(821) Concurrent Clear Claimed Marks 0.006ms
[51.667s][info   ][gc,marking    ] GC(821) Concurrent Scan Root Regions
[51.667s][info   ][gc,marking    ] GC(821) Concurrent Scan Root Regions 0.004ms
[51.667s][info   ][gc,marking    ] GC(821) Concurrent Mark (51.667s)
[51.667s][info   ][gc,marking    ] GC(821) Concurrent Mark From Roots
[51.667s][info   ][gc,task       ] GC(821) Using 2 workers of 2 for marking
[51.668s][info   ][gc,marking    ] GC(821) Concurrent Mark From Roots 0.927ms
[51.668s][info   ][gc,marking    ] GC(821) Concurrent Preclean
[51.668s][info   ][gc,marking    ] GC(821) Concurrent Preclean 0.018ms
[51.668s][info   ][gc,marking    ] GC(821) Concurrent Mark (51.667s, 51.668s) 0.972ms
[51.668s][info   ][gc,start      ] GC(821) Pause Remark
[51.669s][info   ][gc,stringtable] GC(821) Cleaned string and symbol table, strings: 1384 processed, 0 removed, symbols: 16327 processed, 0 removed
[51.669s][info   ][gc            ] GC(821) Pause Remark 191M->191M(256M) 0.399ms
[51.669s][info   ][gc,cpu        ] GC(821) User=0.00s Sys=0.00s Real=0.00s
[51.669s][info   ][gc,marking    ] GC(821) Concurrent Rebuild Remembered Sets
[51.670s][info   ][gc,marking    ] GC(821) Concurrent Rebuild Remembered Sets 1.015ms
[51.670s][info   ][gc,start      ] GC(821) Pause Cleanup
[51.670s][info   ][gc            ] GC(821) Pause Cleanup 191M->191M(256M) 0.084ms
[51.670s][info   ][gc,cpu        ] GC(821) User=0.00s Sys=0.00s Real=0.00s
[51.670s][info   ][gc,marking    ] GC(821) Concurrent Cleanup for Next Mark
[51.670s][info   ][gc,marking    ] GC(821) Concurrent Cleanup for Next Mark 0.261ms
[51.670s][info   ][gc            ] GC(821) Concurrent Cycle 3.012ms
[51.719s][info   ][gc,start      ] GC(822) Pause Young (Concurrent Start) (G1 Humongous Allocation)
[51.719s][info   ][gc,task       ] GC(822) Using 6 workers of 9 for evacuation
[51.719s][info   ][gc,phases     ] GC(822)   Pre Evacuate Collection Set: 0.2ms
[51.719s][info   ][gc,phases     ] GC(822)   Evacuate Collection Set: 0.3ms
[51.719s][info   ][gc,phases     ] GC(822)   Post Evacuate Collection Set: 0.1ms
[51.719s][info   ][gc,phases     ] GC(822)   Other: 0.3ms
[51.719s][info   ][gc,heap       ] GC(822) Eden regions: 0->0(16)
[51.719s][info   ][gc,heap       ] GC(822) Survivor regions: 0->0(2)
[51.719s][info   ][gc,heap       ] GC(822) Old regions: 1->1
[51.719s][info   ][gc,heap       ] GC(822) Archive regions: 0->0
[51.719s][info   ][gc,heap       ] GC(822) Humongous regions: 191->190
[51.719s][info   ][gc,metaspace  ] GC(822) Metaspace: 3424K(4864K)->3424K(4864K) NonClass: 3120K(4352K)->3120K(4352K) Class: 304K(512K)->304K(512K)
[51.719s][info   ][gc            ] GC(822) Pause Young (Concurrent Start) (G1 Humongous Allocation) 191M->190M(256M) 0.939ms
[51.719s][info   ][gc,cpu        ] GC(822) User=0.00s Sys=0.00s Real=0.01s
[51.720s][info   ][gc            ] GC(823) Concurrent Cycle
[51.720s][info   ][gc,marking    ] GC(823) Concurrent Clear Claimed Marks
[51.720s][info   ][gc,marking    ] GC(823) Concurrent Clear Claimed Marks 0.011ms
[51.720s][info   ][gc,marking    ] GC(823) Concurrent Scan Root Regions
[51.720s][info   ][gc,marking    ] GC(823) Concurrent Scan Root Regions 0.010ms
[51.720s][info   ][gc,marking    ] GC(823) Concurrent Mark (51.720s)
[51.720s][info   ][gc,marking    ] GC(823) Concurrent Mark From Roots
[51.720s][info   ][gc,task       ] GC(823) Using 2 workers of 2 for marking
[51.722s][info   ][gc,marking    ] GC(823) Concurrent Mark From Roots 2.277ms
[51.722s][info   ][gc,marking    ] GC(823) Concurrent Preclean
[51.722s][info   ][gc,marking    ] GC(823) Concurrent Preclean 0.026ms
[51.722s][info   ][gc,marking    ] GC(823) Concurrent Mark (51.720s, 51.722s) 2.365ms
[51.722s][info   ][gc,start      ] GC(823) Pause Remark
[51.722s][info   ][gc,stringtable] GC(823) Cleaned string and symbol table, strings: 1384 processed, 0 removed, symbols: 16327 processed, 0 removed
[51.722s][info   ][gc            ] GC(823) Pause Remark 191M->191M(256M) 0.438ms
[51.723s][info   ][gc,cpu        ] GC(823) User=0.00s Sys=0.00s Real=0.00s
[51.723s][info   ][gc,marking    ] GC(823) Concurrent Rebuild Remembered Sets
[51.723s][info   ][gc,marking    ] GC(823) Concurrent Rebuild Remembered Sets 0.610ms
[51.723s][info   ][gc,start      ] GC(823) Pause Cleanup
[51.723s][info   ][gc            ] GC(823) Pause Cleanup 191M->191M(256M) 0.079ms
[51.723s][info   ][gc,cpu        ] GC(823) User=0.00s Sys=0.00s Real=0.00s
[51.723s][info   ][gc,marking    ] GC(823) Concurrent Cleanup for Next Mark
[51.724s][info   ][gc,marking    ] GC(823) Concurrent Cleanup for Next Mark 0.241ms
[51.724s][info   ][gc            ] GC(823) Concurrent Cycle 4.062ms
[51.774s][info   ][gc,start      ] GC(824) Pause Young (Concurrent Start) (G1 Humongous Allocation)
[51.774s][info   ][gc,task       ] GC(824) Using 6 workers of 9 for evacuation
[51.774s][info   ][gc,phases     ] GC(824)   Pre Evacuate Collection Set: 0.1ms
[51.775s][info   ][gc,phases     ] GC(824)   Evacuate Collection Set: 0.1ms
[51.775s][info   ][gc,phases     ] GC(824)   Post Evacuate Collection Set: 0.1ms
[51.775s][info   ][gc,phases     ] GC(824)   Other: 0.1ms
[51.775s][info   ][gc,heap       ] GC(824) Eden regions: 0->0(16)
[51.775s][info   ][gc,heap       ] GC(824) Survivor regions: 0->0(2)
[51.775s][info   ][gc,heap       ] GC(824) Old regions: 1->1
[51.775s][info   ][gc,heap       ] GC(824) Archive regions: 0->0
[51.775s][info   ][gc,heap       ] GC(824) Humongous regions: 191->190
[51.775s][info   ][gc,metaspace  ] GC(824) Metaspace: 3424K(4864K)->3424K(4864K) NonClass: 3120K(4352K)->3120K(4352K) Class: 304K(512K)->304K(512K)
[51.775s][info   ][gc            ] GC(824) Pause Young (Concurrent Start) (G1 Humongous Allocation) 191M->190M(256M) 0.478ms
[51.775s][info   ][gc,cpu        ] GC(824) User=0.00s Sys=0.00s Real=0.00s
[51.775s][info   ][gc            ] GC(825) Concurrent Cycle
[51.775s][info   ][gc,marking    ] GC(825) Concurrent Clear Claimed Marks
[51.775s][info   ][gc,marking    ] GC(825) Concurrent Clear Claimed Marks 0.006ms
[51.775s][info   ][gc,marking    ] GC(825) Concurrent Scan Root Regions
[51.775s][info   ][gc,marking    ] GC(825) Concurrent Scan Root Regions 0.004ms
[51.775s][info   ][gc,marking    ] GC(825) Concurrent Mark (51.775s)
[51.775s][info   ][gc,marking    ] GC(825) Concurrent Mark From Roots
[51.775s][info   ][gc,task       ] GC(825) Using 2 workers of 2 for marking
[51.775s][info   ][gc,marking    ] GC(825) Concurrent Mark From Roots 0.740ms
[51.775s][info   ][gc,marking    ] GC(825) Concurrent Preclean
[51.775s][info   ][gc,marking    ] GC(825) Concurrent Preclean 0.022ms
[51.775s][info   ][gc,marking    ] GC(825) Concurrent Mark (51.775s, 51.775s) 0.786ms
[51.776s][info   ][gc,start      ] GC(825) Pause Remark
[51.776s][info   ][gc,stringtable] GC(825) Cleaned string and symbol table, strings: 1384 processed, 0 removed, symbols: 16327 processed, 0 removed
[51.776s][info   ][gc            ] GC(825) Pause Remark 191M->191M(256M) 0.409ms
[51.776s][info   ][gc,cpu        ] GC(825) User=0.00s Sys=0.00s Real=0.00s
[51.776s][info   ][gc,marking    ] GC(825) Concurrent Rebuild Remembered Sets
[51.776s][info   ][gc,marking    ] GC(825) Concurrent Rebuild Remembered Sets 0.505ms
[51.777s][info   ][gc,start      ] GC(825) Pause Cleanup
[51.777s][info   ][gc            ] GC(825) Pause Cleanup 191M->191M(256M) 0.056ms
[51.777s][info   ][gc,cpu        ] GC(825) User=0.00s Sys=0.00s Real=0.00s
[51.777s][info   ][gc,marking    ] GC(825) Concurrent Cleanup for Next Mark
[51.777s][info   ][gc,marking    ] GC(825) Concurrent Cleanup for Next Mark 0.214ms
[51.777s][info   ][gc            ] GC(825) Concurrent Cycle 2.221ms
[51.830s][info   ][gc,start      ] GC(826) Pause Young (Concurrent Start) (G1 Humongous Allocation)
[51.830s][info   ][gc,task       ] GC(826) Using 6 workers of 9 for evacuation
[51.831s][info   ][gc,phases     ] GC(826)   Pre Evacuate Collection Set: 0.2ms
[51.831s][info   ][gc,phases     ] GC(826)   Evacuate Collection Set: 0.4ms
[51.831s][info   ][gc,phases     ] GC(826)   Post Evacuate Collection Set: 0.1ms
[51.831s][info   ][gc,phases     ] GC(826)   Other: 0.5ms
[51.831s][info   ][gc,heap       ] GC(826) Eden regions: 0->0(16)
[51.831s][info   ][gc,heap       ] GC(826) Survivor regions: 0->0(2)
[51.831s][info   ][gc,heap       ] GC(826) Old regions: 1->1
[51.831s][info   ][gc,heap       ] GC(826) Archive regions: 0->0
[51.831s][info   ][gc,heap       ] GC(826) Humongous regions: 191->190
[51.831s][info   ][gc,metaspace  ] GC(826) Metaspace: 3424K(4864K)->3424K(4864K) NonClass: 3120K(4352K)->3120K(4352K) Class: 304K(512K)->304K(512K)
[51.831s][info   ][gc            ] GC(826) Pause Young (Concurrent Start) (G1 Humongous Allocation) 191M->190M(256M) 1.271ms
[51.831s][info   ][gc,cpu        ] GC(826) User=0.00s Sys=0.00s Real=0.00s
[51.831s][info   ][gc            ] GC(827) Concurrent Cycle
[51.831s][info   ][gc,marking    ] GC(827) Concurrent Clear Claimed Marks
[51.831s][info   ][gc,marking    ] GC(827) Concurrent Clear Claimed Marks 0.033ms
[51.831s][info   ][gc,marking    ] GC(827) Concurrent Scan Root Regions
[51.831s][info   ][gc,marking    ] GC(827) Concurrent Scan Root Regions 0.028ms
[51.831s][info   ][gc,marking    ] GC(827) Concurrent Mark (51.831s)
[51.831s][info   ][gc,marking    ] GC(827) Concurrent Mark From Roots
[51.832s][info   ][gc,task       ] GC(827) Using 2 workers of 2 for marking
[51.833s][info   ][gc,marking    ] GC(827) Concurrent Mark From Roots 1.612ms
[51.833s][info   ][gc,marking    ] GC(827) Concurrent Preclean
[51.833s][info   ][gc,marking    ] GC(827) Concurrent Preclean 0.033ms
[51.833s][info   ][gc,marking    ] GC(827) Concurrent Mark (51.831s, 51.833s) 1.679ms
[51.833s][info   ][gc,start      ] GC(827) Pause Remark
[51.834s][info   ][gc,stringtable] GC(827) Cleaned string and symbol table, strings: 1384 processed, 0 removed, symbols: 16327 processed, 0 removed
[51.834s][info   ][gc            ] GC(827) Pause Remark 193M->193M(256M) 0.917ms
[51.834s][info   ][gc,cpu        ] GC(827) User=0.00s Sys=0.00s Real=0.00s
[51.834s][info   ][gc,marking    ] GC(827) Concurrent Rebuild Remembered Sets
[51.835s][info   ][gc,marking    ] GC(827) Concurrent Rebuild Remembered Sets 0.427ms
[51.835s][info   ][gc,start      ] GC(827) Pause Cleanup
[51.835s][info   ][gc            ] GC(827) Pause Cleanup 193M->193M(256M) 0.042ms
[51.835s][info   ][gc,cpu        ] GC(827) User=0.00s Sys=0.00s Real=0.00s
[51.835s][info   ][gc,marking    ] GC(827) Concurrent Cleanup for Next Mark
[51.835s][info   ][gc,marking    ] GC(827) Concurrent Cleanup for Next Mark 0.197ms
[51.835s][info   ][gc            ] GC(827) Concurrent Cycle 3.561ms
[51.887s][info   ][gc,start      ] GC(828) Pause Young (Concurrent Start) (G1 Humongous Allocation)
[51.887s][info   ][gc,task       ] GC(828) Using 6 workers of 9 for evacuation
[51.888s][info   ][gc,phases     ] GC(828)   Pre Evacuate Collection Set: 0.1ms
[51.888s][info   ][gc,phases     ] GC(828)   Evacuate Collection Set: 0.2ms
[51.888s][info   ][gc,phases     ] GC(828)   Post Evacuate Collection Set: 0.1ms
[51.888s][info   ][gc,phases     ] GC(828)   Other: 0.3ms
[51.888s][info   ][gc,heap       ] GC(828) Eden regions: 0->0(16)
[51.888s][info   ][gc,heap       ] GC(828) Survivor regions: 0->0(2)
[51.888s][info   ][gc,heap       ] GC(828) Old regions: 1->1
[51.888s][info   ][gc,heap       ] GC(828) Archive regions: 0->0
[51.888s][info   ][gc,heap       ] GC(828) Humongous regions: 193->192
[51.888s][info   ][gc,metaspace  ] GC(828) Metaspace: 3424K(4864K)->3424K(4864K) NonClass: 3120K(4352K)->3120K(4352K) Class: 304K(512K)->304K(512K)
[51.888s][info   ][gc            ] GC(828) Pause Young (Concurrent Start) (G1 Humongous Allocation) 193M->192M(256M) 0.800ms
[51.888s][info   ][gc,cpu        ] GC(828) User=0.00s Sys=0.00s Real=0.00s
[51.888s][info   ][gc            ] GC(829) Concurrent Cycle
[51.888s][info   ][gc,marking    ] GC(829) Concurrent Clear Claimed Marks
[51.888s][info   ][gc,marking    ] GC(829) Concurrent Clear Claimed Marks 0.010ms
[51.888s][info   ][gc,marking    ] GC(829) Concurrent Scan Root Regions
[51.888s][info   ][gc,marking    ] GC(829) Concurrent Scan Root Regions 0.008ms
[51.888s][info   ][gc,marking    ] GC(829) Concurrent Mark (51.888s)
[51.888s][info   ][gc,marking    ] GC(829) Concurrent Mark From Roots
[51.888s][info   ][gc,task       ] GC(829) Using 2 workers of 2 for marking
[51.890s][info   ][gc,marking    ] GC(829) Concurrent Mark From Roots 1.779ms
[51.890s][info   ][gc,marking    ] GC(829) Concurrent Preclean
[51.890s][info   ][gc,marking    ] GC(829) Concurrent Preclean 0.035ms
[51.890s][info   ][gc,marking    ] GC(829) Concurrent Mark (51.888s, 51.890s) 1.892ms
[51.890s][info   ][gc,start      ] GC(829) Pause Remark
[51.891s][info   ][gc,stringtable] GC(829) Cleaned string and symbol table, strings: 1384 processed, 0 removed, symbols: 16327 processed, 0 removed
[51.891s][info   ][gc            ] GC(829) Pause Remark 193M->193M(256M) 0.810ms
[51.891s][info   ][gc,cpu        ] GC(829) User=0.01s Sys=0.00s Real=0.00s
[51.891s][info   ][gc,marking    ] GC(829) Concurrent Rebuild Remembered Sets
[51.891s][info   ][gc,marking    ] GC(829) Concurrent Rebuild Remembered Sets 0.422ms
[51.891s][info   ][gc,start      ] GC(829) Pause Cleanup
[51.891s][info   ][gc            ] GC(829) Pause Cleanup 193M->193M(256M) 0.036ms
[51.891s][info   ][gc,cpu        ] GC(829) User=0.00s Sys=0.00s Real=0.00s
[51.891s][info   ][gc,marking    ] GC(829) Concurrent Cleanup for Next Mark
[51.892s][info   ][gc,marking    ] GC(829) Concurrent Cleanup for Next Mark 0.195ms
[51.892s][info   ][gc            ] GC(829) Concurrent Cycle 3.651ms
[51.941s][info   ][gc,start      ] GC(830) Pause Young (Concurrent Start) (G1 Humongous Allocation)
[51.941s][info   ][gc,task       ] GC(830) Using 6 workers of 9 for evacuation
[51.942s][info   ][gc,phases     ] GC(830)   Pre Evacuate Collection Set: 0.2ms
[51.942s][info   ][gc,phases     ] GC(830)   Evacuate Collection Set: 0.3ms
[51.942s][info   ][gc,phases     ] GC(830)   Post Evacuate Collection Set: 0.2ms
[51.942s][info   ][gc,phases     ] GC(830)   Other: 0.4ms
[51.942s][info   ][gc,heap       ] GC(830) Eden regions: 0->0(16)
[51.942s][info   ][gc,heap       ] GC(830) Survivor regions: 0->0(2)
[51.942s][info   ][gc,heap       ] GC(830) Old regions: 1->1
[51.942s][info   ][gc,heap       ] GC(830) Archive regions: 0->0
[51.942s][info   ][gc,heap       ] GC(830) Humongous regions: 193->192
[51.942s][info   ][gc,metaspace  ] GC(830) Metaspace: 3424K(4864K)->3424K(4864K) NonClass: 3120K(4352K)->3120K(4352K) Class: 304K(512K)->304K(512K)
[51.942s][info   ][gc            ] GC(830) Pause Young (Concurrent Start) (G1 Humongous Allocation) 193M->192M(256M) 1.192ms
[51.942s][info   ][gc,cpu        ] GC(830) User=0.00s Sys=0.00s Real=0.00s
[51.942s][info   ][gc            ] GC(831) Concurrent Cycle
[51.942s][info   ][gc,marking    ] GC(831) Concurrent Clear Claimed Marks
[51.942s][info   ][gc,marking    ] GC(831) Concurrent Clear Claimed Marks 0.014ms
[51.942s][info   ][gc,marking    ] GC(831) Concurrent Scan Root Regions
[51.942s][info   ][gc,marking    ] GC(831) Concurrent Scan Root Regions 0.008ms
[51.942s][info   ][gc,marking    ] GC(831) Concurrent Mark (51.942s)
[51.942s][info   ][gc,marking    ] GC(831) Concurrent Mark From Roots
[51.943s][info   ][gc,task       ] GC(831) Using 2 workers of 2 for marking
[51.945s][info   ][gc,marking    ] GC(831) Concurrent Mark From Roots 2.411ms
[51.945s][info   ][gc,marking    ] GC(831) Concurrent Preclean
[51.945s][info   ][gc,marking    ] GC(831) Concurrent Preclean 0.039ms
[51.945s][info   ][gc,marking    ] GC(831) Concurrent Mark (51.942s, 51.945s) 2.540ms
[51.945s][info   ][gc,start      ] GC(831) Pause Remark
[51.946s][info   ][gc,stringtable] GC(831) Cleaned string and symbol table, strings: 1384 processed, 0 removed, symbols: 16327 processed, 0 removed
[51.946s][info   ][gc            ] GC(831) Pause Remark 193M->193M(256M) 0.794ms
[51.946s][info   ][gc,cpu        ] GC(831) User=0.00s Sys=0.00s Real=0.00s
[51.946s][info   ][gc,marking    ] GC(831) Concurrent Rebuild Remembered Sets
[51.946s][info   ][gc,marking    ] GC(831) Concurrent Rebuild Remembered Sets 0.402ms
[51.946s][info   ][gc,start      ] GC(831) Pause Cleanup
[51.947s][info   ][gc            ] GC(831) Pause Cleanup 193M->193M(256M) 0.061ms
[51.947s][info   ][gc,cpu        ] GC(831) User=0.00s Sys=0.00s Real=0.00s
[51.947s][info   ][gc,marking    ] GC(831) Concurrent Cleanup for Next Mark
[51.947s][info   ][gc,marking    ] GC(831) Concurrent Cleanup for Next Mark 0.193ms
[51.947s][info   ][gc            ] GC(831) Concurrent Cycle 4.438ms
[51.997s][info   ][gc,start      ] GC(832) Pause Young (Concurrent Start) (G1 Humongous Allocation)
[51.998s][info   ][gc,task       ] GC(832) Using 6 workers of 9 for evacuation
[51.999s][info   ][gc,phases     ] GC(832)   Pre Evacuate Collection Set: 0.2ms
[51.999s][info   ][gc,phases     ] GC(832)   Evacuate Collection Set: 0.7ms
[51.999s][info   ][gc,phases     ] GC(832)   Post Evacuate Collection Set: 0.1ms
[51.999s][info   ][gc,phases     ] GC(832)   Other: 0.4ms
[51.999s][info   ][gc,heap       ] GC(832) Eden regions: 0->0(16)
[51.999s][info   ][gc,heap       ] GC(832) Survivor regions: 0->0(2)
[51.999s][info   ][gc,heap       ] GC(832) Old regions: 1->1
[51.999s][info   ][gc,heap       ] GC(832) Archive regions: 0->0
[51.999s][info   ][gc,heap       ] GC(832) Humongous regions: 193->192
[51.999s][info   ][gc,metaspace  ] GC(832) Metaspace: 3424K(4864K)->3424K(4864K) NonClass: 3120K(4352K)->3120K(4352K) Class: 304K(512K)->304K(512K)
[51.999s][info   ][gc            ] GC(832) Pause Young (Concurrent Start) (G1 Humongous Allocation) 193M->192M(256M) 1.720ms
[51.999s][info   ][gc,cpu        ] GC(832) User=0.00s Sys=0.00s Real=0.00s
[51.999s][info   ][gc            ] GC(833) Concurrent Cycle
[51.999s][info   ][gc,marking    ] GC(833) Concurrent Clear Claimed Marks
[51.999s][info   ][gc,marking    ] GC(833) Concurrent Clear Claimed Marks 0.013ms
[51.999s][info   ][gc,marking    ] GC(833) Concurrent Scan Root Regions
[51.999s][info   ][gc,marking    ] GC(833) Concurrent Scan Root Regions 0.009ms
[51.999s][info   ][gc,marking    ] GC(833) Concurrent Mark (51.999s)
[51.999s][info   ][gc,marking    ] GC(833) Concurrent Mark From Roots
[51.999s][info   ][gc,task       ] GC(833) Using 2 workers of 2 for marking
[52.001s][info   ][gc,marking    ] GC(833) Concurrent Mark From Roots 1.488ms
[52.001s][info   ][gc,marking    ] GC(833) Concurrent Preclean
[52.001s][info   ][gc,marking    ] GC(833) Concurrent Preclean 0.042ms
[52.001s][info   ][gc,marking    ] GC(833) Concurrent Mark (51.999s, 52.001s) 1.567ms
[52.001s][info   ][gc,start      ] GC(833) Pause Remark
[52.001s][info   ][gc,stringtable] GC(833) Cleaned string and symbol table, strings: 1384 processed, 0 removed, symbols: 16327 processed, 0 removed
[52.001s][info   ][gc            ] GC(833) Pause Remark 193M->193M(256M) 0.474ms
[52.001s][info   ][gc,cpu        ] GC(833) User=0.00s Sys=0.00s Real=0.00s
[52.001s][info   ][gc,marking    ] GC(833) Concurrent Rebuild Remembered Sets
[52.002s][info   ][gc,marking    ] GC(833) Concurrent Rebuild Remembered Sets 0.378ms
[52.002s][info   ][gc,start      ] GC(833) Pause Cleanup
[52.002s][info   ][gc            ] GC(833) Pause Cleanup 193M->193M(256M) 0.055ms
[52.002s][info   ][gc,cpu        ] GC(833) User=0.00s Sys=0.00s Real=0.00s
[52.002s][info   ][gc,marking    ] GC(833) Concurrent Cleanup for Next Mark
[52.002s][info   ][gc,marking    ] GC(833) Concurrent Cleanup for Next Mark 0.138ms
[52.002s][info   ][gc            ] GC(833) Concurrent Cycle 2.923ms
[52.050s][info   ][gc,start      ] GC(834) Pause Young (Concurrent Start) (G1 Humongous Allocation)
[52.051s][info   ][gc,task       ] GC(834) Using 6 workers of 9 for evacuation
[52.052s][info   ][gc,phases     ] GC(834)   Pre Evacuate Collection Set: 0.1ms
[52.052s][info   ][gc,phases     ] GC(834)   Evacuate Collection Set: 0.7ms
[52.052s][info   ][gc,phases     ] GC(834)   Post Evacuate Collection Set: 0.1ms
[52.052s][info   ][gc,phases     ] GC(834)   Other: 0.3ms
[52.052s][info   ][gc,heap       ] GC(834) Eden regions: 0->0(16)
[52.052s][info   ][gc,heap       ] GC(834) Survivor regions: 0->0(2)
[52.052s][info   ][gc,heap       ] GC(834) Old regions: 1->1
[52.052s][info   ][gc,heap       ] GC(834) Archive regions: 0->0
[52.052s][info   ][gc,heap       ] GC(834) Humongous regions: 193->192
[52.052s][info   ][gc,metaspace  ] GC(834) Metaspace: 3424K(4864K)->3424K(4864K) NonClass: 3120K(4352K)->3120K(4352K) Class: 304K(512K)->304K(512K)
[52.052s][info   ][gc            ] GC(834) Pause Young (Concurrent Start) (G1 Humongous Allocation) 193M->192M(256M) 1.375ms
[52.052s][info   ][gc,cpu        ] GC(834) User=0.00s Sys=0.00s Real=0.00s
[52.052s][info   ][gc            ] GC(835) Concurrent Cycle
[52.052s][info   ][gc,marking    ] GC(835) Concurrent Clear Claimed Marks
[52.052s][info   ][gc,marking    ] GC(835) Concurrent Clear Claimed Marks 0.019ms
[52.052s][info   ][gc,marking    ] GC(835) Concurrent Scan Root Regions
[52.052s][info   ][gc,marking    ] GC(835) Concurrent Scan Root Regions 0.015ms
[52.052s][info   ][gc,marking    ] GC(835) Concurrent Mark (52.052s)
[52.052s][info   ][gc,marking    ] GC(835) Concurrent Mark From Roots
[52.052s][info   ][gc,task       ] GC(835) Using 2 workers of 2 for marking
[52.054s][info   ][gc,marking    ] GC(835) Concurrent Mark From Roots 1.523ms
[52.054s][info   ][gc,marking    ] GC(835) Concurrent Preclean
[52.054s][info   ][gc,marking    ] GC(835) Concurrent Preclean 0.031ms
[52.054s][info   ][gc,marking    ] GC(835) Concurrent Mark (52.052s, 52.054s) 1.593ms
[52.054s][info   ][gc,start      ] GC(835) Pause Remark
[52.054s][info   ][gc,stringtable] GC(835) Cleaned string and symbol table, strings: 1384 processed, 0 removed, symbols: 16327 processed, 0 removed
[52.054s][info   ][gc            ] GC(835) Pause Remark 193M->193M(256M) 0.623ms
[52.054s][info   ][gc,cpu        ] GC(835) User=0.00s Sys=0.00s Real=0.00s
[52.054s][info   ][gc,marking    ] GC(835) Concurrent Rebuild Remembered Sets
[52.055s][info   ][gc,marking    ] GC(835) Concurrent Rebuild Remembered Sets 0.401ms
[52.055s][info   ][gc,start      ] GC(835) Pause Cleanup
[52.055s][info   ][gc            ] GC(835) Pause Cleanup 193M->193M(256M) 0.031ms
[52.055s][info   ][gc,cpu        ] GC(835) User=0.00s Sys=0.00s Real=0.00s
[52.055s][info   ][gc,marking    ] GC(835) Concurrent Cleanup for Next Mark
[52.055s][info   ][gc,marking    ] GC(835) Concurrent Cleanup for Next Mark 0.144ms
[52.055s][info   ][gc            ] GC(835) Concurrent Cycle 3.028ms
[52.106s][info   ][gc,start      ] GC(836) Pause Young (Concurrent Start) (G1 Humongous Allocation)
[52.107s][info   ][gc,task       ] GC(836) Using 6 workers of 9 for evacuation
[52.108s][info   ][gc,phases     ] GC(836)   Pre Evacuate Collection Set: 0.1ms
[52.108s][info   ][gc,phases     ] GC(836)   Evacuate Collection Set: 0.6ms
[52.108s][info   ][gc,phases     ] GC(836)   Post Evacuate Collection Set: 0.1ms
[52.108s][info   ][gc,phases     ] GC(836)   Other: 0.3ms
[52.108s][info   ][gc,heap       ] GC(836) Eden regions: 0->0(16)
[52.108s][info   ][gc,heap       ] GC(836) Survivor regions: 0->0(2)
[52.108s][info   ][gc,heap       ] GC(836) Old regions: 1->1
[52.108s][info   ][gc,heap       ] GC(836) Archive regions: 0->0
[52.108s][info   ][gc,heap       ] GC(836) Humongous regions: 193->192
[52.108s][info   ][gc,metaspace  ] GC(836) Metaspace: 3424K(4864K)->3424K(4864K) NonClass: 3120K(4352K)->3120K(4352K) Class: 304K(512K)->304K(512K)
[52.108s][info   ][gc            ] GC(836) Pause Young (Concurrent Start) (G1 Humongous Allocation) 193M->192M(256M) 1.211ms
[52.108s][info   ][gc,cpu        ] GC(836) User=0.01s Sys=0.00s Real=0.00s
[52.108s][info   ][gc            ] GC(837) Concurrent Cycle
[52.108s][info   ][gc,marking    ] GC(837) Concurrent Clear Claimed Marks
[52.108s][info   ][gc,marking    ] GC(837) Concurrent Clear Claimed Marks 0.013ms
[52.108s][info   ][gc,marking    ] GC(837) Concurrent Scan Root Regions
[52.108s][info   ][gc,marking    ] GC(837) Concurrent Scan Root Regions 0.009ms
[52.108s][info   ][gc,marking    ] GC(837) Concurrent Mark (52.108s)
[52.108s][info   ][gc,marking    ] GC(837) Concurrent Mark From Roots
[52.108s][info   ][gc,task       ] GC(837) Using 2 workers of 2 for marking
[52.109s][info   ][gc,marking    ] GC(837) Concurrent Mark From Roots 1.450ms
[52.109s][info   ][gc,marking    ] GC(837) Concurrent Preclean
[52.109s][info   ][gc,marking    ] GC(837) Concurrent Preclean 0.026ms
[52.109s][info   ][gc,marking    ] GC(837) Concurrent Mark (52.108s, 52.109s) 1.511ms
[52.109s][info   ][gc,start      ] GC(837) Pause Remark
[52.110s][info   ][gc,stringtable] GC(837) Cleaned string and symbol table, strings: 1384 processed, 0 removed, symbols: 16327 processed, 0 removed
[52.110s][info   ][gc            ] GC(837) Pause Remark 193M->193M(256M) 0.349ms
[52.110s][info   ][gc,cpu        ] GC(837) User=0.00s Sys=0.00s Real=0.00s
[52.110s][info   ][gc,marking    ] GC(837) Concurrent Rebuild Remembered Sets
[52.110s][info   ][gc,marking    ] GC(837) Concurrent Rebuild Remembered Sets 0.413ms
[52.110s][info   ][gc,start      ] GC(837) Pause Cleanup
[52.110s][info   ][gc            ] GC(837) Pause Cleanup 193M->193M(256M) 0.032ms
[52.110s][info   ][gc,cpu        ] GC(837) User=0.00s Sys=0.00s Real=0.00s
[52.110s][info   ][gc,marking    ] GC(837) Concurrent Cleanup for Next Mark
[52.110s][info   ][gc,marking    ] GC(837) Concurrent Cleanup for Next Mark 0.133ms
[52.110s][info   ][gc            ] GC(837) Concurrent Cycle 2.667ms
[52.163s][info   ][gc,start      ] GC(838) Pause Young (Concurrent Start) (G1 Humongous Allocation)
[52.163s][info   ][gc,task       ] GC(838) Using 6 workers of 9 for evacuation
[52.164s][info   ][gc,phases     ] GC(838)   Pre Evacuate Collection Set: 0.1ms
[52.164s][info   ][gc,phases     ] GC(838)   Evacuate Collection Set: 0.4ms
[52.164s][info   ][gc,phases     ] GC(838)   Post Evacuate Collection Set: 0.1ms
[52.164s][info   ][gc,phases     ] GC(838)   Other: 0.3ms
[52.164s][info   ][gc,heap       ] GC(838) Eden regions: 0->0(16)
[52.164s][info   ][gc,heap       ] GC(838) Survivor regions: 0->0(2)
[52.164s][info   ][gc,heap       ] GC(838) Old regions: 1->1
[52.164s][info   ][gc,heap       ] GC(838) Archive regions: 0->0
[52.164s][info   ][gc,heap       ] GC(838) Humongous regions: 193->192
[52.164s][info   ][gc,metaspace  ] GC(838) Metaspace: 3424K(4864K)->3424K(4864K) NonClass: 3120K(4352K)->3120K(4352K) Class: 304K(512K)->304K(512K)
[52.164s][info   ][gc            ] GC(838) Pause Young (Concurrent Start) (G1 Humongous Allocation) 193M->192M(256M) 1.084ms
[52.164s][info   ][gc,cpu        ] GC(838) User=0.00s Sys=0.00s Real=0.00s
[52.164s][info   ][gc            ] GC(839) Concurrent Cycle
[52.164s][info   ][gc,marking    ] GC(839) Concurrent Clear Claimed Marks
[52.164s][info   ][gc,marking    ] GC(839) Concurrent Clear Claimed Marks 0.017ms
[52.165s][info   ][gc,marking    ] GC(839) Concurrent Scan Root Regions
[52.165s][info   ][gc,marking    ] GC(839) Concurrent Scan Root Regions 0.012ms
[52.165s][info   ][gc,marking    ] GC(839) Concurrent Mark (52.165s)
[52.165s][info   ][gc,marking    ] GC(839) Concurrent Mark From Roots
[52.165s][info   ][gc,task       ] GC(839) Using 2 workers of 2 for marking
[52.167s][info   ][gc,marking    ] GC(839) Concurrent Mark From Roots 2.117ms
[52.167s][info   ][gc,marking    ] GC(839) Concurrent Preclean
[52.167s][info   ][gc,marking    ] GC(839) Concurrent Preclean 0.036ms
[52.167s][info   ][gc,marking    ] GC(839) Concurrent Mark (52.165s, 52.167s) 2.204ms
[52.167s][info   ][gc,start      ] GC(839) Pause Remark
[52.168s][info   ][gc,stringtable] GC(839) Cleaned string and symbol table, strings: 1384 processed, 0 removed, symbols: 16327 processed, 0 removed
[52.168s][info   ][gc            ] GC(839) Pause Remark 193M->193M(256M) 1.137ms
[52.168s][info   ][gc,cpu        ] GC(839) User=0.00s Sys=0.00s Real=0.00s
[52.168s][info   ][gc,marking    ] GC(839) Concurrent Rebuild Remembered Sets
[52.169s][info   ][gc,marking    ] GC(839) Concurrent Rebuild Remembered Sets 0.641ms
[52.169s][info   ][gc,start      ] GC(839) Pause Cleanup
[52.169s][info   ][gc            ] GC(839) Pause Cleanup 193M->193M(256M) 0.105ms
[52.169s][info   ][gc,cpu        ] GC(839) User=0.01s Sys=0.00s Real=0.00s
[52.169s][info   ][gc,marking    ] GC(839) Concurrent Cleanup for Next Mark
[52.169s][info   ][gc,marking    ] GC(839) Concurrent Cleanup for Next Mark 0.214ms
[52.169s][info   ][gc            ] GC(839) Concurrent Cycle 4.710ms
[52.218s][info   ][gc,start      ] GC(840) Pause Young (Concurrent Start) (G1 Humongous Allocation)
[52.218s][info   ][gc,task       ] GC(840) Using 6 workers of 9 for evacuation
[52.218s][info   ][gc,phases     ] GC(840)   Pre Evacuate Collection Set: 0.2ms
[52.218s][info   ][gc,phases     ] GC(840)   Evacuate Collection Set: 0.3ms
[52.218s][info   ][gc,phases     ] GC(840)   Post Evacuate Collection Set: 0.1ms
[52.218s][info   ][gc,phases     ] GC(840)   Other: 0.3ms
[52.218s][info   ][gc,heap       ] GC(840) Eden regions: 0->0(16)
[52.218s][info   ][gc,heap       ] GC(840) Survivor regions: 0->0(2)
[52.218s][info   ][gc,heap       ] GC(840) Old regions: 1->1
[52.218s][info   ][gc,heap       ] GC(840) Archive regions: 0->0
[52.218s][info   ][gc,heap       ] GC(840) Humongous regions: 193->192
[52.218s][info   ][gc,metaspace  ] GC(840) Metaspace: 3424K(4864K)->3424K(4864K) NonClass: 3120K(4352K)->3120K(4352K) Class: 304K(512K)->304K(512K)
[52.218s][info   ][gc            ] GC(840) Pause Young (Concurrent Start) (G1 Humongous Allocation) 193M->192M(256M) 0.962ms
[52.218s][info   ][gc,cpu        ] GC(840) User=0.00s Sys=0.01s Real=0.00s
[52.219s][info   ][gc            ] GC(841) Concurrent Cycle
[52.219s][info   ][gc,marking    ] GC(841) Concurrent Clear Claimed Marks
[52.219s][info   ][gc,marking    ] GC(841) Concurrent Clear Claimed Marks 0.014ms
[52.219s][info   ][gc,marking    ] GC(841) Concurrent Scan Root Regions
[52.219s][info   ][gc,marking    ] GC(841) Concurrent Scan Root Regions 0.008ms
[52.219s][info   ][gc,marking    ] GC(841) Concurrent Mark (52.219s)
[52.219s][info   ][gc,marking    ] GC(841) Concurrent Mark From Roots
[52.219s][info   ][gc,task       ] GC(841) Using 2 workers of 2 for marking
[52.220s][info   ][gc,marking    ] GC(841) Concurrent Mark From Roots 1.071ms
[52.220s][info   ][gc,marking    ] GC(841) Concurrent Preclean
[52.220s][info   ][gc,marking    ] GC(841) Concurrent Preclean 0.017ms
[52.220s][info   ][gc,marking    ] GC(841) Concurrent Mark (52.219s, 52.220s) 1.132ms
[52.220s][info   ][gc,start      ] GC(841) Pause Remark
[52.220s][info   ][gc,stringtable] GC(841) Cleaned string and symbol table, strings: 1384 processed, 0 removed, symbols: 16327 processed, 0 removed
[52.220s][info   ][gc            ] GC(841) Pause Remark 193M->193M(256M) 0.449ms
[52.220s][info   ][gc,cpu        ] GC(841) User=0.00s Sys=0.00s Real=0.00s
[52.220s][info   ][gc,marking    ] GC(841) Concurrent Rebuild Remembered Sets
[52.221s][info   ][gc,marking    ] GC(841) Concurrent Rebuild Remembered Sets 0.382ms
[52.221s][info   ][gc,start      ] GC(841) Pause Cleanup
[52.221s][info   ][gc            ] GC(841) Pause Cleanup 193M->193M(256M) 0.086ms
[52.221s][info   ][gc,cpu        ] GC(841) User=0.00s Sys=0.00s Real=0.00s
[52.221s][info   ][gc,marking    ] GC(841) Concurrent Cleanup for Next Mark
[52.221s][info   ][gc,marking    ] GC(841) Concurrent Cleanup for Next Mark 0.193ms
[52.221s][info   ][gc            ] GC(841) Concurrent Cycle 2.556ms
[52.273s][info   ][gc,start      ] GC(842) Pause Young (Concurrent Start) (G1 Humongous Allocation)
[52.273s][info   ][gc,task       ] GC(842) Using 6 workers of 9 for evacuation
[52.273s][info   ][gc,phases     ] GC(842)   Pre Evacuate Collection Set: 0.0ms
[52.273s][info   ][gc,phases     ] GC(842)   Evacuate Collection Set: 0.1ms
[52.273s][info   ][gc,phases     ] GC(842)   Post Evacuate Collection Set: 0.1ms
[52.273s][info   ][gc,phases     ] GC(842)   Other: 0.1ms
[52.273s][info   ][gc,heap       ] GC(842) Eden regions: 0->0(16)
[52.273s][info   ][gc,heap       ] GC(842) Survivor regions: 0->0(2)
[52.273s][info   ][gc,heap       ] GC(842) Old regions: 1->1
[52.273s][info   ][gc,heap       ] GC(842) Archive regions: 0->0
[52.273s][info   ][gc,heap       ] GC(842) Humongous regions: 193->192
[52.273s][info   ][gc,metaspace  ] GC(842) Metaspace: 3424K(4864K)->3424K(4864K) NonClass: 3120K(4352K)->3120K(4352K) Class: 304K(512K)->304K(512K)
[52.273s][info   ][gc            ] GC(842) Pause Young (Concurrent Start) (G1 Humongous Allocation) 193M->192M(256M) 0.386ms
[52.273s][info   ][gc,cpu        ] GC(842) User=0.00s Sys=0.00s Real=0.00s
[52.273s][info   ][gc            ] GC(843) Concurrent Cycle
[52.273s][info   ][gc,marking    ] GC(843) Concurrent Clear Claimed Marks
[52.273s][info   ][gc,marking    ] GC(843) Concurrent Clear Claimed Marks 0.004ms
[52.273s][info   ][gc,marking    ] GC(843) Concurrent Scan Root Regions
[52.273s][info   ][gc,marking    ] GC(843) Concurrent Scan Root Regions 0.003ms
[52.273s][info   ][gc,marking    ] GC(843) Concurrent Mark (52.273s)
[52.273s][info   ][gc,marking    ] GC(843) Concurrent Mark From Roots
[52.273s][info   ][gc,task       ] GC(843) Using 2 workers of 2 for marking
[52.274s][info   ][gc,marking    ] GC(843) Concurrent Mark From Roots 0.547ms
[52.274s][info   ][gc,marking    ] GC(843) Concurrent Preclean
[52.274s][info   ][gc,marking    ] GC(843) Concurrent Preclean 0.015ms
[52.274s][info   ][gc,marking    ] GC(843) Concurrent Mark (52.273s, 52.274s) 0.574ms
[52.274s][info   ][gc,start      ] GC(843) Pause Remark
[52.274s][info   ][gc,stringtable] GC(843) Cleaned string and symbol table, strings: 1384 processed, 0 removed, symbols: 16327 processed, 0 removed
[52.274s][info   ][gc            ] GC(843) Pause Remark 193M->193M(256M) 0.358ms
[52.274s][info   ][gc,cpu        ] GC(843) User=0.00s Sys=0.00s Real=0.00s
[52.274s][info   ][gc,marking    ] GC(843) Concurrent Rebuild Remembered Sets
[52.274s][info   ][gc,marking    ] GC(843) Concurrent Rebuild Remembered Sets 0.412ms
[52.275s][info   ][gc,start      ] GC(843) Pause Cleanup
[52.275s][info   ][gc            ] GC(843) Pause Cleanup 193M->193M(256M) 0.070ms
[52.275s][info   ][gc,cpu        ] GC(843) User=0.00s Sys=0.00s Real=0.00s
[52.275s][info   ][gc,marking    ] GC(843) Concurrent Cleanup for Next Mark
[52.275s][info   ][gc,marking    ] GC(843) Concurrent Cleanup for Next Mark 0.176ms
[52.275s][info   ][gc            ] GC(843) Concurrent Cycle 1.814ms
[52.328s][info   ][gc,start      ] GC(844) Pause Young (Concurrent Start) (G1 Humongous Allocation)
[52.329s][info   ][gc,task       ] GC(844) Using 6 workers of 9 for evacuation
[52.329s][info   ][gc,phases     ] GC(844)   Pre Evacuate Collection Set: 0.1ms
[52.329s][info   ][gc,phases     ] GC(844)   Evacuate Collection Set: 0.3ms
[52.329s][info   ][gc,phases     ] GC(844)   Post Evacuate Collection Set: 0.1ms
[52.329s][info   ][gc,phases     ] GC(844)   Other: 0.3ms
[52.329s][info   ][gc,heap       ] GC(844) Eden regions: 0->0(16)
[52.329s][info   ][gc,heap       ] GC(844) Survivor regions: 0->0(2)
[52.329s][info   ][gc,heap       ] GC(844) Old regions: 1->1
[52.329s][info   ][gc,heap       ] GC(844) Archive regions: 0->0
[52.329s][info   ][gc,heap       ] GC(844) Humongous regions: 193->192
[52.329s][info   ][gc,metaspace  ] GC(844) Metaspace: 3424K(4864K)->3424K(4864K) NonClass: 3120K(4352K)->3120K(4352K) Class: 304K(512K)->304K(512K)
[52.329s][info   ][gc            ] GC(844) Pause Young (Concurrent Start) (G1 Humongous Allocation) 193M->192M(256M) 0.870ms
[52.329s][info   ][gc,cpu        ] GC(844) User=0.00s Sys=0.00s Real=0.01s
[52.329s][info   ][gc            ] GC(845) Concurrent Cycle
[52.329s][info   ][gc,marking    ] GC(845) Concurrent Clear Claimed Marks
[52.329s][info   ][gc,marking    ] GC(845) Concurrent Clear Claimed Marks 0.011ms
[52.329s][info   ][gc,marking    ] GC(845) Concurrent Scan Root Regions
[52.329s][info   ][gc,marking    ] GC(845) Concurrent Scan Root Regions 0.009ms
[52.329s][info   ][gc,marking    ] GC(845) Concurrent Mark (52.329s)
[52.329s][info   ][gc,marking    ] GC(845) Concurrent Mark From Roots
[52.329s][info   ][gc,task       ] GC(845) Using 2 workers of 2 for marking
[52.331s][info   ][gc,marking    ] GC(845) Concurrent Mark From Roots 1.729ms
[52.331s][info   ][gc,marking    ] GC(845) Concurrent Preclean
[52.331s][info   ][gc,marking    ] GC(845) Concurrent Preclean 0.033ms
[52.331s][info   ][gc,marking    ] GC(845) Concurrent Mark (52.329s, 52.331s) 1.819ms
[52.331s][info   ][gc,start      ] GC(845) Pause Remark
[52.332s][info   ][gc,stringtable] GC(845) Cleaned string and symbol table, strings: 1384 processed, 0 removed, symbols: 16327 processed, 0 removed
[52.332s][info   ][gc            ] GC(845) Pause Remark 193M->193M(256M) 0.566ms
[52.332s][info   ][gc,cpu        ] GC(845) User=0.00s Sys=0.00s Real=0.00s
[52.332s][info   ][gc,marking    ] GC(845) Concurrent Rebuild Remembered Sets
[52.332s][info   ][gc,marking    ] GC(845) Concurrent Rebuild Remembered Sets 0.413ms
[52.332s][info   ][gc,start      ] GC(845) Pause Cleanup
[52.332s][info   ][gc            ] GC(845) Pause Cleanup 193M->193M(256M) 0.033ms
[52.333s][info   ][gc,cpu        ] GC(845) User=0.00s Sys=0.00s Real=0.00s
[52.333s][info   ][gc,marking    ] GC(845) Concurrent Cleanup for Next Mark
[52.333s][info   ][gc,marking    ] GC(845) Concurrent Cleanup for Next Mark 0.166ms
[52.333s][info   ][gc            ] GC(845) Concurrent Cycle 3.308ms
[52.384s][info   ][gc,start      ] GC(846) Pause Young (Concurrent Start) (G1 Humongous Allocation)
[52.384s][info   ][gc,task       ] GC(846) Using 6 workers of 9 for evacuation
[52.387s][info   ][gc,phases     ] GC(846)   Pre Evacuate Collection Set: 0.1ms
[52.387s][info   ][gc,phases     ] GC(846)   Evacuate Collection Set: 0.6ms
[52.387s][info   ][gc,phases     ] GC(846)   Post Evacuate Collection Set: 2.1ms
[52.387s][info   ][gc,phases     ] GC(846)   Other: 0.4ms
[52.387s][info   ][gc,heap       ] GC(846) Eden regions: 0->0(16)
[52.387s][info   ][gc,heap       ] GC(846) Survivor regions: 0->0(2)
[52.387s][info   ][gc,heap       ] GC(846) Old regions: 1->1
[52.387s][info   ][gc,heap       ] GC(846) Archive regions: 0->0
[52.387s][info   ][gc,heap       ] GC(846) Humongous regions: 193->192
[52.387s][info   ][gc,metaspace  ] GC(846) Metaspace: 3424K(4864K)->3424K(4864K) NonClass: 3120K(4352K)->3120K(4352K) Class: 304K(512K)->304K(512K)
[52.387s][info   ][gc            ] GC(846) Pause Young (Concurrent Start) (G1 Humongous Allocation) 193M->192M(256M) 3.377ms
[52.387s][info   ][gc,cpu        ] GC(846) User=0.00s Sys=0.00s Real=0.00s
[52.387s][info   ][gc            ] GC(847) Concurrent Cycle
[52.387s][info   ][gc,marking    ] GC(847) Concurrent Clear Claimed Marks
[52.387s][info   ][gc,marking    ] GC(847) Concurrent Clear Claimed Marks 0.013ms
[52.387s][info   ][gc,marking    ] GC(847) Concurrent Scan Root Regions
[52.387s][info   ][gc,marking    ] GC(847) Concurrent Scan Root Regions 0.009ms
[52.387s][info   ][gc,marking    ] GC(847) Concurrent Mark (52.387s)
[52.387s][info   ][gc,marking    ] GC(847) Concurrent Mark From Roots
[52.387s][info   ][gc,task       ] GC(847) Using 2 workers of 2 for marking
[52.389s][info   ][gc,marking    ] GC(847) Concurrent Mark From Roots 1.648ms
[52.389s][info   ][gc,marking    ] GC(847) Concurrent Preclean
[52.389s][info   ][gc,marking    ] GC(847) Concurrent Preclean 0.034ms
[52.389s][info   ][gc,marking    ] GC(847) Concurrent Mark (52.387s, 52.389s) 1.721ms
[52.389s][info   ][gc,start      ] GC(847) Pause Remark
[52.389s][info   ][gc,stringtable] GC(847) Cleaned string and symbol table, strings: 1384 processed, 0 removed, symbols: 16327 processed, 0 removed
[52.390s][info   ][gc            ] GC(847) Pause Remark 195M->195M(256M) 0.346ms
[52.390s][info   ][gc,cpu        ] GC(847) User=0.00s Sys=0.00s Real=0.00s
[52.390s][info   ][gc,marking    ] GC(847) Concurrent Rebuild Remembered Sets
[52.390s][info   ][gc,marking    ] GC(847) Concurrent Rebuild Remembered Sets 0.409ms
[52.390s][info   ][gc,start      ] GC(847) Pause Cleanup
[52.390s][info   ][gc            ] GC(847) Pause Cleanup 195M->195M(256M) 0.030ms
[52.390s][info   ][gc,cpu        ] GC(847) User=0.00s Sys=0.00s Real=0.00s
[52.390s][info   ][gc,marking    ] GC(847) Concurrent Cleanup for Next Mark
[52.390s][info   ][gc,marking    ] GC(847) Concurrent Cleanup for Next Mark 0.179ms
[52.390s][info   ][gc            ] GC(847) Concurrent Cycle 3.023ms
[52.440s][info   ][gc,start      ] GC(848) Pause Young (Concurrent Start) (G1 Humongous Allocation)
[52.440s][info   ][gc,task       ] GC(848) Using 6 workers of 9 for evacuation
[52.440s][info   ][gc,phases     ] GC(848)   Pre Evacuate Collection Set: 0.1ms
[52.440s][info   ][gc,phases     ] GC(848)   Evacuate Collection Set: 0.3ms
[52.440s][info   ][gc,phases     ] GC(848)   Post Evacuate Collection Set: 0.1ms
[52.440s][info   ][gc,phases     ] GC(848)   Other: 0.4ms
[52.440s][info   ][gc,heap       ] GC(848) Eden regions: 0->0(16)
[52.440s][info   ][gc,heap       ] GC(848) Survivor regions: 0->0(2)
[52.441s][info   ][gc,heap       ] GC(848) Old regions: 1->1
[52.441s][info   ][gc,heap       ] GC(848) Archive regions: 0->0
[52.441s][info   ][gc,heap       ] GC(848) Humongous regions: 195->194
[52.441s][info   ][gc,metaspace  ] GC(848) Metaspace: 3424K(4864K)->3424K(4864K) NonClass: 3120K(4352K)->3120K(4352K) Class: 304K(512K)->304K(512K)
[52.441s][info   ][gc            ] GC(848) Pause Young (Concurrent Start) (G1 Humongous Allocation) 195M->194M(256M) 1.072ms
[52.441s][info   ][gc,cpu        ] GC(848) User=0.00s Sys=0.00s Real=0.00s
[52.441s][info   ][gc            ] GC(849) Concurrent Cycle
[52.441s][info   ][gc,marking    ] GC(849) Concurrent Clear Claimed Marks
[52.441s][info   ][gc,marking    ] GC(849) Concurrent Clear Claimed Marks 0.010ms
[52.441s][info   ][gc,marking    ] GC(849) Concurrent Scan Root Regions
[52.441s][info   ][gc,marking    ] GC(849) Concurrent Scan Root Regions 0.009ms
[52.441s][info   ][gc,marking    ] GC(849) Concurrent Mark (52.441s)
[52.441s][info   ][gc,marking    ] GC(849) Concurrent Mark From Roots
[52.441s][info   ][gc,task       ] GC(849) Using 2 workers of 2 for marking
[52.442s][info   ][gc,marking    ] GC(849) Concurrent Mark From Roots 1.282ms
[52.442s][info   ][gc,marking    ] GC(849) Concurrent Preclean
[52.442s][info   ][gc,marking    ] GC(849) Concurrent Preclean 0.011ms
[52.442s][info   ][gc,marking    ] GC(849) Concurrent Mark (52.441s, 52.442s) 1.317ms
[52.442s][info   ][gc,start      ] GC(849) Pause Remark
[52.442s][info   ][gc,stringtable] GC(849) Cleaned string and symbol table, strings: 1384 processed, 0 removed, symbols: 16327 processed, 0 removed
[52.442s][info   ][gc            ] GC(849) Pause Remark 195M->195M(256M) 0.385ms
[52.443s][info   ][gc,cpu        ] GC(849) User=0.00s Sys=0.00s Real=0.00s
[52.443s][info   ][gc,marking    ] GC(849) Concurrent Rebuild Remembered Sets
[52.443s][info   ][gc,marking    ] GC(849) Concurrent Rebuild Remembered Sets 0.407ms
[52.443s][info   ][gc,start      ] GC(849) Pause Cleanup
[52.443s][info   ][gc            ] GC(849) Pause Cleanup 195M->195M(256M) 0.060ms
[52.443s][info   ][gc,cpu        ] GC(849) User=0.00s Sys=0.00s Real=0.00s
[52.443s][info   ][gc,marking    ] GC(849) Concurrent Cleanup for Next Mark
[52.443s][info   ][gc,marking    ] GC(849) Concurrent Cleanup for Next Mark 0.170ms
[52.443s][info   ][gc            ] GC(849) Concurrent Cycle 2.586ms
[52.496s][info   ][gc,start      ] GC(850) Pause Young (Concurrent Start) (G1 Humongous Allocation)
[52.496s][info   ][gc,task       ] GC(850) Using 6 workers of 9 for evacuation
[52.496s][info   ][gc,phases     ] GC(850)   Pre Evacuate Collection Set: 0.1ms
[52.496s][info   ][gc,phases     ] GC(850)   Evacuate Collection Set: 0.2ms
[52.496s][info   ][gc,phases     ] GC(850)   Post Evacuate Collection Set: 0.1ms
[52.496s][info   ][gc,phases     ] GC(850)   Other: 0.2ms
[52.496s][info   ][gc,heap       ] GC(850) Eden regions: 0->0(16)
[52.496s][info   ][gc,heap       ] GC(850) Survivor regions: 0->0(2)
[52.496s][info   ][gc,heap       ] GC(850) Old regions: 1->1
[52.496s][info   ][gc,heap       ] GC(850) Archive regions: 0->0
[52.496s][info   ][gc,heap       ] GC(850) Humongous regions: 195->194
[52.496s][info   ][gc,metaspace  ] GC(850) Metaspace: 3424K(4864K)->3424K(4864K) NonClass: 3120K(4352K)->3120K(4352K) Class: 304K(512K)->304K(512K)
[52.496s][info   ][gc            ] GC(850) Pause Young (Concurrent Start) (G1 Humongous Allocation) 195M->194M(256M) 0.691ms
[52.496s][info   ][gc,cpu        ] GC(850) User=0.00s Sys=0.00s Real=0.00s
[52.496s][info   ][gc            ] GC(851) Concurrent Cycle
[52.496s][info   ][gc,marking    ] GC(851) Concurrent Clear Claimed Marks
[52.496s][info   ][gc,marking    ] GC(851) Concurrent Clear Claimed Marks 0.009ms
[52.496s][info   ][gc,marking    ] GC(851) Concurrent Scan Root Regions
[52.496s][info   ][gc,marking    ] GC(851) Concurrent Scan Root Regions 0.007ms
[52.496s][info   ][gc,marking    ] GC(851) Concurrent Mark (52.496s)
[52.496s][info   ][gc,marking    ] GC(851) Concurrent Mark From Roots
[52.496s][info   ][gc,task       ] GC(851) Using 2 workers of 2 for marking
[52.498s][info   ][gc,marking    ] GC(851) Concurrent Mark From Roots 1.393ms
[52.498s][info   ][gc,marking    ] GC(851) Concurrent Preclean
[52.498s][info   ][gc,marking    ] GC(851) Concurrent Preclean 0.049ms
[52.498s][info   ][gc,marking    ] GC(851) Concurrent Mark (52.496s, 52.498s) 1.482ms
[52.498s][info   ][gc,start      ] GC(851) Pause Remark
[52.499s][info   ][gc,stringtable] GC(851) Cleaned string and symbol table, strings: 1384 processed, 0 removed, symbols: 16327 processed, 0 removed
[52.500s][info   ][gc            ] GC(851) Pause Remark 195M->195M(256M) 1.645ms
[52.500s][info   ][gc,cpu        ] GC(851) User=0.00s Sys=0.00s Real=0.01s
[52.500s][info   ][gc,marking    ] GC(851) Concurrent Rebuild Remembered Sets
[52.500s][info   ][gc,marking    ] GC(851) Concurrent Rebuild Remembered Sets 0.829ms
[52.501s][info   ][gc,start      ] GC(851) Pause Cleanup
[52.501s][info   ][gc            ] GC(851) Pause Cleanup 195M->195M(256M) 0.062ms
[52.501s][info   ][gc,cpu        ] GC(851) User=0.00s Sys=0.00s Real=0.00s
[52.501s][info   ][gc,marking    ] GC(851) Concurrent Cleanup for Next Mark
[52.501s][info   ][gc,marking    ] GC(851) Concurrent Cleanup for Next Mark 0.129ms
[52.501s][info   ][gc            ] GC(851) Concurrent Cycle 4.508ms
[52.551s][info   ][gc,start      ] GC(852) Pause Young (Concurrent Start) (G1 Humongous Allocation)
[52.551s][info   ][gc,task       ] GC(852) Using 6 workers of 9 for evacuation
[52.551s][info   ][gc,phases     ] GC(852)   Pre Evacuate Collection Set: 0.1ms
[52.552s][info   ][gc,phases     ] GC(852)   Evacuate Collection Set: 0.4ms
[52.552s][info   ][gc,phases     ] GC(852)   Post Evacuate Collection Set: 0.1ms
[52.552s][info   ][gc,phases     ] GC(852)   Other: 0.3ms
[52.552s][info   ][gc,heap       ] GC(852) Eden regions: 0->0(16)
[52.552s][info   ][gc,heap       ] GC(852) Survivor regions: 0->0(2)
[52.552s][info   ][gc,heap       ] GC(852) Old regions: 1->1
[52.552s][info   ][gc,heap       ] GC(852) Archive regions: 0->0
[52.552s][info   ][gc,heap       ] GC(852) Humongous regions: 195->194
[52.552s][info   ][gc,metaspace  ] GC(852) Metaspace: 3424K(4864K)->3424K(4864K) NonClass: 3120K(4352K)->3120K(4352K) Class: 304K(512K)->304K(512K)
[52.552s][info   ][gc            ] GC(852) Pause Young (Concurrent Start) (G1 Humongous Allocation) 195M->194M(256M) 1.146ms
[52.552s][info   ][gc,cpu        ] GC(852) User=0.00s Sys=0.00s Real=0.00s
[52.552s][info   ][gc            ] GC(853) Concurrent Cycle
[52.552s][info   ][gc,marking    ] GC(853) Concurrent Clear Claimed Marks
[52.552s][info   ][gc,marking    ] GC(853) Concurrent Clear Claimed Marks 0.020ms
[52.552s][info   ][gc,marking    ] GC(853) Concurrent Scan Root Regions
[52.552s][info   ][gc,marking    ] GC(853) Concurrent Scan Root Regions 0.026ms
[52.552s][info   ][gc,marking    ] GC(853) Concurrent Mark (52.552s)
[52.552s][info   ][gc,marking    ] GC(853) Concurrent Mark From Roots
[52.552s][info   ][gc,task       ] GC(853) Using 2 workers of 2 for marking
[52.554s][info   ][gc,marking    ] GC(853) Concurrent Mark From Roots 1.697ms
[52.554s][info   ][gc,marking    ] GC(853) Concurrent Preclean
[52.554s][info   ][gc,marking    ] GC(853) Concurrent Preclean 0.020ms
[52.554s][info   ][gc,marking    ] GC(853) Concurrent Mark (52.552s, 52.554s) 1.758ms
[52.554s][info   ][gc,start      ] GC(853) Pause Remark
[52.554s][info   ][gc,stringtable] GC(853) Cleaned string and symbol table, strings: 1384 processed, 0 removed, symbols: 16327 processed, 0 removed
[52.554s][info   ][gc            ] GC(853) Pause Remark 195M->195M(256M) 0.381ms
[52.554s][info   ][gc,cpu        ] GC(853) User=0.00s Sys=0.00s Real=0.00s
[52.554s][info   ][gc,marking    ] GC(853) Concurrent Rebuild Remembered Sets
[52.555s][info   ][gc,marking    ] GC(853) Concurrent Rebuild Remembered Sets 1.022ms
[52.555s][info   ][gc,start      ] GC(853) Pause Cleanup
[52.555s][info   ][gc            ] GC(853) Pause Cleanup 195M->195M(256M) 0.080ms
[52.555s][info   ][gc,cpu        ] GC(853) User=0.00s Sys=0.00s Real=0.00s
[52.555s][info   ][gc,marking    ] GC(853) Concurrent Cleanup for Next Mark
[52.556s][info   ][gc,marking    ] GC(853) Concurrent Cleanup for Next Mark 0.185ms
[52.556s][info   ][gc            ] GC(853) Concurrent Cycle 3.806ms
[52.602s][info   ][gc,start      ] GC(854) Pause Young (Concurrent Start) (G1 Humongous Allocation)
[52.602s][info   ][gc,task       ] GC(854) Using 6 workers of 9 for evacuation
[52.603s][info   ][gc,phases     ] GC(854)   Pre Evacuate Collection Set: 0.1ms
[52.603s][info   ][gc,phases     ] GC(854)   Evacuate Collection Set: 0.4ms
[52.603s][info   ][gc,phases     ] GC(854)   Post Evacuate Collection Set: 0.1ms
[52.603s][info   ][gc,phases     ] GC(854)   Other: 0.3ms
[52.603s][info   ][gc,heap       ] GC(854) Eden regions: 0->0(16)
[52.603s][info   ][gc,heap       ] GC(854) Survivor regions: 0->0(2)
[52.603s][info   ][gc,heap       ] GC(854) Old regions: 1->1
[52.603s][info   ][gc,heap       ] GC(854) Archive regions: 0->0
[52.603s][info   ][gc,heap       ] GC(854) Humongous regions: 195->194
[52.603s][info   ][gc,metaspace  ] GC(854) Metaspace: 3424K(4864K)->3424K(4864K) NonClass: 3120K(4352K)->3120K(4352K) Class: 304K(512K)->304K(512K)
[52.603s][info   ][gc            ] GC(854) Pause Young (Concurrent Start) (G1 Humongous Allocation) 195M->194M(256M) 1.071ms
[52.603s][info   ][gc,cpu        ] GC(854) User=0.00s Sys=0.00s Real=0.00s
[52.603s][info   ][gc            ] GC(855) Concurrent Cycle
[52.604s][info   ][gc,marking    ] GC(855) Concurrent Clear Claimed Marks
[52.604s][info   ][gc,marking    ] GC(855) Concurrent Clear Claimed Marks 0.026ms
[52.604s][info   ][gc,marking    ] GC(855) Concurrent Scan Root Regions
[52.604s][info   ][gc,marking    ] GC(855) Concurrent Scan Root Regions 0.019ms
[52.604s][info   ][gc,marking    ] GC(855) Concurrent Mark (52.604s)
[52.604s][info   ][gc,marking    ] GC(855) Concurrent Mark From Roots
[52.604s][info   ][gc,task       ] GC(855) Using 2 workers of 2 for marking
[52.605s][info   ][gc,marking    ] GC(855) Concurrent Mark From Roots 1.876ms
[52.606s][info   ][gc,marking    ] GC(855) Concurrent Preclean
[52.606s][info   ][gc,marking    ] GC(855) Concurrent Preclean 0.036ms
[52.606s][info   ][gc,marking    ] GC(855) Concurrent Mark (52.604s, 52.606s) 1.961ms
[52.606s][info   ][gc,start      ] GC(855) Pause Remark
[52.606s][info   ][gc,stringtable] GC(855) Cleaned string and symbol table, strings: 1384 processed, 0 removed, symbols: 16327 processed, 0 removed
[52.606s][info   ][gc            ] GC(855) Pause Remark 195M->195M(256M) 0.762ms
[52.606s][info   ][gc,cpu        ] GC(855) User=0.00s Sys=0.00s Real=0.00s
[52.606s][info   ][gc,marking    ] GC(855) Concurrent Rebuild Remembered Sets
[52.607s][info   ][gc,marking    ] GC(855) Concurrent Rebuild Remembered Sets 1.008ms
[52.608s][info   ][gc,start      ] GC(855) Pause Cleanup
[52.608s][info   ][gc            ] GC(855) Pause Cleanup 195M->195M(256M) 0.075ms
[52.608s][info   ][gc,cpu        ] GC(855) User=0.00s Sys=0.00s Real=0.00s
[52.608s][info   ][gc,marking    ] GC(855) Concurrent Cleanup for Next Mark
[52.608s][info   ][gc,marking    ] GC(855) Concurrent Cleanup for Next Mark 0.173ms
[52.608s][info   ][gc            ] GC(855) Concurrent Cycle 4.366ms
[52.658s][info   ][gc,start      ] GC(856) Pause Young (Concurrent Start) (G1 Humongous Allocation)
[52.658s][info   ][gc,task       ] GC(856) Using 6 workers of 9 for evacuation
[52.659s][info   ][gc,phases     ] GC(856)   Pre Evacuate Collection Set: 0.1ms
[52.659s][info   ][gc,phases     ] GC(856)   Evacuate Collection Set: 0.7ms
[52.659s][info   ][gc,phases     ] GC(856)   Post Evacuate Collection Set: 0.1ms
[52.659s][info   ][gc,phases     ] GC(856)   Other: 0.3ms
[52.659s][info   ][gc,heap       ] GC(856) Eden regions: 0->0(16)
[52.659s][info   ][gc,heap       ] GC(856) Survivor regions: 0->0(2)
[52.659s][info   ][gc,heap       ] GC(856) Old regions: 1->1
[52.659s][info   ][gc,heap       ] GC(856) Archive regions: 0->0
[52.659s][info   ][gc,heap       ] GC(856) Humongous regions: 195->194
[52.659s][info   ][gc,metaspace  ] GC(856) Metaspace: 3424K(4864K)->3424K(4864K) NonClass: 3120K(4352K)->3120K(4352K) Class: 304K(512K)->304K(512K)
[52.659s][info   ][gc            ] GC(856) Pause Young (Concurrent Start) (G1 Humongous Allocation) 195M->194M(256M) 1.342ms
[52.659s][info   ][gc,cpu        ] GC(856) User=0.00s Sys=0.01s Real=0.00s
[52.659s][info   ][gc            ] GC(857) Concurrent Cycle
[52.659s][info   ][gc,marking    ] GC(857) Concurrent Clear Claimed Marks
[52.659s][info   ][gc,marking    ] GC(857) Concurrent Clear Claimed Marks 0.145ms
[52.659s][info   ][gc,marking    ] GC(857) Concurrent Scan Root Regions
[52.659s][info   ][gc,marking    ] GC(857) Concurrent Scan Root Regions 0.009ms
[52.659s][info   ][gc,marking    ] GC(857) Concurrent Mark (52.659s)
[52.659s][info   ][gc,marking    ] GC(857) Concurrent Mark From Roots
[52.659s][info   ][gc,task       ] GC(857) Using 2 workers of 2 for marking
[52.661s][info   ][gc,marking    ] GC(857) Concurrent Mark From Roots 1.383ms
[52.661s][info   ][gc,marking    ] GC(857) Concurrent Preclean
[52.661s][info   ][gc,marking    ] GC(857) Concurrent Preclean 0.032ms
[52.661s][info   ][gc,marking    ] GC(857) Concurrent Mark (52.659s, 52.661s) 1.448ms
[52.661s][info   ][gc,start      ] GC(857) Pause Remark
[52.661s][info   ][gc,stringtable] GC(857) Cleaned string and symbol table, strings: 1384 processed, 0 removed, symbols: 16327 processed, 0 removed
[52.661s][info   ][gc            ] GC(857) Pause Remark 195M->195M(256M) 0.802ms
[52.662s][info   ][gc,cpu        ] GC(857) User=0.00s Sys=0.00s Real=0.00s
[52.662s][info   ][gc,marking    ] GC(857) Concurrent Rebuild Remembered Sets
[52.663s][info   ][gc,marking    ] GC(857) Concurrent Rebuild Remembered Sets 1.033ms
[52.663s][info   ][gc,start      ] GC(857) Pause Cleanup
[52.663s][info   ][gc            ] GC(857) Pause Cleanup 195M->195M(256M) 0.100ms
[52.663s][info   ][gc,cpu        ] GC(857) User=0.00s Sys=0.00s Real=0.00s
[52.663s][info   ][gc,marking    ] GC(857) Concurrent Cleanup for Next Mark
[52.663s][info   ][gc,marking    ] GC(857) Concurrent Cleanup for Next Mark 0.320ms
[52.663s][info   ][gc            ] GC(857) Concurrent Cycle 4.192ms
[52.714s][info   ][gc,start      ] GC(858) Pause Young (Concurrent Start) (G1 Humongous Allocation)
[52.714s][info   ][gc,task       ] GC(858) Using 6 workers of 9 for evacuation
[52.715s][info   ][gc,phases     ] GC(858)   Pre Evacuate Collection Set: 0.1ms
[52.715s][info   ][gc,phases     ] GC(858)   Evacuate Collection Set: 0.4ms
[52.715s][info   ][gc,phases     ] GC(858)   Post Evacuate Collection Set: 0.1ms
[52.715s][info   ][gc,phases     ] GC(858)   Other: 0.4ms
[52.715s][info   ][gc,heap       ] GC(858) Eden regions: 0->0(16)
[52.715s][info   ][gc,heap       ] GC(858) Survivor regions: 0->0(2)
[52.715s][info   ][gc,heap       ] GC(858) Old regions: 1->1
[52.715s][info   ][gc,heap       ] GC(858) Archive regions: 0->0
[52.715s][info   ][gc,heap       ] GC(858) Humongous regions: 195->194
[52.715s][info   ][gc,metaspace  ] GC(858) Metaspace: 3424K(4864K)->3424K(4864K) NonClass: 3120K(4352K)->3120K(4352K) Class: 304K(512K)->304K(512K)
[52.715s][info   ][gc            ] GC(858) Pause Young (Concurrent Start) (G1 Humongous Allocation) 195M->194M(256M) 1.210ms
[52.715s][info   ][gc,cpu        ] GC(858) User=0.00s Sys=0.00s Real=0.00s
[52.716s][info   ][gc            ] GC(859) Concurrent Cycle
[52.716s][info   ][gc,marking    ] GC(859) Concurrent Clear Claimed Marks
[52.716s][info   ][gc,marking    ] GC(859) Concurrent Clear Claimed Marks 0.016ms
[52.716s][info   ][gc,marking    ] GC(859) Concurrent Scan Root Regions
[52.716s][info   ][gc,marking    ] GC(859) Concurrent Scan Root Regions 0.012ms
[52.716s][info   ][gc,marking    ] GC(859) Concurrent Mark (52.716s)
[52.716s][info   ][gc,marking    ] GC(859) Concurrent Mark From Roots
[52.716s][info   ][gc,task       ] GC(859) Using 2 workers of 2 for marking
[52.717s][info   ][gc,marking    ] GC(859) Concurrent Mark From Roots 1.642ms
[52.717s][info   ][gc,marking    ] GC(859) Concurrent Preclean
[52.717s][info   ][gc,marking    ] GC(859) Concurrent Preclean 0.042ms
[52.717s][info   ][gc,marking    ] GC(859) Concurrent Mark (52.716s, 52.717s) 1.742ms
[52.717s][info   ][gc,start      ] GC(859) Pause Remark
[52.718s][info   ][gc,stringtable] GC(859) Cleaned string and symbol table, strings: 1384 processed, 0 removed, symbols: 16327 processed, 0 removed
[52.718s][info   ][gc            ] GC(859) Pause Remark 195M->195M(256M) 0.669ms
[52.718s][info   ][gc,cpu        ] GC(859) User=0.00s Sys=0.00s Real=0.00s
[52.718s][info   ][gc,marking    ] GC(859) Concurrent Rebuild Remembered Sets
[52.719s][info   ][gc,marking    ] GC(859) Concurrent Rebuild Remembered Sets 1.079ms
[52.719s][info   ][gc,start      ] GC(859) Pause Cleanup
[52.719s][info   ][gc            ] GC(859) Pause Cleanup 195M->195M(256M) 0.091ms
[52.719s][info   ][gc,cpu        ] GC(859) User=0.00s Sys=0.00s Real=0.00s
[52.719s][info   ][gc,marking    ] GC(859) Concurrent Cleanup for Next Mark
[52.720s][info   ][gc,marking    ] GC(859) Concurrent Cleanup for Next Mark 0.275ms
[52.720s][info   ][gc            ] GC(859) Concurrent Cycle 4.242ms
[52.767s][info   ][gc,start      ] GC(860) Pause Young (Concurrent Start) (G1 Humongous Allocation)
[52.767s][info   ][gc,task       ] GC(860) Using 6 workers of 9 for evacuation
[52.767s][info   ][gc,phases     ] GC(860)   Pre Evacuate Collection Set: 0.1ms
[52.767s][info   ][gc,phases     ] GC(860)   Evacuate Collection Set: 0.1ms
[52.767s][info   ][gc,phases     ] GC(860)   Post Evacuate Collection Set: 0.1ms
[52.767s][info   ][gc,phases     ] GC(860)   Other: 0.1ms
[52.767s][info   ][gc,heap       ] GC(860) Eden regions: 0->0(16)
[52.767s][info   ][gc,heap       ] GC(860) Survivor regions: 0->0(2)
[52.767s][info   ][gc,heap       ] GC(860) Old regions: 1->1
[52.767s][info   ][gc,heap       ] GC(860) Archive regions: 0->0
[52.767s][info   ][gc,heap       ] GC(860) Humongous regions: 195->194
[52.767s][info   ][gc,metaspace  ] GC(860) Metaspace: 3424K(4864K)->3424K(4864K) NonClass: 3120K(4352K)->3120K(4352K) Class: 304K(512K)->304K(512K)
[52.767s][info   ][gc            ] GC(860) Pause Young (Concurrent Start) (G1 Humongous Allocation) 195M->194M(256M) 0.581ms
[52.767s][info   ][gc,cpu        ] GC(860) User=0.00s Sys=0.00s Real=0.00s
[52.767s][info   ][gc            ] GC(861) Concurrent Cycle
[52.767s][info   ][gc,marking    ] GC(861) Concurrent Clear Claimed Marks
[52.767s][info   ][gc,marking    ] GC(861) Concurrent Clear Claimed Marks 0.008ms
[52.767s][info   ][gc,marking    ] GC(861) Concurrent Scan Root Regions
[52.767s][info   ][gc,marking    ] GC(861) Concurrent Scan Root Regions 0.008ms
[52.767s][info   ][gc,marking    ] GC(861) Concurrent Mark (52.767s)
[52.767s][info   ][gc,marking    ] GC(861) Concurrent Mark From Roots
[52.767s][info   ][gc,task       ] GC(861) Using 2 workers of 2 for marking
[52.769s][info   ][gc,marking    ] GC(861) Concurrent Mark From Roots 1.440ms
[52.769s][info   ][gc,marking    ] GC(861) Concurrent Preclean
[52.769s][info   ][gc,marking    ] GC(861) Concurrent Preclean 0.029ms
[52.769s][info   ][gc,marking    ] GC(861) Concurrent Mark (52.767s, 52.769s) 1.502ms
[52.769s][info   ][gc,start      ] GC(861) Pause Remark
[52.769s][info   ][gc,stringtable] GC(861) Cleaned string and symbol table, strings: 1384 processed, 0 removed, symbols: 16327 processed, 0 removed
[52.769s][info   ][gc            ] GC(861) Pause Remark 195M->195M(256M) 0.499ms
[52.769s][info   ][gc,cpu        ] GC(861) User=0.01s Sys=0.00s Real=0.01s
[52.769s][info   ][gc,marking    ] GC(861) Concurrent Rebuild Remembered Sets
[52.770s][info   ][gc,marking    ] GC(861) Concurrent Rebuild Remembered Sets 0.838ms
[52.770s][info   ][gc,start      ] GC(861) Pause Cleanup
[52.770s][info   ][gc            ] GC(861) Pause Cleanup 195M->195M(256M) 0.099ms
[52.770s][info   ][gc,cpu        ] GC(861) User=0.00s Sys=0.00s Real=0.00s
[52.770s][info   ][gc,marking    ] GC(861) Concurrent Cleanup for Next Mark
[52.771s][info   ][gc,marking    ] GC(861) Concurrent Cleanup for Next Mark 0.291ms
[52.771s][info   ][gc            ] GC(861) Concurrent Cycle 3.521ms
[52.825s][info   ][gc,start      ] GC(862) Pause Young (Concurrent Start) (G1 Humongous Allocation)
[52.826s][info   ][gc,task       ] GC(862) Using 6 workers of 9 for evacuation
[52.827s][info   ][gc,phases     ] GC(862)   Pre Evacuate Collection Set: 0.7ms
[52.828s][info   ][gc,phases     ] GC(862)   Evacuate Collection Set: 0.8ms
[52.828s][info   ][gc,phases     ] GC(862)   Post Evacuate Collection Set: 0.1ms
[52.828s][info   ][gc,phases     ] GC(862)   Other: 0.7ms
[52.828s][info   ][gc,heap       ] GC(862) Eden regions: 0->0(16)
[52.828s][info   ][gc,heap       ] GC(862) Survivor regions: 0->0(2)
[52.828s][info   ][gc,heap       ] GC(862) Old regions: 1->1
[52.828s][info   ][gc,heap       ] GC(862) Archive regions: 0->0
[52.828s][info   ][gc,heap       ] GC(862) Humongous regions: 195->194
[52.828s][info   ][gc,metaspace  ] GC(862) Metaspace: 3424K(4864K)->3424K(4864K) NonClass: 3120K(4352K)->3120K(4352K) Class: 304K(512K)->304K(512K)
[52.828s][info   ][gc            ] GC(862) Pause Young (Concurrent Start) (G1 Humongous Allocation) 195M->194M(256M) 2.369ms
[52.828s][info   ][gc,cpu        ] GC(862) User=0.00s Sys=0.00s Real=0.00s
[52.828s][info   ][gc            ] GC(863) Concurrent Cycle
[52.828s][info   ][gc,marking    ] GC(863) Concurrent Clear Claimed Marks
[52.828s][info   ][gc,marking    ] GC(863) Concurrent Clear Claimed Marks 0.013ms
[52.828s][info   ][gc,marking    ] GC(863) Concurrent Scan Root Regions
[52.828s][info   ][gc,marking    ] GC(863) Concurrent Scan Root Regions 0.012ms
[52.828s][info   ][gc,marking    ] GC(863) Concurrent Mark (52.828s)
[52.828s][info   ][gc,marking    ] GC(863) Concurrent Mark From Roots
[52.828s][info   ][gc,task       ] GC(863) Using 2 workers of 2 for marking
[52.830s][info   ][gc,marking    ] GC(863) Concurrent Mark From Roots 1.824ms
[52.830s][info   ][gc,marking    ] GC(863) Concurrent Preclean
[52.830s][info   ][gc,marking    ] GC(863) Concurrent Preclean 0.034ms
[52.830s][info   ][gc,marking    ] GC(863) Concurrent Mark (52.828s, 52.830s) 1.938ms
[52.830s][info   ][gc,start      ] GC(863) Pause Remark
[52.830s][info   ][gc,stringtable] GC(863) Cleaned string and symbol table, strings: 1384 processed, 0 removed, symbols: 16327 processed, 0 removed
[52.831s][info   ][gc            ] GC(863) Pause Remark 195M->195M(256M) 0.856ms
[52.831s][info   ][gc,cpu        ] GC(863) User=0.00s Sys=0.00s Real=0.00s
[52.831s][info   ][gc,marking    ] GC(863) Concurrent Rebuild Remembered Sets
[52.832s][info   ][gc,marking    ] GC(863) Concurrent Rebuild Remembered Sets 1.053ms
[52.832s][info   ][gc,start      ] GC(863) Pause Cleanup
[52.832s][info   ][gc            ] GC(863) Pause Cleanup 195M->195M(256M) 0.084ms
[52.832s][info   ][gc,cpu        ] GC(863) User=0.00s Sys=0.00s Real=0.00s
[52.832s][info   ][gc,marking    ] GC(863) Concurrent Cleanup for Next Mark
[52.832s][info   ][gc,marking    ] GC(863) Concurrent Cleanup for Next Mark 0.345ms
[52.832s][info   ][gc            ] GC(863) Concurrent Cycle 4.707ms
[52.883s][info   ][gc,start      ] GC(864) Pause Young (Concurrent Start) (G1 Humongous Allocation)
[52.884s][info   ][gc,task       ] GC(864) Using 6 workers of 9 for evacuation
[52.886s][info   ][gc,phases     ] GC(864)   Pre Evacuate Collection Set: 0.6ms
[52.887s][info   ][gc,phases     ] GC(864)   Evacuate Collection Set: 1.9ms
[52.887s][info   ][gc,phases     ] GC(864)   Post Evacuate Collection Set: 0.1ms
[52.887s][info   ][gc,phases     ] GC(864)   Other: 0.8ms
[52.887s][info   ][gc,heap       ] GC(864) Eden regions: 0->0(16)
[52.887s][info   ][gc,heap       ] GC(864) Survivor regions: 0->0(2)
[52.887s][info   ][gc,heap       ] GC(864) Old regions: 1->1
[52.887s][info   ][gc,heap       ] GC(864) Archive regions: 0->0
[52.887s][info   ][gc,heap       ] GC(864) Humongous regions: 195->194
[52.887s][info   ][gc,metaspace  ] GC(864) Metaspace: 3424K(4864K)->3424K(4864K) NonClass: 3120K(4352K)->3120K(4352K) Class: 304K(512K)->304K(512K)
[52.887s][info   ][gc            ] GC(864) Pause Young (Concurrent Start) (G1 Humongous Allocation) 195M->194M(256M) 3.684ms
[52.887s][info   ][gc,cpu        ] GC(864) User=0.01s Sys=0.00s Real=0.00s
[52.887s][info   ][gc            ] GC(865) Concurrent Cycle
[52.887s][info   ][gc,marking    ] GC(865) Concurrent Clear Claimed Marks
[52.887s][info   ][gc,marking    ] GC(865) Concurrent Clear Claimed Marks 0.017ms
[52.887s][info   ][gc,marking    ] GC(865) Concurrent Scan Root Regions
[52.887s][info   ][gc,marking    ] GC(865) Concurrent Scan Root Regions 0.009ms
[52.887s][info   ][gc,marking    ] GC(865) Concurrent Mark (52.887s)
[52.887s][info   ][gc,marking    ] GC(865) Concurrent Mark From Roots
[52.887s][info   ][gc,task       ] GC(865) Using 2 workers of 2 for marking
[52.889s][info   ][gc,marking    ] GC(865) Concurrent Mark From Roots 1.964ms
[52.889s][info   ][gc,marking    ] GC(865) Concurrent Preclean
[52.889s][info   ][gc,marking    ] GC(865) Concurrent Preclean 0.038ms
[52.889s][info   ][gc,marking    ] GC(865) Concurrent Mark (52.887s, 52.889s) 2.048ms
[52.889s][info   ][gc,start      ] GC(865) Pause Remark
[52.889s][info   ][gc,stringtable] GC(865) Cleaned string and symbol table, strings: 1384 processed, 0 removed, symbols: 16327 processed, 0 removed
[52.890s][info   ][gc            ] GC(865) Pause Remark 195M->195M(256M) 0.608ms
[52.890s][info   ][gc,cpu        ] GC(865) User=0.00s Sys=0.00s Real=0.01s
[52.890s][info   ][gc,marking    ] GC(865) Concurrent Rebuild Remembered Sets
[52.891s][info   ][gc,marking    ] GC(865) Concurrent Rebuild Remembered Sets 1.169ms
[52.891s][info   ][gc,start      ] GC(865) Pause Cleanup
[52.891s][info   ][gc            ] GC(865) Pause Cleanup 195M->195M(256M) 0.120ms
[52.891s][info   ][gc,cpu        ] GC(865) User=0.00s Sys=0.00s Real=0.00s
[52.891s][info   ][gc,marking    ] GC(865) Concurrent Cleanup for Next Mark
[52.892s][info   ][gc,marking    ] GC(865) Concurrent Cleanup for Next Mark 0.361ms
[52.892s][info   ][gc            ] GC(865) Concurrent Cycle 4.810ms
[52.942s][info   ][gc,start      ] GC(866) Pause Young (Concurrent Start) (G1 Humongous Allocation)
[52.944s][info   ][gc,task       ] GC(866) Using 6 workers of 9 for evacuation
[52.945s][info   ][gc,phases     ] GC(866)   Pre Evacuate Collection Set: 0.2ms
[52.945s][info   ][gc,phases     ] GC(866)   Evacuate Collection Set: 0.1ms
[52.945s][info   ][gc,phases     ] GC(866)   Post Evacuate Collection Set: 0.1ms
[52.945s][info   ][gc,phases     ] GC(866)   Other: 2.8ms
[52.945s][info   ][gc,heap       ] GC(866) Eden regions: 0->0(16)
[52.945s][info   ][gc,heap       ] GC(866) Survivor regions: 0->0(2)
[52.945s][info   ][gc,heap       ] GC(866) Old regions: 1->1
[52.945s][info   ][gc,heap       ] GC(866) Archive regions: 0->0
[52.945s][info   ][gc,heap       ] GC(866) Humongous regions: 195->194
[52.945s][info   ][gc,metaspace  ] GC(866) Metaspace: 3424K(4864K)->3424K(4864K) NonClass: 3120K(4352K)->3120K(4352K) Class: 304K(512K)->304K(512K)
[52.945s][info   ][gc            ] GC(866) Pause Young (Concurrent Start) (G1 Humongous Allocation) 195M->194M(256M) 3.052ms
[52.945s][info   ][gc,cpu        ] GC(866) User=0.00s Sys=0.00s Real=0.00s
[52.945s][info   ][gc            ] GC(867) Concurrent Cycle
[52.945s][info   ][gc,marking    ] GC(867) Concurrent Clear Claimed Marks
[52.945s][info   ][gc,marking    ] GC(867) Concurrent Clear Claimed Marks 0.007ms
[52.945s][info   ][gc,marking    ] GC(867) Concurrent Scan Root Regions
[52.945s][info   ][gc,marking    ] GC(867) Concurrent Scan Root Regions 0.003ms
[52.945s][info   ][gc,marking    ] GC(867) Concurrent Mark (52.945s)
[52.945s][info   ][gc,marking    ] GC(867) Concurrent Mark From Roots
[52.945s][info   ][gc,task       ] GC(867) Using 2 workers of 2 for marking
[52.946s][info   ][gc,marking    ] GC(867) Concurrent Mark From Roots 0.674ms
[52.946s][info   ][gc,marking    ] GC(867) Concurrent Preclean
[52.946s][info   ][gc,marking    ] GC(867) Concurrent Preclean 0.017ms
[52.946s][info   ][gc,marking    ] GC(867) Concurrent Mark (52.945s, 52.946s) 0.709ms
[52.946s][info   ][gc,start      ] GC(867) Pause Remark
[52.946s][info   ][gc,stringtable] GC(867) Cleaned string and symbol table, strings: 1384 processed, 0 removed, symbols: 16327 processed, 0 removed
[52.946s][info   ][gc            ] GC(867) Pause Remark 197M->197M(256M) 0.377ms
[52.946s][info   ][gc,cpu        ] GC(867) User=0.01s Sys=0.01s Real=0.00s
[52.946s][info   ][gc,marking    ] GC(867) Concurrent Rebuild Remembered Sets
[52.947s][info   ][gc,marking    ] GC(867) Concurrent Rebuild Remembered Sets 1.046ms
[52.947s][info   ][gc,start      ] GC(867) Pause Cleanup
[52.947s][info   ][gc            ] GC(867) Pause Cleanup 197M->197M(256M) 0.075ms
[52.947s][info   ][gc,cpu        ] GC(867) User=0.00s Sys=0.00s Real=0.00s
[52.948s][info   ][gc,marking    ] GC(867) Concurrent Cleanup for Next Mark
[52.948s][info   ][gc,marking    ] GC(867) Concurrent Cleanup for Next Mark 0.246ms
[52.948s][info   ][gc            ] GC(867) Concurrent Cycle 2.732ms
[53.001s][info   ][gc,start      ] GC(868) Pause Young (Concurrent Start) (G1 Humongous Allocation)
[53.002s][info   ][gc,task       ] GC(868) Using 6 workers of 9 for evacuation
[53.013s][info   ][gc,phases     ] GC(868)   Pre Evacuate Collection Set: 0.2ms
[53.013s][info   ][gc,phases     ] GC(868)   Evacuate Collection Set: 10.6ms
[53.013s][info   ][gc,phases     ] GC(868)   Post Evacuate Collection Set: 0.2ms
[53.013s][info   ][gc,phases     ] GC(868)   Other: 0.5ms
[53.013s][info   ][gc,heap       ] GC(868) Eden regions: 0->0(16)
[53.013s][info   ][gc,heap       ] GC(868) Survivor regions: 0->0(2)
[53.013s][info   ][gc,heap       ] GC(868) Old regions: 1->1
[53.013s][info   ][gc,heap       ] GC(868) Archive regions: 0->0
[53.013s][info   ][gc,heap       ] GC(868) Humongous regions: 197->196
[53.013s][info   ][gc,metaspace  ] GC(868) Metaspace: 3424K(4864K)->3424K(4864K) NonClass: 3120K(4352K)->3120K(4352K) Class: 304K(512K)->304K(512K)
[53.013s][info   ][gc            ] GC(868) Pause Young (Concurrent Start) (G1 Humongous Allocation) 197M->196M(256M) 11.660ms
[53.013s][info   ][gc,cpu        ] GC(868) User=0.00s Sys=0.00s Real=0.01s
[53.013s][info   ][gc            ] GC(869) Concurrent Cycle
[53.013s][info   ][gc,marking    ] GC(869) Concurrent Clear Claimed Marks
[53.013s][info   ][gc,marking    ] GC(869) Concurrent Clear Claimed Marks 0.013ms
[53.013s][info   ][gc,marking    ] GC(869) Concurrent Scan Root Regions
[53.013s][info   ][gc,marking    ] GC(869) Concurrent Scan Root Regions 0.009ms
[53.013s][info   ][gc,marking    ] GC(869) Concurrent Mark (53.013s)
[53.013s][info   ][gc,marking    ] GC(869) Concurrent Mark From Roots
[53.013s][info   ][gc,task       ] GC(869) Using 2 workers of 2 for marking
[53.024s][info   ][gc,marking    ] GC(869) Concurrent Mark From Roots 10.444ms
[53.024s][info   ][gc,marking    ] GC(869) Concurrent Preclean
[53.024s][info   ][gc,marking    ] GC(869) Concurrent Preclean 0.040ms
[53.024s][info   ][gc,marking    ] GC(869) Concurrent Mark (53.013s, 53.024s) 10.761ms
[53.026s][info   ][gc,start      ] GC(869) Pause Remark
[53.037s][info   ][gc,stringtable] GC(869) Cleaned string and symbol table, strings: 1384 processed, 0 removed, symbols: 16327 processed, 0 removed
[53.037s][info   ][gc            ] GC(869) Pause Remark 197M->197M(256M) 10.998ms
[53.037s][info   ][gc,cpu        ] GC(869) User=0.00s Sys=0.00s Real=0.01s
[53.037s][info   ][gc,marking    ] GC(869) Concurrent Rebuild Remembered Sets
[53.038s][info   ][gc,marking    ] GC(869) Concurrent Rebuild Remembered Sets 0.734ms
[53.038s][info   ][gc,start      ] GC(869) Pause Cleanup
[53.038s][info   ][gc            ] GC(869) Pause Cleanup 197M->197M(256M) 0.081ms
[53.038s][info   ][gc,cpu        ] GC(869) User=0.00s Sys=0.00s Real=0.00s
[53.038s][info   ][gc,marking    ] GC(869) Concurrent Cleanup for Next Mark
[53.038s][info   ][gc,marking    ] GC(869) Concurrent Cleanup for Next Mark 0.227ms
[53.038s][info   ][gc            ] GC(869) Concurrent Cycle 24.877ms
[53.065s][info   ][gc,start      ] GC(870) Pause Young (Concurrent Start) (G1 Humongous Allocation)
[53.065s][info   ][gc,task       ] GC(870) Using 6 workers of 9 for evacuation
[53.065s][info   ][gc,phases     ] GC(870)   Pre Evacuate Collection Set: 0.1ms
[53.065s][info   ][gc,phases     ] GC(870)   Evacuate Collection Set: 0.1ms
[53.065s][info   ][gc,phases     ] GC(870)   Post Evacuate Collection Set: 0.1ms
[53.065s][info   ][gc,phases     ] GC(870)   Other: 0.1ms
[53.065s][info   ][gc,heap       ] GC(870) Eden regions: 0->0(16)
[53.065s][info   ][gc,heap       ] GC(870) Survivor regions: 0->0(2)
[53.065s][info   ][gc,heap       ] GC(870) Old regions: 1->1
[53.065s][info   ][gc,heap       ] GC(870) Archive regions: 0->0
[53.065s][info   ][gc,heap       ] GC(870) Humongous regions: 197->196
[53.065s][info   ][gc,metaspace  ] GC(870) Metaspace: 3424K(4864K)->3424K(4864K) NonClass: 3120K(4352K)->3120K(4352K) Class: 304K(512K)->304K(512K)
[53.065s][info   ][gc            ] GC(870) Pause Young (Concurrent Start) (G1 Humongous Allocation) 197M->196M(256M) 0.479ms
[53.065s][info   ][gc,cpu        ] GC(870) User=0.00s Sys=0.00s Real=0.00s
[53.065s][info   ][gc            ] GC(871) Concurrent Cycle
[53.065s][info   ][gc,marking    ] GC(871) Concurrent Clear Claimed Marks
[53.065s][info   ][gc,marking    ] GC(871) Concurrent Clear Claimed Marks 0.006ms
[53.065s][info   ][gc,marking    ] GC(871) Concurrent Scan Root Regions
[53.065s][info   ][gc,marking    ] GC(871) Concurrent Scan Root Regions 0.005ms
[53.065s][info   ][gc,marking    ] GC(871) Concurrent Mark (53.065s)
[53.065s][info   ][gc,marking    ] GC(871) Concurrent Mark From Roots
[53.065s][info   ][gc,task       ] GC(871) Using 2 workers of 2 for marking
[53.066s][info   ][gc,marking    ] GC(871) Concurrent Mark From Roots 0.779ms
[53.066s][info   ][gc,marking    ] GC(871) Concurrent Preclean
[53.066s][info   ][gc,marking    ] GC(871) Concurrent Preclean 0.019ms
[53.066s][info   ][gc,marking    ] GC(871) Concurrent Mark (53.065s, 53.066s) 0.823ms
[53.066s][info   ][gc,start      ] GC(871) Pause Remark
[53.066s][info   ][gc,stringtable] GC(871) Cleaned string and symbol table, strings: 1384 processed, 0 removed, symbols: 16327 processed, 0 removed
[53.066s][info   ][gc            ] GC(871) Pause Remark 197M->197M(256M) 0.344ms
[53.066s][info   ][gc,cpu        ] GC(871) User=0.00s Sys=0.00s Real=0.00s
[53.067s][info   ][gc,marking    ] GC(871) Concurrent Rebuild Remembered Sets
[53.067s][info   ][gc,marking    ] GC(871) Concurrent Rebuild Remembered Sets 0.526ms
[53.067s][info   ][gc,start      ] GC(871) Pause Cleanup
[53.067s][info   ][gc            ] GC(871) Pause Cleanup 197M->197M(256M) 0.074ms
[53.067s][info   ][gc,cpu        ] GC(871) User=0.00s Sys=0.00s Real=0.00s
[53.067s][info   ][gc,marking    ] GC(871) Concurrent Cleanup for Next Mark
[53.067s][info   ][gc,marking    ] GC(871) Concurrent Cleanup for Next Mark 0.153ms
[53.067s][info   ][gc            ] GC(871) Concurrent Cycle 2.178ms
[53.120s][info   ][gc,start      ] GC(872) Pause Young (Concurrent Start) (G1 Humongous Allocation)
[53.120s][info   ][gc,task       ] GC(872) Using 6 workers of 9 for evacuation
[53.121s][info   ][gc,phases     ] GC(872)   Pre Evacuate Collection Set: 0.0ms
[53.121s][info   ][gc,phases     ] GC(872)   Evacuate Collection Set: 0.1ms
[53.121s][info   ][gc,phases     ] GC(872)   Post Evacuate Collection Set: 0.1ms
[53.121s][info   ][gc,phases     ] GC(872)   Other: 0.1ms
[53.121s][info   ][gc,heap       ] GC(872) Eden regions: 0->0(16)
[53.121s][info   ][gc,heap       ] GC(872) Survivor regions: 0->0(2)
[53.121s][info   ][gc,heap       ] GC(872) Old regions: 1->1
[53.121s][info   ][gc,heap       ] GC(872) Archive regions: 0->0
[53.121s][info   ][gc,heap       ] GC(872) Humongous regions: 197->196
[53.121s][info   ][gc,metaspace  ] GC(872) Metaspace: 3424K(4864K)->3424K(4864K) NonClass: 3120K(4352K)->3120K(4352K) Class: 304K(512K)->304K(512K)
[53.121s][info   ][gc            ] GC(872) Pause Young (Concurrent Start) (G1 Humongous Allocation) 197M->196M(256M) 0.404ms
[53.121s][info   ][gc,cpu        ] GC(872) User=0.00s Sys=0.00s Real=0.00s
[53.121s][info   ][gc            ] GC(873) Concurrent Cycle
[53.121s][info   ][gc,marking    ] GC(873) Concurrent Clear Claimed Marks
[53.121s][info   ][gc,marking    ] GC(873) Concurrent Clear Claimed Marks 0.004ms
[53.121s][info   ][gc,marking    ] GC(873) Concurrent Scan Root Regions
[53.121s][info   ][gc,marking    ] GC(873) Concurrent Scan Root Regions 0.003ms
[53.121s][info   ][gc,marking    ] GC(873) Concurrent Mark (53.121s)
[53.121s][info   ][gc,marking    ] GC(873) Concurrent Mark From Roots
[53.121s][info   ][gc,task       ] GC(873) Using 2 workers of 2 for marking
[53.121s][info   ][gc,marking    ] GC(873) Concurrent Mark From Roots 0.666ms
[53.122s][info   ][gc,marking    ] GC(873) Concurrent Preclean
[53.122s][info   ][gc,marking    ] GC(873) Concurrent Preclean 0.015ms
[53.122s][info   ][gc,marking    ] GC(873) Concurrent Mark (53.121s, 53.122s) 0.699ms
[53.122s][info   ][gc,start      ] GC(873) Pause Remark
[53.122s][info   ][gc,stringtable] GC(873) Cleaned string and symbol table, strings: 1384 processed, 0 removed, symbols: 16327 processed, 0 removed
[53.122s][info   ][gc            ] GC(873) Pause Remark 197M->197M(256M) 0.329ms
[53.122s][info   ][gc,cpu        ] GC(873) User=0.00s Sys=0.00s Real=0.00s
[53.122s][info   ][gc,marking    ] GC(873) Concurrent Rebuild Remembered Sets
[53.122s][info   ][gc,marking    ] GC(873) Concurrent Rebuild Remembered Sets 0.451ms
[53.122s][info   ][gc,start      ] GC(873) Pause Cleanup
[53.123s][info   ][gc            ] GC(873) Pause Cleanup 197M->197M(256M) 0.046ms
[53.123s][info   ][gc,cpu        ] GC(873) User=0.00s Sys=0.00s Real=0.00s
[53.123s][info   ][gc,marking    ] GC(873) Concurrent Cleanup for Next Mark
[53.123s][info   ][gc,marking    ] GC(873) Concurrent Cleanup for Next Mark 0.136ms
[53.123s][info   ][gc            ] GC(873) Concurrent Cycle 1.903ms
[53.176s][info   ][gc,start      ] GC(874) Pause Young (Concurrent Start) (G1 Humongous Allocation)
[53.176s][info   ][gc,task       ] GC(874) Using 6 workers of 9 for evacuation
[53.176s][info   ][gc,phases     ] GC(874)   Pre Evacuate Collection Set: 0.0ms
[53.176s][info   ][gc,phases     ] GC(874)   Evacuate Collection Set: 0.1ms
[53.176s][info   ][gc,phases     ] GC(874)   Post Evacuate Collection Set: 0.1ms
[53.176s][info   ][gc,phases     ] GC(874)   Other: 0.1ms
[53.176s][info   ][gc,heap       ] GC(874) Eden regions: 0->0(16)
[53.176s][info   ][gc,heap       ] GC(874) Survivor regions: 0->0(2)
[53.176s][info   ][gc,heap       ] GC(874) Old regions: 1->1
[53.176s][info   ][gc,heap       ] GC(874) Archive regions: 0->0
[53.176s][info   ][gc,heap       ] GC(874) Humongous regions: 197->196
[53.176s][info   ][gc,metaspace  ] GC(874) Metaspace: 3424K(4864K)->3424K(4864K) NonClass: 3120K(4352K)->3120K(4352K) Class: 304K(512K)->304K(512K)
[53.176s][info   ][gc            ] GC(874) Pause Young (Concurrent Start) (G1 Humongous Allocation) 197M->196M(256M) 0.391ms
[53.176s][info   ][gc,cpu        ] GC(874) User=0.00s Sys=0.00s Real=0.00s
[53.176s][info   ][gc            ] GC(875) Concurrent Cycle
[53.176s][info   ][gc,marking    ] GC(875) Concurrent Clear Claimed Marks
[53.176s][info   ][gc,marking    ] GC(875) Concurrent Clear Claimed Marks 0.008ms
[53.176s][info   ][gc,marking    ] GC(875) Concurrent Scan Root Regions
[53.176s][info   ][gc,marking    ] GC(875) Concurrent Scan Root Regions 0.005ms
[53.176s][info   ][gc,marking    ] GC(875) Concurrent Mark (53.176s)
[53.176s][info   ][gc,marking    ] GC(875) Concurrent Mark From Roots
[53.176s][info   ][gc,task       ] GC(875) Using 2 workers of 2 for marking
[53.177s][info   ][gc,marking    ] GC(875) Concurrent Mark From Roots 0.799ms
[53.177s][info   ][gc,marking    ] GC(875) Concurrent Preclean
[53.177s][info   ][gc,marking    ] GC(875) Concurrent Preclean 0.020ms
[53.177s][info   ][gc,marking    ] GC(875) Concurrent Mark (53.176s, 53.177s) 0.840ms
[53.177s][info   ][gc,start      ] GC(875) Pause Remark
[53.178s][info   ][gc,stringtable] GC(875) Cleaned string and symbol table, strings: 1384 processed, 0 removed, symbols: 16327 processed, 0 removed
[53.178s][info   ][gc            ] GC(875) Pause Remark 197M->197M(256M) 0.341ms
[53.178s][info   ][gc,cpu        ] GC(875) User=0.00s Sys=0.00s Real=0.00s
[53.178s][info   ][gc,marking    ] GC(875) Concurrent Rebuild Remembered Sets
[53.178s][info   ][gc,marking    ] GC(875) Concurrent Rebuild Remembered Sets 0.588ms
[53.178s][info   ][gc,start      ] GC(875) Pause Cleanup
[53.178s][info   ][gc            ] GC(875) Pause Cleanup 197M->197M(256M) 0.050ms
[53.178s][info   ][gc,cpu        ] GC(875) User=0.00s Sys=0.00s Real=0.00s
[53.178s][info   ][gc,marking    ] GC(875) Concurrent Cleanup for Next Mark
[53.179s][info   ][gc,marking    ] GC(875) Concurrent Cleanup for Next Mark 0.173ms
[53.179s][info   ][gc            ] GC(875) Concurrent Cycle 2.212ms
[53.230s][info   ][gc,start      ] GC(876) Pause Young (Concurrent Start) (G1 Humongous Allocation)
[53.230s][info   ][gc,task       ] GC(876) Using 6 workers of 9 for evacuation
[53.231s][info   ][gc,phases     ] GC(876)   Pre Evacuate Collection Set: 0.0ms
[53.231s][info   ][gc,phases     ] GC(876)   Evacuate Collection Set: 0.1ms
[53.231s][info   ][gc,phases     ] GC(876)   Post Evacuate Collection Set: 0.1ms
[53.231s][info   ][gc,phases     ] GC(876)   Other: 0.1ms
[53.231s][info   ][gc,heap       ] GC(876) Eden regions: 0->0(16)
[53.231s][info   ][gc,heap       ] GC(876) Survivor regions: 0->0(2)
[53.231s][info   ][gc,heap       ] GC(876) Old regions: 1->1
[53.231s][info   ][gc,heap       ] GC(876) Archive regions: 0->0
[53.231s][info   ][gc,heap       ] GC(876) Humongous regions: 197->196
[53.231s][info   ][gc,metaspace  ] GC(876) Metaspace: 3424K(4864K)->3424K(4864K) NonClass: 3120K(4352K)->3120K(4352K) Class: 304K(512K)->304K(512K)
[53.231s][info   ][gc            ] GC(876) Pause Young (Concurrent Start) (G1 Humongous Allocation) 197M->196M(256M) 0.389ms
[53.231s][info   ][gc,cpu        ] GC(876) User=0.00s Sys=0.00s Real=0.00s
[53.231s][info   ][gc            ] GC(877) Concurrent Cycle
[53.231s][info   ][gc,marking    ] GC(877) Concurrent Clear Claimed Marks
[53.231s][info   ][gc,marking    ] GC(877) Concurrent Clear Claimed Marks 0.011ms
[53.231s][info   ][gc,marking    ] GC(877) Concurrent Scan Root Regions
[53.231s][info   ][gc,marking    ] GC(877) Concurrent Scan Root Regions 0.010ms
[53.231s][info   ][gc,marking    ] GC(877) Concurrent Mark (53.231s)
[53.231s][info   ][gc,marking    ] GC(877) Concurrent Mark From Roots
[53.231s][info   ][gc,task       ] GC(877) Using 2 workers of 2 for marking
[53.232s][info   ][gc,marking    ] GC(877) Concurrent Mark From Roots 1.010ms
[53.232s][info   ][gc,marking    ] GC(877) Concurrent Preclean
[53.232s][info   ][gc,marking    ] GC(877) Concurrent Preclean 0.028ms
[53.232s][info   ][gc,marking    ] GC(877) Concurrent Mark (53.231s, 53.232s) 1.060ms
[53.232s][info   ][gc,start      ] GC(877) Pause Remark
[53.232s][info   ][gc,stringtable] GC(877) Cleaned string and symbol table, strings: 1384 processed, 0 removed, symbols: 16327 processed, 0 removed
[53.232s][info   ][gc            ] GC(877) Pause Remark 197M->197M(256M) 0.486ms
[53.232s][info   ][gc,cpu        ] GC(877) User=0.00s Sys=0.00s Real=0.00s
[53.232s][info   ][gc,marking    ] GC(877) Concurrent Rebuild Remembered Sets
[53.233s][info   ][gc,marking    ] GC(877) Concurrent Rebuild Remembered Sets 0.803ms
[53.233s][info   ][gc,start      ] GC(877) Pause Cleanup
[53.233s][info   ][gc            ] GC(877) Pause Cleanup 197M->197M(256M) 0.063ms
[53.233s][info   ][gc,cpu        ] GC(877) User=0.00s Sys=0.00s Real=0.00s
[53.233s][info   ][gc,marking    ] GC(877) Concurrent Cleanup for Next Mark
[53.234s][info   ][gc,marking    ] GC(877) Concurrent Cleanup for Next Mark 0.289ms
[53.234s][info   ][gc            ] GC(877) Concurrent Cycle 2.991ms
[53.286s][info   ][gc,start      ] GC(878) Pause Young (Concurrent Start) (G1 Humongous Allocation)
[53.286s][info   ][gc,task       ] GC(878) Using 6 workers of 9 for evacuation
[53.287s][info   ][gc,phases     ] GC(878)   Pre Evacuate Collection Set: 0.1ms
[53.287s][info   ][gc,phases     ] GC(878)   Evacuate Collection Set: 0.2ms
[53.287s][info   ][gc,phases     ] GC(878)   Post Evacuate Collection Set: 0.1ms
[53.287s][info   ][gc,phases     ] GC(878)   Other: 0.2ms
[53.287s][info   ][gc,heap       ] GC(878) Eden regions: 0->0(16)
[53.287s][info   ][gc,heap       ] GC(878) Survivor regions: 0->0(2)
[53.287s][info   ][gc,heap       ] GC(878) Old regions: 1->1
[53.287s][info   ][gc,heap       ] GC(878) Archive regions: 0->0
[53.287s][info   ][gc,heap       ] GC(878) Humongous regions: 197->196
[53.287s][info   ][gc,metaspace  ] GC(878) Metaspace: 3424K(4864K)->3424K(4864K) NonClass: 3120K(4352K)->3120K(4352K) Class: 304K(512K)->304K(512K)
[53.287s][info   ][gc            ] GC(878) Pause Young (Concurrent Start) (G1 Humongous Allocation) 197M->196M(256M) 0.754ms
[53.287s][info   ][gc,cpu        ] GC(878) User=0.00s Sys=0.00s Real=0.00s
[53.287s][info   ][gc            ] GC(879) Concurrent Cycle
[53.287s][info   ][gc,marking    ] GC(879) Concurrent Clear Claimed Marks
[53.287s][info   ][gc,marking    ] GC(879) Concurrent Clear Claimed Marks 0.011ms
[53.287s][info   ][gc,marking    ] GC(879) Concurrent Scan Root Regions
[53.287s][info   ][gc,marking    ] GC(879) Concurrent Scan Root Regions 0.008ms
[53.287s][info   ][gc,marking    ] GC(879) Concurrent Mark (53.287s)
[53.287s][info   ][gc,marking    ] GC(879) Concurrent Mark From Roots
[53.287s][info   ][gc,task       ] GC(879) Using 2 workers of 2 for marking
[53.288s][info   ][gc,marking    ] GC(879) Concurrent Mark From Roots 1.378ms
[53.288s][info   ][gc,marking    ] GC(879) Concurrent Preclean
[53.288s][info   ][gc,marking    ] GC(879) Concurrent Preclean 0.036ms
[53.288s][info   ][gc,marking    ] GC(879) Concurrent Mark (53.287s, 53.288s) 1.441ms
[53.288s][info   ][gc,start      ] GC(879) Pause Remark
[53.289s][info   ][gc,stringtable] GC(879) Cleaned string and symbol table, strings: 1384 processed, 0 removed, symbols: 16327 processed, 0 removed
[53.289s][info   ][gc            ] GC(879) Pause Remark 197M->197M(256M) 0.535ms
[53.289s][info   ][gc,cpu        ] GC(879) User=0.00s Sys=0.00s Real=0.00s
[53.289s][info   ][gc,marking    ] GC(879) Concurrent Rebuild Remembered Sets
[53.290s][info   ][gc,marking    ] GC(879) Concurrent Rebuild Remembered Sets 0.965ms
[53.290s][info   ][gc,start      ] GC(879) Pause Cleanup
[53.290s][info   ][gc            ] GC(879) Pause Cleanup 197M->197M(256M) 0.086ms
[53.290s][info   ][gc,cpu        ] GC(879) User=0.00s Sys=0.00s Real=0.00s
[53.290s][info   ][gc,marking    ] GC(879) Concurrent Cleanup for Next Mark
[53.290s][info   ][gc,marking    ] GC(879) Concurrent Cleanup for Next Mark 0.329ms
[53.290s][info   ][gc            ] GC(879) Concurrent Cycle 3.719ms
[53.344s][info   ][gc,start      ] GC(880) Pause Young (Concurrent Start) (G1 Humongous Allocation)
[53.344s][info   ][gc,task       ] GC(880) Using 6 workers of 9 for evacuation
[53.347s][info   ][gc,phases     ] GC(880)   Pre Evacuate Collection Set: 0.1ms
[53.347s][info   ][gc,phases     ] GC(880)   Evacuate Collection Set: 2.5ms
[53.347s][info   ][gc,phases     ] GC(880)   Post Evacuate Collection Set: 0.1ms
[53.347s][info   ][gc,phases     ] GC(880)   Other: 0.4ms
[53.348s][info   ][gc,heap       ] GC(880) Eden regions: 0->0(16)
[53.348s][info   ][gc,heap       ] GC(880) Survivor regions: 0->0(2)
[53.348s][info   ][gc,heap       ] GC(880) Old regions: 1->1
[53.348s][info   ][gc,heap       ] GC(880) Archive regions: 0->0
[53.348s][info   ][gc,heap       ] GC(880) Humongous regions: 197->196
[53.348s][info   ][gc,metaspace  ] GC(880) Metaspace: 3424K(4864K)->3424K(4864K) NonClass: 3120K(4352K)->3120K(4352K) Class: 304K(512K)->304K(512K)
[53.348s][info   ][gc            ] GC(880) Pause Young (Concurrent Start) (G1 Humongous Allocation) 197M->196M(256M) 3.631ms
[53.348s][info   ][gc,cpu        ] GC(880) User=0.00s Sys=0.00s Real=0.00s
[53.348s][info   ][gc            ] GC(881) Concurrent Cycle
[53.348s][info   ][gc,marking    ] GC(881) Concurrent Clear Claimed Marks
[53.348s][info   ][gc,marking    ] GC(881) Concurrent Clear Claimed Marks 0.012ms
[53.348s][info   ][gc,marking    ] GC(881) Concurrent Scan Root Regions
[53.348s][info   ][gc,marking    ] GC(881) Concurrent Scan Root Regions 0.011ms
[53.348s][info   ][gc,marking    ] GC(881) Concurrent Mark (53.348s)
[53.348s][info   ][gc,marking    ] GC(881) Concurrent Mark From Roots
[53.348s][info   ][gc,task       ] GC(881) Using 2 workers of 2 for marking
[53.350s][info   ][gc,marking    ] GC(881) Concurrent Mark From Roots 2.439ms
[53.350s][info   ][gc,marking    ] GC(881) Concurrent Preclean
[53.350s][info   ][gc,marking    ] GC(881) Concurrent Preclean 0.037ms
[53.350s][info   ][gc,marking    ] GC(881) Concurrent Mark (53.348s, 53.350s) 2.536ms
[53.351s][info   ][gc,start      ] GC(881) Pause Remark
[53.351s][info   ][gc,stringtable] GC(881) Cleaned string and symbol table, strings: 1384 processed, 0 removed, symbols: 16327 processed, 0 removed
[53.351s][info   ][gc            ] GC(881) Pause Remark 197M->197M(256M) 0.528ms
[53.351s][info   ][gc,cpu        ] GC(881) User=0.00s Sys=0.00s Real=0.00s
[53.351s][info   ][gc,marking    ] GC(881) Concurrent Rebuild Remembered Sets
[53.352s][info   ][gc,marking    ] GC(881) Concurrent Rebuild Remembered Sets 0.983ms
[53.352s][info   ][gc,start      ] GC(881) Pause Cleanup
[53.352s][info   ][gc            ] GC(881) Pause Cleanup 197M->197M(256M) 0.088ms
[53.352s][info   ][gc,cpu        ] GC(881) User=0.00s Sys=0.00s Real=0.00s
[53.352s][info   ][gc,marking    ] GC(881) Concurrent Cleanup for Next Mark
[53.353s][info   ][gc,marking    ] GC(881) Concurrent Cleanup for Next Mark 0.296ms
[53.353s][info   ][gc            ] GC(881) Concurrent Cycle 4.797ms
[53.399s][info   ][gc,start      ] GC(882) Pause Young (Concurrent Start) (G1 Humongous Allocation)
[53.399s][info   ][gc,task       ] GC(882) Using 6 workers of 9 for evacuation
[53.400s][info   ][gc,phases     ] GC(882)   Pre Evacuate Collection Set: 0.7ms
[53.400s][info   ][gc,phases     ] GC(882)   Evacuate Collection Set: 0.4ms
[53.400s][info   ][gc,phases     ] GC(882)   Post Evacuate Collection Set: 0.1ms
[53.400s][info   ][gc,phases     ] GC(882)   Other: 0.4ms
[53.400s][info   ][gc,heap       ] GC(882) Eden regions: 0->0(16)
[53.400s][info   ][gc,heap       ] GC(882) Survivor regions: 0->0(2)
[53.400s][info   ][gc,heap       ] GC(882) Old regions: 1->1
[53.400s][info   ][gc,heap       ] GC(882) Archive regions: 0->0
[53.400s][info   ][gc,heap       ] GC(882) Humongous regions: 197->196
[53.400s][info   ][gc,metaspace  ] GC(882) Metaspace: 3424K(4864K)->3424K(4864K) NonClass: 3120K(4352K)->3120K(4352K) Class: 304K(512K)->304K(512K)
[53.400s][info   ][gc            ] GC(882) Pause Young (Concurrent Start) (G1 Humongous Allocation) 197M->196M(256M) 1.629ms
[53.400s][info   ][gc,cpu        ] GC(882) User=0.00s Sys=0.00s Real=0.01s
[53.400s][info   ][gc            ] GC(883) Concurrent Cycle
[53.400s][info   ][gc,marking    ] GC(883) Concurrent Clear Claimed Marks
[53.400s][info   ][gc,marking    ] GC(883) Concurrent Clear Claimed Marks 0.011ms
[53.400s][info   ][gc,marking    ] GC(883) Concurrent Scan Root Regions
[53.400s][info   ][gc,marking    ] GC(883) Concurrent Scan Root Regions 0.008ms
[53.400s][info   ][gc,marking    ] GC(883) Concurrent Mark (53.400s)
[53.400s][info   ][gc,marking    ] GC(883) Concurrent Mark From Roots
[53.400s][info   ][gc,task       ] GC(883) Using 2 workers of 2 for marking
[53.403s][info   ][gc,marking    ] GC(883) Concurrent Mark From Roots 3.058ms
[53.404s][info   ][gc,marking    ] GC(883) Concurrent Preclean
[53.404s][info   ][gc,marking    ] GC(883) Concurrent Preclean 0.043ms
[53.404s][info   ][gc,marking    ] GC(883) Concurrent Mark (53.400s, 53.404s) 3.190ms
[53.404s][info   ][gc,start      ] GC(883) Pause Remark
[53.404s][info   ][gc,stringtable] GC(883) Cleaned string and symbol table, strings: 1384 processed, 0 removed, symbols: 16327 processed, 0 removed
[53.404s][info   ][gc            ] GC(883) Pause Remark 197M->197M(256M) 0.477ms
[53.404s][info   ][gc,cpu        ] GC(883) User=0.00s Sys=0.00s Real=0.00s
[53.404s][info   ][gc,marking    ] GC(883) Concurrent Rebuild Remembered Sets
[53.405s][info   ][gc,marking    ] GC(883) Concurrent Rebuild Remembered Sets 1.013ms
[53.405s][info   ][gc,start      ] GC(883) Pause Cleanup
[53.405s][info   ][gc            ] GC(883) Pause Cleanup 197M->197M(256M) 0.099ms
[53.405s][info   ][gc,cpu        ] GC(883) User=0.00s Sys=0.00s Real=0.00s
[53.405s][info   ][gc,marking    ] GC(883) Concurrent Cleanup for Next Mark
[53.406s][info   ][gc,marking    ] GC(883) Concurrent Cleanup for Next Mark 0.223ms
[53.406s][info   ][gc            ] GC(883) Concurrent Cycle 5.366ms
[53.455s][info   ][gc,start      ] GC(884) Pause Young (Concurrent Start) (G1 Humongous Allocation)
[53.455s][info   ][gc,task       ] GC(884) Using 6 workers of 9 for evacuation
[53.456s][info   ][gc,phases     ] GC(884)   Pre Evacuate Collection Set: 0.1ms
[53.456s][info   ][gc,phases     ] GC(884)   Evacuate Collection Set: 0.2ms
[53.456s][info   ][gc,phases     ] GC(884)   Post Evacuate Collection Set: 0.1ms
[53.456s][info   ][gc,phases     ] GC(884)   Other: 0.2ms
[53.456s][info   ][gc,heap       ] GC(884) Eden regions: 0->0(16)
[53.456s][info   ][gc,heap       ] GC(884) Survivor regions: 0->0(2)
[53.456s][info   ][gc,heap       ] GC(884) Old regions: 1->1
[53.456s][info   ][gc,heap       ] GC(884) Archive regions: 0->0
[53.456s][info   ][gc,heap       ] GC(884) Humongous regions: 197->196
[53.456s][info   ][gc,metaspace  ] GC(884) Metaspace: 3424K(4864K)->3424K(4864K) NonClass: 3120K(4352K)->3120K(4352K) Class: 304K(512K)->304K(512K)
[53.456s][info   ][gc            ] GC(884) Pause Young (Concurrent Start) (G1 Humongous Allocation) 197M->196M(256M) 0.593ms
[53.456s][info   ][gc,cpu        ] GC(884) User=0.00s Sys=0.00s Real=0.00s
[53.456s][info   ][gc            ] GC(885) Concurrent Cycle
[53.456s][info   ][gc,marking    ] GC(885) Concurrent Clear Claimed Marks
[53.456s][info   ][gc,marking    ] GC(885) Concurrent Clear Claimed Marks 0.008ms
[53.456s][info   ][gc,marking    ] GC(885) Concurrent Scan Root Regions
[53.456s][info   ][gc,marking    ] GC(885) Concurrent Scan Root Regions 0.008ms
[53.456s][info   ][gc,marking    ] GC(885) Concurrent Mark (53.456s)
[53.456s][info   ][gc,marking    ] GC(885) Concurrent Mark From Roots
[53.456s][info   ][gc,task       ] GC(885) Using 2 workers of 2 for marking
[53.457s][info   ][gc,marking    ] GC(885) Concurrent Mark From Roots 1.163ms
[53.457s][info   ][gc,marking    ] GC(885) Concurrent Preclean
[53.457s][info   ][gc,marking    ] GC(885) Concurrent Preclean 0.030ms
[53.457s][info   ][gc,marking    ] GC(885) Concurrent Mark (53.456s, 53.457s) 1.235ms
[53.457s][info   ][gc,start      ] GC(885) Pause Remark
[53.458s][info   ][gc,stringtable] GC(885) Cleaned string and symbol table, strings: 1384 processed, 0 removed, symbols: 16327 processed, 0 removed
[53.458s][info   ][gc            ] GC(885) Pause Remark 197M->197M(256M) 0.413ms
[53.458s][info   ][gc,cpu        ] GC(885) User=0.00s Sys=0.00s Real=0.00s
[53.458s][info   ][gc,marking    ] GC(885) Concurrent Rebuild Remembered Sets
[53.459s][info   ][gc,marking    ] GC(885) Concurrent Rebuild Remembered Sets 0.797ms
[53.459s][info   ][gc,start      ] GC(885) Pause Cleanup
[53.459s][info   ][gc            ] GC(885) Pause Cleanup 197M->197M(256M) 0.080ms
[53.459s][info   ][gc,cpu        ] GC(885) User=0.00s Sys=0.00s Real=0.00s
[53.459s][info   ][gc,marking    ] GC(885) Concurrent Cleanup for Next Mark
[53.459s][info   ][gc,marking    ] GC(885) Concurrent Cleanup for Next Mark 0.232ms
[53.459s][info   ][gc            ] GC(885) Concurrent Cycle 3.069ms
[53.511s][info   ][gc,start      ] GC(886) Pause Young (Concurrent Start) (G1 Humongous Allocation)
[53.511s][info   ][gc,task       ] GC(886) Using 6 workers of 9 for evacuation
[53.512s][info   ][gc,phases     ] GC(886)   Pre Evacuate Collection Set: 0.1ms
[53.512s][info   ][gc,phases     ] GC(886)   Evacuate Collection Set: 0.1ms
[53.512s][info   ][gc,phases     ] GC(886)   Post Evacuate Collection Set: 0.1ms
[53.512s][info   ][gc,phases     ] GC(886)   Other: 0.1ms
[53.512s][info   ][gc,heap       ] GC(886) Eden regions: 0->0(16)
[53.512s][info   ][gc,heap       ] GC(886) Survivor regions: 0->0(2)
[53.512s][info   ][gc,heap       ] GC(886) Old regions: 1->1
[53.512s][info   ][gc,heap       ] GC(886) Archive regions: 0->0
[53.512s][info   ][gc,heap       ] GC(886) Humongous regions: 197->196
[53.512s][info   ][gc,metaspace  ] GC(886) Metaspace: 3424K(4864K)->3424K(4864K) NonClass: 3120K(4352K)->3120K(4352K) Class: 304K(512K)->304K(512K)
[53.512s][info   ][gc            ] GC(886) Pause Young (Concurrent Start) (G1 Humongous Allocation) 197M->196M(256M) 0.468ms
[53.512s][info   ][gc,cpu        ] GC(886) User=0.00s Sys=0.00s Real=0.00s
[53.512s][info   ][gc            ] GC(887) Concurrent Cycle
[53.512s][info   ][gc,marking    ] GC(887) Concurrent Clear Claimed Marks
[53.512s][info   ][gc,marking    ] GC(887) Concurrent Clear Claimed Marks 0.008ms
[53.512s][info   ][gc,marking    ] GC(887) Concurrent Scan Root Regions
[53.512s][info   ][gc,marking    ] GC(887) Concurrent Scan Root Regions 0.007ms
[53.512s][info   ][gc,marking    ] GC(887) Concurrent Mark (53.512s)
[53.512s][info   ][gc,marking    ] GC(887) Concurrent Mark From Roots
[53.512s][info   ][gc,task       ] GC(887) Using 2 workers of 2 for marking
[53.513s][info   ][gc,marking    ] GC(887) Concurrent Mark From Roots 1.328ms
[53.513s][info   ][gc,marking    ] GC(887) Concurrent Preclean
[53.513s][info   ][gc,marking    ] GC(887) Concurrent Preclean 0.037ms
[53.513s][info   ][gc,marking    ] GC(887) Concurrent Mark (53.512s, 53.513s) 1.439ms
[53.513s][info   ][gc,start      ] GC(887) Pause Remark
[53.514s][info   ][gc,stringtable] GC(887) Cleaned string and symbol table, strings: 1384 processed, 0 removed, symbols: 16327 processed, 0 removed
[53.514s][info   ][gc            ] GC(887) Pause Remark 199M->199M(256M) 0.484ms
[53.514s][info   ][gc,cpu        ] GC(887) User=0.00s Sys=0.00s Real=0.00s
[53.514s][info   ][gc,marking    ] GC(887) Concurrent Rebuild Remembered Sets
[53.515s][info   ][gc,marking    ] GC(887) Concurrent Rebuild Remembered Sets 1.033ms
[53.515s][info   ][gc,start      ] GC(887) Pause Cleanup
[53.515s][info   ][gc            ] GC(887) Pause Cleanup 199M->199M(256M) 0.088ms
[53.515s][info   ][gc,cpu        ] GC(887) User=0.00s Sys=0.00s Real=0.00s
[53.515s][info   ][gc,marking    ] GC(887) Concurrent Cleanup for Next Mark
[53.515s][info   ][gc,marking    ] GC(887) Concurrent Cleanup for Next Mark 0.253ms
[53.515s][info   ][gc            ] GC(887) Concurrent Cycle 3.644ms
[53.567s][info   ][gc,start      ] GC(888) Pause Young (Concurrent Start) (G1 Humongous Allocation)
[53.568s][info   ][gc,task       ] GC(888) Using 6 workers of 9 for evacuation
[53.568s][info   ][gc,phases     ] GC(888)   Pre Evacuate Collection Set: 0.1ms
[53.569s][info   ][gc,phases     ] GC(888)   Evacuate Collection Set: 0.4ms
[53.569s][info   ][gc,phases     ] GC(888)   Post Evacuate Collection Set: 0.1ms
[53.569s][info   ][gc,phases     ] GC(888)   Other: 0.4ms
[53.569s][info   ][gc,heap       ] GC(888) Eden regions: 0->0(16)
[53.569s][info   ][gc,heap       ] GC(888) Survivor regions: 0->0(2)
[53.569s][info   ][gc,heap       ] GC(888) Old regions: 1->1
[53.569s][info   ][gc,heap       ] GC(888) Archive regions: 0->0
[53.569s][info   ][gc,heap       ] GC(888) Humongous regions: 199->198
[53.569s][info   ][gc,metaspace  ] GC(888) Metaspace: 3424K(4864K)->3424K(4864K) NonClass: 3120K(4352K)->3120K(4352K) Class: 304K(512K)->304K(512K)
[53.569s][info   ][gc            ] GC(888) Pause Young (Concurrent Start) (G1 Humongous Allocation) 199M->198M(256M) 1.244ms
[53.569s][info   ][gc,cpu        ] GC(888) User=0.01s Sys=0.00s Real=0.00s
[53.569s][info   ][gc            ] GC(889) Concurrent Cycle
[53.569s][info   ][gc,marking    ] GC(889) Concurrent Clear Claimed Marks
[53.569s][info   ][gc,marking    ] GC(889) Concurrent Clear Claimed Marks 0.017ms
[53.569s][info   ][gc,marking    ] GC(889) Concurrent Scan Root Regions
[53.569s][info   ][gc,marking    ] GC(889) Concurrent Scan Root Regions 0.016ms
[53.569s][info   ][gc,marking    ] GC(889) Concurrent Mark (53.569s)
[53.569s][info   ][gc,marking    ] GC(889) Concurrent Mark From Roots
[53.569s][info   ][gc,task       ] GC(889) Using 2 workers of 2 for marking
[53.571s][info   ][gc,marking    ] GC(889) Concurrent Mark From Roots 2.027ms
[53.571s][info   ][gc,marking    ] GC(889) Concurrent Preclean
[53.571s][info   ][gc,marking    ] GC(889) Concurrent Preclean 0.059ms
[53.571s][info   ][gc,marking    ] GC(889) Concurrent Mark (53.569s, 53.571s) 2.139ms
[53.571s][info   ][gc,start      ] GC(889) Pause Remark
[53.572s][info   ][gc,stringtable] GC(889) Cleaned string and symbol table, strings: 1384 processed, 0 removed, symbols: 16327 processed, 0 removed
[53.572s][info   ][gc            ] GC(889) Pause Remark 199M->199M(256M) 0.868ms
[53.572s][info   ][gc,cpu        ] GC(889) User=0.00s Sys=0.00s Real=0.00s
[53.572s][info   ][gc,marking    ] GC(889) Concurrent Rebuild Remembered Sets
[53.573s][info   ][gc,marking    ] GC(889) Concurrent Rebuild Remembered Sets 0.996ms
[53.573s][info   ][gc,start      ] GC(889) Pause Cleanup
[53.573s][info   ][gc            ] GC(889) Pause Cleanup 199M->199M(256M) 0.088ms
[53.573s][info   ][gc,cpu        ] GC(889) User=0.00s Sys=0.00s Real=0.00s
[53.573s][info   ][gc,marking    ] GC(889) Concurrent Cleanup for Next Mark
[53.574s][info   ][gc,marking    ] GC(889) Concurrent Cleanup for Next Mark 0.379ms
[53.574s][info   ][gc            ] GC(889) Concurrent Cycle 4.909ms
[53.624s][info   ][gc,start      ] GC(890) Pause Young (Concurrent Start) (G1 Humongous Allocation)
[53.624s][info   ][gc,task       ] GC(890) Using 6 workers of 9 for evacuation
[53.625s][info   ][gc,phases     ] GC(890)   Pre Evacuate Collection Set: 0.2ms
[53.625s][info   ][gc,phases     ] GC(890)   Evacuate Collection Set: 0.4ms
[53.625s][info   ][gc,phases     ] GC(890)   Post Evacuate Collection Set: 0.1ms
[53.625s][info   ][gc,phases     ] GC(890)   Other: 0.4ms
[53.625s][info   ][gc,heap       ] GC(890) Eden regions: 0->0(16)
[53.625s][info   ][gc,heap       ] GC(890) Survivor regions: 0->0(2)
[53.625s][info   ][gc,heap       ] GC(890) Old regions: 1->1
[53.625s][info   ][gc,heap       ] GC(890) Archive regions: 0->0
[53.625s][info   ][gc,heap       ] GC(890) Humongous regions: 199->198
[53.625s][info   ][gc,metaspace  ] GC(890) Metaspace: 3424K(4864K)->3424K(4864K) NonClass: 3120K(4352K)->3120K(4352K) Class: 304K(512K)->304K(512K)
[53.625s][info   ][gc            ] GC(890) Pause Young (Concurrent Start) (G1 Humongous Allocation) 199M->198M(256M) 1.318ms
[53.625s][info   ][gc,cpu        ] GC(890) User=0.00s Sys=0.00s Real=0.00s
[53.625s][info   ][gc            ] GC(891) Concurrent Cycle
[53.625s][info   ][gc,marking    ] GC(891) Concurrent Clear Claimed Marks
[53.625s][info   ][gc,marking    ] GC(891) Concurrent Clear Claimed Marks 0.019ms
[53.625s][info   ][gc,marking    ] GC(891) Concurrent Scan Root Regions
[53.625s][info   ][gc,marking    ] GC(891) Concurrent Scan Root Regions 0.016ms
[53.625s][info   ][gc,marking    ] GC(891) Concurrent Mark (53.625s)
[53.625s][info   ][gc,marking    ] GC(891) Concurrent Mark From Roots
[53.625s][info   ][gc,task       ] GC(891) Using 2 workers of 2 for marking
[53.627s][info   ][gc,marking    ] GC(891) Concurrent Mark From Roots 1.887ms
[53.627s][info   ][gc,marking    ] GC(891) Concurrent Preclean
[53.627s][info   ][gc,marking    ] GC(891) Concurrent Preclean 0.035ms
[53.627s][info   ][gc,marking    ] GC(891) Concurrent Mark (53.625s, 53.627s) 1.976ms
[53.627s][info   ][gc,start      ] GC(891) Pause Remark
[53.628s][info   ][gc,stringtable] GC(891) Cleaned string and symbol table, strings: 1384 processed, 0 removed, symbols: 16327 processed, 0 removed
[53.628s][info   ][gc            ] GC(891) Pause Remark 199M->199M(256M) 0.526ms
[53.628s][info   ][gc,cpu        ] GC(891) User=0.00s Sys=0.00s Real=0.00s
[53.628s][info   ][gc,marking    ] GC(891) Concurrent Rebuild Remembered Sets
[53.629s][info   ][gc,marking    ] GC(891) Concurrent Rebuild Remembered Sets 1.046ms
[53.629s][info   ][gc,start      ] GC(891) Pause Cleanup
[53.629s][info   ][gc            ] GC(891) Pause Cleanup 199M->199M(256M) 0.094ms
[53.629s][info   ][gc,cpu        ] GC(891) User=0.00s Sys=0.00s Real=0.01s
[53.629s][info   ][gc,marking    ] GC(891) Concurrent Cleanup for Next Mark
[53.630s][info   ][gc,marking    ] GC(891) Concurrent Cleanup for Next Mark 0.325ms
[53.630s][info   ][gc            ] GC(891) Concurrent Cycle 4.414ms
[53.680s][info   ][gc,start      ] GC(892) Pause Young (Concurrent Start) (G1 Humongous Allocation)
[53.680s][info   ][gc,task       ] GC(892) Using 6 workers of 9 for evacuation
[53.681s][info   ][gc,phases     ] GC(892)   Pre Evacuate Collection Set: 0.2ms
[53.681s][info   ][gc,phases     ] GC(892)   Evacuate Collection Set: 0.4ms
[53.681s][info   ][gc,phases     ] GC(892)   Post Evacuate Collection Set: 0.1ms
[53.681s][info   ][gc,phases     ] GC(892)   Other: 0.4ms
[53.681s][info   ][gc,heap       ] GC(892) Eden regions: 0->0(16)
[53.681s][info   ][gc,heap       ] GC(892) Survivor regions: 0->0(2)
[53.681s][info   ][gc,heap       ] GC(892) Old regions: 1->1
[53.681s][info   ][gc,heap       ] GC(892) Archive regions: 0->0
[53.681s][info   ][gc,heap       ] GC(892) Humongous regions: 199->198
[53.681s][info   ][gc,metaspace  ] GC(892) Metaspace: 3424K(4864K)->3424K(4864K) NonClass: 3120K(4352K)->3120K(4352K) Class: 304K(512K)->304K(512K)
[53.681s][info   ][gc            ] GC(892) Pause Young (Concurrent Start) (G1 Humongous Allocation) 199M->198M(256M) 1.379ms
[53.682s][info   ][gc,cpu        ] GC(892) User=0.00s Sys=0.00s Real=0.00s
[53.682s][info   ][gc            ] GC(893) Concurrent Cycle
[53.682s][info   ][gc,marking    ] GC(893) Concurrent Clear Claimed Marks
[53.682s][info   ][gc,marking    ] GC(893) Concurrent Clear Claimed Marks 0.019ms
[53.682s][info   ][gc,marking    ] GC(893) Concurrent Scan Root Regions
[53.682s][info   ][gc,marking    ] GC(893) Concurrent Scan Root Regions 0.016ms
[53.682s][info   ][gc,marking    ] GC(893) Concurrent Mark (53.682s)
[53.682s][info   ][gc,marking    ] GC(893) Concurrent Mark From Roots
[53.682s][info   ][gc,task       ] GC(893) Using 2 workers of 2 for marking
[53.684s][info   ][gc,marking    ] GC(893) Concurrent Mark From Roots 2.356ms
[53.684s][info   ][gc,marking    ] GC(893) Concurrent Preclean
[53.684s][info   ][gc,marking    ] GC(893) Concurrent Preclean 0.041ms
[53.684s][info   ][gc,marking    ] GC(893) Concurrent Mark (53.682s, 53.684s) 2.444ms
[53.684s][info   ][gc,start      ] GC(893) Pause Remark
[53.685s][info   ][gc,stringtable] GC(893) Cleaned string and symbol table, strings: 1384 processed, 0 removed, symbols: 16327 processed, 0 removed
[53.686s][info   ][gc            ] GC(893) Pause Remark 199M->199M(256M) 1.380ms
[53.686s][info   ][gc,cpu        ] GC(893) User=0.00s Sys=0.00s Real=0.00s
[53.686s][info   ][gc,marking    ] GC(893) Concurrent Rebuild Remembered Sets
[53.687s][info   ][gc,marking    ] GC(893) Concurrent Rebuild Remembered Sets 0.949ms
[53.687s][info   ][gc,start      ] GC(893) Pause Cleanup
[53.687s][info   ][gc            ] GC(893) Pause Cleanup 199M->199M(256M) 0.078ms
[53.687s][info   ][gc,cpu        ] GC(893) User=0.00s Sys=0.00s Real=0.00s
[53.687s][info   ][gc,marking    ] GC(893) Concurrent Cleanup for Next Mark
[53.687s][info   ][gc,marking    ] GC(893) Concurrent Cleanup for Next Mark 0.278ms
[53.687s][info   ][gc            ] GC(893) Concurrent Cycle 5.506ms
[53.735s][info   ][gc,start      ] GC(894) Pause Young (Concurrent Start) (G1 Humongous Allocation)
[53.735s][info   ][gc,task       ] GC(894) Using 6 workers of 9 for evacuation
[53.736s][info   ][gc,phases     ] GC(894)   Pre Evacuate Collection Set: 0.2ms
[53.736s][info   ][gc,phases     ] GC(894)   Evacuate Collection Set: 0.4ms
[53.736s][info   ][gc,phases     ] GC(894)   Post Evacuate Collection Set: 0.1ms
[53.736s][info   ][gc,phases     ] GC(894)   Other: 0.6ms
[53.736s][info   ][gc,heap       ] GC(894) Eden regions: 0->0(16)
[53.737s][info   ][gc,heap       ] GC(894) Survivor regions: 0->0(2)
[53.737s][info   ][gc,heap       ] GC(894) Old regions: 1->1
[53.737s][info   ][gc,heap       ] GC(894) Archive regions: 0->0
[53.737s][info   ][gc,heap       ] GC(894) Humongous regions: 199->198
[53.737s][info   ][gc,metaspace  ] GC(894) Metaspace: 3424K(4864K)->3424K(4864K) NonClass: 3120K(4352K)->3120K(4352K) Class: 304K(512K)->304K(512K)
[53.737s][info   ][gc            ] GC(894) Pause Young (Concurrent Start) (G1 Humongous Allocation) 199M->198M(256M) 1.414ms
[53.737s][info   ][gc,cpu        ] GC(894) User=0.00s Sys=0.00s Real=0.00s
[53.737s][info   ][gc            ] GC(895) Concurrent Cycle
[53.737s][info   ][gc,marking    ] GC(895) Concurrent Clear Claimed Marks
[53.737s][info   ][gc,marking    ] GC(895) Concurrent Clear Claimed Marks 0.015ms
[53.737s][info   ][gc,marking    ] GC(895) Concurrent Scan Root Regions
[53.737s][info   ][gc,marking    ] GC(895) Concurrent Scan Root Regions 0.011ms
[53.737s][info   ][gc,marking    ] GC(895) Concurrent Mark (53.737s)
[53.737s][info   ][gc,marking    ] GC(895) Concurrent Mark From Roots
[53.737s][info   ][gc,task       ] GC(895) Using 2 workers of 2 for marking
[53.740s][info   ][gc,marking    ] GC(895) Concurrent Mark From Roots 2.777ms
[53.740s][info   ][gc,marking    ] GC(895) Concurrent Preclean
[53.740s][info   ][gc,marking    ] GC(895) Concurrent Preclean 0.036ms
[53.740s][info   ][gc,marking    ] GC(895) Concurrent Mark (53.737s, 53.740s) 2.883ms
[53.740s][info   ][gc,start      ] GC(895) Pause Remark
[53.740s][info   ][gc,stringtable] GC(895) Cleaned string and symbol table, strings: 1384 processed, 0 removed, symbols: 16327 processed, 0 removed
[53.740s][info   ][gc            ] GC(895) Pause Remark 199M->199M(256M) 0.533ms
[53.740s][info   ][gc,cpu        ] GC(895) User=0.01s Sys=0.00s Real=0.00s
[53.740s][info   ][gc,marking    ] GC(895) Concurrent Rebuild Remembered Sets
[53.741s][info   ][gc,marking    ] GC(895) Concurrent Rebuild Remembered Sets 0.959ms
[53.741s][info   ][gc,start      ] GC(895) Pause Cleanup
[53.741s][info   ][gc            ] GC(895) Pause Cleanup 199M->199M(256M) 0.104ms
[53.741s][info   ][gc,cpu        ] GC(895) User=0.00s Sys=0.00s Real=0.00s
[53.742s][info   ][gc,marking    ] GC(895) Concurrent Cleanup for Next Mark
[53.742s][info   ][gc,marking    ] GC(895) Concurrent Cleanup for Next Mark 0.268ms
[53.742s][info   ][gc            ] GC(895) Concurrent Cycle 5.148ms
[53.790s][info   ][gc,start      ] GC(896) Pause Young (Concurrent Start) (G1 Humongous Allocation)
[53.790s][info   ][gc,task       ] GC(896) Using 6 workers of 9 for evacuation
[53.791s][info   ][gc,phases     ] GC(896)   Pre Evacuate Collection Set: 0.3ms
[53.791s][info   ][gc,phases     ] GC(896)   Evacuate Collection Set: 0.6ms
[53.791s][info   ][gc,phases     ] GC(896)   Post Evacuate Collection Set: 0.2ms
[53.791s][info   ][gc,phases     ] GC(896)   Other: 0.5ms
[53.792s][info   ][gc,heap       ] GC(896) Eden regions: 0->0(16)
[53.792s][info   ][gc,heap       ] GC(896) Survivor regions: 0->0(2)
[53.792s][info   ][gc,heap       ] GC(896) Old regions: 1->1
[53.792s][info   ][gc,heap       ] GC(896) Archive regions: 0->0
[53.792s][info   ][gc,heap       ] GC(896) Humongous regions: 199->198
[53.792s][info   ][gc,metaspace  ] GC(896) Metaspace: 3424K(4864K)->3424K(4864K) NonClass: 3120K(4352K)->3120K(4352K) Class: 304K(512K)->304K(512K)
[53.792s][info   ][gc            ] GC(896) Pause Young (Concurrent Start) (G1 Humongous Allocation) 199M->198M(256M) 1.772ms
[53.792s][info   ][gc,cpu        ] GC(896) User=0.00s Sys=0.00s Real=0.00s
[53.792s][info   ][gc            ] GC(897) Concurrent Cycle
[53.792s][info   ][gc,marking    ] GC(897) Concurrent Clear Claimed Marks
[53.792s][info   ][gc,marking    ] GC(897) Concurrent Clear Claimed Marks 0.072ms
[53.792s][info   ][gc,marking    ] GC(897) Concurrent Scan Root Regions
[53.792s][info   ][gc,marking    ] GC(897) Concurrent Scan Root Regions 0.012ms
[53.792s][info   ][gc,marking    ] GC(897) Concurrent Mark (53.792s)
[53.792s][info   ][gc,marking    ] GC(897) Concurrent Mark From Roots
[53.792s][info   ][gc,task       ] GC(897) Using 2 workers of 2 for marking
[53.795s][info   ][gc,marking    ] GC(897) Concurrent Mark From Roots 2.546ms
[53.795s][info   ][gc,marking    ] GC(897) Concurrent Preclean
[53.795s][info   ][gc,marking    ] GC(897) Concurrent Preclean 0.045ms
[53.795s][info   ][gc,marking    ] GC(897) Concurrent Mark (53.792s, 53.795s) 2.697ms
[53.795s][info   ][gc,start      ] GC(897) Pause Remark
[53.796s][info   ][gc,stringtable] GC(897) Cleaned string and symbol table, strings: 1384 processed, 0 removed, symbols: 16327 processed, 0 removed
[53.796s][info   ][gc            ] GC(897) Pause Remark 199M->199M(256M) 1.145ms
[53.796s][info   ][gc,cpu        ] GC(897) User=0.00s Sys=0.00s Real=0.00s
[53.796s][info   ][gc,marking    ] GC(897) Concurrent Rebuild Remembered Sets
[53.797s][info   ][gc,marking    ] GC(897) Concurrent Rebuild Remembered Sets 0.972ms
[53.797s][info   ][gc,start      ] GC(897) Pause Cleanup
[53.797s][info   ][gc            ] GC(897) Pause Cleanup 199M->199M(256M) 0.116ms
[53.797s][info   ][gc,cpu        ] GC(897) User=0.00s Sys=0.00s Real=0.00s
[53.797s][info   ][gc,marking    ] GC(897) Concurrent Cleanup for Next Mark
[53.798s][info   ][gc,marking    ] GC(897) Concurrent Cleanup for Next Mark 0.327ms
[53.798s][info   ][gc            ] GC(897) Concurrent Cycle 5.807ms
[53.847s][info   ][gc,start      ] GC(898) Pause Young (Concurrent Start) (G1 Humongous Allocation)
[53.847s][info   ][gc,task       ] GC(898) Using 6 workers of 9 for evacuation
[53.848s][info   ][gc,phases     ] GC(898)   Pre Evacuate Collection Set: 0.1ms
[53.848s][info   ][gc,phases     ] GC(898)   Evacuate Collection Set: 0.1ms
[53.848s][info   ][gc,phases     ] GC(898)   Post Evacuate Collection Set: 0.1ms
[53.848s][info   ][gc,phases     ] GC(898)   Other: 0.2ms
[53.848s][info   ][gc,heap       ] GC(898) Eden regions: 0->0(16)
[53.848s][info   ][gc,heap       ] GC(898) Survivor regions: 0->0(2)
[53.848s][info   ][gc,heap       ] GC(898) Old regions: 1->1
[53.848s][info   ][gc,heap       ] GC(898) Archive regions: 0->0
[53.848s][info   ][gc,heap       ] GC(898) Humongous regions: 199->198
[53.848s][info   ][gc,metaspace  ] GC(898) Metaspace: 3424K(4864K)->3424K(4864K) NonClass: 3120K(4352K)->3120K(4352K) Class: 304K(512K)->304K(512K)
[53.848s][info   ][gc            ] GC(898) Pause Young (Concurrent Start) (G1 Humongous Allocation) 199M->198M(256M) 0.485ms
[53.848s][info   ][gc,cpu        ] GC(898) User=0.00s Sys=0.00s Real=0.00s
[53.848s][info   ][gc            ] GC(899) Concurrent Cycle
[53.848s][info   ][gc,marking    ] GC(899) Concurrent Clear Claimed Marks
[53.848s][info   ][gc,marking    ] GC(899) Concurrent Clear Claimed Marks 0.015ms
[53.848s][info   ][gc,marking    ] GC(899) Concurrent Scan Root Regions
[53.848s][info   ][gc,marking    ] GC(899) Concurrent Scan Root Regions 0.005ms
[53.848s][info   ][gc,marking    ] GC(899) Concurrent Mark (53.848s)
[53.848s][info   ][gc,marking    ] GC(899) Concurrent Mark From Roots
[53.848s][info   ][gc,task       ] GC(899) Using 2 workers of 2 for marking
[53.849s][info   ][gc,marking    ] GC(899) Concurrent Mark From Roots 0.807ms
[53.849s][info   ][gc,marking    ] GC(899) Concurrent Preclean
[53.849s][info   ][gc,marking    ] GC(899) Concurrent Preclean 0.020ms
[53.849s][info   ][gc,marking    ] GC(899) Concurrent Mark (53.848s, 53.849s) 0.846ms
[53.849s][info   ][gc,start      ] GC(899) Pause Remark
[53.849s][info   ][gc,stringtable] GC(899) Cleaned string and symbol table, strings: 1384 processed, 0 removed, symbols: 16327 processed, 0 removed
[53.849s][info   ][gc            ] GC(899) Pause Remark 199M->199M(256M) 0.378ms
[53.849s][info   ][gc,cpu        ] GC(899) User=0.00s Sys=0.00s Real=0.00s
[53.849s][info   ][gc,marking    ] GC(899) Concurrent Rebuild Remembered Sets
[53.850s][info   ][gc,marking    ] GC(899) Concurrent Rebuild Remembered Sets 0.533ms
[53.850s][info   ][gc,start      ] GC(899) Pause Cleanup
[53.850s][info   ][gc            ] GC(899) Pause Cleanup 199M->199M(256M) 0.093ms
[53.850s][info   ][gc,cpu        ] GC(899) User=0.00s Sys=0.00s Real=0.00s
[53.850s][info   ][gc,marking    ] GC(899) Concurrent Cleanup for Next Mark
[53.850s][info   ][gc,marking    ] GC(899) Concurrent Cleanup for Next Mark 0.255ms
[53.850s][info   ][gc            ] GC(899) Concurrent Cycle 2.375ms
[53.903s][info   ][gc,start      ] GC(900) Pause Young (Concurrent Start) (G1 Humongous Allocation)
[53.903s][info   ][gc,task       ] GC(900) Using 6 workers of 9 for evacuation
[53.903s][info   ][gc,phases     ] GC(900)   Pre Evacuate Collection Set: 0.1ms
[53.903s][info   ][gc,phases     ] GC(900)   Evacuate Collection Set: 0.2ms
[53.903s][info   ][gc,phases     ] GC(900)   Post Evacuate Collection Set: 0.1ms
[53.903s][info   ][gc,phases     ] GC(900)   Other: 0.1ms
[53.903s][info   ][gc,heap       ] GC(900) Eden regions: 0->0(16)
[53.903s][info   ][gc,heap       ] GC(900) Survivor regions: 0->0(2)
[53.903s][info   ][gc,heap       ] GC(900) Old regions: 1->1
[53.903s][info   ][gc,heap       ] GC(900) Archive regions: 0->0
[53.903s][info   ][gc,heap       ] GC(900) Humongous regions: 199->198
[53.903s][info   ][gc,metaspace  ] GC(900) Metaspace: 3424K(4864K)->3424K(4864K) NonClass: 3120K(4352K)->3120K(4352K) Class: 304K(512K)->304K(512K)
[53.903s][info   ][gc            ] GC(900) Pause Young (Concurrent Start) (G1 Humongous Allocation) 199M->198M(256M) 0.553ms
[53.903s][info   ][gc,cpu        ] GC(900) User=0.00s Sys=0.00s Real=0.00s
[53.903s][info   ][gc            ] GC(901) Concurrent Cycle
[53.904s][info   ][gc,marking    ] GC(901) Concurrent Clear Claimed Marks
[53.904s][info   ][gc,marking    ] GC(901) Concurrent Clear Claimed Marks 0.011ms
[53.904s][info   ][gc,marking    ] GC(901) Concurrent Scan Root Regions
[53.904s][info   ][gc,marking    ] GC(901) Concurrent Scan Root Regions 0.007ms
[53.904s][info   ][gc,marking    ] GC(901) Concurrent Mark (53.904s)
[53.904s][info   ][gc,marking    ] GC(901) Concurrent Mark From Roots
[53.904s][info   ][gc,task       ] GC(901) Using 2 workers of 2 for marking
[53.905s][info   ][gc,marking    ] GC(901) Concurrent Mark From Roots 1.271ms
[53.905s][info   ][gc,marking    ] GC(901) Concurrent Preclean
[53.905s][info   ][gc,marking    ] GC(901) Concurrent Preclean 0.034ms
[53.905s][info   ][gc,marking    ] GC(901) Concurrent Mark (53.904s, 53.905s) 1.331ms
[53.905s][info   ][gc,start      ] GC(901) Pause Remark
[53.905s][info   ][gc,stringtable] GC(901) Cleaned string and symbol table, strings: 1384 processed, 0 removed, symbols: 16327 processed, 0 removed
[53.905s][info   ][gc            ] GC(901) Pause Remark 199M->199M(256M) 0.412ms
[53.905s][info   ][gc,cpu        ] GC(901) User=0.01s Sys=0.00s Real=0.00s
[53.905s][info   ][gc,marking    ] GC(901) Concurrent Rebuild Remembered Sets
[53.906s][info   ][gc,marking    ] GC(901) Concurrent Rebuild Remembered Sets 0.821ms
[53.906s][info   ][gc,start      ] GC(901) Pause Cleanup
[53.906s][info   ][gc            ] GC(901) Pause Cleanup 199M->199M(256M) 0.079ms
[53.906s][info   ][gc,cpu        ] GC(901) User=0.00s Sys=0.00s Real=0.00s
[53.906s][info   ][gc,marking    ] GC(901) Concurrent Cleanup for Next Mark
[53.907s][info   ][gc,marking    ] GC(901) Concurrent Cleanup for Next Mark 0.191ms
[53.907s][info   ][gc            ] GC(901) Concurrent Cycle 3.152ms
[53.959s][info   ][gc,start      ] GC(902) Pause Young (Concurrent Start) (G1 Humongous Allocation)
[53.959s][info   ][gc,task       ] GC(902) Using 6 workers of 9 for evacuation
[53.960s][info   ][gc,phases     ] GC(902)   Pre Evacuate Collection Set: 0.3ms
[53.960s][info   ][gc,phases     ] GC(902)   Evacuate Collection Set: 0.4ms
[53.960s][info   ][gc,phases     ] GC(902)   Post Evacuate Collection Set: 0.1ms
[53.960s][info   ][gc,phases     ] GC(902)   Other: 0.3ms
[53.960s][info   ][gc,heap       ] GC(902) Eden regions: 0->0(16)
[53.960s][info   ][gc,heap       ] GC(902) Survivor regions: 0->0(2)
[53.960s][info   ][gc,heap       ] GC(902) Old regions: 1->1
[53.960s][info   ][gc,heap       ] GC(902) Archive regions: 0->0
[53.960s][info   ][gc,heap       ] GC(902) Humongous regions: 199->198
[53.960s][info   ][gc,metaspace  ] GC(902) Metaspace: 3424K(4864K)->3424K(4864K) NonClass: 3120K(4352K)->3120K(4352K) Class: 304K(512K)->304K(512K)
[53.960s][info   ][gc            ] GC(902) Pause Young (Concurrent Start) (G1 Humongous Allocation) 199M->198M(256M) 1.257ms
[53.960s][info   ][gc,cpu        ] GC(902) User=0.00s Sys=0.00s Real=0.01s
[53.960s][info   ][gc            ] GC(903) Concurrent Cycle
[53.960s][info   ][gc,marking    ] GC(903) Concurrent Clear Claimed Marks
[53.960s][info   ][gc,marking    ] GC(903) Concurrent Clear Claimed Marks 0.015ms
[53.960s][info   ][gc,marking    ] GC(903) Concurrent Scan Root Regions
[53.960s][info   ][gc,marking    ] GC(903) Concurrent Scan Root Regions 0.013ms
[53.960s][info   ][gc,marking    ] GC(903) Concurrent Mark (53.960s)
[53.960s][info   ][gc,marking    ] GC(903) Concurrent Mark From Roots
[53.960s][info   ][gc,task       ] GC(903) Using 2 workers of 2 for marking
[53.963s][info   ][gc,marking    ] GC(903) Concurrent Mark From Roots 2.282ms
[53.963s][info   ][gc,marking    ] GC(903) Concurrent Preclean
[53.963s][info   ][gc,marking    ] GC(903) Concurrent Preclean 0.053ms
[53.963s][info   ][gc,marking    ] GC(903) Concurrent Mark (53.960s, 53.963s) 2.392ms
[53.963s][info   ][gc,start      ] GC(903) Pause Remark
[53.964s][info   ][gc,stringtable] GC(903) Cleaned string and symbol table, strings: 1384 processed, 0 removed, symbols: 16327 processed, 0 removed
[53.964s][info   ][gc            ] GC(903) Pause Remark 199M->199M(256M) 1.021ms
[53.964s][info   ][gc,cpu        ] GC(903) User=0.00s Sys=0.00s Real=0.00s
[53.964s][info   ][gc,marking    ] GC(903) Concurrent Rebuild Remembered Sets
[53.965s][info   ][gc,marking    ] GC(903) Concurrent Rebuild Remembered Sets 0.769ms
[53.965s][info   ][gc,start      ] GC(903) Pause Cleanup
[53.965s][info   ][gc            ] GC(903) Pause Cleanup 199M->199M(256M) 0.097ms
[53.965s][info   ][gc,cpu        ] GC(903) User=0.00s Sys=0.00s Real=0.00s
[53.965s][info   ][gc,marking    ] GC(903) Concurrent Cleanup for Next Mark
[53.965s][info   ][gc,marking    ] GC(903) Concurrent Cleanup for Next Mark 0.236ms
[53.965s][info   ][gc            ] GC(903) Concurrent Cycle 5.067ms
[54.015s][info   ][gc,start      ] GC(904) Pause Young (Concurrent Start) (G1 Humongous Allocation)
[54.015s][info   ][gc,task       ] GC(904) Using 6 workers of 9 for evacuation
[54.016s][info   ][gc,phases     ] GC(904)   Pre Evacuate Collection Set: 0.2ms
[54.016s][info   ][gc,phases     ] GC(904)   Evacuate Collection Set: 0.5ms
[54.016s][info   ][gc,phases     ] GC(904)   Post Evacuate Collection Set: 0.1ms
[54.016s][info   ][gc,phases     ] GC(904)   Other: 0.4ms
[54.016s][info   ][gc,heap       ] GC(904) Eden regions: 0->0(16)
[54.016s][info   ][gc,heap       ] GC(904) Survivor regions: 0->0(2)
[54.016s][info   ][gc,heap       ] GC(904) Old regions: 1->1
[54.016s][info   ][gc,heap       ] GC(904) Archive regions: 0->0
[54.016s][info   ][gc,heap       ] GC(904) Humongous regions: 199->198
[54.016s][info   ][gc,metaspace  ] GC(904) Metaspace: 3424K(4864K)->3424K(4864K) NonClass: 3120K(4352K)->3120K(4352K) Class: 304K(512K)->304K(512K)
[54.016s][info   ][gc            ] GC(904) Pause Young (Concurrent Start) (G1 Humongous Allocation) 199M->198M(256M) 1.353ms
[54.016s][info   ][gc,cpu        ] GC(904) User=0.00s Sys=0.00s Real=0.00s
[54.016s][info   ][gc            ] GC(905) Concurrent Cycle
[54.017s][info   ][gc,marking    ] GC(905) Concurrent Clear Claimed Marks
[54.017s][info   ][gc,marking    ] GC(905) Concurrent Clear Claimed Marks 0.021ms
[54.017s][info   ][gc,marking    ] GC(905) Concurrent Scan Root Regions
[54.017s][info   ][gc,marking    ] GC(905) Concurrent Scan Root Regions 0.016ms
[54.017s][info   ][gc,marking    ] GC(905) Concurrent Mark (54.017s)
[54.017s][info   ][gc,marking    ] GC(905) Concurrent Mark From Roots
[54.017s][info   ][gc,task       ] GC(905) Using 2 workers of 2 for marking
[54.019s][info   ][gc,marking    ] GC(905) Concurrent Mark From Roots 2.095ms
[54.019s][info   ][gc,marking    ] GC(905) Concurrent Preclean
[54.019s][info   ][gc,marking    ] GC(905) Concurrent Preclean 0.033ms
[54.019s][info   ][gc,marking    ] GC(905) Concurrent Mark (54.017s, 54.019s) 2.175ms
[54.019s][info   ][gc,start      ] GC(905) Pause Remark
[54.020s][info   ][gc,stringtable] GC(905) Cleaned string and symbol table, strings: 1384 processed, 0 removed, symbols: 16327 processed, 0 removed
[54.020s][info   ][gc            ] GC(905) Pause Remark 199M->199M(256M) 0.936ms
[54.020s][info   ][gc,cpu        ] GC(905) User=0.00s Sys=0.00s Real=0.01s
[54.020s][info   ][gc,marking    ] GC(905) Concurrent Rebuild Remembered Sets
[54.021s][info   ][gc,marking    ] GC(905) Concurrent Rebuild Remembered Sets 1.180ms
[54.021s][info   ][gc,start      ] GC(905) Pause Cleanup
[54.021s][info   ][gc            ] GC(905) Pause Cleanup 199M->199M(256M) 0.100ms
[54.021s][info   ][gc,cpu        ] GC(905) User=0.00s Sys=0.00s Real=0.00s
[54.021s][info   ][gc,marking    ] GC(905) Concurrent Cleanup for Next Mark
[54.022s][info   ][gc,marking    ] GC(905) Concurrent Cleanup for Next Mark 0.331ms
[54.022s][info   ][gc            ] GC(905) Concurrent Cycle 5.115ms
[54.068s][info   ][gc,start      ] GC(906) Pause Young (Concurrent Start) (G1 Humongous Allocation)
[54.068s][info   ][gc,task       ] GC(906) Using 6 workers of 9 for evacuation
[54.068s][info   ][gc,phases     ] GC(906)   Pre Evacuate Collection Set: 0.1ms
[54.068s][info   ][gc,phases     ] GC(906)   Evacuate Collection Set: 0.3ms
[54.068s][info   ][gc,phases     ] GC(906)   Post Evacuate Collection Set: 0.1ms
[54.068s][info   ][gc,phases     ] GC(906)   Other: 0.4ms
[54.068s][info   ][gc,heap       ] GC(906) Eden regions: 0->0(16)
[54.068s][info   ][gc,heap       ] GC(906) Survivor regions: 0->0(2)
[54.068s][info   ][gc,heap       ] GC(906) Old regions: 1->1
[54.068s][info   ][gc,heap       ] GC(906) Archive regions: 0->0
[54.068s][info   ][gc,heap       ] GC(906) Humongous regions: 199->198
[54.068s][info   ][gc,metaspace  ] GC(906) Metaspace: 3424K(4864K)->3424K(4864K) NonClass: 3120K(4352K)->3120K(4352K) Class: 304K(512K)->304K(512K)
[54.068s][info   ][gc            ] GC(906) Pause Young (Concurrent Start) (G1 Humongous Allocation) 199M->198M(256M) 0.966ms
[54.069s][info   ][gc,cpu        ] GC(906) User=0.01s Sys=0.00s Real=0.00s
[54.069s][info   ][gc            ] GC(907) Concurrent Cycle
[54.069s][info   ][gc,marking    ] GC(907) Concurrent Clear Claimed Marks
[54.069s][info   ][gc,marking    ] GC(907) Concurrent Clear Claimed Marks 0.012ms
[54.069s][info   ][gc,marking    ] GC(907) Concurrent Scan Root Regions
[54.069s][info   ][gc,marking    ] GC(907) Concurrent Scan Root Regions 0.009ms
[54.069s][info   ][gc,marking    ] GC(907) Concurrent Mark (54.069s)
[54.069s][info   ][gc,marking    ] GC(907) Concurrent Mark From Roots
[54.069s][info   ][gc,task       ] GC(907) Using 2 workers of 2 for marking
[54.070s][info   ][gc,marking    ] GC(907) Concurrent Mark From Roots 1.533ms
[54.070s][info   ][gc,marking    ] GC(907) Concurrent Preclean
[54.070s][info   ][gc,marking    ] GC(907) Concurrent Preclean 0.034ms
[54.070s][info   ][gc,marking    ] GC(907) Concurrent Mark (54.069s, 54.070s) 1.603ms
[54.070s][info   ][gc,start      ] GC(907) Pause Remark
[54.071s][info   ][gc,stringtable] GC(907) Cleaned string and symbol table, strings: 1384 processed, 0 removed, symbols: 16327 processed, 0 removed
[54.072s][info   ][gc            ] GC(907) Pause Remark 201M->201M(256M) 1.248ms
[54.072s][info   ][gc,cpu        ] GC(907) User=0.00s Sys=0.00s Real=0.00s
[54.072s][info   ][gc,marking    ] GC(907) Concurrent Rebuild Remembered Sets
[54.073s][info   ][gc,marking    ] GC(907) Concurrent Rebuild Remembered Sets 1.025ms
[54.073s][info   ][gc,start      ] GC(907) Pause Cleanup
[54.073s][info   ][gc            ] GC(907) Pause Cleanup 201M->201M(256M) 0.076ms
[54.073s][info   ][gc,cpu        ] GC(907) User=0.00s Sys=0.00s Real=0.00s
[54.073s][info   ][gc,marking    ] GC(907) Concurrent Cleanup for Next Mark
[54.073s][info   ][gc,marking    ] GC(907) Concurrent Cleanup for Next Mark 0.293ms
[54.073s][info   ][gc            ] GC(907) Concurrent Cycle 4.589ms
[54.124s][info   ][gc,start      ] GC(908) Pause Young (Concurrent Start) (G1 Humongous Allocation)
[54.125s][info   ][gc,task       ] GC(908) Using 6 workers of 9 for evacuation
[54.126s][info   ][gc,phases     ] GC(908)   Pre Evacuate Collection Set: 0.1ms
[54.126s][info   ][gc,phases     ] GC(908)   Evacuate Collection Set: 0.4ms
[54.126s][info   ][gc,phases     ] GC(908)   Post Evacuate Collection Set: 0.1ms
[54.126s][info   ][gc,phases     ] GC(908)   Other: 1.0ms
[54.126s][info   ][gc,heap       ] GC(908) Eden regions: 0->0(16)
[54.126s][info   ][gc,heap       ] GC(908) Survivor regions: 0->0(2)
[54.126s][info   ][gc,heap       ] GC(908) Old regions: 1->1
[54.126s][info   ][gc,heap       ] GC(908) Archive regions: 0->0
[54.126s][info   ][gc,heap       ] GC(908) Humongous regions: 201->200
[54.126s][info   ][gc,metaspace  ] GC(908) Metaspace: 3424K(4864K)->3424K(4864K) NonClass: 3120K(4352K)->3120K(4352K) Class: 304K(512K)->304K(512K)
[54.126s][info   ][gc            ] GC(908) Pause Young (Concurrent Start) (G1 Humongous Allocation) 201M->200M(256M) 1.739ms
[54.126s][info   ][gc,cpu        ] GC(908) User=0.00s Sys=0.00s Real=0.00s
[54.126s][info   ][gc            ] GC(909) Concurrent Cycle
[54.126s][info   ][gc,marking    ] GC(909) Concurrent Clear Claimed Marks
[54.126s][info   ][gc,marking    ] GC(909) Concurrent Clear Claimed Marks 0.016ms
[54.126s][info   ][gc,marking    ] GC(909) Concurrent Scan Root Regions
[54.126s][info   ][gc,marking    ] GC(909) Concurrent Scan Root Regions 0.008ms
[54.126s][info   ][gc,marking    ] GC(909) Concurrent Mark (54.126s)
[54.126s][info   ][gc,marking    ] GC(909) Concurrent Mark From Roots
[54.126s][info   ][gc,task       ] GC(909) Using 2 workers of 2 for marking
[54.128s][info   ][gc,marking    ] GC(909) Concurrent Mark From Roots 1.442ms
[54.128s][info   ][gc,marking    ] GC(909) Concurrent Preclean
[54.128s][info   ][gc,marking    ] GC(909) Concurrent Preclean 0.031ms
[54.128s][info   ][gc,marking    ] GC(909) Concurrent Mark (54.126s, 54.128s) 1.507ms
[54.128s][info   ][gc,start      ] GC(909) Pause Remark
[54.129s][info   ][gc,stringtable] GC(909) Cleaned string and symbol table, strings: 1384 processed, 0 removed, symbols: 16327 processed, 0 removed
[54.129s][info   ][gc            ] GC(909) Pause Remark 201M->201M(256M) 1.341ms
[54.129s][info   ][gc,cpu        ] GC(909) User=0.00s Sys=0.01s Real=0.00s
[54.129s][info   ][gc,marking    ] GC(909) Concurrent Rebuild Remembered Sets
[54.130s][info   ][gc,marking    ] GC(909) Concurrent Rebuild Remembered Sets 1.050ms
[54.131s][info   ][gc,start      ] GC(909) Pause Cleanup
[54.131s][info   ][gc            ] GC(909) Pause Cleanup 201M->201M(256M) 0.083ms
[54.131s][info   ][gc,cpu        ] GC(909) User=0.00s Sys=0.00s Real=0.00s
[54.131s][info   ][gc,marking    ] GC(909) Concurrent Cleanup for Next Mark
[54.131s][info   ][gc,marking    ] GC(909) Concurrent Cleanup for Next Mark 0.259ms
[54.131s][info   ][gc            ] GC(909) Concurrent Cycle 4.785ms
[54.179s][info   ][gc,start      ] GC(910) Pause Young (Concurrent Start) (G1 Humongous Allocation)
[54.179s][info   ][gc,task       ] GC(910) Using 6 workers of 9 for evacuation
[54.180s][info   ][gc,phases     ] GC(910)   Pre Evacuate Collection Set: 0.1ms
[54.180s][info   ][gc,phases     ] GC(910)   Evacuate Collection Set: 0.3ms
[54.180s][info   ][gc,phases     ] GC(910)   Post Evacuate Collection Set: 0.1ms
[54.180s][info   ][gc,phases     ] GC(910)   Other: 0.4ms
[54.180s][info   ][gc,heap       ] GC(910) Eden regions: 0->0(16)
[54.180s][info   ][gc,heap       ] GC(910) Survivor regions: 0->0(2)
[54.180s][info   ][gc,heap       ] GC(910) Old regions: 1->1
[54.180s][info   ][gc,heap       ] GC(910) Archive regions: 0->0
[54.180s][info   ][gc,heap       ] GC(910) Humongous regions: 201->200
[54.180s][info   ][gc,metaspace  ] GC(910) Metaspace: 3424K(4864K)->3424K(4864K) NonClass: 3120K(4352K)->3120K(4352K) Class: 304K(512K)->304K(512K)
[54.180s][info   ][gc            ] GC(910) Pause Young (Concurrent Start) (G1 Humongous Allocation) 201M->200M(256M) 0.925ms
[54.180s][info   ][gc,cpu        ] GC(910) User=0.00s Sys=0.00s Real=0.01s
[54.180s][info   ][gc            ] GC(911) Concurrent Cycle
[54.180s][info   ][gc,marking    ] GC(911) Concurrent Clear Claimed Marks
[54.180s][info   ][gc,marking    ] GC(911) Concurrent Clear Claimed Marks 0.011ms
[54.180s][info   ][gc,marking    ] GC(911) Concurrent Scan Root Regions
[54.180s][info   ][gc,marking    ] GC(911) Concurrent Scan Root Regions 0.009ms
[54.180s][info   ][gc,marking    ] GC(911) Concurrent Mark (54.180s)
[54.180s][info   ][gc,marking    ] GC(911) Concurrent Mark From Roots
[54.180s][info   ][gc,task       ] GC(911) Using 2 workers of 2 for marking
[54.181s][info   ][gc,marking    ] GC(911) Concurrent Mark From Roots 1.421ms
[54.182s][info   ][gc,marking    ] GC(911) Concurrent Preclean
[54.182s][info   ][gc,marking    ] GC(911) Concurrent Preclean 0.041ms
[54.182s][info   ][gc,marking    ] GC(911) Concurrent Mark (54.180s, 54.182s) 1.500ms
[54.182s][info   ][gc,start      ] GC(911) Pause Remark
[54.182s][info   ][gc,stringtable] GC(911) Cleaned string and symbol table, strings: 1384 processed, 0 removed, symbols: 16327 processed, 0 removed
[54.183s][info   ][gc            ] GC(911) Pause Remark 201M->201M(256M) 1.058ms
[54.183s][info   ][gc,cpu        ] GC(911) User=0.00s Sys=0.00s Real=0.00s
[54.183s][info   ][gc,marking    ] GC(911) Concurrent Rebuild Remembered Sets
[54.184s][info   ][gc,marking    ] GC(911) Concurrent Rebuild Remembered Sets 0.975ms
[54.184s][info   ][gc,start      ] GC(911) Pause Cleanup
[54.184s][info   ][gc            ] GC(911) Pause Cleanup 201M->201M(256M) 0.101ms
[54.184s][info   ][gc,cpu        ] GC(911) User=0.00s Sys=0.00s Real=0.00s
[54.184s][info   ][gc,marking    ] GC(911) Concurrent Cleanup for Next Mark
[54.184s][info   ][gc,marking    ] GC(911) Concurrent Cleanup for Next Mark 0.239ms
[54.184s][info   ][gc            ] GC(911) Concurrent Cycle 4.241ms
[54.233s][info   ][gc,start      ] GC(912) Pause Young (Concurrent Start) (G1 Humongous Allocation)
[54.233s][info   ][gc,task       ] GC(912) Using 6 workers of 9 for evacuation
[54.234s][info   ][gc,phases     ] GC(912)   Pre Evacuate Collection Set: 0.2ms
[54.234s][info   ][gc,phases     ] GC(912)   Evacuate Collection Set: 0.5ms
[54.234s][info   ][gc,phases     ] GC(912)   Post Evacuate Collection Set: 0.1ms
[54.235s][info   ][gc,phases     ] GC(912)   Other: 0.4ms
[54.235s][info   ][gc,heap       ] GC(912) Eden regions: 0->0(16)
[54.235s][info   ][gc,heap       ] GC(912) Survivor regions: 0->0(2)
[54.235s][info   ][gc,heap       ] GC(912) Old regions: 1->1
[54.235s][info   ][gc,heap       ] GC(912) Archive regions: 0->0
[54.235s][info   ][gc,heap       ] GC(912) Humongous regions: 201->200
[54.235s][info   ][gc,metaspace  ] GC(912) Metaspace: 3424K(4864K)->3424K(4864K) NonClass: 3120K(4352K)->3120K(4352K) Class: 304K(512K)->304K(512K)
[54.235s][info   ][gc            ] GC(912) Pause Young (Concurrent Start) (G1 Humongous Allocation) 201M->200M(256M) 1.436ms
[54.235s][info   ][gc,cpu        ] GC(912) User=0.00s Sys=0.00s Real=0.00s
[54.235s][info   ][gc            ] GC(913) Concurrent Cycle
[54.235s][info   ][gc,marking    ] GC(913) Concurrent Clear Claimed Marks
[54.235s][info   ][gc,marking    ] GC(913) Concurrent Clear Claimed Marks 0.030ms
[54.235s][info   ][gc,marking    ] GC(913) Concurrent Scan Root Regions
[54.235s][info   ][gc,marking    ] GC(913) Concurrent Scan Root Regions 0.017ms
[54.235s][info   ][gc,marking    ] GC(913) Concurrent Mark (54.235s)
[54.235s][info   ][gc,marking    ] GC(913) Concurrent Mark From Roots
[54.235s][info   ][gc,task       ] GC(913) Using 2 workers of 2 for marking
[54.237s][info   ][gc,marking    ] GC(913) Concurrent Mark From Roots 1.940ms
[54.237s][info   ][gc,marking    ] GC(913) Concurrent Preclean
[54.237s][info   ][gc,marking    ] GC(913) Concurrent Preclean 0.037ms
[54.237s][info   ][gc,marking    ] GC(913) Concurrent Mark (54.235s, 54.237s) 2.028ms
[54.237s][info   ][gc,start      ] GC(913) Pause Remark
[54.237s][info   ][gc,stringtable] GC(913) Cleaned string and symbol table, strings: 1384 processed, 0 removed, symbols: 16327 processed, 0 removed
[54.238s][info   ][gc            ] GC(913) Pause Remark 201M->201M(256M) 0.577ms
[54.238s][info   ][gc,cpu        ] GC(913) User=0.00s Sys=0.00s Real=0.00s
[54.238s][info   ][gc,marking    ] GC(913) Concurrent Rebuild Remembered Sets
[54.239s][info   ][gc,marking    ] GC(913) Concurrent Rebuild Remembered Sets 1.033ms
[54.239s][info   ][gc,start      ] GC(913) Pause Cleanup
[54.239s][info   ][gc            ] GC(913) Pause Cleanup 201M->201M(256M) 0.091ms
[54.239s][info   ][gc,cpu        ] GC(913) User=0.00s Sys=0.00s Real=0.00s
[54.239s][info   ][gc,marking    ] GC(913) Concurrent Cleanup for Next Mark
[54.239s][info   ][gc,marking    ] GC(913) Concurrent Cleanup for Next Mark 0.233ms
[54.239s][info   ][gc            ] GC(913) Concurrent Cycle 4.421ms
[54.296s][info   ][gc,start      ] GC(914) Pause Young (Concurrent Start) (G1 Humongous Allocation)
[54.296s][info   ][gc,task       ] GC(914) Using 6 workers of 9 for evacuation
[54.297s][info   ][gc,phases     ] GC(914)   Pre Evacuate Collection Set: 0.1ms
[54.297s][info   ][gc,phases     ] GC(914)   Evacuate Collection Set: 0.5ms
[54.297s][info   ][gc,phases     ] GC(914)   Post Evacuate Collection Set: 0.1ms
[54.297s][info   ][gc,phases     ] GC(914)   Other: 0.3ms
[54.297s][info   ][gc,heap       ] GC(914) Eden regions: 0->0(16)
[54.297s][info   ][gc,heap       ] GC(914) Survivor regions: 0->0(2)
[54.297s][info   ][gc,heap       ] GC(914) Old regions: 1->1
[54.297s][info   ][gc,heap       ] GC(914) Archive regions: 0->0
[54.297s][info   ][gc,heap       ] GC(914) Humongous regions: 201->200
[54.297s][info   ][gc,metaspace  ] GC(914) Metaspace: 3424K(4864K)->3424K(4864K) NonClass: 3120K(4352K)->3120K(4352K) Class: 304K(512K)->304K(512K)
[54.297s][info   ][gc            ] GC(914) Pause Young (Concurrent Start) (G1 Humongous Allocation) 201M->200M(256M) 1.075ms
[54.297s][info   ][gc,cpu        ] GC(914) User=0.01s Sys=0.00s Real=0.00s
[54.297s][info   ][gc            ] GC(915) Concurrent Cycle
[54.297s][info   ][gc,marking    ] GC(915) Concurrent Clear Claimed Marks
[54.297s][info   ][gc,marking    ] GC(915) Concurrent Clear Claimed Marks 0.010ms
[54.297s][info   ][gc,marking    ] GC(915) Concurrent Scan Root Regions
[54.297s][info   ][gc,marking    ] GC(915) Concurrent Scan Root Regions 0.007ms
[54.297s][info   ][gc,marking    ] GC(915) Concurrent Mark (54.297s)
[54.297s][info   ][gc,marking    ] GC(915) Concurrent Mark From Roots
[54.297s][info   ][gc,task       ] GC(915) Using 2 workers of 2 for marking
[54.299s][info   ][gc,marking    ] GC(915) Concurrent Mark From Roots 1.624ms
[54.299s][info   ][gc,marking    ] GC(915) Concurrent Preclean
[54.299s][info   ][gc,marking    ] GC(915) Concurrent Preclean 0.040ms
[54.299s][info   ][gc,marking    ] GC(915) Concurrent Mark (54.297s, 54.299s) 1.733ms
[54.299s][info   ][gc,start      ] GC(915) Pause Remark
[54.299s][info   ][gc,stringtable] GC(915) Cleaned string and symbol table, strings: 1384 processed, 0 removed, symbols: 16327 processed, 0 removed
[54.299s][info   ][gc            ] GC(915) Pause Remark 201M->201M(256M) 0.494ms
[54.299s][info   ][gc,cpu        ] GC(915) User=0.00s Sys=0.00s Real=0.01s
[54.300s][info   ][gc,marking    ] GC(915) Concurrent Rebuild Remembered Sets
[54.300s][info   ][gc,marking    ] GC(915) Concurrent Rebuild Remembered Sets 0.520ms
[54.300s][info   ][gc,start      ] GC(915) Pause Cleanup
[54.300s][info   ][gc            ] GC(915) Pause Cleanup 201M->201M(256M) 0.068ms
[54.300s][info   ][gc,cpu        ] GC(915) User=0.00s Sys=0.00s Real=0.00s
[54.300s][info   ][gc,marking    ] GC(915) Concurrent Cleanup for Next Mark
[54.300s][info   ][gc,marking    ] GC(915) Concurrent Cleanup for Next Mark 0.202ms
[54.300s][info   ][gc            ] GC(915) Concurrent Cycle 3.487ms
[54.352s][info   ][gc,start      ] GC(916) Pause Young (Concurrent Start) (G1 Humongous Allocation)
[54.352s][info   ][gc,task       ] GC(916) Using 6 workers of 9 for evacuation
[54.353s][info   ][gc,phases     ] GC(916)   Pre Evacuate Collection Set: 0.2ms
[54.353s][info   ][gc,phases     ] GC(916)   Evacuate Collection Set: 0.2ms
[54.353s][info   ][gc,phases     ] GC(916)   Post Evacuate Collection Set: 0.1ms
[54.353s][info   ][gc,phases     ] GC(916)   Other: 0.4ms
[54.353s][info   ][gc,heap       ] GC(916) Eden regions: 0->0(16)
[54.353s][info   ][gc,heap       ] GC(916) Survivor regions: 0->0(2)
[54.353s][info   ][gc,heap       ] GC(916) Old regions: 1->1
[54.353s][info   ][gc,heap       ] GC(916) Archive regions: 0->0
[54.353s][info   ][gc,heap       ] GC(916) Humongous regions: 201->200
[54.353s][info   ][gc,metaspace  ] GC(916) Metaspace: 3424K(4864K)->3424K(4864K) NonClass: 3120K(4352K)->3120K(4352K) Class: 304K(512K)->304K(512K)
[54.353s][info   ][gc            ] GC(916) Pause Young (Concurrent Start) (G1 Humongous Allocation) 201M->200M(256M) 0.997ms
[54.353s][info   ][gc,cpu        ] GC(916) User=0.00s Sys=0.00s Real=0.00s
[54.353s][info   ][gc            ] GC(917) Concurrent Cycle
[54.353s][info   ][gc,marking    ] GC(917) Concurrent Clear Claimed Marks
[54.353s][info   ][gc,marking    ] GC(917) Concurrent Clear Claimed Marks 0.010ms
[54.353s][info   ][gc,marking    ] GC(917) Concurrent Scan Root Regions
[54.353s][info   ][gc,marking    ] GC(917) Concurrent Scan Root Regions 0.009ms
[54.353s][info   ][gc,marking    ] GC(917) Concurrent Mark (54.353s)
[54.353s][info   ][gc,marking    ] GC(917) Concurrent Mark From Roots
[54.353s][info   ][gc,task       ] GC(917) Using 2 workers of 2 for marking
[54.354s][info   ][gc,marking    ] GC(917) Concurrent Mark From Roots 1.283ms
[54.354s][info   ][gc,marking    ] GC(917) Concurrent Preclean
[54.354s][info   ][gc,marking    ] GC(917) Concurrent Preclean 0.034ms
[54.354s][info   ][gc,marking    ] GC(917) Concurrent Mark (54.353s, 54.354s) 1.354ms
[54.354s][info   ][gc,start      ] GC(917) Pause Remark
[54.355s][info   ][gc,stringtable] GC(917) Cleaned string and symbol table, strings: 1384 processed, 0 removed, symbols: 16327 processed, 0 removed
[54.355s][info   ][gc            ] GC(917) Pause Remark 201M->201M(256M) 0.579ms
[54.355s][info   ][gc,cpu        ] GC(917) User=0.00s Sys=0.00s Real=0.00s
[54.355s][info   ][gc,marking    ] GC(917) Concurrent Rebuild Remembered Sets
[54.356s][info   ][gc,marking    ] GC(917) Concurrent Rebuild Remembered Sets 1.007ms
[54.356s][info   ][gc,start      ] GC(917) Pause Cleanup
[54.356s][info   ][gc            ] GC(917) Pause Cleanup 201M->201M(256M) 0.085ms
[54.356s][info   ][gc,cpu        ] GC(917) User=0.00s Sys=0.00s Real=0.00s
[54.356s][info   ][gc,marking    ] GC(917) Concurrent Cleanup for Next Mark
[54.357s][info   ][gc,marking    ] GC(917) Concurrent Cleanup for Next Mark 0.279ms
[54.357s][info   ][gc            ] GC(917) Concurrent Cycle 3.632ms
[54.408s][info   ][gc,start      ] GC(918) Pause Young (Concurrent Start) (G1 Humongous Allocation)
[54.409s][info   ][gc,task       ] GC(918) Using 6 workers of 9 for evacuation
[54.410s][info   ][gc,phases     ] GC(918)   Pre Evacuate Collection Set: 0.2ms
[54.410s][info   ][gc,phases     ] GC(918)   Evacuate Collection Set: 0.5ms
[54.410s][info   ][gc,phases     ] GC(918)   Post Evacuate Collection Set: 0.1ms
[54.410s][info   ][gc,phases     ] GC(918)   Other: 0.4ms
[54.410s][info   ][gc,heap       ] GC(918) Eden regions: 0->0(16)
[54.410s][info   ][gc,heap       ] GC(918) Survivor regions: 0->0(2)
[54.410s][info   ][gc,heap       ] GC(918) Old regions: 1->1
[54.410s][info   ][gc,heap       ] GC(918) Archive regions: 0->0
[54.410s][info   ][gc,heap       ] GC(918) Humongous regions: 201->200
[54.410s][info   ][gc,metaspace  ] GC(918) Metaspace: 3424K(4864K)->3424K(4864K) NonClass: 3120K(4352K)->3120K(4352K) Class: 304K(512K)->304K(512K)
[54.410s][info   ][gc            ] GC(918) Pause Young (Concurrent Start) (G1 Humongous Allocation) 201M->200M(256M) 1.554ms
[54.410s][info   ][gc,cpu        ] GC(918) User=0.00s Sys=0.00s Real=0.01s
[54.410s][info   ][gc            ] GC(919) Concurrent Cycle
[54.410s][info   ][gc,marking    ] GC(919) Concurrent Clear Claimed Marks
[54.410s][info   ][gc,marking    ] GC(919) Concurrent Clear Claimed Marks 0.029ms
[54.410s][info   ][gc,marking    ] GC(919) Concurrent Scan Root Regions
[54.410s][info   ][gc,marking    ] GC(919) Concurrent Scan Root Regions 0.023ms
[54.410s][info   ][gc,marking    ] GC(919) Concurrent Mark (54.410s)
[54.410s][info   ][gc,marking    ] GC(919) Concurrent Mark From Roots
[54.410s][info   ][gc,task       ] GC(919) Using 2 workers of 2 for marking
[54.412s][info   ][gc,marking    ] GC(919) Concurrent Mark From Roots 2.119ms
[54.412s][info   ][gc,marking    ] GC(919) Concurrent Preclean
[54.412s][info   ][gc,marking    ] GC(919) Concurrent Preclean 0.041ms
[54.412s][info   ][gc,marking    ] GC(919) Concurrent Mark (54.410s, 54.412s) 2.214ms
[54.412s][info   ][gc,start      ] GC(919) Pause Remark
[54.414s][info   ][gc,stringtable] GC(919) Cleaned string and symbol table, strings: 1384 processed, 0 removed, symbols: 16327 processed, 0 removed
[54.414s][info   ][gc            ] GC(919) Pause Remark 201M->201M(256M) 1.448ms
[54.414s][info   ][gc,cpu        ] GC(919) User=0.00s Sys=0.00s Real=0.00s
[54.414s][info   ][gc,marking    ] GC(919) Concurrent Rebuild Remembered Sets
[54.415s][info   ][gc,marking    ] GC(919) Concurrent Rebuild Remembered Sets 1.019ms
[54.415s][info   ][gc,start      ] GC(919) Pause Cleanup
[54.415s][info   ][gc            ] GC(919) Pause Cleanup 201M->201M(256M) 0.113ms
[54.415s][info   ][gc,cpu        ] GC(919) User=0.00s Sys=0.00s Real=0.00s
[54.415s][info   ][gc,marking    ] GC(919) Concurrent Cleanup for Next Mark
[54.415s][info   ][gc,marking    ] GC(919) Concurrent Cleanup for Next Mark 0.305ms
[54.415s][info   ][gc            ] GC(919) Concurrent Cycle 5.521ms
[54.463s][info   ][gc,start      ] GC(920) Pause Young (Concurrent Start) (G1 Humongous Allocation)
[54.463s][info   ][gc,task       ] GC(920) Using 6 workers of 9 for evacuation
[54.464s][info   ][gc,phases     ] GC(920)   Pre Evacuate Collection Set: 0.2ms
[54.464s][info   ][gc,phases     ] GC(920)   Evacuate Collection Set: 0.3ms
[54.464s][info   ][gc,phases     ] GC(920)   Post Evacuate Collection Set: 0.1ms
[54.464s][info   ][gc,phases     ] GC(920)   Other: 0.4ms
[54.464s][info   ][gc,heap       ] GC(920) Eden regions: 0->0(16)
[54.464s][info   ][gc,heap       ] GC(920) Survivor regions: 0->0(2)
[54.464s][info   ][gc,heap       ] GC(920) Old regions: 1->1
[54.464s][info   ][gc,heap       ] GC(920) Archive regions: 0->0
[54.464s][info   ][gc,heap       ] GC(920) Humongous regions: 201->200
[54.464s][info   ][gc,metaspace  ] GC(920) Metaspace: 3424K(4864K)->3424K(4864K) NonClass: 3120K(4352K)->3120K(4352K) Class: 304K(512K)->304K(512K)
[54.464s][info   ][gc            ] GC(920) Pause Young (Concurrent Start) (G1 Humongous Allocation) 201M->200M(256M) 1.068ms
[54.464s][info   ][gc,cpu        ] GC(920) User=0.00s Sys=0.00s Real=0.00s
[54.464s][info   ][gc            ] GC(921) Concurrent Cycle
[54.464s][info   ][gc,marking    ] GC(921) Concurrent Clear Claimed Marks
[54.464s][info   ][gc,marking    ] GC(921) Concurrent Clear Claimed Marks 0.011ms
[54.464s][info   ][gc,marking    ] GC(921) Concurrent Scan Root Regions
[54.464s][info   ][gc,marking    ] GC(921) Concurrent Scan Root Regions 0.009ms
[54.464s][info   ][gc,marking    ] GC(921) Concurrent Mark (54.464s)
[54.464s][info   ][gc,marking    ] GC(921) Concurrent Mark From Roots
[54.464s][info   ][gc,task       ] GC(921) Using 2 workers of 2 for marking
[54.466s][info   ][gc,marking    ] GC(921) Concurrent Mark From Roots 1.754ms
[54.466s][info   ][gc,marking    ] GC(921) Concurrent Preclean
[54.466s][info   ][gc,marking    ] GC(921) Concurrent Preclean 0.039ms
[54.466s][info   ][gc,marking    ] GC(921) Concurrent Mark (54.464s, 54.466s) 1.830ms
[54.466s][info   ][gc,start      ] GC(921) Pause Remark
[54.467s][info   ][gc,stringtable] GC(921) Cleaned string and symbol table, strings: 1384 processed, 0 removed, symbols: 16327 processed, 0 removed
[54.467s][info   ][gc            ] GC(921) Pause Remark 201M->201M(256M) 1.104ms
[54.467s][info   ][gc,cpu        ] GC(921) User=0.00s Sys=0.00s Real=0.00s
[54.468s][info   ][gc,marking    ] GC(921) Concurrent Rebuild Remembered Sets
[54.468s][info   ][gc,marking    ] GC(921) Concurrent Rebuild Remembered Sets 0.614ms
[54.468s][info   ][gc,start      ] GC(921) Pause Cleanup
[54.468s][info   ][gc            ] GC(921) Pause Cleanup 201M->201M(256M) 0.106ms
[54.468s][info   ][gc,cpu        ] GC(921) User=0.00s Sys=0.01s Real=0.00s
[54.468s][info   ][gc,marking    ] GC(921) Concurrent Cleanup for Next Mark
[54.469s][info   ][gc,marking    ] GC(921) Concurrent Cleanup for Next Mark 0.259ms
[54.469s][info   ][gc            ] GC(921) Concurrent Cycle 4.288ms
[54.518s][info   ][gc,start      ] GC(922) Pause Young (Concurrent Start) (G1 Humongous Allocation)
[54.518s][info   ][gc,task       ] GC(922) Using 6 workers of 9 for evacuation
[54.519s][info   ][gc,phases     ] GC(922)   Pre Evacuate Collection Set: 0.1ms
[54.519s][info   ][gc,phases     ] GC(922)   Evacuate Collection Set: 0.6ms
[54.519s][info   ][gc,phases     ] GC(922)   Post Evacuate Collection Set: 0.1ms
[54.519s][info   ][gc,phases     ] GC(922)   Other: 0.4ms
[54.519s][info   ][gc,heap       ] GC(922) Eden regions: 0->0(16)
[54.519s][info   ][gc,heap       ] GC(922) Survivor regions: 0->0(2)
[54.519s][info   ][gc,heap       ] GC(922) Old regions: 1->1
[54.519s][info   ][gc,heap       ] GC(922) Archive regions: 0->0
[54.519s][info   ][gc,heap       ] GC(922) Humongous regions: 201->200
[54.519s][info   ][gc,metaspace  ] GC(922) Metaspace: 3424K(4864K)->3424K(4864K) NonClass: 3120K(4352K)->3120K(4352K) Class: 304K(512K)->304K(512K)
[54.520s][info   ][gc            ] GC(922) Pause Young (Concurrent Start) (G1 Humongous Allocation) 201M->200M(256M) 1.497ms
[54.520s][info   ][gc,cpu        ] GC(922) User=0.01s Sys=0.00s Real=0.01s
[54.520s][info   ][gc            ] GC(923) Concurrent Cycle
[54.520s][info   ][gc,marking    ] GC(923) Concurrent Clear Claimed Marks
[54.520s][info   ][gc,marking    ] GC(923) Concurrent Clear Claimed Marks 0.024ms
[54.520s][info   ][gc,marking    ] GC(923) Concurrent Scan Root Regions
[54.520s][info   ][gc,marking    ] GC(923) Concurrent Scan Root Regions 0.017ms
[54.520s][info   ][gc,marking    ] GC(923) Concurrent Mark (54.520s)
[54.520s][info   ][gc,marking    ] GC(923) Concurrent Mark From Roots
[54.520s][info   ][gc,task       ] GC(923) Using 2 workers of 2 for marking
[54.522s][info   ][gc,marking    ] GC(923) Concurrent Mark From Roots 1.955ms
[54.522s][info   ][gc,marking    ] GC(923) Concurrent Preclean
[54.522s][info   ][gc,marking    ] GC(923) Concurrent Preclean 0.034ms
[54.522s][info   ][gc,marking    ] GC(923) Concurrent Mark (54.520s, 54.522s) 2.035ms
[54.522s][info   ][gc,start      ] GC(923) Pause Remark
[54.523s][info   ][gc,stringtable] GC(923) Cleaned string and symbol table, strings: 1384 processed, 0 removed, symbols: 16327 processed, 0 removed
[54.523s][info   ][gc            ] GC(923) Pause Remark 201M->201M(256M) 1.188ms
[54.523s][info   ][gc,cpu        ] GC(923) User=0.00s Sys=0.00s Real=0.00s
[54.523s][info   ][gc,marking    ] GC(923) Concurrent Rebuild Remembered Sets
[54.524s][info   ][gc,marking    ] GC(923) Concurrent Rebuild Remembered Sets 0.698ms
[54.524s][info   ][gc,start      ] GC(923) Pause Cleanup
[54.524s][info   ][gc            ] GC(923) Pause Cleanup 201M->201M(256M) 0.105ms
[54.524s][info   ][gc,cpu        ] GC(923) User=0.00s Sys=0.00s Real=0.00s
[54.524s][info   ][gc,marking    ] GC(923) Concurrent Cleanup for Next Mark
[54.524s][info   ][gc,marking    ] GC(923) Concurrent Cleanup for Next Mark 0.312ms
[54.524s][info   ][gc            ] GC(923) Concurrent Cycle 4.836ms
[54.573s][info   ][gc,start      ] GC(924) Pause Young (Concurrent Start) (G1 Humongous Allocation)
[54.573s][info   ][gc,task       ] GC(924) Using 6 workers of 9 for evacuation
[54.574s][info   ][gc,phases     ] GC(924)   Pre Evacuate Collection Set: 0.2ms
[54.575s][info   ][gc,phases     ] GC(924)   Evacuate Collection Set: 1.0ms
[54.575s][info   ][gc,phases     ] GC(924)   Post Evacuate Collection Set: 0.1ms
[54.575s][info   ][gc,phases     ] GC(924)   Other: 0.4ms
[54.575s][info   ][gc,heap       ] GC(924) Eden regions: 0->0(16)
[54.575s][info   ][gc,heap       ] GC(924) Survivor regions: 0->0(2)
[54.575s][info   ][gc,heap       ] GC(924) Old regions: 1->1
[54.575s][info   ][gc,heap       ] GC(924) Archive regions: 0->0
[54.575s][info   ][gc,heap       ] GC(924) Humongous regions: 201->200
[54.575s][info   ][gc,metaspace  ] GC(924) Metaspace: 3424K(4864K)->3424K(4864K) NonClass: 3120K(4352K)->3120K(4352K) Class: 304K(512K)->304K(512K)
[54.575s][info   ][gc            ] GC(924) Pause Young (Concurrent Start) (G1 Humongous Allocation) 201M->200M(256M) 1.986ms
[54.575s][info   ][gc,cpu        ] GC(924) User=0.00s Sys=0.00s Real=0.00s
[54.575s][info   ][gc            ] GC(925) Concurrent Cycle
[54.575s][info   ][gc,marking    ] GC(925) Concurrent Clear Claimed Marks
[54.575s][info   ][gc,marking    ] GC(925) Concurrent Clear Claimed Marks 0.011ms
[54.575s][info   ][gc,marking    ] GC(925) Concurrent Scan Root Regions
[54.575s][info   ][gc,marking    ] GC(925) Concurrent Scan Root Regions 0.007ms
[54.575s][info   ][gc,marking    ] GC(925) Concurrent Mark (54.575s)
[54.575s][info   ][gc,marking    ] GC(925) Concurrent Mark From Roots
[54.575s][info   ][gc,task       ] GC(925) Using 2 workers of 2 for marking
[54.577s][info   ][gc,marking    ] GC(925) Concurrent Mark From Roots 2.264ms
[54.577s][info   ][gc,marking    ] GC(925) Concurrent Preclean
[54.577s][info   ][gc,marking    ] GC(925) Concurrent Preclean 0.036ms
[54.577s][info   ][gc,marking    ] GC(925) Concurrent Mark (54.575s, 54.577s) 2.411ms
[54.577s][info   ][gc,start      ] GC(925) Pause Remark
[54.578s][info   ][gc,stringtable] GC(925) Cleaned string and symbol table, strings: 1384 processed, 0 removed, symbols: 16327 processed, 0 removed
[54.578s][info   ][gc            ] GC(925) Pause Remark 201M->201M(256M) 1.047ms
[54.578s][info   ][gc,cpu        ] GC(925) User=0.00s Sys=0.00s Real=0.00s
[54.579s][info   ][gc,marking    ] GC(925) Concurrent Rebuild Remembered Sets
[54.579s][info   ][gc,marking    ] GC(925) Concurrent Rebuild Remembered Sets 0.979ms
[54.580s][info   ][gc,start      ] GC(925) Pause Cleanup
[54.580s][info   ][gc            ] GC(925) Pause Cleanup 201M->201M(256M) 0.102ms
[54.580s][info   ][gc,cpu        ] GC(925) User=0.00s Sys=0.00s Real=0.00s
[54.580s][info   ][gc,marking    ] GC(925) Concurrent Cleanup for Next Mark
[54.580s][info   ][gc,marking    ] GC(925) Concurrent Cleanup for Next Mark 0.332ms
[54.580s][info   ][gc            ] GC(925) Concurrent Cycle 5.261ms
[54.630s][info   ][gc,heap,exit  ] Heap
[54.631s][info   ][gc,heap,exit  ]  garbage-first heap   total 262144K, used 206333K [0x00000007b0000000, 0x00000007c0000000)
[54.631s][info   ][gc,heap,exit  ]   region size 1024K, 1 young (1024K), 0 survivors (0K)
[54.631s][info   ][gc,heap,exit  ]  Metaspace       used 3433K, capacity 4486K, committed 4864K, reserved 1056768K
[54.631s][info   ][gc,heap,exit  ]   class space    used 306K, capacity 386K, committed 512K, reserved 1048576K
